[2024-05-02T19:07:56.212+0000][7][gc] Using G1
[2024-05-02T19:07:56.350+0000][7][gc,init] Version: 15.0.1+9 (release)
[2024-05-02T19:07:56.350+0000][7][gc,init] CPUs: 4 total, 4 available
[2024-05-02T19:07:56.350+0000][7][gc,init] Memory: 7942M
[2024-05-02T19:07:56.350+0000][7][gc,init] Large Page Support: Disabled
[2024-05-02T19:07:56.350+0000][7][gc,init] NUMA Support: Disabled
[2024-05-02T19:07:56.350+0000][7][gc,init] Compressed Oops: Enabled (32-bit)
[2024-05-02T19:07:56.350+0000][7][gc,init] Heap Region Size: 4M
[2024-05-02T19:07:56.350+0000][7][gc,init] Heap Min Capacity: 256M
[2024-05-02T19:07:56.350+0000][7][gc,init] Heap Initial Capacity: 256M
[2024-05-02T19:07:56.350+0000][7][gc,init] Heap Max Capacity: 256M
[2024-05-02T19:07:56.350+0000][7][gc,init] Pre-touch: Enabled
[2024-05-02T19:07:56.350+0000][7][gc,init] Parallel Workers: 4
[2024-05-02T19:07:56.350+0000][7][gc,init] Concurrent Workers: 1
[2024-05-02T19:07:56.350+0000][7][gc,init] Concurrent Refinement Workers: 4
[2024-05-02T19:07:56.350+0000][7][gc,init] Periodic GC: Disabled
[2024-05-02T19:07:56.351+0000][7][gc,cds ] Mark closed archive regions in map: [0x00000000ffc00000, 0x00000000ffc7bff8]
[2024-05-02T19:07:56.351+0000][7][gc,cds ] Mark open archive regions in map: [0x00000000ffb00000, 0x00000000ffb51ff8]
[2024-05-02T19:07:56.351+0000][7][gc,metaspace] CDS archive(s) mapped at: [0x0000000800000000-0x0000000800b2a000-0x0000000800b2a000), size 11706368, SharedBaseAddress: 0x0000000800000000, ArchiveRelocationMode: 0.
[2024-05-02T19:07:56.351+0000][7][gc,metaspace] Compressed class space mapped at: 0x0000000800b2c000-0x0000000840b2c000, size: 1073741824
[2024-05-02T19:07:56.351+0000][7][gc,metaspace] Narrow klass base: 0x0000000800000000, Narrow klass shift: 3, Narrow klass range: 0x100000000
[2024-05-02T19:07:57.491+0000][7][safepoint   ] Safepoint "Cleanup", Time since last: 1121186573 ns, Reaching safepoint: 135344 ns, At safepoint: 2264 ns, Total: 137608 ns
[2024-05-02T19:07:58.434+0000][7][gc,start    ] GC(0) Pause Young (Normal) (G1 Evacuation Pause)
[2024-05-02T19:07:58.435+0000][7][gc,task     ] GC(0) Using 4 workers of 4 for evacuation
[2024-05-02T19:07:58.435+0000][7][gc,age      ] GC(0) Desired survivor size 2097152 bytes, new threshold 15 (max threshold 15)
[2024-05-02T19:07:58.469+0000][7][gc,age      ] GC(0) Age table with threshold 15 (max threshold 15)
[2024-05-02T19:07:58.469+0000][7][gc,age      ] GC(0) - age   1:    2960192 bytes,    2960192 total
[2024-05-02T19:07:58.469+0000][7][gc,phases   ] GC(0)   Pre Evacuate Collection Set: 0.1ms
[2024-05-02T19:07:58.469+0000][7][gc,phases   ] GC(0)   Merge Heap Roots: 0.1ms
[2024-05-02T19:07:58.469+0000][7][gc,phases   ] GC(0)   Evacuate Collection Set: 33.2ms
[2024-05-02T19:07:58.469+0000][7][gc,phases   ] GC(0)   Post Evacuate Collection Set: 0.5ms
[2024-05-02T19:07:58.469+0000][7][gc,phases   ] GC(0)   Other: 1.6ms
[2024-05-02T19:07:58.469+0000][7][gc,heap     ] GC(0) Eden regions: 3->0(2)
[2024-05-02T19:07:58.469+0000][7][gc,heap     ] GC(0) Survivor regions: 0->1(1)
[2024-05-02T19:07:58.469+0000][7][gc,heap     ] GC(0) Old regions: 0->0
[2024-05-02T19:07:58.469+0000][7][gc,heap     ] GC(0) Archive regions: 2->2
[2024-05-02T19:07:58.469+0000][7][gc,heap     ] GC(0) Humongous regions: 0->0
[2024-05-02T19:07:58.469+0000][7][gc,metaspace] GC(0) Metaspace: 3574K(6528K)->3574K(6528K) NonClass: 3222K(5888K)->3222K(5888K) Class: 352K(640K)->352K(640K)
[2024-05-02T19:07:58.469+0000][7][gc          ] GC(0) Pause Young (Normal) (G1 Evacuation Pause) 15M->6M(256M) 35.533ms
[2024-05-02T19:07:58.469+0000][7][gc,cpu      ] GC(0) User=0.00s Sys=0.00s Real=0.04s
[2024-05-02T19:07:58.469+0000][7][safepoint   ] Safepoint "G1CollectForAllocation", Time since last: 936640536 ns, Reaching safepoint: 5998558 ns, At safepoint: 35658031 ns, Total: 41656589 ns
[2024-05-02T19:07:59.518+0000][7][safepoint   ] Safepoint "Cleanup", Time since last: 1043571790 ns, Reaching safepoint: 4899201 ns, At safepoint: 68348 ns, Total: 4967549 ns
[2024-05-02T19:08:00.220+0000][7][gc,start    ] GC(1) Pause Young (Normal) (G1 Evacuation Pause)
[2024-05-02T19:08:00.220+0000][7][gc,task     ] GC(1) Using 4 workers of 4 for evacuation
[2024-05-02T19:08:00.220+0000][7][gc,age      ] GC(1) Desired survivor size 2097152 bytes, new threshold 1 (max threshold 15)
[2024-05-02T19:08:00.248+0000][7][gc,age      ] GC(1) Age table with threshold 1 (max threshold 15)
[2024-05-02T19:08:00.248+0000][7][gc,age      ] GC(1) - age   1:     896792 bytes,     896792 total
[2024-05-02T19:08:00.248+0000][7][gc,phases   ] GC(1)   Pre Evacuate Collection Set: 0.1ms
[2024-05-02T19:08:00.248+0000][7][gc,phases   ] GC(1)   Merge Heap Roots: 3.4ms
[2024-05-02T19:08:00.248+0000][7][gc,phases   ] GC(1)   Evacuate Collection Set: 24.2ms
[2024-05-02T19:08:00.248+0000][7][gc,phases   ] GC(1)   Post Evacuate Collection Set: 0.6ms
[2024-05-02T19:08:00.248+0000][7][gc,phases   ] GC(1)   Other: 0.3ms
[2024-05-02T19:08:00.248+0000][7][gc,heap     ] GC(1) Eden regions: 2->0(5)
[2024-05-02T19:08:00.248+0000][7][gc,heap     ] GC(1) Survivor regions: 1->1(1)
[2024-05-02T19:08:00.248+0000][7][gc,heap     ] GC(1) Old regions: 0->1
[2024-05-02T19:08:00.248+0000][7][gc,heap     ] GC(1) Archive regions: 2->2
[2024-05-02T19:08:00.248+0000][7][gc,heap     ] GC(1) Humongous regions: 0->0
[2024-05-02T19:08:00.248+0000][7][gc,metaspace] GC(1) Metaspace: 6857K(8960K)->6857K(8960K) NonClass: 6097K(7936K)->6097K(7936K) Class: 759K(1024K)->759K(1024K)
[2024-05-02T19:08:00.248+0000][7][gc          ] GC(1) Pause Young (Normal) (G1 Evacuation Pause) 14M->7M(256M) 28.761ms
[2024-05-02T19:08:00.248+0000][7][gc,cpu      ] GC(1) User=0.01s Sys=0.00s Real=0.03s
[2024-05-02T19:08:00.248+0000][7][safepoint   ] Safepoint "G1CollectForAllocation", Time since last: 701439942 ns, Reaching safepoint: 476803 ns, At safepoint: 28874328 ns, Total: 29351131 ns
[2024-05-02T19:08:01.754+0000][7][safepoint   ] Safepoint "Cleanup", Time since last: 1483485215 ns, Reaching safepoint: 20241678 ns, At safepoint: 2189374 ns, Total: 22431052 ns
[2024-05-02T19:08:03.033+0000][7][safepoint   ] Safepoint "Cleanup", Time since last: 1278347213 ns, Reaching safepoint: 252443 ns, At safepoint: 3276 ns, Total: 255719 ns
[2024-05-02T19:08:04.039+0000][7][safepoint   ] Safepoint "Cleanup", Time since last: 1004995956 ns, Reaching safepoint: 684092 ns, At safepoint: 53310 ns, Total: 737402 ns
[2024-05-02T19:08:04.684+0000][7][gc,start    ] GC(2) Pause Young (Normal) (G1 Evacuation Pause)
[2024-05-02T19:08:04.684+0000][7][gc,task     ] GC(2) Using 4 workers of 4 for evacuation
[2024-05-02T19:08:04.684+0000][7][gc,age      ] GC(2) Desired survivor size 2097152 bytes, new threshold 15 (max threshold 15)
[2024-05-02T19:08:04.713+0000][7][gc,age      ] GC(2) Age table with threshold 15 (max threshold 15)
[2024-05-02T19:08:04.713+0000][7][gc,age      ] GC(2) - age   1:    1886488 bytes,    1886488 total
[2024-05-02T19:08:04.713+0000][7][gc,age      ] GC(2) - age   2:     848744 bytes,    2735232 total
[2024-05-02T19:08:04.713+0000][7][gc,phases   ] GC(2)   Pre Evacuate Collection Set: 0.0ms
[2024-05-02T19:08:04.713+0000][7][gc,phases   ] GC(2)   Merge Heap Roots: 0.0ms
[2024-05-02T19:08:04.713+0000][7][gc,phases   ] GC(2)   Evacuate Collection Set: 24.3ms
[2024-05-02T19:08:04.713+0000][7][gc,phases   ] GC(2)   Post Evacuate Collection Set: 4.0ms
[2024-05-02T19:08:04.713+0000][7][gc,phases   ] GC(2)   Other: 0.3ms
[2024-05-02T19:08:04.713+0000][7][gc,heap     ] GC(2) Eden regions: 5->0(19)
[2024-05-02T19:08:04.713+0000][7][gc,heap     ] GC(2) Survivor regions: 1->1(1)
[2024-05-02T19:08:04.713+0000][7][gc,heap     ] GC(2) Old regions: 1->1
[2024-05-02T19:08:04.713+0000][7][gc,heap     ] GC(2) Archive regions: 2->2
[2024-05-02T19:08:04.713+0000][7][gc,heap     ] GC(2) Humongous regions: 0->0
[2024-05-02T19:08:04.713+0000][7][gc,metaspace] GC(2) Metaspace: 11892K(12288K)->11892K(12288K) NonClass: 10466K(10752K)->10466K(10752K) Class: 1426K(1536K)->1426K(1536K)
[2024-05-02T19:08:04.713+0000][7][gc          ] GC(2) Pause Young (Normal) (G1 Evacuation Pause) 27M->9M(256M) 28.793ms
[2024-05-02T19:08:04.713+0000][7][gc,cpu      ] GC(2) User=0.01s Sys=0.01s Real=0.03s
[2024-05-02T19:08:04.756+0000][7][safepoint   ] Safepoint "G1CollectForAllocation", Time since last: 645390748 ns, Reaching safepoint: 157625 ns, At safepoint: 71887843 ns, Total: 72045468 ns
[2024-05-02T19:08:05.810+0000][7][safepoint   ] Safepoint "Cleanup", Time since last: 1053633269 ns, Reaching safepoint: 143669 ns, At safepoint: 3006 ns, Total: 146675 ns
[2024-05-02T19:08:06.907+0000][7][safepoint   ] Safepoint "Cleanup", Time since last: 1076322001 ns, Reaching safepoint: 21049399 ns, At safepoint: 7013 ns, Total: 21056412 ns
[2024-05-02T19:08:07.931+0000][7][safepoint   ] Safepoint "Cleanup", Time since last: 1008999347 ns, Reaching safepoint: 14916505 ns, At safepoint: 29194 ns, Total: 14945699 ns
[2024-05-02T19:08:08.999+0000][7][safepoint   ] Safepoint "Cleanup", Time since last: 1001020525 ns, Reaching safepoint: 58630912 ns, At safepoint: 7749456 ns, Total: 66380368 ns
[2024-05-02T19:08:10.088+0000][7][safepoint   ] Safepoint "Cleanup", Time since last: 1048806195 ns, Reaching safepoint: 4457606 ns, At safepoint: 35784028 ns, Total: 40241634 ns
[2024-05-02T19:08:10.653+0000][7][gc,start    ] GC(3) Pause Young (Normal) (G1 Evacuation Pause)
[2024-05-02T19:08:10.653+0000][7][gc,task     ] GC(3) Using 4 workers of 4 for evacuation
[2024-05-02T19:08:10.653+0000][7][gc,age      ] GC(3) Desired survivor size 6291456 bytes, new threshold 15 (max threshold 15)
[2024-05-02T19:08:10.759+0000][7][gc,age      ] GC(3) Age table with threshold 15 (max threshold 15)
[2024-05-02T19:08:10.759+0000][7][gc,age      ] GC(3) - age   1:    1973520 bytes,    1973520 total
[2024-05-02T19:08:10.759+0000][7][gc,age      ] GC(3) - age   2:    1786248 bytes,    3759768 total
[2024-05-02T19:08:10.759+0000][7][gc,age      ] GC(3) - age   3:     845552 bytes,    4605320 total
[2024-05-02T19:08:10.759+0000][7][gc,phases   ] GC(3)   Pre Evacuate Collection Set: 0.1ms
[2024-05-02T19:08:10.759+0000][7][gc,phases   ] GC(3)   Merge Heap Roots: 0.1ms
[2024-05-02T19:08:10.759+0000][7][gc,phases   ] GC(3)   Evacuate Collection Set: 47.1ms
[2024-05-02T19:08:10.759+0000][7][gc,phases   ] GC(3)   Post Evacuate Collection Set: 58.5ms
[2024-05-02T19:08:10.759+0000][7][gc,phases   ] GC(3)   Other: 0.3ms
[2024-05-02T19:08:10.760+0000][7][gc,heap     ] GC(3) Eden regions: 19->0(36)
[2024-05-02T19:08:10.760+0000][7][gc,heap     ] GC(3) Survivor regions: 1->2(3)
[2024-05-02T19:08:10.760+0000][7][gc,heap     ] GC(3) Old regions: 1->1
[2024-05-02T19:08:10.760+0000][7][gc,heap     ] GC(3) Archive regions: 2->2
[2024-05-02T19:08:10.760+0000][7][gc,heap     ] GC(3) Humongous regions: 0->0
[2024-05-02T19:08:10.760+0000][7][gc,metaspace] GC(3) Metaspace: 14896K(15488K)->14896K(15488K) NonClass: 13170K(13568K)->13170K(13568K) Class: 1726K(1920K)->1726K(1920K)
[2024-05-02T19:08:10.760+0000][7][gc          ] GC(3) Pause Young (Normal) (G1 Evacuation Pause) 85M->11M(256M) 106.257ms
[2024-05-02T19:08:10.760+0000][7][gc,cpu      ] GC(3) User=0.03s Sys=0.02s Real=0.11s
[2024-05-02T19:08:10.762+0000][7][safepoint   ] Safepoint "G1CollectForAllocation", Time since last: 565412772 ns, Reaching safepoint: 175749 ns, At safepoint: 108343146 ns, Total: 108518895 ns
[2024-05-02T19:08:11.139+0000][7][safepoint   ] Safepoint "ICBufferFull", Time since last: 377036712 ns, Reaching safepoint: 449763 ns, At safepoint: 34645 ns, Total: 484408 ns
[2024-05-02T19:08:11.169+0000][7][safepoint   ] Safepoint "ICBufferFull", Time since last: 29701839 ns, Reaching safepoint: 91812 ns, At safepoint: 3888 ns, Total: 95700 ns
[2024-05-02T19:08:11.175+0000][7][safepoint   ] Safepoint "ICBufferFull", Time since last: 4210498 ns, Reaching safepoint: 1428167 ns, At safepoint: 19397 ns, Total: 1447564 ns
[2024-05-02T19:08:11.188+0000][7][safepoint   ] Safepoint "ICBufferFull", Time since last: 13634947 ns, Reaching safepoint: 108694 ns, At safepoint: 4579 ns, Total: 113273 ns
[2024-05-02T19:08:11.265+0000][7][safepoint   ] Safepoint "ICBufferFull", Time since last: 45982875 ns, Reaching safepoint: 13363379 ns, At safepoint: 17174006 ns, Total: 30537385 ns
[2024-05-02T19:08:11.295+0000][7][safepoint   ] Safepoint "ICBufferFull", Time since last: 29826888 ns, Reaching safepoint: 94557 ns, At safepoint: 4669 ns, Total: 99226 ns
[2024-05-02T19:08:11.310+0000][7][safepoint   ] Safepoint "ICBufferFull", Time since last: 15027399 ns, Reaching safepoint: 115556 ns, At safepoint: 4539 ns, Total: 120095 ns
[2024-05-02T19:08:11.344+0000][7][safepoint   ] Safepoint "ICBufferFull", Time since last: 34032180 ns, Reaching safepoint: 138339 ns, At safepoint: 5019 ns, Total: 143358 ns
[2024-05-02T19:08:11.353+0000][7][safepoint   ] Safepoint "ICBufferFull", Time since last: 6740205 ns, Reaching safepoint: 2406832 ns, At safepoint: 13575 ns, Total: 2420407 ns
[2024-05-02T19:08:11.407+0000][7][safepoint   ] Safepoint "ICBufferFull", Time since last: 51612959 ns, Reaching safepoint: 1770388 ns, At safepoint: 20659 ns, Total: 1791047 ns
[2024-05-02T19:08:11.439+0000][7][safepoint   ] Safepoint "ICBufferFull", Time since last: 5956533 ns, Reaching safepoint: 26376138 ns, At safepoint: 51437 ns, Total: 26427575 ns
[2024-05-02T19:08:11.460+0000][7][safepoint   ] Safepoint "ICBufferFull", Time since last: 18435881 ns, Reaching safepoint: 2826328 ns, At safepoint: 41197 ns, Total: 2867525 ns
[2024-05-02T19:08:11.465+0000][7][safepoint   ] Safepoint "ICBufferFull", Time since last: 4067004 ns, Reaching safepoint: 612107 ns, At safepoint: 18715 ns, Total: 630822 ns
[2024-05-02T19:08:11.473+0000][7][safepoint   ] Safepoint "ICBufferFull", Time since last: 7930777 ns, Reaching safepoint: 176951 ns, At safepoint: 20028 ns, Total: 196979 ns
[2024-05-02T19:08:11.494+0000][7][safepoint   ] Safepoint "ICBufferFull", Time since last: 20567250 ns, Reaching safepoint: 108754 ns, At safepoint: 96100 ns, Total: 204854 ns
[2024-05-02T19:08:11.512+0000][7][safepoint   ] Safepoint "ICBufferFull", Time since last: 6103361 ns, Reaching safepoint: 11594616 ns, At safepoint: 24105 ns, Total: 11618721 ns
[2024-05-02T19:08:12.513+0000][7][safepoint   ] Safepoint "Cleanup", Time since last: 1000111170 ns, Reaching safepoint: 414006 ns, At safepoint: 387175 ns, Total: 801181 ns
[2024-05-02T19:08:13.529+0000][7][safepoint   ] Safepoint "Cleanup", Time since last: 1016618270 ns, Reaching safepoint: 192661 ns, At safepoint: 17713 ns, Total: 210374 ns
[2024-05-02T19:08:14.104+0000][7][gc,start    ] GC(4) Pause Young (Normal) (G1 Evacuation Pause)
[2024-05-02T19:08:14.104+0000][7][gc,task     ] GC(4) Using 4 workers of 4 for evacuation
[2024-05-02T19:08:14.104+0000][7][gc,age      ] GC(4) Desired survivor size 10485760 bytes, new threshold 15 (max threshold 15)
[2024-05-02T19:08:14.164+0000][7][gc,age      ] GC(4) Age table with threshold 15 (max threshold 15)
[2024-05-02T19:08:14.164+0000][7][gc,age      ] GC(4) - age   1:    4363056 bytes,    4363056 total
[2024-05-02T19:08:14.164+0000][7][gc,age      ] GC(4) - age   2:    1948896 bytes,    6311952 total
[2024-05-02T19:08:14.164+0000][7][gc,age      ] GC(4) - age   3:    1771040 bytes,    8082992 total
[2024-05-02T19:08:14.164+0000][7][gc,age      ] GC(4) - age   4:     842544 bytes,    8925536 total
[2024-05-02T19:08:14.164+0000][7][gc,phases   ] GC(4)   Pre Evacuate Collection Set: 0.1ms
[2024-05-02T19:08:14.164+0000][7][gc,phases   ] GC(4)   Merge Heap Roots: 0.1ms
[2024-05-02T19:08:14.164+0000][7][gc,phases   ] GC(4)   Evacuate Collection Set: 52.8ms
[2024-05-02T19:08:14.164+0000][7][gc,phases   ] GC(4)   Post Evacuate Collection Set: 6.4ms
[2024-05-02T19:08:14.164+0000][7][gc,phases   ] GC(4)   Other: 0.5ms
[2024-05-02T19:08:14.164+0000][7][gc,heap     ] GC(4) Eden regions: 36->0(35)
[2024-05-02T19:08:14.164+0000][7][gc,heap     ] GC(4) Survivor regions: 2->3(5)
[2024-05-02T19:08:14.164+0000][7][gc,heap     ] GC(4) Old regions: 1->1
[2024-05-02T19:08:14.164+0000][7][gc,heap     ] GC(4) Archive regions: 2->2
[2024-05-02T19:08:14.164+0000][7][gc,heap     ] GC(4) Humongous regions: 0->0
[2024-05-02T19:08:14.164+0000][7][gc,metaspace] GC(4) Metaspace: 18202K(18816K)->18202K(18816K) NonClass: 16019K(16384K)->16019K(16384K) Class: 2182K(2432K)->2182K(2432K)
[2024-05-02T19:08:14.164+0000][7][gc          ] GC(4) Pause Young (Normal) (G1 Evacuation Pause) 155M->15M(256M) 60.075ms
[2024-05-02T19:08:14.164+0000][7][gc,cpu      ] GC(4) User=0.05s Sys=0.01s Real=0.06s
[2024-05-02T19:08:14.164+0000][7][safepoint   ] Safepoint "G1CollectForAllocation", Time since last: 574336633 ns, Reaching safepoint: 225633 ns, At safepoint: 60243490 ns, Total: 60469123 ns
[2024-05-02T19:08:15.059+0000][7][gc,start    ] GC(5) Pause Young (Normal) (G1 Evacuation Pause)
[2024-05-02T19:08:15.059+0000][7][gc,task     ] GC(5) Using 4 workers of 4 for evacuation
[2024-05-02T19:08:15.059+0000][7][gc,age      ] GC(5) Desired survivor size 10485760 bytes, new threshold 15 (max threshold 15)
[2024-05-02T19:08:15.100+0000][7][gc,age      ] GC(5) Age table with threshold 15 (max threshold 15)
[2024-05-02T19:08:15.100+0000][7][gc,age      ] GC(5) - age   1:    2701816 bytes,    2701816 total
[2024-05-02T19:08:15.100+0000][7][gc,age      ] GC(5) - age   2:    4273400 bytes,    6975216 total
[2024-05-02T19:08:15.100+0000][7][gc,age      ] GC(5) - age   3:    1948872 bytes,    8924088 total
[2024-05-02T19:08:15.100+0000][7][gc,age      ] GC(5) - age   4:    1771040 bytes,   10695128 total
[2024-05-02T19:08:15.100+0000][7][gc,age      ] GC(5) - age   5:     842440 bytes,   11537568 total
[2024-05-02T19:08:15.100+0000][7][gc,phases   ] GC(5)   Pre Evacuate Collection Set: 0.1ms
[2024-05-02T19:08:15.100+0000][7][gc,phases   ] GC(5)   Merge Heap Roots: 0.2ms
[2024-05-02T19:08:15.100+0000][7][gc,phases   ] GC(5)   Evacuate Collection Set: 39.7ms
[2024-05-02T19:08:15.100+0000][7][gc,phases   ] GC(5)   Post Evacuate Collection Set: 1.1ms
[2024-05-02T19:08:15.100+0000][7][gc,phases   ] GC(5)   Other: 0.4ms
[2024-05-02T19:08:15.100+0000][7][gc,heap     ] GC(5) Eden regions: 35->0(35)
[2024-05-02T19:08:15.100+0000][7][gc,heap     ] GC(5) Survivor regions: 3->3(5)
[2024-05-02T19:08:15.100+0000][7][gc,heap     ] GC(5) Old regions: 1->1
[2024-05-02T19:08:15.100+0000][7][gc,heap     ] GC(5) Archive regions: 2->2
[2024-05-02T19:08:15.100+0000][7][gc,heap     ] GC(5) Humongous regions: 0->0
[2024-05-02T19:08:15.100+0000][7][gc,metaspace] GC(5) Metaspace: 18619K(19328K)->18619K(19328K) NonClass: 16366K(16896K)->16366K(16896K) Class: 2253K(2432K)->2253K(2432K)
[2024-05-02T19:08:15.100+0000][7][gc          ] GC(5) Pause Young (Normal) (G1 Evacuation Pause) 155M->18M(256M) 41.594ms
[2024-05-02T19:08:15.100+0000][7][gc,cpu      ] GC(5) User=0.04s Sys=0.02s Real=0.04s
[2024-05-02T19:08:15.100+0000][7][safepoint   ] Safepoint "G1CollectForAllocation", Time since last: 894058269 ns, Reaching safepoint: 231093 ns, At safepoint: 41747616 ns, Total: 41978709 ns
[2024-05-02T19:08:16.110+0000][7][gc,start    ] GC(6) Pause Young (Normal) (G1 Evacuation Pause)
[2024-05-02T19:08:16.110+0000][7][gc,task     ] GC(6) Using 4 workers of 4 for evacuation
[2024-05-02T19:08:16.110+0000][7][gc,age      ] GC(6) Desired survivor size 10485760 bytes, new threshold 4 (max threshold 15)
[2024-05-02T19:08:16.159+0000][7][gc,age      ] GC(6) Age table with threshold 4 (max threshold 15)
[2024-05-02T19:08:16.159+0000][7][gc,age      ] GC(6) - age   1:    2756632 bytes,    2756632 total
[2024-05-02T19:08:16.159+0000][7][gc,age      ] GC(6) - age   2:    1130424 bytes,    3887056 total
[2024-05-02T19:08:16.159+0000][7][gc,age      ] GC(6) - age   3:    4272528 bytes,    8159584 total
[2024-05-02T19:08:16.159+0000][7][gc,age      ] GC(6) - age   4:    1948696 bytes,   10108280 total
[2024-05-02T19:08:16.159+0000][7][gc,phases   ] GC(6)   Pre Evacuate Collection Set: 0.0ms
[2024-05-02T19:08:16.159+0000][7][gc,phases   ] GC(6)   Merge Heap Roots: 0.0ms
[2024-05-02T19:08:16.159+0000][7][gc,phases   ] GC(6)   Evacuate Collection Set: 33.7ms
[2024-05-02T19:08:16.159+0000][7][gc,phases   ] GC(6)   Post Evacuate Collection Set: 15.7ms
[2024-05-02T19:08:16.159+0000][7][gc,phases   ] GC(6)   Other: 0.3ms
[2024-05-02T19:08:16.159+0000][7][gc,heap     ] GC(6) Eden regions: 35->0(35)
[2024-05-02T19:08:16.159+0000][7][gc,heap     ] GC(6) Survivor regions: 3->3(5)
[2024-05-02T19:08:16.159+0000][7][gc,heap     ] GC(6) Old regions: 1->2
[2024-05-02T19:08:16.159+0000][7][gc,heap     ] GC(6) Archive regions: 2->2
[2024-05-02T19:08:16.159+0000][7][gc,heap     ] GC(6) Humongous regions: 0->0
[2024-05-02T19:08:16.159+0000][7][gc,metaspace] GC(6) Metaspace: 18842K(19712K)->18842K(19712K) NonClass: 16567K(17152K)->16567K(17152K) Class: 2275K(2560K)->2275K(2560K)
[2024-05-02T19:08:16.159+0000][7][gc          ] GC(6) Pause Young (Normal) (G1 Evacuation Pause) 158M->19M(256M) 49.804ms
[2024-05-02T19:08:16.159+0000][7][gc,cpu      ] GC(6) User=0.02s Sys=0.00s Real=0.05s
[2024-05-02T19:08:16.159+0000][7][safepoint   ] Safepoint "G1CollectForAllocation", Time since last: 1006445734 ns, Reaching safepoint: 2722975 ns, At safepoint: 49927098 ns, Total: 52650073 ns
[2024-05-02T19:08:17.042+0000][7][gc,start    ] GC(7) Pause Young (Normal) (G1 Evacuation Pause)
[2024-05-02T19:08:17.042+0000][7][gc,task     ] GC(7) Using 4 workers of 4 for evacuation
[2024-05-02T19:08:17.042+0000][7][gc,age      ] GC(7) Desired survivor size 10485760 bytes, new threshold 15 (max threshold 15)
[2024-05-02T19:08:17.060+0000][7][gc,age      ] GC(7) Age table with threshold 15 (max threshold 15)
[2024-05-02T19:08:17.061+0000][7][gc,age      ] GC(7) - age   1:    2048664 bytes,    2048664 total
[2024-05-02T19:08:17.061+0000][7][gc,age      ] GC(7) - age   2:     687272 bytes,    2735936 total
[2024-05-02T19:08:17.061+0000][7][gc,age      ] GC(7) - age   3:    1129664 bytes,    3865600 total
[2024-05-02T19:08:17.061+0000][7][gc,age      ] GC(7) - age   4:    4272528 bytes,    8138128 total
[2024-05-02T19:08:17.061+0000][7][gc,age      ] GC(7) - age   5:    1948696 bytes,   10086824 total
[2024-05-02T19:08:17.061+0000][7][gc,phases   ] GC(7)   Pre Evacuate Collection Set: 0.1ms
[2024-05-02T19:08:17.061+0000][7][gc,phases   ] GC(7)   Merge Heap Roots: 0.1ms
[2024-05-02T19:08:17.061+0000][7][gc,phases   ] GC(7)   Evacuate Collection Set: 17.5ms
[2024-05-02T19:08:17.061+0000][7][gc,phases   ] GC(7)   Post Evacuate Collection Set: 0.9ms
[2024-05-02T19:08:17.061+0000][7][gc,phases   ] GC(7)   Other: 0.3ms
[2024-05-02T19:08:17.061+0000][7][gc,heap     ] GC(7) Eden regions: 35->0(35)
[2024-05-02T19:08:17.061+0000][7][gc,heap     ] GC(7) Survivor regions: 3->3(5)
[2024-05-02T19:08:17.061+0000][7][gc,heap     ] GC(7) Old regions: 2->2
[2024-05-02T19:08:17.061+0000][7][gc,heap     ] GC(7) Archive regions: 2->2
[2024-05-02T19:08:17.061+0000][7][gc,heap     ] GC(7) Humongous regions: 0->0
[2024-05-02T19:08:17.061+0000][7][gc,metaspace] GC(7) Metaspace: 19130K(19968K)->19130K(19968K) NonClass: 16822K(17408K)->16822K(17408K) Class: 2307K(2560K)->2307K(2560K)
[2024-05-02T19:08:17.061+0000][7][gc          ] GC(7) Pause Young (Normal) (G1 Evacuation Pause) 159M->19M(256M) 18.878ms
[2024-05-02T19:08:17.061+0000][7][gc,cpu      ] GC(7) User=0.02s Sys=0.00s Real=0.02s
[2024-05-02T19:08:17.061+0000][7][safepoint   ] Safepoint "G1CollectForAllocation", Time since last: 881195356 ns, Reaching safepoint: 1193017 ns, At safepoint: 18997192 ns, Total: 20190209 ns
[2024-05-02T19:08:17.600+0000][7][gc,start    ] GC(8) Pause Young (Normal) (G1 Evacuation Pause)
[2024-05-02T19:08:17.600+0000][7][gc,task     ] GC(8) Using 4 workers of 4 for evacuation
[2024-05-02T19:08:17.600+0000][7][gc,age      ] GC(8) Desired survivor size 10485760 bytes, new threshold 15 (max threshold 15)
[2024-05-02T19:08:17.634+0000][7][gc,age      ] GC(8) Age table with threshold 15 (max threshold 15)
[2024-05-02T19:08:17.634+0000][7][gc,age      ] GC(8) - age   1:    2332200 bytes,    2332200 total
[2024-05-02T19:08:17.634+0000][7][gc,age      ] GC(8) - age   2:    1277032 bytes,    3609232 total
[2024-05-02T19:08:17.634+0000][7][gc,age      ] GC(8) - age   3:     686816 bytes,    4296048 total
[2024-05-02T19:08:17.634+0000][7][gc,age      ] GC(8) - age   4:    1129344 bytes,    5425392 total
[2024-05-02T19:08:17.634+0000][7][gc,age      ] GC(8) - age   5:    4268512 bytes,    9693904 total
[2024-05-02T19:08:17.634+0000][7][gc,age      ] GC(8) - age   6:    1948696 bytes,   11642600 total
[2024-05-02T19:08:17.634+0000][7][gc,phases   ] GC(8)   Pre Evacuate Collection Set: 0.1ms
[2024-05-02T19:08:17.634+0000][7][gc,phases   ] GC(8)   Merge Heap Roots: 0.1ms
[2024-05-02T19:08:17.634+0000][7][gc,phases   ] GC(8)   Evacuate Collection Set: 32.6ms
[2024-05-02T19:08:17.634+0000][7][gc,phases   ] GC(8)   Post Evacuate Collection Set: 1.0ms
[2024-05-02T19:08:17.634+0000][7][gc,phases   ] GC(8)   Other: 0.3ms
[2024-05-02T19:08:17.634+0000][7][gc,heap     ] GC(8) Eden regions: 35->0(35)
[2024-05-02T19:08:17.634+0000][7][gc,heap     ] GC(8) Survivor regions: 3->3(5)
[2024-05-02T19:08:17.634+0000][7][gc,heap     ] GC(8) Old regions: 2->2
[2024-05-02T19:08:17.634+0000][7][gc,heap     ] GC(8) Archive regions: 2->2
[2024-05-02T19:08:17.634+0000][7][gc,heap     ] GC(8) Humongous regions: 0->0
[2024-05-02T19:08:17.634+0000][7][gc,metaspace] GC(8) Metaspace: 19300K(20224K)->19300K(20224K) NonClass: 16962K(17664K)->16962K(17664K) Class: 2337K(2560K)->2337K(2560K)
[2024-05-02T19:08:17.634+0000][7][gc          ] GC(8) Pause Young (Normal) (G1 Evacuation Pause) 159M->20M(256M) 34.228ms
[2024-05-02T19:08:17.634+0000][7][gc,cpu      ] GC(8) User=0.01s Sys=0.02s Real=0.03s
[2024-05-02T19:08:17.635+0000][7][safepoint   ] Safepoint "G1CollectForAllocation", Time since last: 539231025 ns, Reaching safepoint: 140764 ns, At safepoint: 34367382 ns, Total: 34508146 ns
[2024-05-02T19:08:18.649+0000][7][safepoint   ] Safepoint "Cleanup", Time since last: 1001024112 ns, Reaching safepoint: 13460632 ns, At safepoint: 44614 ns, Total: 13505246 ns
[2024-05-02T19:08:18.670+0000][7][gc,start    ] GC(9) Pause Young (Normal) (G1 Evacuation Pause)
[2024-05-02T19:08:18.670+0000][7][gc,task     ] GC(9) Using 4 workers of 4 for evacuation
[2024-05-02T19:08:18.670+0000][7][gc,age      ] GC(9) Desired survivor size 10485760 bytes, new threshold 6 (max threshold 15)
[2024-05-02T19:08:18.704+0000][7][gc,age      ] GC(9) Age table with threshold 6 (max threshold 15)
[2024-05-02T19:08:18.704+0000][7][gc,age      ] GC(9) - age   1:    1639024 bytes,    1639024 total
[2024-05-02T19:08:18.704+0000][7][gc,age      ] GC(9) - age   2:     235808 bytes,    1874832 total
[2024-05-02T19:08:18.704+0000][7][gc,age      ] GC(9) - age   3:    1277032 bytes,    3151864 total
[2024-05-02T19:08:18.704+0000][7][gc,age      ] GC(9) - age   4:     686816 bytes,    3838680 total
[2024-05-02T19:08:18.704+0000][7][gc,age      ] GC(9) - age   5:    1128672 bytes,    4967352 total
[2024-05-02T19:08:18.704+0000][7][gc,age      ] GC(9) - age   6:    4268096 bytes,    9235448 total
[2024-05-02T19:08:18.704+0000][7][gc,phases   ] GC(9)   Pre Evacuate Collection Set: 3.0ms
[2024-05-02T19:08:18.704+0000][7][gc,phases   ] GC(9)   Merge Heap Roots: 0.1ms
[2024-05-02T19:08:18.704+0000][7][gc,phases   ] GC(9)   Evacuate Collection Set: 28.4ms
[2024-05-02T19:08:18.704+0000][7][gc,phases   ] GC(9)   Post Evacuate Collection Set: 2.6ms
[2024-05-02T19:08:18.704+0000][7][gc,phases   ] GC(9)   Other: 0.3ms
[2024-05-02T19:08:18.704+0000][7][gc,heap     ] GC(9) Eden regions: 35->0(35)
[2024-05-02T19:08:18.704+0000][7][gc,heap     ] GC(9) Survivor regions: 3->3(5)
[2024-05-02T19:08:18.704+0000][7][gc,heap     ] GC(9) Old regions: 2->2
[2024-05-02T19:08:18.704+0000][7][gc,heap     ] GC(9) Archive regions: 2->2
[2024-05-02T19:08:18.704+0000][7][gc,heap     ] GC(9) Humongous regions: 0->0
[2024-05-02T19:08:18.704+0000][7][gc,metaspace] GC(9) Metaspace: 19519K(20608K)->19519K(20608K) NonClass: 17140K(17920K)->17140K(17920K) Class: 2378K(2688K)->2378K(2688K)
[2024-05-02T19:08:18.704+0000][7][gc          ] GC(9) Pause Young (Normal) (G1 Evacuation Pause) 160M->20M(256M) 34.326ms
[2024-05-02T19:08:18.704+0000][7][gc,cpu      ] GC(9) User=0.04s Sys=0.01s Real=0.03s
[2024-05-02T19:08:18.704+0000][7][safepoint   ] Safepoint "G1CollectForAllocation", Time since last: 20684824 ns, Reaching safepoint: 108864 ns, At safepoint: 34402060 ns, Total: 34510924 ns
[2024-05-02T19:08:19.723+0000][7][safepoint   ] Safepoint "Cleanup", Time since last: 1007257727 ns, Reaching safepoint: 11302226 ns, At safepoint: 51507 ns, Total: 11353733 ns
[2024-05-02T19:08:19.830+0000][7][gc,start    ] GC(10) Pause Young (Normal) (G1 Evacuation Pause)
[2024-05-02T19:08:19.830+0000][7][gc,task     ] GC(10) Using 4 workers of 4 for evacuation
[2024-05-02T19:08:19.830+0000][7][gc,age      ] GC(10) Desired survivor size 10485760 bytes, new threshold 15 (max threshold 15)
[2024-05-02T19:08:19.899+0000][7][gc,age      ] GC(10) Age table with threshold 15 (max threshold 15)
[2024-05-02T19:08:19.899+0000][7][gc,age      ] GC(10) - age   1:    1488232 bytes,    1488232 total
[2024-05-02T19:08:19.899+0000][7][gc,age      ] GC(10) - age   2:     290440 bytes,    1778672 total
[2024-05-02T19:08:19.899+0000][7][gc,age      ] GC(10) - age   3:     235656 bytes,    2014328 total
[2024-05-02T19:08:19.899+0000][7][gc,age      ] GC(10) - age   4:    1277032 bytes,    3291360 total
[2024-05-02T19:08:19.899+0000][7][gc,age      ] GC(10) - age   5:     685776 bytes,    3977136 total
[2024-05-02T19:08:19.899+0000][7][gc,age      ] GC(10) - age   6:    1128672 bytes,    5105808 total
[2024-05-02T19:08:19.899+0000][7][gc,age      ] GC(10) - age   7:    4267992 bytes,    9373800 total
[2024-05-02T19:08:19.899+0000][7][gc,phases   ] GC(10)   Pre Evacuate Collection Set: 0.3ms
[2024-05-02T19:08:19.899+0000][7][gc,phases   ] GC(10)   Merge Heap Roots: 0.2ms
[2024-05-02T19:08:19.899+0000][7][gc,phases   ] GC(10)   Evacuate Collection Set: 59.8ms
[2024-05-02T19:08:19.899+0000][7][gc,phases   ] GC(10)   Post Evacuate Collection Set: 8.2ms
[2024-05-02T19:08:19.899+0000][7][gc,phases   ] GC(10)   Other: 0.6ms
[2024-05-02T19:08:19.899+0000][7][gc,heap     ] GC(10) Eden regions: 35->0(35)
[2024-05-02T19:08:19.899+0000][7][gc,heap     ] GC(10) Survivor regions: 3->3(5)
[2024-05-02T19:08:19.899+0000][7][gc,heap     ] GC(10) Old regions: 2->2
[2024-05-02T19:08:19.899+0000][7][gc,heap     ] GC(10) Archive regions: 2->2
[2024-05-02T19:08:19.899+0000][7][gc,heap     ] GC(10) Humongous regions: 0->0
[2024-05-02T19:08:19.899+0000][7][gc,metaspace] GC(10) Metaspace: 19700K(20864K)->19700K(20864K) NonClass: 17287K(18176K)->17287K(18176K) Class: 2413K(2688K)->2413K(2688K)
[2024-05-02T19:08:19.899+0000][7][gc          ] GC(10) Pause Young (Normal) (G1 Evacuation Pause) 160M->20M(256M) 69.118ms
[2024-05-02T19:08:19.899+0000][7][gc,cpu      ] GC(10) User=0.02s Sys=0.01s Real=0.07s
[2024-05-02T19:08:19.900+0000][7][safepoint   ] Safepoint "G1CollectForAllocation", Time since last: 95850113 ns, Reaching safepoint: 11437870 ns, At safepoint: 69378054 ns, Total: 80815924 ns
[2024-05-02T19:08:20.771+0000][7][gc,start    ] GC(11) Pause Young (Normal) (G1 Evacuation Pause)
[2024-05-02T19:08:20.771+0000][7][gc,task     ] GC(11) Using 4 workers of 4 for evacuation
[2024-05-02T19:08:20.771+0000][7][gc,age      ] GC(11) Desired survivor size 10485760 bytes, new threshold 15 (max threshold 15)
[2024-05-02T19:08:20.803+0000][7][gc,age      ] GC(11) Age table with threshold 15 (max threshold 15)
[2024-05-02T19:08:20.803+0000][7][gc,age      ] GC(11) - age   1:    2139912 bytes,    2139912 total
[2024-05-02T19:08:20.803+0000][7][gc,age      ] GC(11) - age   2:    1456832 bytes,    3596744 total
[2024-05-02T19:08:20.803+0000][7][gc,age      ] GC(11) - age   3:     289768 bytes,    3886512 total
[2024-05-02T19:08:20.803+0000][7][gc,age      ] GC(11) - age   4:     235592 bytes,    4122104 total
[2024-05-02T19:08:20.803+0000][7][gc,age      ] GC(11) - age   5:    1277032 bytes,    5399136 total
[2024-05-02T19:08:20.803+0000][7][gc,age      ] GC(11) - age   6:     685776 bytes,    6084912 total
[2024-05-02T19:08:20.803+0000][7][gc,age      ] GC(11) - age   7:    1128608 bytes,    7213520 total
[2024-05-02T19:08:20.803+0000][7][gc,age      ] GC(11) - age   8:    4267672 bytes,   11481192 total
[2024-05-02T19:08:20.803+0000][7][gc,phases   ] GC(11)   Pre Evacuate Collection Set: 0.1ms
[2024-05-02T19:08:20.803+0000][7][gc,phases   ] GC(11)   Merge Heap Roots: 0.1ms
[2024-05-02T19:08:20.803+0000][7][gc,phases   ] GC(11)   Evacuate Collection Set: 31.1ms
[2024-05-02T19:08:20.803+0000][7][gc,phases   ] GC(11)   Post Evacuate Collection Set: 1.0ms
[2024-05-02T19:08:20.803+0000][7][gc,phases   ] GC(11)   Other: 0.4ms
[2024-05-02T19:08:20.803+0000][7][gc,heap     ] GC(11) Eden regions: 35->0(35)
[2024-05-02T19:08:20.803+0000][7][gc,heap     ] GC(11) Survivor regions: 3->3(5)
[2024-05-02T19:08:20.803+0000][7][gc,heap     ] GC(11) Old regions: 2->2
[2024-05-02T19:08:20.803+0000][7][gc,heap     ] GC(11) Archive regions: 2->2
[2024-05-02T19:08:20.803+0000][7][gc,heap     ] GC(11) Humongous regions: 0->0
[2024-05-02T19:08:20.803+0000][7][gc,metaspace] GC(11) Metaspace: 19907K(21120K)->19907K(21120K) NonClass: 17464K(18432K)->17464K(18432K) Class: 2443K(2688K)->2443K(2688K)
[2024-05-02T19:08:20.803+0000][7][gc          ] GC(11) Pause Young (Normal) (G1 Evacuation Pause) 160M->22M(256M) 32.899ms
[2024-05-02T19:08:20.803+0000][7][gc,cpu      ] GC(11) User=0.00s Sys=0.02s Real=0.03s
[2024-05-02T19:08:20.804+0000][7][safepoint   ] Safepoint "G1CollectForAllocation", Time since last: 866141689 ns, Reaching safepoint: 4825615 ns, At safepoint: 33025350 ns, Total: 37850965 ns
[2024-05-02T19:08:21.397+0000][7][gc,start    ] GC(12) Pause Young (Normal) (G1 Evacuation Pause)
[2024-05-02T19:08:21.397+0000][7][gc,task     ] GC(12) Using 4 workers of 4 for evacuation
[2024-05-02T19:08:21.397+0000][7][gc,age      ] GC(12) Desired survivor size 10485760 bytes, new threshold 8 (max threshold 15)
[2024-05-02T19:08:21.406+0000][7][gc,age      ] GC(12) Age table with threshold 8 (max threshold 15)
[2024-05-02T19:08:21.406+0000][7][gc,age      ] GC(12) - age   1:    1138680 bytes,    1138680 total
[2024-05-02T19:08:21.406+0000][7][gc,age      ] GC(12) - age   2:     563320 bytes,    1702000 total
[2024-05-02T19:08:21.406+0000][7][gc,age      ] GC(12) - age   3:    1456832 bytes,    3158832 total
[2024-05-02T19:08:21.406+0000][7][gc,age      ] GC(12) - age   4:     288776 bytes,    3447608 total
[2024-05-02T19:08:21.406+0000][7][gc,age      ] GC(12) - age   5:     235048 bytes,    3682656 total
[2024-05-02T19:08:21.406+0000][7][gc,age      ] GC(12) - age   6:    1277032 bytes,    4959688 total
[2024-05-02T19:08:21.406+0000][7][gc,age      ] GC(12) - age   7:     685776 bytes,    5645464 total
[2024-05-02T19:08:21.406+0000][7][gc,age      ] GC(12) - age   8:    1128608 bytes,    6774072 total
[2024-05-02T19:08:21.406+0000][7][gc,phases   ] GC(12)   Pre Evacuate Collection Set: 1.2ms
[2024-05-02T19:08:21.406+0000][7][gc,phases   ] GC(12)   Merge Heap Roots: 0.1ms
[2024-05-02T19:08:21.406+0000][7][gc,phases   ] GC(12)   Evacuate Collection Set: 7.1ms
[2024-05-02T19:08:21.406+0000][7][gc,phases   ] GC(12)   Post Evacuate Collection Set: 0.9ms
[2024-05-02T19:08:21.406+0000][7][gc,phases   ] GC(12)   Other: 0.6ms
[2024-05-02T19:08:21.406+0000][7][gc,heap     ] GC(12) Eden regions: 35->0(36)
[2024-05-02T19:08:21.406+0000][7][gc,heap     ] GC(12) Survivor regions: 3->2(5)
[2024-05-02T19:08:21.406+0000][7][gc,heap     ] GC(12) Old regions: 2->3
[2024-05-02T19:08:21.406+0000][7][gc,heap     ] GC(12) Archive regions: 2->2
[2024-05-02T19:08:21.407+0000][7][gc,heap     ] GC(12) Humongous regions: 0->0
[2024-05-02T19:08:21.407+0000][7][gc,metaspace] GC(12) Metaspace: 19957K(21120K)->19957K(21120K) NonClass: 17504K(18432K)->17504K(18432K) Class: 2453K(2688K)->2453K(2688K)
[2024-05-02T19:08:21.407+0000][7][gc          ] GC(12) Pause Young (Normal) (G1 Evacuation Pause) 162M->22M(256M) 9.717ms
[2024-05-02T19:08:21.407+0000][7][gc,cpu      ] GC(12) User=0.00s Sys=0.01s Real=0.01s
[2024-05-02T19:08:21.409+0000][7][safepoint   ] Safepoint "G1CollectForAllocation", Time since last: 592607067 ns, Reaching safepoint: 431694 ns, At safepoint: 10693099 ns, Total: 11124793 ns
[2024-05-02T19:08:21.580+0000][7][gc,start    ] GC(13) Pause Young (Concurrent Start) (Metadata GC Threshold)
[2024-05-02T19:08:21.580+0000][7][gc,task     ] GC(13) Using 4 workers of 4 for evacuation
[2024-05-02T19:08:21.580+0000][7][gc,age      ] GC(13) Desired survivor size 10485760 bytes, new threshold 15 (max threshold 15)
[2024-05-02T19:08:21.591+0000][7][gc,age      ] GC(13) Age table with threshold 15 (max threshold 15)
[2024-05-02T19:08:21.591+0000][7][gc,age      ] GC(13) - age   1:     216344 bytes,     216344 total
[2024-05-02T19:08:21.591+0000][7][gc,age      ] GC(13) - age   2:     532760 bytes,     749104 total
[2024-05-02T19:08:21.591+0000][7][gc,age      ] GC(13) - age   3:     563320 bytes,    1312424 total
[2024-05-02T19:08:21.591+0000][7][gc,age      ] GC(13) - age   4:    1456616 bytes,    2769040 total
[2024-05-02T19:08:21.591+0000][7][gc,age      ] GC(13) - age   5:     288776 bytes,    3057816 total
[2024-05-02T19:08:21.591+0000][7][gc,age      ] GC(13) - age   6:     235048 bytes,    3292864 total
[2024-05-02T19:08:21.591+0000][7][gc,age      ] GC(13) - age   7:    1277032 bytes,    4569896 total
[2024-05-02T19:08:21.591+0000][7][gc,age      ] GC(13) - age   8:     685776 bytes,    5255672 total
[2024-05-02T19:08:21.591+0000][7][gc,age      ] GC(13) - age   9:    1128608 bytes,    6384280 total
[2024-05-02T19:08:21.591+0000][7][gc,phases   ] GC(13)   Pre Evacuate Collection Set: 4.7ms
[2024-05-02T19:08:21.591+0000][7][gc,phases   ] GC(13)   Merge Heap Roots: 0.4ms
[2024-05-02T19:08:21.591+0000][7][gc,phases   ] GC(13)   Evacuate Collection Set: 5.0ms
[2024-05-02T19:08:21.591+0000][7][gc,phases   ] GC(13)   Post Evacuate Collection Set: 0.6ms
[2024-05-02T19:08:21.591+0000][7][gc,phases   ] GC(13)   Other: 0.5ms
[2024-05-02T19:08:21.591+0000][7][gc,heap     ] GC(13) Eden regions: 12->0(36)
[2024-05-02T19:08:21.591+0000][7][gc,heap     ] GC(13) Survivor regions: 2->2(5)
[2024-05-02T19:08:21.591+0000][7][gc,heap     ] GC(13) Old regions: 3->3
[2024-05-02T19:08:21.591+0000][7][gc,heap     ] GC(13) Archive regions: 2->2
[2024-05-02T19:08:21.591+0000][7][gc,heap     ] GC(13) Humongous regions: 0->0
[2024-05-02T19:08:21.591+0000][7][gc,metaspace] GC(13) Metaspace: 19984K(21248K)->19984K(21248K) NonClass: 17525K(18432K)->17525K(18432K) Class: 2459K(2816K)->2459K(2816K)
[2024-05-02T19:08:21.591+0000][7][gc          ] GC(13) Pause Young (Concurrent Start) (Metadata GC Threshold) 68M->21M(256M) 11.306ms
[2024-05-02T19:08:21.591+0000][7][gc,cpu      ] GC(13) User=0.01s Sys=0.01s Real=0.01s
[2024-05-02T19:08:21.591+0000][7][gc          ] GC(14) Concurrent Cycle
[2024-05-02T19:08:21.591+0000][7][gc,marking  ] GC(14) Concurrent Clear Claimed Marks
[2024-05-02T19:08:21.591+0000][7][gc,marking  ] GC(14) Concurrent Clear Claimed Marks 0.046ms
[2024-05-02T19:08:21.591+0000][7][gc,marking  ] GC(14) Concurrent Scan Root Regions
[2024-05-02T19:08:21.593+0000][7][gc,marking  ] GC(14) Concurrent Scan Root Regions 1.400ms
[2024-05-02T19:08:21.593+0000][7][gc,marking  ] GC(14) Concurrent Mark (25.393s)
[2024-05-02T19:08:21.593+0000][7][gc,marking  ] GC(14) Concurrent Mark From Roots
[2024-05-02T19:08:21.593+0000][7][gc,task     ] GC(14) Using 1 workers of 1 for marking
[2024-05-02T19:08:21.596+0000][7][safepoint   ] Safepoint "CollectForMetadataAllocation", Time since last: 170173908 ns, Reaching safepoint: 2348085 ns, At safepoint: 16229265 ns, Total: 18577350 ns
[2024-05-02T19:08:21.649+0000][7][gc,marking  ] GC(14) Concurrent Mark From Roots 56.326ms
[2024-05-02T19:08:21.649+0000][7][gc,marking  ] GC(14) Concurrent Preclean
[2024-05-02T19:08:21.649+0000][7][gc,marking  ] GC(14) Concurrent Preclean 0.121ms
[2024-05-02T19:08:21.650+0000][7][gc,marking  ] GC(14) Concurrent Mark (25.393s, 25.450s) 56.525ms
[2024-05-02T19:08:21.668+0000][7][gc,start    ] GC(14) Pause Remark
[2024-05-02T19:08:21.674+0000][7][gc          ] GC(14) Pause Remark 37M->37M(256M) 6.003ms
[2024-05-02T19:08:21.679+0000][7][gc,cpu      ] GC(14) User=0.00s Sys=0.01s Real=0.00s
[2024-05-02T19:08:21.679+0000][7][safepoint   ] Safepoint "G1Concurrent", Time since last: 70270433 ns, Reaching safepoint: 1278676 ns, At safepoint: 11267247 ns, Total: 12545923 ns
[2024-05-02T19:08:21.679+0000][7][gc,marking  ] GC(14) Concurrent Rebuild Remembered Sets
[2024-05-02T19:08:21.724+0000][7][gc,marking  ] GC(14) Concurrent Rebuild Remembered Sets 44.712ms
[2024-05-02T19:08:21.742+0000][7][gc,start    ] GC(14) Pause Cleanup
[2024-05-02T19:08:21.742+0000][7][gc          ] GC(14) Pause Cleanup 49M->49M(256M) 0.189ms
[2024-05-02T19:08:21.742+0000][7][gc,cpu      ] GC(14) User=0.00s Sys=0.00s Real=0.00s
[2024-05-02T19:08:21.742+0000][7][safepoint   ] Safepoint "G1Concurrent", Time since last: 45452062 ns, Reaching safepoint: 17932242 ns, At safepoint: 302237 ns, Total: 18234479 ns
[2024-05-02T19:08:21.745+0000][7][gc,marking  ] GC(14) Concurrent Cleanup for Next Mark
[2024-05-02T19:08:21.746+0000][7][gc,marking  ] GC(14) Concurrent Cleanup for Next Mark 1.040ms
[2024-05-02T19:08:21.746+0000][7][gc          ] GC(14) Concurrent Cycle 154.469ms
[2024-05-02T19:08:22.744+0000][7][safepoint   ] Safepoint "Cleanup", Time since last: 1000328514 ns, Reaching safepoint: 274334 ns, At safepoint: 953417 ns, Total: 1227751 ns
[2024-05-02T19:08:23.781+0000][7][safepoint   ] Safepoint "Cleanup", Time since last: 1024546226 ns, Reaching safepoint: 622517 ns, At safepoint: 11322818 ns, Total: 11945335 ns
[2024-05-02T19:08:24.795+0000][7][safepoint   ] Safepoint "Cleanup", Time since last: 1001086461 ns, Reaching safepoint: 13291975 ns, At safepoint: 26149 ns, Total: 13318124 ns
[2024-05-02T19:08:24.834+0000][7][gc,start    ] GC(15) Pause Young (Normal) (G1 Evacuation Pause)
[2024-05-02T19:08:24.835+0000][7][gc,task     ] GC(15) Using 4 workers of 4 for evacuation
[2024-05-02T19:08:24.835+0000][7][gc,age      ] GC(15) Desired survivor size 10485760 bytes, new threshold 15 (max threshold 15)
[2024-05-02T19:08:24.909+0000][7][gc,age      ] GC(15) Age table with threshold 15 (max threshold 15)
[2024-05-02T19:08:24.909+0000][7][gc,age      ] GC(15) - age   1:    2422632 bytes,    2422632 total
[2024-05-02T19:08:24.909+0000][7][gc,age      ] GC(15) - age   2:     191856 bytes,    2614488 total
[2024-05-02T19:08:24.909+0000][7][gc,age      ] GC(15) - age   3:     532608 bytes,    3147096 total
[2024-05-02T19:08:24.909+0000][7][gc,age      ] GC(15) - age   4:     560352 bytes,    3707448 total
[2024-05-02T19:08:24.909+0000][7][gc,age      ] GC(15) - age   5:    1454952 bytes,    5162400 total
[2024-05-02T19:08:24.909+0000][7][gc,age      ] GC(15) - age   6:     288440 bytes,    5450840 total
[2024-05-02T19:08:24.909+0000][7][gc,age      ] GC(15) - age   7:     228096 bytes,    5678936 total
[2024-05-02T19:08:24.909+0000][7][gc,age      ] GC(15) - age   8:    1276216 bytes,    6955152 total
[2024-05-02T19:08:24.909+0000][7][gc,age      ] GC(15) - age   9:     683432 bytes,    7638584 total
[2024-05-02T19:08:24.909+0000][7][gc,age      ] GC(15) - age  10:    1127280 bytes,    8765864 total
[2024-05-02T19:08:24.909+0000][7][gc,phases   ] GC(15)   Pre Evacuate Collection Set: 0.1ms
[2024-05-02T19:08:24.909+0000][7][gc,phases   ] GC(15)   Merge Heap Roots: 0.1ms
[2024-05-02T19:08:24.909+0000][7][gc,phases   ] GC(15)   Evacuate Collection Set: 72.8ms
[2024-05-02T19:08:24.909+0000][7][gc,phases   ] GC(15)   Post Evacuate Collection Set: 1.7ms
[2024-05-02T19:08:24.909+0000][7][gc,phases   ] GC(15)   Other: 0.4ms
[2024-05-02T19:08:24.909+0000][7][gc,heap     ] GC(15) Eden regions: 36->0(35)
[2024-05-02T19:08:24.909+0000][7][gc,heap     ] GC(15) Survivor regions: 2->3(5)
[2024-05-02T19:08:24.910+0000][7][gc,heap     ] GC(15) Old regions: 3->3
[2024-05-02T19:08:24.910+0000][7][gc,heap     ] GC(15) Archive regions: 2->2
[2024-05-02T19:08:24.910+0000][7][gc,heap     ] GC(15) Humongous regions: 0->0
[2024-05-02T19:08:24.910+0000][7][gc,metaspace] GC(15) Metaspace: 26554K(28288K)->26554K(28288K) NonClass: 23259K(24576K)->23259K(24576K) Class: 3294K(3712K)->3294K(3712K)
[2024-05-02T19:08:24.910+0000][7][gc          ] GC(15) Pause Young (Normal) (G1 Evacuation Pause) 165M->23M(256M) 75.120ms
[2024-05-02T19:08:24.910+0000][7][gc,cpu      ] GC(15) User=0.02s Sys=0.01s Real=0.07s
[2024-05-02T19:08:24.910+0000][7][safepoint   ] Safepoint "G1CollectForAllocation", Time since last: 39155988 ns, Reaching safepoint: 253822 ns, At safepoint: 75321524 ns, Total: 75575346 ns
[2024-05-02T19:08:26.568+0000][7][safepoint   ] Safepoint "Cleanup", Time since last: 1651907101 ns, Reaching safepoint: 6371507 ns, At safepoint: 20137 ns, Total: 6391644 ns
[2024-05-02T19:08:27.609+0000][7][safepoint   ] Safepoint "Cleanup", Time since last: 1026080361 ns, Reaching safepoint: 14982835 ns, At safepoint: 71314 ns, Total: 15054149 ns
[2024-05-02T19:08:29.618+0000][7][safepoint   ] Safepoint "Cleanup", Time since last: 2006780265 ns, Reaching safepoint: 415269 ns, At safepoint: 1300728 ns, Total: 1715997 ns
[2024-05-02T19:08:30.625+0000][7][safepoint   ] Safepoint "Cleanup", Time since last: 1002691503 ns, Reaching safepoint: 4313316 ns, At safepoint: 96405 ns, Total: 4409721 ns
[2024-05-02T19:08:31.641+0000][7][safepoint   ] Safepoint "Cleanup", Time since last: 1013930531 ns, Reaching safepoint: 1919969 ns, At safepoint: 39995 ns, Total: 1959964 ns
[2024-05-02T19:08:32.242+0000][7][gc,start    ] GC(16) Pause Young (Normal) (G1 Evacuation Pause)
[2024-05-02T19:08:32.242+0000][7][gc,task     ] GC(16) Using 4 workers of 4 for evacuation
[2024-05-02T19:08:32.243+0000][7][gc,age      ] GC(16) Desired survivor size 10485760 bytes, new threshold 15 (max threshold 15)
[2024-05-02T19:08:32.329+0000][7][gc,age      ] GC(16) Age table with threshold 15 (max threshold 15)
[2024-05-02T19:08:32.329+0000][7][gc,age      ] GC(16) - age   1:   12966664 bytes,   12966664 total
[2024-05-02T19:08:32.329+0000][7][gc,age      ] GC(16) - age   2:    2049208 bytes,   15015872 total
[2024-05-02T19:08:32.329+0000][7][gc,age      ] GC(16) - age   3:     189800 bytes,   15205672 total
[2024-05-02T19:08:32.329+0000][7][gc,age      ] GC(16) - age   4:     532608 bytes,   15738280 total
[2024-05-02T19:08:32.329+0000][7][gc,age      ] GC(16) - age   5:     559496 bytes,   16297776 total
[2024-05-02T19:08:32.329+0000][7][gc,age      ] GC(16) - age   6:    1454760 bytes,   17752536 total
[2024-05-02T19:08:32.329+0000][7][gc,age      ] GC(16) - age   7:     240728 bytes,   17993264 total
[2024-05-02T19:08:32.329+0000][7][gc,age      ] GC(16) - age   8:      80864 bytes,   18074128 total
[2024-05-02T19:08:32.329+0000][7][gc,age      ] GC(16) - age   9:    1095432 bytes,   19169560 total
[2024-05-02T19:08:32.329+0000][7][gc,age      ] GC(16) - age  10:     557184 bytes,   19726744 total
[2024-05-02T19:08:32.329+0000][7][gc,age      ] GC(16) - age  11:    1078624 bytes,   20805368 total
[2024-05-02T19:08:32.332+0000][7][gc,phases   ] GC(16)   Pre Evacuate Collection Set: 0.1ms
[2024-05-02T19:08:32.332+0000][7][gc,phases   ] GC(16)   Merge Heap Roots: 0.1ms
[2024-05-02T19:08:32.332+0000][7][gc,phases   ] GC(16)   Evacuate Collection Set: 70.8ms
[2024-05-02T19:08:32.332+0000][7][gc,phases   ] GC(16)   Post Evacuate Collection Set: 15.1ms
[2024-05-02T19:08:32.332+0000][7][gc,phases   ] GC(16)   Other: 3.7ms
[2024-05-02T19:08:32.332+0000][7][gc,heap     ] GC(16) Eden regions: 35->0(33)
[2024-05-02T19:08:32.332+0000][7][gc,heap     ] GC(16) Survivor regions: 3->5(5)
[2024-05-02T19:08:32.332+0000][7][gc,heap     ] GC(16) Old regions: 3->5
[2024-05-02T19:08:32.332+0000][7][gc,heap     ] GC(16) Archive regions: 2->2
[2024-05-02T19:08:32.332+0000][7][gc,heap     ] GC(16) Humongous regions: 0->0
[2024-05-02T19:08:32.332+0000][7][gc,metaspace] GC(16) Metaspace: 29885K(32000K)->29885K(32000K) NonClass: 26149K(27648K)->26149K(27648K) Class: 3736K(4352K)->3736K(4352K)
[2024-05-02T19:08:32.332+0000][7][gc          ] GC(16) Pause Young (Normal) (G1 Evacuation Pause) 163M->41M(256M) 89.900ms
[2024-05-02T19:08:32.332+0000][7][gc,cpu      ] GC(16) User=0.07s Sys=0.02s Real=0.09s
[2024-05-02T19:08:32.343+0000][7][safepoint   ] Safepoint "G1CollectForAllocation", Time since last: 600841166 ns, Reaching safepoint: 942938 ns, At safepoint: 100816129 ns, Total: 101759067 ns
[2024-05-02T19:08:33.364+0000][7][safepoint   ] Safepoint "Cleanup", Time since last: 1019383184 ns, Reaching safepoint: 1572418 ns, At safepoint: 25377 ns, Total: 1597795 ns
[2024-05-02T19:08:35.021+0000][7][safepoint   ] Safepoint "Cleanup", Time since last: 1644380025 ns, Reaching safepoint: 12802198 ns, At safepoint: 33202 ns, Total: 12835400 ns
[2024-05-02T19:08:36.072+0000][7][safepoint   ] Safepoint "Cleanup", Time since last: 1028136696 ns, Reaching safepoint: 22016359 ns, At safepoint: 66235 ns, Total: 22082594 ns
[2024-05-02T19:08:37.825+0000][7][safepoint   ] Safepoint "Cleanup", Time since last: 1740010674 ns, Reaching safepoint: 1070446 ns, At safepoint: 12233723 ns, Total: 13304169 ns
[2024-05-02T19:08:38.755+0000][7][gc,start    ] GC(17) Pause Young (Concurrent Start) (Metadata GC Threshold)
[2024-05-02T19:08:38.755+0000][7][gc,task     ] GC(17) Using 4 workers of 4 for evacuation
[2024-05-02T19:08:38.755+0000][7][gc,age      ] GC(17) Desired survivor size 10485760 bytes, new threshold 1 (max threshold 15)
[2024-05-02T19:08:38.950+0000][7][gc,age      ] GC(17) Age table with threshold 1 (max threshold 15)
[2024-05-02T19:08:38.950+0000][7][gc,age      ] GC(17) - age   1:   17643232 bytes,   17643232 total
[2024-05-02T19:08:38.950+0000][7][gc,phases   ] GC(17)   Pre Evacuate Collection Set: 0.3ms
[2024-05-02T19:08:38.950+0000][7][gc,phases   ] GC(17)   Merge Heap Roots: 0.3ms
[2024-05-02T19:08:38.950+0000][7][gc,phases   ] GC(17)   Evacuate Collection Set: 192.1ms
[2024-05-02T19:08:38.950+0000][7][gc,phases   ] GC(17)   Post Evacuate Collection Set: 2.3ms
[2024-05-02T19:08:38.950+0000][7][gc,phases   ] GC(17)   Other: 0.5ms
[2024-05-02T19:08:38.950+0000][7][gc,heap     ] GC(17) Eden regions: 33->0(30)
[2024-05-02T19:08:38.950+0000][7][gc,heap     ] GC(17) Survivor regions: 5->5(5)
[2024-05-02T19:08:38.950+0000][7][gc,heap     ] GC(17) Old regions: 5->10
[2024-05-02T19:08:38.950+0000][7][gc,heap     ] GC(17) Archive regions: 2->2
[2024-05-02T19:08:38.950+0000][7][gc,heap     ] GC(17) Humongous regions: 0->0
[2024-05-02T19:08:38.950+0000][7][gc,metaspace] GC(17) Metaspace: 33748K(35840K)->33748K(35840K) NonClass: 29382K(30848K)->29382K(30848K) Class: 4365K(4992K)->4365K(4992K)
[2024-05-02T19:08:38.951+0000][7][gc          ] GC(17) Pause Young (Concurrent Start) (Metadata GC Threshold) 171M->60M(256M) 195.661ms
[2024-05-02T19:08:38.951+0000][7][gc,cpu      ] GC(17) User=0.06s Sys=0.07s Real=0.19s
[2024-05-02T19:08:38.951+0000][7][gc          ] GC(18) Concurrent Cycle
[2024-05-02T19:08:38.951+0000][7][gc,marking  ] GC(18) Concurrent Clear Claimed Marks
[2024-05-02T19:08:38.951+0000][7][gc,marking  ] GC(18) Concurrent Clear Claimed Marks 0.125ms
[2024-05-02T19:08:38.951+0000][7][gc,marking  ] GC(18) Concurrent Scan Root Regions
[2024-05-02T19:08:38.956+0000][7][safepoint   ] Safepoint "CollectForMetadataAllocation", Time since last: 916450248 ns, Reaching safepoint: 13398732 ns, At safepoint: 201005777 ns, Total: 214404509 ns
[2024-05-02T19:08:39.058+0000][7][gc,marking  ] GC(18) Concurrent Scan Root Regions 106.446ms
[2024-05-02T19:08:39.058+0000][7][gc,marking  ] GC(18) Concurrent Mark (42.858s)
[2024-05-02T19:08:39.058+0000][7][gc,marking  ] GC(18) Concurrent Mark From Roots
[2024-05-02T19:08:39.058+0000][7][gc,task     ] GC(18) Using 1 workers of 1 for marking
[2024-05-02T19:08:39.121+0000][7][gc,marking  ] GC(18) Concurrent Mark From Roots 63.129ms
[2024-05-02T19:08:39.121+0000][7][gc,marking  ] GC(18) Concurrent Preclean
[2024-05-02T19:08:39.122+0000][7][gc,marking  ] GC(18) Concurrent Preclean 0.225ms
[2024-05-02T19:08:39.122+0000][7][gc,marking  ] GC(18) Concurrent Mark (42.858s, 42.922s) 63.730ms
[2024-05-02T19:08:39.122+0000][7][gc,start    ] GC(18) Pause Remark
[2024-05-02T19:08:39.163+0000][7][gc          ] GC(18) Pause Remark 62M->62M(256M) 40.669ms
[2024-05-02T19:08:39.163+0000][7][gc,cpu      ] GC(18) User=0.02s Sys=0.01s Real=0.04s
[2024-05-02T19:08:39.163+0000][7][safepoint   ] Safepoint "G1Concurrent", Time since last: 165825839 ns, Reaching safepoint: 144571 ns, At safepoint: 41102047 ns, Total: 41246618 ns
[2024-05-02T19:08:39.171+0000][7][gc,marking  ] GC(18) Concurrent Rebuild Remembered Sets
[2024-05-02T19:08:39.269+0000][7][gc,marking  ] GC(18) Concurrent Rebuild Remembered Sets 98.201ms
[2024-05-02T19:08:39.273+0000][7][gc,start    ] GC(18) Pause Cleanup
[2024-05-02T19:08:39.308+0000][7][gc          ] GC(18) Pause Cleanup 62M->62M(256M) 34.227ms
[2024-05-02T19:08:39.308+0000][7][gc,cpu      ] GC(18) User=0.01s Sys=0.01s Real=0.04s
[2024-05-02T19:08:39.308+0000][7][safepoint   ] Safepoint "G1Concurrent", Time since last: 106707698 ns, Reaching safepoint: 3856940 ns, At safepoint: 34448520 ns, Total: 38305460 ns
[2024-05-02T19:08:39.308+0000][7][gc,marking  ] GC(18) Concurrent Cleanup for Next Mark
[2024-05-02T19:08:39.329+0000][7][gc,marking  ] GC(18) Concurrent Cleanup for Next Mark 21.166ms
[2024-05-02T19:08:39.329+0000][7][gc          ] GC(18) Concurrent Cycle 378.090ms
[2024-05-02T19:08:40.338+0000][7][safepoint   ] Safepoint "Cleanup", Time since last: 1001047024 ns, Reaching safepoint: 28833809 ns, At safepoint: 30557 ns, Total: 28864366 ns
[2024-05-02T19:08:41.339+0000][7][gc,start    ] GC(19) Pause Young (Normal) (G1 Evacuation Pause)
[2024-05-02T19:08:41.339+0000][7][gc,task     ] GC(19) Using 4 workers of 4 for evacuation
[2024-05-02T19:08:41.339+0000][7][gc,age      ] GC(19) Desired survivor size 10485760 bytes, new threshold 1 (max threshold 15)
[2024-05-02T19:08:41.536+0000][7][gc,age      ] GC(19) Age table with threshold 1 (max threshold 15)
[2024-05-02T19:08:41.536+0000][7][gc,age      ] GC(19) - age   1:    1661312 bytes,    1661312 total
[2024-05-02T19:08:41.536+0000][7][gc,phases   ] GC(19)   Pre Evacuate Collection Set: 5.3ms
[2024-05-02T19:08:41.536+0000][7][gc,phases   ] GC(19)   Merge Heap Roots: 0.1ms
[2024-05-02T19:08:41.536+0000][7][gc,phases   ] GC(19)   Evacuate Collection Set: 163.2ms
[2024-05-02T19:08:41.536+0000][7][gc,phases   ] GC(19)   Post Evacuate Collection Set: 28.6ms
[2024-05-02T19:08:41.536+0000][7][gc,phases   ] GC(19)   Other: 0.4ms
[2024-05-02T19:08:41.536+0000][7][gc,heap     ] GC(19) Eden regions: 30->0(31)
[2024-05-02T19:08:41.536+0000][7][gc,heap     ] GC(19) Survivor regions: 5->1(5)
[2024-05-02T19:08:41.536+0000][7][gc,heap     ] GC(19) Old regions: 10->14
[2024-05-02T19:08:41.536+0000][7][gc,heap     ] GC(19) Archive regions: 2->2
[2024-05-02T19:08:41.536+0000][7][gc,heap     ] GC(19) Humongous regions: 0->0
[2024-05-02T19:08:41.536+0000][7][gc,metaspace] GC(19) Metaspace: 36079K(38528K)->36079K(38528K) NonClass: 31493K(33280K)->31493K(33280K) Class: 4586K(5248K)->4586K(5248K)
[2024-05-02T19:08:41.536+0000][7][gc          ] GC(19) Pause Young (Normal) (G1 Evacuation Pause) 180M->63M(256M) 197.836ms
[2024-05-02T19:08:41.536+0000][7][gc,cpu      ] GC(19) User=0.06s Sys=0.02s Real=0.20s
[2024-05-02T19:08:41.536+0000][7][safepoint   ] Safepoint "G1CollectForAllocation", Time since last: 1000424614 ns, Reaching safepoint: 274394 ns, At safepoint: 198005315 ns, Total: 198279709 ns
[2024-05-02T19:08:42.901+0000][7][safepoint   ] Safepoint "Cleanup", Time since last: 1357382315 ns, Reaching safepoint: 7405151 ns, At safepoint: 18424 ns, Total: 7423575 ns
[2024-05-02T19:08:43.921+0000][7][safepoint   ] Safepoint "Cleanup", Time since last: 1002822954 ns, Reaching safepoint: 16776778 ns, At safepoint: 41488 ns, Total: 16818266 ns
[2024-05-02T19:08:44.935+0000][7][safepoint   ] Safepoint "Cleanup", Time since last: 1004510761 ns, Reaching safepoint: 9301757 ns, At safepoint: 64781 ns, Total: 9366538 ns
[2024-05-02T19:08:45.941+0000][7][safepoint   ] Safepoint "Cleanup", Time since last: 1006149506 ns, Reaching safepoint: 228819 ns, At safepoint: 27532 ns, Total: 256351 ns
[2024-05-02T19:08:47.810+0000][7][safepoint   ] Safepoint "Cleanup", Time since last: 1868483043 ns, Reaching safepoint: 176371 ns, At safepoint: 25287 ns, Total: 201658 ns
[2024-05-02T19:08:48.823+0000][7][safepoint   ] Safepoint "Cleanup", Time since last: 1012754511 ns, Reaching safepoint: 121889 ns, At safepoint: 14908 ns, Total: 136797 ns
[2024-05-02T19:08:49.829+0000][7][safepoint   ] Safepoint "Cleanup", Time since last: 1004665909 ns, Reaching safepoint: 1121699 ns, At safepoint: 56696 ns, Total: 1178395 ns
[2024-05-02T19:08:50.843+0000][7][safepoint   ] Safepoint "Cleanup", Time since last: 1002124472 ns, Reaching safepoint: 7890574 ns, At safepoint: 4449581 ns, Total: 12340155 ns
[2024-05-02T19:08:51.871+0000][7][safepoint   ] Safepoint "Cleanup", Time since last: 1012257129 ns, Reaching safepoint: 15694136 ns, At safepoint: 21380 ns, Total: 15715516 ns
[2024-05-02T19:08:52.873+0000][7][safepoint   ] Safepoint "Cleanup", Time since last: 1001616624 ns, Reaching safepoint: 244328 ns, At safepoint: 5470 ns, Total: 249798 ns
[2024-05-02T19:08:53.896+0000][7][safepoint   ] Safepoint "Cleanup", Time since last: 1021801389 ns, Reaching safepoint: 1109259 ns, At safepoint: 27913 ns, Total: 1137172 ns
[2024-05-02T19:08:54.455+0000][7][gc,start    ] GC(20) Pause Young (Normal) (G1 Evacuation Pause)
[2024-05-02T19:08:54.455+0000][7][gc,task     ] GC(20) Using 4 workers of 4 for evacuation
[2024-05-02T19:08:54.455+0000][7][gc,age      ] GC(20) Desired survivor size 8388608 bytes, new threshold 15 (max threshold 15)
[2024-05-02T19:08:54.497+0000][7][gc,age      ] GC(20) Age table with threshold 15 (max threshold 15)
[2024-05-02T19:08:54.497+0000][7][gc,age      ] GC(20) - age   1:    5199752 bytes,    5199752 total
[2024-05-02T19:08:54.497+0000][7][gc,age      ] GC(20) - age   2:    1307440 bytes,    6507192 total
[2024-05-02T19:08:54.497+0000][7][gc,phases   ] GC(20)   Pre Evacuate Collection Set: 0.1ms
[2024-05-02T19:08:54.497+0000][7][gc,phases   ] GC(20)   Merge Heap Roots: 0.2ms
[2024-05-02T19:08:54.497+0000][7][gc,phases   ] GC(20)   Evacuate Collection Set: 34.5ms
[2024-05-02T19:08:54.497+0000][7][gc,phases   ] GC(20)   Post Evacuate Collection Set: 7.3ms
[2024-05-02T19:08:54.497+0000][7][gc,phases   ] GC(20)   Other: 0.4ms
[2024-05-02T19:08:54.497+0000][7][gc,heap     ] GC(20) Eden regions: 31->0(30)
[2024-05-02T19:08:54.497+0000][7][gc,heap     ] GC(20) Survivor regions: 1->2(4)
[2024-05-02T19:08:54.497+0000][7][gc,heap     ] GC(20) Old regions: 14->14
[2024-05-02T19:08:54.498+0000][7][gc,heap     ] GC(20) Archive regions: 2->2
[2024-05-02T19:08:54.498+0000][7][gc,heap     ] GC(20) Humongous regions: 0->0
[2024-05-02T19:08:54.498+0000][7][gc,metaspace] GC(20) Metaspace: 51806K(54912K)->51806K(54912K) NonClass: 44872K(47104K)->44872K(47104K) Class: 6934K(7808K)->6934K(7808K)
[2024-05-02T19:08:54.499+0000][7][gc          ] GC(20) Pause Young (Normal) (G1 Evacuation Pause) 187M->66M(256M) 43.505ms
[2024-05-02T19:08:54.499+0000][7][gc,cpu      ] GC(20) User=0.03s Sys=0.00s Real=0.05s
[2024-05-02T19:08:54.499+0000][7][safepoint   ] Safepoint "G1CollectForAllocation", Time since last: 558909273 ns, Reaching safepoint: 193733 ns, At safepoint: 43679828 ns, Total: 43873561 ns
[2024-05-02T19:08:56.107+0000][7][safepoint   ] Safepoint "Cleanup", Time since last: 1590464009 ns, Reaching safepoint: 17306501 ns, At safepoint: 121017 ns, Total: 17427518 ns
[2024-05-02T19:08:57.194+0000][7][safepoint   ] Safepoint "Cleanup", Time since last: 1082167965 ns, Reaching safepoint: 5214916 ns, At safepoint: 81012 ns, Total: 5295928 ns
[2024-05-02T19:08:58.104+0000][7][gc,start    ] GC(21) Pause Young (Concurrent Start) (Metadata GC Threshold)
[2024-05-02T19:08:58.104+0000][7][gc,task     ] GC(21) Using 4 workers of 4 for evacuation
[2024-05-02T19:08:58.104+0000][7][gc,age      ] GC(21) Desired survivor size 8388608 bytes, new threshold 15 (max threshold 15)
[2024-05-02T19:08:58.154+0000][7][gc,age      ] GC(21) Age table with threshold 15 (max threshold 15)
[2024-05-02T19:08:58.154+0000][7][gc,age      ] GC(21) - age   1:    2455592 bytes,    2455592 total
[2024-05-02T19:08:58.154+0000][7][gc,age      ] GC(21) - age   2:    5028696 bytes,    7484288 total
[2024-05-02T19:08:58.154+0000][7][gc,age      ] GC(21) - age   3:    1307200 bytes,    8791488 total
[2024-05-02T19:08:58.154+0000][7][gc,phases   ] GC(21)   Pre Evacuate Collection Set: 1.0ms
[2024-05-02T19:08:58.154+0000][7][gc,phases   ] GC(21)   Merge Heap Roots: 7.4ms
[2024-05-02T19:08:58.154+0000][7][gc,phases   ] GC(21)   Evacuate Collection Set: 35.4ms
[2024-05-02T19:08:58.154+0000][7][gc,phases   ] GC(21)   Post Evacuate Collection Set: 6.1ms
[2024-05-02T19:08:58.154+0000][7][gc,phases   ] GC(21)   Other: 0.6ms
[2024-05-02T19:08:58.154+0000][7][gc,heap     ] GC(21) Eden regions: 19->0(30)
[2024-05-02T19:08:58.154+0000][7][gc,heap     ] GC(21) Survivor regions: 2->3(4)
[2024-05-02T19:08:58.154+0000][7][gc,heap     ] GC(21) Old regions: 14->14
[2024-05-02T19:08:58.154+0000][7][gc,heap     ] GC(21) Archive regions: 2->2
[2024-05-02T19:08:58.154+0000][7][gc,heap     ] GC(21) Humongous regions: 0->0
[2024-05-02T19:08:58.155+0000][7][gc,metaspace] GC(21) Metaspace: 56979K(60160K)->56979K(60160K) NonClass: 49487K(51712K)->49487K(51712K) Class: 7492K(8448K)->7492K(8448K)
[2024-05-02T19:08:58.155+0000][7][gc          ] GC(21) Pause Young (Concurrent Start) (Metadata GC Threshold) 140M->68M(256M) 50.731ms
[2024-05-02T19:08:58.155+0000][7][gc,cpu      ] GC(21) User=0.02s Sys=0.02s Real=0.05s
[2024-05-02T19:08:58.157+0000][7][safepoint   ] Safepoint "CollectForMetadataAllocation", Time since last: 909328587 ns, Reaching safepoint: 399448 ns, At safepoint: 53204364 ns, Total: 53603812 ns
[2024-05-02T19:08:58.158+0000][7][gc          ] GC(22) Concurrent Cycle
[2024-05-02T19:08:58.158+0000][7][gc,marking  ] GC(22) Concurrent Clear Claimed Marks
[2024-05-02T19:08:58.158+0000][7][gc,marking  ] GC(22) Concurrent Clear Claimed Marks 0.246ms
[2024-05-02T19:08:58.159+0000][7][gc,marking  ] GC(22) Concurrent Scan Root Regions
[2024-05-02T19:08:58.205+0000][7][gc,marking  ] GC(22) Concurrent Scan Root Regions 46.413ms
[2024-05-02T19:08:58.205+0000][7][gc,marking  ] GC(22) Concurrent Mark (62.006s)
[2024-05-02T19:08:58.205+0000][7][gc,marking  ] GC(22) Concurrent Mark From Roots
[2024-05-02T19:08:58.205+0000][7][gc,task     ] GC(22) Using 1 workers of 1 for marking
[2024-05-02T19:08:58.396+0000][7][safepoint   ] Safepoint "CollectForMetadataAllocation", Time since last: 223211332 ns, Reaching safepoint: 15033203 ns, At safepoint: 655348 ns, Total: 15688551 ns
[2024-05-02T19:08:58.899+0000][7][gc,marking  ] GC(22) Concurrent Mark From Roots 694.215ms
[2024-05-02T19:08:58.899+0000][7][gc,marking  ] GC(22) Concurrent Preclean
[2024-05-02T19:08:58.900+0000][7][gc,marking  ] GC(22) Concurrent Preclean 0.648ms
[2024-05-02T19:08:58.900+0000][7][gc,marking  ] GC(22) Concurrent Mark (62.006s, 62.701s) 695.007ms
[2024-05-02T19:08:58.916+0000][7][gc,start    ] GC(22) Pause Remark
[2024-05-02T19:08:58.946+0000][7][gc          ] GC(22) Pause Remark 74M->74M(256M) 30.835ms
[2024-05-02T19:08:58.946+0000][7][gc,cpu      ] GC(22) User=0.01s Sys=0.00s Real=0.03s
[2024-05-02T19:08:58.947+0000][7][safepoint   ] Safepoint "G1Concurrent", Time since last: 506719017 ns, Reaching safepoint: 13004306 ns, At safepoint: 30979843 ns, Total: 43984149 ns
[2024-05-02T19:08:58.947+0000][7][gc,marking  ] GC(22) Concurrent Rebuild Remembered Sets
[2024-05-02T19:08:59.298+0000][7][gc,marking  ] GC(22) Concurrent Rebuild Remembered Sets 350.811ms
[2024-05-02T19:08:59.325+0000][7][gc,start    ] GC(22) Pause Cleanup
[2024-05-02T19:08:59.325+0000][7][gc          ] GC(22) Pause Cleanup 74M->74M(256M) 0.372ms
[2024-05-02T19:08:59.325+0000][7][gc,cpu      ] GC(22) User=0.00s Sys=0.00s Real=0.00s
[2024-05-02T19:08:59.325+0000][7][safepoint   ] Safepoint "G1Concurrent", Time since last: 351357826 ns, Reaching safepoint: 26576274 ns, At safepoint: 496932 ns, Total: 27073206 ns
[2024-05-02T19:08:59.325+0000][7][gc,marking  ] GC(22) Concurrent Cleanup for Next Mark
[2024-05-02T19:08:59.350+0000][7][gc,marking  ] GC(22) Concurrent Cleanup for Next Mark 25.112ms
[2024-05-02T19:08:59.350+0000][7][gc          ] GC(22) Concurrent Cycle 1192.676ms
[2024-05-02T19:09:00.360+0000][7][safepoint   ] Safepoint "Cleanup", Time since last: 1034659082 ns, Reaching safepoint: 436148 ns, At safepoint: 42660 ns, Total: 478808 ns
[2024-05-02T19:09:01.385+0000][7][safepoint   ] Safepoint "Cleanup", Time since last: 1004074056 ns, Reaching safepoint: 21083972 ns, At safepoint: 217467 ns, Total: 21301439 ns
[2024-05-02T19:09:02.404+0000][7][safepoint   ] Safepoint "Cleanup", Time since last: 1011037543 ns, Reaching safepoint: 6924242 ns, At safepoint: 85180 ns, Total: 7009422 ns
[2024-05-02T19:09:03.409+0000][7][safepoint   ] Safepoint "Cleanup", Time since last: 1003819480 ns, Reaching safepoint: 1419891 ns, At safepoint: 21500 ns, Total: 1441391 ns
[2024-05-02T19:09:04.422+0000][7][safepoint   ] Safepoint "Cleanup", Time since last: 1010448355 ns, Reaching safepoint: 2998557 ns, At safepoint: 62036 ns, Total: 3060593 ns
[2024-05-02T19:09:05.428+0000][7][safepoint   ] Safepoint "Cleanup", Time since last: 1005298844 ns, Reaching safepoint: 273653 ns, At safepoint: 4047 ns, Total: 277700 ns
[2024-05-02T19:09:07.086+0000][7][safepoint   ] Safepoint "Cleanup", Time since last: 1652825516 ns, Reaching safepoint: 5520613 ns, At safepoint: 74269 ns, Total: 5594882 ns
[2024-05-02T19:09:08.090+0000][7][safepoint   ] Safepoint "Cleanup", Time since last: 1003126554 ns, Reaching safepoint: 564328 ns, At safepoint: 4679 ns, Total: 569007 ns
[2024-05-02T19:09:09.691+0000][7][safepoint   ] Safepoint "Cleanup", Time since last: 1573927541 ns, Reaching safepoint: 15486920 ns, At safepoint: 11097563 ns, Total: 26584483 ns
[2024-05-02T19:09:10.740+0000][7][safepoint   ] Safepoint "Cleanup", Time since last: 1048685218 ns, Reaching safepoint: 908919 ns, At safepoint: 7324 ns, Total: 916243 ns
[2024-05-02T19:09:11.757+0000][7][safepoint   ] Safepoint "Cleanup", Time since last: 1016041738 ns, Reaching safepoint: 672461 ns, At safepoint: 23674 ns, Total: 696135 ns
[2024-05-02T19:09:12.544+0000][7][gc,start    ] GC(23) Pause Young (Concurrent Start) (G1 Evacuation Pause)
[2024-05-02T19:09:12.544+0000][7][gc,task     ] GC(23) Using 4 workers of 4 for evacuation
[2024-05-02T19:09:12.544+0000][7][gc,age      ] GC(23) Desired survivor size 10485760 bytes, new threshold 15 (max threshold 15)
[2024-05-02T19:09:12.588+0000][7][gc,age      ] GC(23) Age table with threshold 15 (max threshold 15)
[2024-05-02T19:09:12.588+0000][7][gc,age      ] GC(23) - age   1:    6777064 bytes,    6777064 total
[2024-05-02T19:09:12.588+0000][7][gc,age      ] GC(23) - age   2:    2334624 bytes,    9111688 total
[2024-05-02T19:09:12.588+0000][7][gc,age      ] GC(23) - age   3:    5000376 bytes,   14112064 total
[2024-05-02T19:09:12.588+0000][7][gc,age      ] GC(23) - age   4:    1305272 bytes,   15417336 total
[2024-05-02T19:09:12.588+0000][7][gc,phases   ] GC(23)   Pre Evacuate Collection Set: 0.2ms
[2024-05-02T19:09:12.588+0000][7][gc,phases   ] GC(23)   Merge Heap Roots: 0.2ms
[2024-05-02T19:09:12.588+0000][7][gc,phases   ] GC(23)   Evacuate Collection Set: 40.0ms
[2024-05-02T19:09:12.588+0000][7][gc,phases   ] GC(23)   Post Evacuate Collection Set: 3.2ms
[2024-05-02T19:09:12.588+0000][7][gc,phases   ] GC(23)   Other: 0.3ms
[2024-05-02T19:09:12.588+0000][7][gc,heap     ] GC(23) Eden regions: 30->0(29)
[2024-05-02T19:09:12.588+0000][7][gc,heap     ] GC(23) Survivor regions: 3->4(5)
[2024-05-02T19:09:12.588+0000][7][gc,heap     ] GC(23) Old regions: 14->14
[2024-05-02T19:09:12.588+0000][7][gc,heap     ] GC(23) Archive regions: 2->2
[2024-05-02T19:09:12.588+0000][7][gc,heap     ] GC(23) Humongous regions: 0->0
[2024-05-02T19:09:12.588+0000][7][gc,metaspace] GC(23) Metaspace: 74650K(78208K)->74650K(78208K) NonClass: 64610K(67072K)->64610K(67072K) Class: 10040K(11136K)->10040K(11136K)
[2024-05-02T19:09:12.588+0000][7][gc          ] GC(23) Pause Young (Concurrent Start) (G1 Evacuation Pause) 188M->75M(256M) 44.050ms
[2024-05-02T19:09:12.588+0000][7][gc,cpu      ] GC(23) User=0.05s Sys=0.02s Real=0.05s
[2024-05-02T19:09:12.588+0000][7][gc          ] GC(24) Concurrent Cycle
[2024-05-02T19:09:12.588+0000][7][gc,marking  ] GC(24) Concurrent Clear Claimed Marks
[2024-05-02T19:09:12.588+0000][7][gc,marking  ] GC(24) Concurrent Clear Claimed Marks 0.137ms
[2024-05-02T19:09:12.588+0000][7][gc,marking  ] GC(24) Concurrent Scan Root Regions
[2024-05-02T19:09:12.608+0000][7][safepoint   ] Safepoint "G1CollectForAllocation", Time since last: 783249544 ns, Reaching safepoint: 3674227 ns, At safepoint: 64106588 ns, Total: 67780815 ns
[2024-05-02T19:09:12.662+0000][7][gc,marking  ] GC(24) Concurrent Scan Root Regions 74.093ms
[2024-05-02T19:09:12.662+0000][7][gc,marking  ] GC(24) Concurrent Mark (76.463s)
[2024-05-02T19:09:12.662+0000][7][gc,marking  ] GC(24) Concurrent Mark From Roots
[2024-05-02T19:09:12.662+0000][7][gc,task     ] GC(24) Using 1 workers of 1 for marking
[2024-05-02T19:09:12.863+0000][7][gc,marking  ] GC(24) Concurrent Mark From Roots 200.936ms
[2024-05-02T19:09:12.863+0000][7][gc,marking  ] GC(24) Concurrent Preclean
[2024-05-02T19:09:12.864+0000][7][gc,marking  ] GC(24) Concurrent Preclean 0.389ms
[2024-05-02T19:09:12.864+0000][7][gc,marking  ] GC(24) Concurrent Mark (76.463s, 76.664s) 201.418ms
[2024-05-02T19:09:12.874+0000][7][gc,start    ] GC(24) Pause Remark
[2024-05-02T19:09:12.888+0000][7][gc          ] GC(24) Pause Remark 81M->81M(256M) 14.443ms
[2024-05-02T19:09:12.889+0000][7][gc,cpu      ] GC(24) User=0.01s Sys=0.00s Real=0.02s
[2024-05-02T19:09:12.889+0000][7][safepoint   ] Safepoint "G1Concurrent", Time since last: 256936578 ns, Reaching safepoint: 9148161 ns, At safepoint: 14603824 ns, Total: 23751985 ns
[2024-05-02T19:09:12.889+0000][7][gc,marking  ] GC(24) Concurrent Rebuild Remembered Sets
[2024-05-02T19:09:12.978+0000][7][gc,marking  ] GC(24) Concurrent Rebuild Remembered Sets 89.381ms
[2024-05-02T19:09:12.982+0000][7][gc,start    ] GC(24) Pause Cleanup
[2024-05-02T19:09:12.984+0000][7][gc          ] GC(24) Pause Cleanup 83M->83M(256M) 2.609ms
[2024-05-02T19:09:12.984+0000][7][gc,cpu      ] GC(24) User=0.00s Sys=0.00s Real=0.00s
[2024-05-02T19:09:12.984+0000][7][safepoint   ] Safepoint "G1Concurrent", Time since last: 90525589 ns, Reaching safepoint: 2632114 ns, At safepoint: 2749779 ns, Total: 5381893 ns
[2024-05-02T19:09:12.985+0000][7][gc,marking  ] GC(24) Concurrent Cleanup for Next Mark
[2024-05-02T19:09:12.986+0000][7][gc,marking  ] GC(24) Concurrent Cleanup for Next Mark 1.104ms
[2024-05-02T19:09:12.986+0000][7][gc          ] GC(24) Concurrent Cycle 397.726ms
[2024-05-02T19:09:14.153+0000][7][safepoint   ] Safepoint "Cleanup", Time since last: 1165118697 ns, Reaching safepoint: 3479131 ns, At safepoint: 32752 ns, Total: 3511883 ns
[2024-05-02T19:09:15.427+0000][7][safepoint   ] Safepoint "ICBufferFull", Time since last: 1273625804 ns, Reaching safepoint: 580378 ns, At safepoint: 10790 ns, Total: 591168 ns
[2024-05-02T19:09:16.768+0000][7][safepoint   ] Safepoint "Cleanup", Time since last: 1340080312 ns, Reaching safepoint: 968525 ns, At safepoint: 11061 ns, Total: 979586 ns
[2024-05-02T19:09:17.785+0000][7][safepoint   ] Safepoint "Cleanup", Time since last: 1013693671 ns, Reaching safepoint: 2559759 ns, At safepoint: 13766 ns, Total: 2573525 ns
[2024-05-02T19:09:18.314+0000][7][gc,start    ] GC(25) Pause Young (Normal) (G1 Evacuation Pause)
[2024-05-02T19:09:18.314+0000][7][gc,task     ] GC(25) Using 4 workers of 4 for evacuation
[2024-05-02T19:09:18.315+0000][7][gc,age      ] GC(25) Desired survivor size 10485760 bytes, new threshold 3 (max threshold 15)
[2024-05-02T19:09:18.407+0000][7][gc,age      ] GC(25) Age table with threshold 3 (max threshold 15)
[2024-05-02T19:09:18.407+0000][7][gc,age      ] GC(25) - age   1:    6096680 bytes,    6096680 total
[2024-05-02T19:09:18.407+0000][7][gc,age      ] GC(25) - age   2:    6224984 bytes,   12321664 total
[2024-05-02T19:09:18.407+0000][7][gc,age      ] GC(25) - age   3:    2320168 bytes,   14641832 total
[2024-05-02T19:09:18.407+0000][7][gc,phases   ] GC(25)   Pre Evacuate Collection Set: 0.1ms
[2024-05-02T19:09:18.407+0000][7][gc,phases   ] GC(25)   Merge Heap Roots: 0.1ms
[2024-05-02T19:09:18.407+0000][7][gc,phases   ] GC(25)   Evacuate Collection Set: 88.6ms
[2024-05-02T19:09:18.407+0000][7][gc,phases   ] GC(25)   Post Evacuate Collection Set: 3.7ms
[2024-05-02T19:09:18.407+0000][7][gc,phases   ] GC(25)   Other: 0.3ms
[2024-05-02T19:09:18.407+0000][7][gc,heap     ] GC(25) Eden regions: 29->0(26)
[2024-05-02T19:09:18.407+0000][7][gc,heap     ] GC(25) Survivor regions: 4->4(5)
[2024-05-02T19:09:18.407+0000][7][gc,heap     ] GC(25) Old regions: 14->16
[2024-05-02T19:09:18.407+0000][7][gc,heap     ] GC(25) Archive regions: 2->2
[2024-05-02T19:09:18.407+0000][7][gc,heap     ] GC(25) Humongous regions: 2->2
[2024-05-02T19:09:18.407+0000][7][gc,metaspace] GC(25) Metaspace: 89492K(93696K)->89492K(93696K) NonClass: 77341K(80384K)->77341K(80384K) Class: 12151K(13312K)->12151K(13312K)
[2024-05-02T19:09:18.407+0000][7][gc          ] GC(25) Pause Young (Normal) (G1 Evacuation Pause) 199M->88M(256M) 92.895ms
[2024-05-02T19:09:18.407+0000][7][gc,cpu      ] GC(25) User=0.10s Sys=0.04s Real=0.10s
[2024-05-02T19:09:18.407+0000][7][safepoint   ] Safepoint "G1CollectForAllocation", Time since last: 529298246 ns, Reaching safepoint: 400901 ns, At safepoint: 93110176 ns, Total: 93511077 ns
[2024-05-02T19:09:19.414+0000][7][safepoint   ] Safepoint "Cleanup", Time since last: 1006741747 ns, Reaching safepoint: 190437 ns, At safepoint: 28243 ns, Total: 218680 ns
[2024-05-02T19:09:21.421+0000][7][safepoint   ] Safepoint "Cleanup", Time since last: 2006300273 ns, Reaching safepoint: 386314 ns, At safepoint: 36549 ns, Total: 422863 ns
[2024-05-02T19:09:23.424+0000][7][safepoint   ] Safepoint "Cleanup", Time since last: 2002715957 ns, Reaching safepoint: 233157 ns, At safepoint: 265437 ns, Total: 498594 ns
[2024-05-02T19:09:24.426+0000][7][safepoint   ] Safepoint "Cleanup", Time since last: 1000284502 ns, Reaching safepoint: 1675480 ns, At safepoint: 35957 ns, Total: 1711437 ns
[2024-05-02T19:09:25.427+0000][7][safepoint   ] Safepoint "Cleanup", Time since last: 1000217822 ns, Reaching safepoint: 154379 ns, At safepoint: 20128 ns, Total: 174507 ns
[2024-05-02T19:09:26.431+0000][7][safepoint   ] Safepoint "Cleanup", Time since last: 1003555742 ns, Reaching safepoint: 202717 ns, At safepoint: 4418 ns, Total: 207135 ns
[2024-05-02T19:09:28.784+0000][7][safepoint   ] Safepoint "Cleanup", Time since last: 2353199729 ns, Reaching safepoint: 147917 ns, At safepoint: 3346 ns, Total: 151263 ns
[2024-05-02T19:09:30.563+0000][7][safepoint   ] Safepoint "Cleanup", Time since last: 1778549786 ns, Reaching safepoint: 461716 ns, At safepoint: 23694 ns, Total: 485410 ns
[2024-05-02T19:09:31.629+0000][7][safepoint   ] Safepoint "Cleanup", Time since last: 1065297329 ns, Reaching safepoint: 392886 ns, At safepoint: 10019 ns, Total: 402905 ns
[2024-05-02T19:09:35.476+0000][7][safepoint   ] Safepoint "Cleanup", Time since last: 3847438749 ns, Reaching safepoint: 320986 ns, At safepoint: 37962 ns, Total: 358948 ns
[2024-05-02T19:09:37.478+0000][7][safepoint   ] Safepoint "Cleanup", Time since last: 2000824788 ns, Reaching safepoint: 336010 ns, At safepoint: 32160 ns, Total: 368170 ns
[2024-05-02T19:09:39.629+0000][7][safepoint   ] Safepoint "Cleanup", Time since last: 2151065578 ns, Reaching safepoint: 226741 ns, At safepoint: 26009 ns, Total: 252750 ns
[2024-05-02T19:09:40.630+0000][7][safepoint   ] Safepoint "Cleanup", Time since last: 1000746605 ns, Reaching safepoint: 712340 ns, At safepoint: 4859 ns, Total: 717199 ns
[2024-05-02T19:09:43.632+0000][7][safepoint   ] Safepoint "Cleanup", Time since last: 3001243120 ns, Reaching safepoint: 204614 ns, At safepoint: 27161 ns, Total: 231775 ns
[2024-05-02T19:09:44.633+0000][7][safepoint   ] Safepoint "Cleanup", Time since last: 1000537373 ns, Reaching safepoint: 385468 ns, At safepoint: 11412 ns, Total: 396880 ns
[2024-05-02T19:09:45.634+0000][7][safepoint   ] Safepoint "Cleanup", Time since last: 1001238815 ns, Reaching safepoint: 215945 ns, At safepoint: 48851 ns, Total: 264796 ns
[2024-05-02T19:09:47.640+0000][7][safepoint   ] Safepoint "Cleanup", Time since last: 2005345552 ns, Reaching safepoint: 215294 ns, At safepoint: 6442 ns, Total: 221736 ns
[2024-05-02T19:09:52.659+0000][7][safepoint   ] Safepoint "Cleanup", Time since last: 5019215848 ns, Reaching safepoint: 369583 ns, At safepoint: 19206 ns, Total: 388789 ns
[2024-05-02T19:09:53.660+0000][7][safepoint   ] Safepoint "Cleanup", Time since last: 1000370659 ns, Reaching safepoint: 212629 ns, At safepoint: 11391 ns, Total: 224020 ns
[2024-05-02T19:09:56.664+0000][7][safepoint   ] Safepoint "Cleanup", Time since last: 3003518798 ns, Reaching safepoint: 324388 ns, At safepoint: 8667 ns, Total: 333055 ns
[2024-05-02T19:09:57.665+0000][7][safepoint   ] Safepoint "Cleanup", Time since last: 1000427654 ns, Reaching safepoint: 320329 ns, At safepoint: 32241 ns, Total: 352570 ns
[2024-05-02T19:09:58.666+0000][7][safepoint   ] Safepoint "Cleanup", Time since last: 1000537010 ns, Reaching safepoint: 265552 ns, At safepoint: 29084 ns, Total: 294636 ns
[2024-05-02T19:10:00.669+0000][7][safepoint   ] Safepoint "Cleanup", Time since last: 2003553113 ns, Reaching safepoint: 326792 ns, At safepoint: 30728 ns, Total: 357520 ns
[2024-05-02T19:10:02.674+0000][7][safepoint   ] Safepoint "Cleanup", Time since last: 2003816329 ns, Reaching safepoint: 247108 ns, At safepoint: 27672 ns, Total: 274780 ns
[2024-05-02T19:10:03.674+0000][7][safepoint   ] Safepoint "Cleanup", Time since last: 1000501026 ns, Reaching safepoint: 310331 ns, At safepoint: 13305 ns, Total: 323636 ns
[2024-05-02T19:10:10.678+0000][7][safepoint   ] Safepoint "Cleanup", Time since last: 7002964518 ns, Reaching safepoint: 266028 ns, At safepoint: 11793 ns, Total: 277821 ns
[2024-05-02T19:10:14.680+0000][7][safepoint   ] Safepoint "Cleanup", Time since last: 4002121371 ns, Reaching safepoint: 262052 ns, At safepoint: 6292 ns, Total: 268344 ns
[2024-05-02T19:10:15.681+0000][7][safepoint   ] Safepoint "Cleanup", Time since last: 1000807711 ns, Reaching safepoint: 234590 ns, At safepoint: 42700 ns, Total: 277290 ns
[2024-05-02T19:10:17.682+0000][7][safepoint   ] Safepoint "Cleanup", Time since last: 2000741586 ns, Reaching safepoint: 185618 ns, At safepoint: 4909 ns, Total: 190527 ns
[2024-05-02T19:10:20.683+0000][7][safepoint   ] Safepoint "Cleanup", Time since last: 3001225504 ns, Reaching safepoint: 250479 ns, At safepoint: 3066 ns, Total: 253545 ns
[2024-05-02T19:10:22.685+0000][7][safepoint   ] Safepoint "Cleanup", Time since last: 2001298031 ns, Reaching safepoint: 246432 ns, At safepoint: 23705 ns, Total: 270137 ns
[2024-05-02T19:10:23.686+0000][7][safepoint   ] Safepoint "Cleanup", Time since last: 1000424482 ns, Reaching safepoint: 407845 ns, At safepoint: 25638 ns, Total: 433483 ns
[2024-05-02T19:10:31.695+0000][7][safepoint   ] Safepoint "Cleanup", Time since last: 8009072201 ns, Reaching safepoint: 442509 ns, At safepoint: 6362 ns, Total: 448871 ns
[2024-05-02T19:10:32.696+0000][7][safepoint   ] Safepoint "Cleanup", Time since last: 1000222728 ns, Reaching safepoint: 246452 ns, At safepoint: 22522 ns, Total: 268974 ns
[2024-05-02T19:10:35.709+0000][7][safepoint   ] Safepoint "Cleanup", Time since last: 3012614547 ns, Reaching safepoint: 271519 ns, At safepoint: 5400 ns, Total: 276919 ns
[2024-05-02T19:10:40.712+0000][7][safepoint   ] Safepoint "Cleanup", Time since last: 5002943194 ns, Reaching safepoint: 142297 ns, At safepoint: 7133 ns, Total: 149430 ns
[2024-05-02T19:10:41.712+0000][7][safepoint   ] Safepoint "Cleanup", Time since last: 1000355550 ns, Reaching safepoint: 179286 ns, At safepoint: 6301 ns, Total: 185587 ns
[2024-05-02T19:10:43.714+0000][7][safepoint   ] Safepoint "Cleanup", Time since last: 2001370063 ns, Reaching safepoint: 207930 ns, At safepoint: 3557 ns, Total: 211487 ns
[2024-05-02T19:10:45.716+0000][7][safepoint   ] Safepoint "Cleanup", Time since last: 2001269584 ns, Reaching safepoint: 395050 ns, At safepoint: 3917 ns, Total: 398967 ns
[2024-05-02T19:10:53.720+0000][7][safepoint   ] Safepoint "Cleanup", Time since last: 8003834918 ns, Reaching safepoint: 179306 ns, At safepoint: 4969 ns, Total: 184275 ns
[2024-05-02T19:10:55.722+0000][7][safepoint   ] Safepoint "Cleanup", Time since last: 2001697242 ns, Reaching safepoint: 476544 ns, At safepoint: 23203 ns, Total: 499747 ns
[2024-05-02T19:11:00.724+0000][7][safepoint   ] Safepoint "Cleanup", Time since last: 5001663929 ns, Reaching safepoint: 276448 ns, At safepoint: 24636 ns, Total: 301084 ns
[2024-05-02T19:11:10.729+0000][7][safepoint   ] Safepoint "Cleanup", Time since last: 10005003151 ns, Reaching safepoint: 160420 ns, At safepoint: 18124 ns, Total: 178544 ns
[2024-05-02T19:11:15.732+0000][7][safepoint   ] Safepoint "Cleanup", Time since last: 5002285203 ns, Reaching safepoint: 216225 ns, At safepoint: 5040 ns, Total: 221265 ns
[2024-05-02T19:11:17.732+0000][7][safepoint   ] Safepoint "Cleanup", Time since last: 2000676939 ns, Reaching safepoint: 208297 ns, At safepoint: 5951 ns, Total: 214248 ns
[2024-05-02T19:11:20.734+0000][7][safepoint   ] Safepoint "Cleanup", Time since last: 3000895181 ns, Reaching safepoint: 191047 ns, At safepoint: 24717 ns, Total: 215764 ns
[2024-05-02T19:11:26.738+0000][7][safepoint   ] Safepoint "Cleanup", Time since last: 6003984976 ns, Reaching safepoint: 717476 ns, At safepoint: 21891 ns, Total: 739367 ns
[2024-05-02T19:11:31.740+0000][7][safepoint   ] Safepoint "Cleanup", Time since last: 5001930989 ns, Reaching safepoint: 141816 ns, At safepoint: 14877 ns, Total: 156693 ns
[2024-05-02T19:11:40.744+0000][7][safepoint   ] Safepoint "Cleanup", Time since last: 9003353131 ns, Reaching safepoint: 175259 ns, At safepoint: 3466 ns, Total: 178725 ns
[2024-05-02T19:11:45.747+0000][7][safepoint   ] Safepoint "Cleanup", Time since last: 5002563589 ns, Reaching safepoint: 133210 ns, At safepoint: 3737 ns, Total: 136947 ns
[2024-05-02T19:11:47.748+0000][7][safepoint   ] Safepoint "Cleanup", Time since last: 2001028874 ns, Reaching safepoint: 215464 ns, At safepoint: 24035 ns, Total: 239499 ns
[2024-05-02T19:11:50.750+0000][7][safepoint   ] Safepoint "Cleanup", Time since last: 3001693453 ns, Reaching safepoint: 200165 ns, At safepoint: 20929 ns, Total: 221094 ns
[2024-05-02T19:11:52.751+0000][7][safepoint   ] Safepoint "Cleanup", Time since last: 2001173025 ns, Reaching safepoint: 168666 ns, At safepoint: 4899 ns, Total: 173565 ns
[2024-05-02T19:11:56.753+0000][7][safepoint   ] Safepoint "Cleanup", Time since last: 4002070407 ns, Reaching safepoint: 141154 ns, At safepoint: 16031 ns, Total: 157185 ns
[2024-05-02T19:12:02.757+0000][7][safepoint   ] Safepoint "Cleanup", Time since last: 6003015880 ns, Reaching safepoint: 123904 ns, At safepoint: 4428 ns, Total: 128332 ns
[2024-05-02T19:12:10.760+0000][7][safepoint   ] Safepoint "Cleanup", Time since last: 8003096851 ns, Reaching safepoint: 264817 ns, At safepoint: 35097 ns, Total: 299914 ns
[2024-05-02T19:12:15.762+0000][7][safepoint   ] Safepoint "Cleanup", Time since last: 5002098725 ns, Reaching safepoint: 222552 ns, At safepoint: 40787 ns, Total: 263339 ns
[2024-05-02T19:12:17.763+0000][7][safepoint   ] Safepoint "Cleanup", Time since last: 2000359120 ns, Reaching safepoint: 221609 ns, At safepoint: 43021 ns, Total: 264630 ns
[2024-05-02T19:12:24.767+0000][7][safepoint   ] Safepoint "Cleanup", Time since last: 7003499697 ns, Reaching safepoint: 166345 ns, At safepoint: 4498 ns, Total: 170843 ns
[2024-05-02T19:12:27.768+0000][7][safepoint   ] Safepoint "Cleanup", Time since last: 3001178433 ns, Reaching safepoint: 326236 ns, At safepoint: 21150 ns, Total: 347386 ns
[2024-05-02T19:12:40.772+0000][7][safepoint   ] Safepoint "Cleanup", Time since last: 13003736221 ns, Reaching safepoint: 292497 ns, At safepoint: 22372 ns, Total: 314869 ns
[2024-05-02T19:12:45.774+0000][7][safepoint   ] Safepoint "Cleanup", Time since last: 5001964513 ns, Reaching safepoint: 242237 ns, At safepoint: 7324 ns, Total: 249561 ns
[2024-05-02T19:12:50.777+0000][7][safepoint   ] Safepoint "Cleanup", Time since last: 5002385833 ns, Reaching safepoint: 214595 ns, At safepoint: 21982 ns, Total: 236577 ns
[2024-05-02T19:13:10.785+0000][7][safepoint   ] Safepoint "Cleanup", Time since last: 20008008184 ns, Reaching safepoint: 203262 ns, At safepoint: 34976 ns, Total: 238238 ns
[2024-05-02T19:13:12.786+0000][7][safepoint   ] Safepoint "Cleanup", Time since last: 2000872113 ns, Reaching safepoint: 143721 ns, At safepoint: 47780 ns, Total: 191501 ns
[2024-05-02T19:13:13.787+0000][7][safepoint   ] Safepoint "Cleanup", Time since last: 1000938714 ns, Reaching safepoint: 193799 ns, At safepoint: 25729 ns, Total: 219528 ns
[2024-05-02T19:13:15.788+0000][7][safepoint   ] Safepoint "Cleanup", Time since last: 2000731310 ns, Reaching safepoint: 252610 ns, At safepoint: 32992 ns, Total: 285602 ns
[2024-05-02T19:13:16.789+0000][7][safepoint   ] Safepoint "Cleanup", Time since last: 1000456971 ns, Reaching safepoint: 163267 ns, At safepoint: 22933 ns, Total: 186200 ns
[2024-05-02T19:13:17.790+0000][7][safepoint   ] Safepoint "Cleanup", Time since last: 1000450882 ns, Reaching safepoint: 299008 ns, At safepoint: 51437 ns, Total: 350445 ns
[2024-05-02T19:13:29.795+0000][7][safepoint   ] Safepoint "Cleanup", Time since last: 12005001127 ns, Reaching safepoint: 373112 ns, At safepoint: 25388 ns, Total: 398500 ns
[2024-05-02T19:13:30.797+0000][7][safepoint   ] Safepoint "Cleanup", Time since last: 1000721121 ns, Reaching safepoint: 434110 ns, At safepoint: 59131 ns, Total: 493241 ns
[2024-05-02T19:13:35.799+0000][7][safepoint   ] Safepoint "Cleanup", Time since last: 5002252008 ns, Reaching safepoint: 135625 ns, At safepoint: 16331 ns, Total: 151956 ns
[2024-05-02T19:13:40.801+0000][7][safepoint   ] Safepoint "Cleanup", Time since last: 5002095245 ns, Reaching safepoint: 117166 ns, At safepoint: 4298 ns, Total: 121464 ns
[2024-05-02T19:13:41.802+0000][7][safepoint   ] Safepoint "Cleanup", Time since last: 1000380175 ns, Reaching safepoint: 154971 ns, At safepoint: 17724 ns, Total: 172695 ns
[2024-05-02T19:14:10.814+0000][7][safepoint   ] Safepoint "Cleanup", Time since last: 29012219039 ns, Reaching safepoint: 223485 ns, At safepoint: 9979 ns, Total: 233464 ns
[2024-05-02T19:14:20.818+0000][7][safepoint   ] Safepoint "Cleanup", Time since last: 10003702592 ns, Reaching safepoint: 118272 ns, At safepoint: 3005 ns, Total: 121277 ns
[2024-05-02T19:14:40.826+0000][7][safepoint   ] Safepoint "Cleanup", Time since last: 20008357138 ns, Reaching safepoint: 151825 ns, At safepoint: 5190 ns, Total: 157015 ns
[2024-05-02T19:14:45.829+0000][7][safepoint   ] Safepoint "Cleanup", Time since last: 5002268792 ns, Reaching safepoint: 132348 ns, At safepoint: 4499 ns, Total: 136847 ns
[2024-05-02T19:14:47.830+0000][7][safepoint   ] Safepoint "Cleanup", Time since last: 2000972222 ns, Reaching safepoint: 375495 ns, At safepoint: 13486 ns, Total: 388981 ns
[2024-05-02T19:15:10.839+0000][7][safepoint   ] Safepoint "Cleanup", Time since last: 23008886979 ns, Reaching safepoint: 187030 ns, At safepoint: 26028 ns, Total: 213058 ns
[2024-05-02T19:15:15.842+0000][7][safepoint   ] Safepoint "Cleanup", Time since last: 5002264265 ns, Reaching safepoint: 155741 ns, At safepoint: 22893 ns, Total: 178634 ns
[2024-05-02T19:15:17.843+0000][7][safepoint   ] Safepoint "Cleanup", Time since last: 2000490578 ns, Reaching safepoint: 357819 ns, At safepoint: 43972 ns, Total: 401791 ns
[2024-05-02T19:15:21.844+0000][7][safepoint   ] Safepoint "Cleanup", Time since last: 4001298659 ns, Reaching safepoint: 267209 ns, At safepoint: 7013 ns, Total: 274222 ns
[2024-05-02T19:15:40.852+0000][7][safepoint   ] Safepoint "Cleanup", Time since last: 19007638062 ns, Reaching safepoint: 172423 ns, At safepoint: 11772 ns, Total: 184195 ns
[2024-05-02T19:15:46.854+0000][7][safepoint   ] Safepoint "Cleanup", Time since last: 6002140517 ns, Reaching safepoint: 221203 ns, At safepoint: 50996 ns, Total: 272199 ns
[2024-05-02T19:16:11.864+0000][7][safepoint   ] Safepoint "Cleanup", Time since last: 25009120442 ns, Reaching safepoint: 187342 ns, At safepoint: 28544 ns, Total: 215886 ns
[2024-05-02T19:16:41.875+0000][7][safepoint   ] Safepoint "Cleanup", Time since last: 30010732476 ns, Reaching safepoint: 151805 ns, At safepoint: 16020 ns, Total: 167825 ns
[2024-05-02T19:16:45.876+0000][7][safepoint   ] Safepoint "Cleanup", Time since last: 4001624820 ns, Reaching safepoint: 134259 ns, At safepoint: 4739 ns, Total: 138998 ns
[2024-05-02T19:16:47.878+0000][7][safepoint   ] Safepoint "Cleanup", Time since last: 2001282512 ns, Reaching safepoint: 160481 ns, At safepoint: 38903 ns, Total: 199384 ns
[2024-05-02T19:17:11.891+0000][7][safepoint   ] Safepoint "Cleanup", Time since last: 24012347066 ns, Reaching safepoint: 261209 ns, At safepoint: 24647 ns, Total: 285856 ns
[2024-05-02T19:17:13.891+0000][7][safepoint   ] Safepoint "Cleanup", Time since last: 2000580171 ns, Reaching safepoint: 254937 ns, At safepoint: 26801 ns, Total: 281738 ns
[2024-05-02T19:17:15.892+0000][7][safepoint   ] Safepoint "Cleanup", Time since last: 2000604246 ns, Reaching safepoint: 164648 ns, At safepoint: 30488 ns, Total: 195136 ns
[2024-05-02T19:17:17.893+0000][7][safepoint   ] Safepoint "Cleanup", Time since last: 2000528878 ns, Reaching safepoint: 146350 ns, At safepoint: 16872 ns, Total: 163222 ns
[2024-05-02T19:17:18.894+0000][7][safepoint   ] Safepoint "Cleanup", Time since last: 1000524837 ns, Reaching safepoint: 439434 ns, At safepoint: 32261 ns, Total: 471695 ns
[2024-05-02T19:17:41.901+0000][7][safepoint   ] Safepoint "Cleanup", Time since last: 23006916370 ns, Reaching safepoint: 475381 ns, At safepoint: 15590 ns, Total: 490971 ns
[2024-05-02T19:17:45.903+0000][7][safepoint   ] Safepoint "Cleanup", Time since last: 4001525847 ns, Reaching safepoint: 187466 ns, At safepoint: 24926 ns, Total: 212392 ns
[2024-05-02T19:17:56.908+0000][7][safepoint   ] Safepoint "Cleanup", Time since last: 11004549359 ns, Reaching safepoint: 198312 ns, At safepoint: 11522 ns, Total: 209834 ns
[2024-05-02T19:18:11.913+0000][7][safepoint   ] Safepoint "Cleanup", Time since last: 15005027053 ns, Reaching safepoint: 274513 ns, At safepoint: 39694 ns, Total: 314207 ns
[2024-05-02T19:18:16.915+0000][7][safepoint   ] Safepoint "Cleanup", Time since last: 5001639264 ns, Reaching safepoint: 180012 ns, At safepoint: 31619 ns, Total: 211631 ns
[2024-05-02T19:18:17.915+0000][7][safepoint   ] Safepoint "Cleanup", Time since last: 1000171601 ns, Reaching safepoint: 118351 ns, At safepoint: 17112 ns, Total: 135463 ns
[2024-05-02T19:18:41.925+0000][7][safepoint   ] Safepoint "Cleanup", Time since last: 24009874985 ns, Reaching safepoint: 194344 ns, At safepoint: 7073 ns, Total: 201417 ns
[2024-05-02T19:18:45.928+0000][7][safepoint   ] Safepoint "Cleanup", Time since last: 4002098011 ns, Reaching safepoint: 184225 ns, At safepoint: 5971 ns, Total: 190196 ns
[2024-05-02T19:19:04.935+0000][7][safepoint   ] Safepoint "Cleanup", Time since last: 19006899677 ns, Reaching safepoint: 185027 ns, At safepoint: 6873 ns, Total: 191900 ns
[2024-05-02T19:19:11.939+0000][7][safepoint   ] Safepoint "Cleanup", Time since last: 7003552216 ns, Reaching safepoint: 155492 ns, At safepoint: 15239 ns, Total: 170731 ns
[2024-05-02T19:19:15.941+0000][7][safepoint   ] Safepoint "Cleanup", Time since last: 4001968390 ns, Reaching safepoint: 145754 ns, At safepoint: 25488 ns, Total: 171242 ns
[2024-05-02T19:19:17.941+0000][7][safepoint   ] Safepoint "Cleanup", Time since last: 2000439525 ns, Reaching safepoint: 116890 ns, At safepoint: 11972 ns, Total: 128862 ns
[2024-05-02T19:19:41.949+0000][7][safepoint   ] Safepoint "Cleanup", Time since last: 24007901450 ns, Reaching safepoint: 161583 ns, At safepoint: 35136 ns, Total: 196719 ns
[2024-05-02T19:19:45.951+0000][7][safepoint   ] Safepoint "Cleanup", Time since last: 4001694051 ns, Reaching safepoint: 131386 ns, At safepoint: 16060 ns, Total: 147446 ns
[2024-05-02T19:20:10.961+0000][7][safepoint   ] Safepoint "Cleanup", Time since last: 25009561791 ns, Reaching safepoint: 268062 ns, At safepoint: 36238 ns, Total: 304300 ns
[2024-05-02T19:20:11.962+0000][7][safepoint   ] Safepoint "Cleanup", Time since last: 1000421450 ns, Reaching safepoint: 149720 ns, At safepoint: 20689 ns, Total: 170409 ns
[2024-05-02T19:20:13.963+0000][7][safepoint   ] Safepoint "Cleanup", Time since last: 2001021362 ns, Reaching safepoint: 228348 ns, At safepoint: 23994 ns, Total: 252342 ns
[2024-05-02T19:20:15.964+0000][7][safepoint   ] Safepoint "Cleanup", Time since last: 2000961716 ns, Reaching safepoint: 155431 ns, At safepoint: 5360 ns, Total: 160791 ns
[2024-05-02T19:20:41.974+0000][7][safepoint   ] Safepoint "Cleanup", Time since last: 26009647780 ns, Reaching safepoint: 346382 ns, At safepoint: 48771 ns, Total: 395153 ns
[2024-05-02T19:20:45.976+0000][7][safepoint   ] Safepoint "Cleanup", Time since last: 4002045611 ns, Reaching safepoint: 189226 ns, At safepoint: 48881 ns, Total: 238107 ns
[2024-05-02T19:20:55.980+0000][7][safepoint   ] Safepoint "Cleanup", Time since last: 10003768234 ns, Reaching safepoint: 124654 ns, At safepoint: 24466 ns, Total: 149120 ns
[2024-05-02T19:21:11.987+0000][7][safepoint   ] Safepoint "Cleanup", Time since last: 16006828659 ns, Reaching safepoint: 142918 ns, At safepoint: 15589 ns, Total: 158507 ns
[2024-05-02T19:21:15.989+0000][7][safepoint   ] Safepoint "Cleanup", Time since last: 4001889277 ns, Reaching safepoint: 149319 ns, At safepoint: 32511 ns, Total: 181830 ns
[2024-05-02T19:21:41.999+0000][7][safepoint   ] Safepoint "Cleanup", Time since last: 26009263433 ns, Reaching safepoint: 183674 ns, At safepoint: 26129 ns, Total: 209803 ns
[2024-05-02T19:22:12.012+0000][7][safepoint   ] Safepoint "Cleanup", Time since last: 30012946125 ns, Reaching safepoint: 614821 ns, At safepoint: 28614 ns, Total: 643435 ns
[2024-05-02T19:22:42.026+0000][7][safepoint   ] Safepoint "Cleanup", Time since last: 30013649316 ns, Reaching safepoint: 380648 ns, At safepoint: 34775 ns, Total: 415423 ns
[2024-05-02T19:22:59.032+0000][7][safepoint   ] Safepoint "Cleanup", Time since last: 17005275504 ns, Reaching safepoint: 101231 ns, At safepoint: 4608 ns, Total: 105839 ns
[2024-05-02T19:23:11.037+0000][7][safepoint   ] Safepoint "Cleanup", Time since last: 12004416020 ns, Reaching safepoint: 302933 ns, At safepoint: 25057 ns, Total: 327990 ns
[2024-05-02T19:23:12.037+0000][7][safepoint   ] Safepoint "Cleanup", Time since last: 1000399921 ns, Reaching safepoint: 185298 ns, At safepoint: 13255 ns, Total: 198553 ns
[2024-05-02T19:23:16.039+0000][7][safepoint   ] Safepoint "Cleanup", Time since last: 4001448347 ns, Reaching safepoint: 143871 ns, At safepoint: 18364 ns, Total: 162235 ns
[2024-05-02T19:23:19.040+0000][7][safepoint   ] Safepoint "Cleanup", Time since last: 3000692117 ns, Reaching safepoint: 138611 ns, At safepoint: 3266 ns, Total: 141877 ns
[2024-05-02T19:23:42.049+0000][7][safepoint   ] Safepoint "Cleanup", Time since last: 23008937877 ns, Reaching safepoint: 147884 ns, At safepoint: 34895 ns, Total: 182779 ns
[2024-05-02T19:24:12.061+0000][7][safepoint   ] Safepoint "Cleanup", Time since last: 30011975148 ns, Reaching safepoint: 190087 ns, At safepoint: 44003 ns, Total: 234090 ns
[2024-05-02T19:24:13.062+0000][7][safepoint   ] Safepoint "Cleanup", Time since last: 1000644065 ns, Reaching safepoint: 207370 ns, At safepoint: 14577 ns, Total: 221947 ns
[2024-05-02T19:24:14.063+0000][7][safepoint   ] Safepoint "Cleanup", Time since last: 1000400898 ns, Reaching safepoint: 290932 ns, At safepoint: 27161 ns, Total: 318093 ns
[2024-05-02T19:24:16.063+0000][7][safepoint   ] Safepoint "Cleanup", Time since last: 2000628482 ns, Reaching safepoint: 186411 ns, At safepoint: 20588 ns, Total: 206999 ns
[2024-05-02T19:24:21.066+0000][7][safepoint   ] Safepoint "Cleanup", Time since last: 5002104860 ns, Reaching safepoint: 109936 ns, At safepoint: 4629 ns, Total: 114565 ns
[2024-05-02T19:24:36.072+0000][7][safepoint   ] Safepoint "Cleanup", Time since last: 15005788528 ns, Reaching safepoint: 164209 ns, At safepoint: 19626 ns, Total: 183835 ns
[2024-05-02T19:24:42.074+0000][7][safepoint   ] Safepoint "Cleanup", Time since last: 6002191099 ns, Reaching safepoint: 147788 ns, At safepoint: 15278 ns, Total: 163066 ns
[2024-05-02T19:24:56.080+0000][7][safepoint   ] Safepoint "Cleanup", Time since last: 14005798953 ns, Reaching safepoint: 199435 ns, At safepoint: 29705 ns, Total: 229140 ns
[2024-05-02T19:25:12.086+0000][7][safepoint   ] Safepoint "Cleanup", Time since last: 16005696874 ns, Reaching safepoint: 178781 ns, At safepoint: 14938 ns, Total: 193719 ns
[2024-05-02T19:26:12.111+0000][7][safepoint   ] Safepoint "Cleanup", Time since last: 60025181580 ns, Reaching safepoint: 196371 ns, At safepoint: 29786 ns, Total: 226157 ns
[2024-05-02T19:26:18.114+0000][7][safepoint   ] Safepoint "Cleanup", Time since last: 6002911467 ns, Reaching safepoint: 242362 ns, At safepoint: 30928 ns, Total: 273290 ns
[2024-05-02T19:26:26.117+0000][7][safepoint   ] Safepoint "Cleanup", Time since last: 8002263226 ns, Reaching safepoint: 271778 ns, At safepoint: 35656 ns, Total: 307434 ns
[2024-05-02T19:26:42.123+0000][7][safepoint   ] Safepoint "Cleanup", Time since last: 16005606338 ns, Reaching safepoint: 213679 ns, At safepoint: 60403 ns, Total: 274082 ns
[2024-05-02T19:26:44.124+0000][7][safepoint   ] Safepoint "Cleanup", Time since last: 2000862368 ns, Reaching safepoint: 195422 ns, At safepoint: 31038 ns, Total: 226460 ns
[2024-05-02T19:27:12.135+0000][7][safepoint   ] Safepoint "Cleanup", Time since last: 28010424482 ns, Reaching safepoint: 180599 ns, At safepoint: 5670 ns, Total: 186269 ns
[2024-05-02T19:27:16.138+0000][7][safepoint   ] Safepoint "Cleanup", Time since last: 4002851163 ns, Reaching safepoint: 164759 ns, At safepoint: 14347 ns, Total: 179106 ns
[2024-05-02T19:27:42.148+0000][7][safepoint   ] Safepoint "Cleanup", Time since last: 26010418655 ns, Reaching safepoint: 167965 ns, At safepoint: 15289 ns, Total: 183254 ns
[2024-05-02T19:27:56.154+0000][7][safepoint   ] Safepoint "Cleanup", Time since last: 14005617897 ns, Reaching safepoint: 336751 ns, At safepoint: 52138 ns, Total: 388889 ns
[2024-05-02T19:28:12.161+0000][7][safepoint   ] Safepoint "Cleanup", Time since last: 16006244012 ns, Reaching safepoint: 140023 ns, At safepoint: 5420 ns, Total: 145443 ns
[2024-05-02T19:28:16.163+0000][7][safepoint   ] Safepoint "Cleanup", Time since last: 4002028263 ns, Reaching safepoint: 308249 ns, At safepoint: 44774 ns, Total: 353023 ns
[2024-05-02T19:28:31.413+0000][7][safepoint   ] Safepoint "Cleanup", Time since last: 15249758647 ns, Reaching safepoint: 141245 ns, At safepoint: 15869 ns, Total: 157114 ns
[2024-05-02T19:28:46.438+0000][7][safepoint   ] Safepoint "Cleanup", Time since last: 15024475709 ns, Reaching safepoint: 177237 ns, At safepoint: 19898 ns, Total: 197135 ns
[2024-05-02T19:28:47.439+0000][7][safepoint   ] Safepoint "Cleanup", Time since last: 1000397792 ns, Reaching safepoint: 626715 ns, At safepoint: 26821 ns, Total: 653536 ns
[2024-05-02T19:29:12.845+0000][7][safepoint   ] Safepoint "Cleanup", Time since last: 25406618499 ns, Reaching safepoint: 132216 ns, At safepoint: 21370 ns, Total: 153586 ns
[2024-05-02T19:29:13.847+0000][7][safepoint   ] Safepoint "Cleanup", Time since last: 1001128645 ns, Reaching safepoint: 162058 ns, At safepoint: 17172 ns, Total: 179230 ns
[2024-05-02T19:29:15.848+0000][7][safepoint   ] Safepoint "Cleanup", Time since last: 2000843714 ns, Reaching safepoint: 235782 ns, At safepoint: 26840 ns, Total: 262622 ns
[2024-05-02T19:29:17.849+0000][7][safepoint   ] Safepoint "Cleanup", Time since last: 2000553921 ns, Reaching safepoint: 160190 ns, At safepoint: 13315 ns, Total: 173505 ns
[2024-05-02T19:29:42.860+0000][7][safepoint   ] Safepoint "Cleanup", Time since last: 25011030902 ns, Reaching safepoint: 139000 ns, At safepoint: 25618 ns, Total: 164618 ns
[2024-05-02T19:29:47.862+0000][7][safepoint   ] Safepoint "Cleanup", Time since last: 5001988061 ns, Reaching safepoint: 192291 ns, At safepoint: 16090 ns, Total: 208381 ns
[2024-05-02T19:30:12.875+0000][7][safepoint   ] Safepoint "Cleanup", Time since last: 25012997774 ns, Reaching safepoint: 149140 ns, At safepoint: 18624 ns, Total: 167764 ns
[2024-05-02T19:30:42.887+0000][7][safepoint   ] Safepoint "Cleanup", Time since last: 30011985746 ns, Reaching safepoint: 259697 ns, At safepoint: 21681 ns, Total: 281378 ns
[2024-05-02T19:30:45.889+0000][7][safepoint   ] Safepoint "Cleanup", Time since last: 3001110666 ns, Reaching safepoint: 238978 ns, At safepoint: 50304 ns, Total: 289282 ns
[2024-05-02T19:31:12.898+0000][7][safepoint   ] Safepoint "Cleanup", Time since last: 27009038130 ns, Reaching safepoint: 162335 ns, At safepoint: 5670 ns, Total: 168005 ns
[2024-05-02T19:31:15.900+0000][7][safepoint   ] Safepoint "Cleanup", Time since last: 3001638913 ns, Reaching safepoint: 155583 ns, At safepoint: 20107 ns, Total: 175690 ns
[2024-05-02T19:31:35.909+0000][7][safepoint   ] Safepoint "Cleanup", Time since last: 20008603145 ns, Reaching safepoint: 143890 ns, At safepoint: 17984 ns, Total: 161874 ns
[2024-05-02T19:32:12.923+0000][7][safepoint   ] Safepoint "Cleanup", Time since last: 37013794282 ns, Reaching safepoint: 205073 ns, At safepoint: 20979 ns, Total: 226052 ns
[2024-05-02T19:32:42.935+0000][7][safepoint   ] Safepoint "Cleanup", Time since last: 30011993288 ns, Reaching safepoint: 146995 ns, At safepoint: 13805 ns, Total: 160800 ns
[2024-05-02T19:33:12.946+0000][7][safepoint   ] Safepoint "Cleanup", Time since last: 30011436948 ns, Reaching safepoint: 185049 ns, At safepoint: 5019 ns, Total: 190068 ns
[2024-05-02T19:33:15.948+0000][7][safepoint   ] Safepoint "Cleanup", Time since last: 3001515387 ns, Reaching safepoint: 130746 ns, At safepoint: 13675 ns, Total: 144421 ns
[2024-05-02T19:33:42.958+0000][7][safepoint   ] Safepoint "Cleanup", Time since last: 27009547166 ns, Reaching safepoint: 175029 ns, At safepoint: 17002 ns, Total: 192031 ns
[2024-05-02T19:34:02.967+0000][7][safepoint   ] Safepoint "Cleanup", Time since last: 20008971643 ns, Reaching safepoint: 220552 ns, At safepoint: 19757 ns, Total: 240309 ns
[2024-05-02T19:34:12.970+0000][7][safepoint   ] Safepoint "Cleanup", Time since last: 10002841041 ns, Reaching safepoint: 207887 ns, At safepoint: 27591 ns, Total: 235478 ns
[2024-05-02T19:34:45.983+0000][7][safepoint   ] Safepoint "Cleanup", Time since last: 33012987977 ns, Reaching safepoint: 145402 ns, At safepoint: 6672 ns, Total: 152074 ns
[2024-05-02T19:35:13.993+0000][7][safepoint   ] Safepoint "Cleanup", Time since last: 28010125002 ns, Reaching safepoint: 120726 ns, At safepoint: 4268 ns, Total: 124994 ns
[2024-05-02T19:35:44.002+0000][7][safepoint   ] Safepoint "Cleanup", Time since last: 30008378571 ns, Reaching safepoint: 123501 ns, At safepoint: 3086 ns, Total: 126587 ns
[2024-05-02T19:35:46.004+0000][7][safepoint   ] Safepoint "Cleanup", Time since last: 2001880547 ns, Reaching safepoint: 129483 ns, At safepoint: 15008 ns, Total: 144491 ns
[2024-05-02T19:36:14.018+0000][7][safepoint   ] Safepoint "Cleanup", Time since last: 28013719811 ns, Reaching safepoint: 166433 ns, At safepoint: 7454 ns, Total: 173887 ns
[2024-05-02T19:36:31.025+0000][7][safepoint   ] Safepoint "Cleanup", Time since last: 17006711477 ns, Reaching safepoint: 215855 ns, At safepoint: 5210 ns, Total: 221065 ns
[2024-05-02T19:36:43.030+0000][7][safepoint   ] Safepoint "Cleanup", Time since last: 12004877273 ns, Reaching safepoint: 252995 ns, At safepoint: 15429 ns, Total: 268424 ns
[2024-05-02T19:36:44.030+0000][7][safepoint   ] Safepoint "Cleanup", Time since last: 1000277120 ns, Reaching safepoint: 134673 ns, At safepoint: 19597 ns, Total: 154270 ns
[2024-05-02T19:37:14.045+0000][7][safepoint   ] Safepoint "Cleanup", Time since last: 30013909922 ns, Reaching safepoint: 252653 ns, At safepoint: 27341 ns, Total: 279994 ns
[2024-05-02T19:37:16.046+0000][7][safepoint   ] Safepoint "Cleanup", Time since last: 2001351200 ns, Reaching safepoint: 202188 ns, At safepoint: 26840 ns, Total: 229028 ns
[2024-05-02T19:37:44.056+0000][7][safepoint   ] Safepoint "Cleanup", Time since last: 28009956899 ns, Reaching safepoint: 220813 ns, At safepoint: 19507 ns, Total: 240320 ns
[2024-05-02T19:37:46.057+0000][7][safepoint   ] Safepoint "Cleanup", Time since last: 2000929359 ns, Reaching safepoint: 191568 ns, At safepoint: 29485 ns, Total: 221053 ns
[2024-05-02T19:38:11.068+0000][7][safepoint   ] Safepoint "Cleanup", Time since last: 25010385624 ns, Reaching safepoint: 199704 ns, At safepoint: 16100 ns, Total: 215804 ns
[2024-05-02T19:38:43.289+0000][7][gc,start    ] GC(26) Pause Young (Concurrent Start) (G1 Evacuation Pause)
[2024-05-02T19:38:43.289+0000][7][gc,task     ] GC(26) Using 4 workers of 4 for evacuation
[2024-05-02T19:38:43.289+0000][7][gc,age      ] GC(26) Desired survivor size 8388608 bytes, new threshold 2 (max threshold 15)
[2024-05-02T19:38:43.297+0000][7][gc,age      ] GC(26) Age table with threshold 2 (max threshold 15)
[2024-05-02T19:38:43.297+0000][7][gc,age      ] GC(26) - age   1:    1579976 bytes,    1579976 total
[2024-05-02T19:38:43.297+0000][7][gc,age      ] GC(26) - age   2:    5794496 bytes,    7374472 total
[2024-05-02T19:38:43.297+0000][7][gc,phases   ] GC(26)   Pre Evacuate Collection Set: 0.3ms
[2024-05-02T19:38:43.297+0000][7][gc,phases   ] GC(26)   Merge Heap Roots: 0.1ms
[2024-05-02T19:38:43.297+0000][7][gc,phases   ] GC(26)   Evacuate Collection Set: 7.1ms
[2024-05-02T19:38:43.297+0000][7][gc,phases   ] GC(26)   Post Evacuate Collection Set: 1.0ms
[2024-05-02T19:38:43.297+0000][7][gc,phases   ] GC(26)   Other: 0.2ms
[2024-05-02T19:38:43.297+0000][7][gc,heap     ] GC(26) Eden regions: 26->0(26)
[2024-05-02T19:38:43.297+0000][7][gc,heap     ] GC(26) Survivor regions: 4->2(4)
[2024-05-02T19:38:43.297+0000][7][gc,heap     ] GC(26) Old regions: 16->18
[2024-05-02T19:38:43.297+0000][7][gc,heap     ] GC(26) Archive regions: 2->2
[2024-05-02T19:38:43.297+0000][7][gc,heap     ] GC(26) Humongous regions: 2->2
[2024-05-02T19:38:43.297+0000][7][gc,metaspace] GC(26) Metaspace: 95008K(99328K)->95008K(99328K) NonClass: 82294K(85504K)->82294K(85504K) Class: 12713K(13824K)->12713K(13824K)
[2024-05-02T19:38:43.297+0000][7][gc          ] GC(26) Pause Young (Concurrent Start) (G1 Evacuation Pause) 192M->89M(256M) 8.751ms
[2024-05-02T19:38:43.297+0000][7][gc,cpu      ] GC(26) User=0.03s Sys=0.00s Real=0.01s
[2024-05-02T19:38:43.297+0000][7][safepoint   ] Safepoint "G1CollectForAllocation", Time since last: 32220302234 ns, Reaching safepoint: 102652 ns, At safepoint: 8901532 ns, Total: 9004184 ns
[2024-05-02T19:38:43.297+0000][7][gc          ] GC(27) Concurrent Cycle
[2024-05-02T19:38:43.297+0000][7][gc,marking  ] GC(27) Concurrent Clear Claimed Marks
[2024-05-02T19:38:43.298+0000][7][gc,marking  ] GC(27) Concurrent Clear Claimed Marks 0.104ms
[2024-05-02T19:38:43.298+0000][7][gc,marking  ] GC(27) Concurrent Scan Root Regions
[2024-05-02T19:38:43.308+0000][7][gc,marking  ] GC(27) Concurrent Scan Root Regions 10.417ms
[2024-05-02T19:38:43.308+0000][7][gc,marking  ] GC(27) Concurrent Mark (1847.109s)
[2024-05-02T19:38:43.308+0000][7][gc,marking  ] GC(27) Concurrent Mark From Roots
[2024-05-02T19:38:43.308+0000][7][gc,task     ] GC(27) Using 1 workers of 1 for marking
[2024-05-02T19:38:43.362+0000][7][gc,marking  ] GC(27) Concurrent Mark From Roots 53.542ms
[2024-05-02T19:38:43.362+0000][7][gc,marking  ] GC(27) Concurrent Preclean
[2024-05-02T19:38:43.362+0000][7][gc,marking  ] GC(27) Concurrent Preclean 0.335ms
[2024-05-02T19:38:43.362+0000][7][gc,marking  ] GC(27) Concurrent Mark (1847.109s, 1847.163s) 53.939ms
[2024-05-02T19:38:43.362+0000][7][gc,start    ] GC(27) Pause Remark
[2024-05-02T19:38:43.379+0000][7][gc          ] GC(27) Pause Remark 91M->91M(256M) 16.687ms
[2024-05-02T19:38:43.379+0000][7][gc,cpu      ] GC(27) User=0.01s Sys=0.01s Real=0.02s
[2024-05-02T19:38:43.379+0000][7][safepoint   ] Safepoint "G1Concurrent", Time since last: 64584162 ns, Reaching safepoint: 146334 ns, At safepoint: 16807898 ns, Total: 16954232 ns
[2024-05-02T19:38:43.379+0000][7][gc,marking  ] GC(27) Concurrent Rebuild Remembered Sets
[2024-05-02T19:38:43.415+0000][7][gc,marking  ] GC(27) Concurrent Rebuild Remembered Sets 36.028ms
[2024-05-02T19:38:43.416+0000][7][gc,start    ] GC(27) Pause Cleanup
[2024-05-02T19:38:43.416+0000][7][gc          ] GC(27) Pause Cleanup 91M->91M(256M) 0.074ms
[2024-05-02T19:38:43.416+0000][7][gc,cpu      ] GC(27) User=0.00s Sys=0.00s Real=0.00s
[2024-05-02T19:38:43.416+0000][7][safepoint   ] Safepoint "G1Concurrent", Time since last: 36201657 ns, Reaching safepoint: 443171 ns, At safepoint: 119293 ns, Total: 562464 ns
[2024-05-02T19:38:43.416+0000][7][gc,marking  ] GC(27) Concurrent Cleanup for Next Mark
[2024-05-02T19:38:43.416+0000][7][gc,marking  ] GC(27) Concurrent Cleanup for Next Mark 0.490ms
[2024-05-02T19:38:43.416+0000][7][gc          ] GC(27) Concurrent Cycle 118.893ms
[2024-05-02T19:38:44.417+0000][7][safepoint   ] Safepoint "Cleanup", Time since last: 1000617194 ns, Reaching safepoint: 264729 ns, At safepoint: 16030 ns, Total: 280759 ns
[2024-05-02T19:38:46.418+0000][7][safepoint   ] Safepoint "Cleanup", Time since last: 2000726674 ns, Reaching safepoint: 198938 ns, At safepoint: 25548 ns, Total: 224486 ns
[2024-05-02T19:38:47.418+0000][7][safepoint   ] Safepoint "Cleanup", Time since last: 1000511405 ns, Reaching safepoint: 165490 ns, At safepoint: 34024 ns, Total: 199514 ns
[2024-05-02T19:39:13.429+0000][7][safepoint   ] Safepoint "Cleanup", Time since last: 26010381780 ns, Reaching safepoint: 320921 ns, At safepoint: 25117 ns, Total: 346038 ns
[2024-05-02T19:39:14.430+0000][7][safepoint   ] Safepoint "Cleanup", Time since last: 1000706131 ns, Reaching safepoint: 192370 ns, At safepoint: 21491 ns, Total: 213861 ns
[2024-05-02T19:39:16.431+0000][7][safepoint   ] Safepoint "Cleanup", Time since last: 2000783647 ns, Reaching safepoint: 260358 ns, At safepoint: 20578 ns, Total: 280936 ns
[2024-05-02T19:39:17.432+0000][7][safepoint   ] Safepoint "Cleanup", Time since last: 1000712692 ns, Reaching safepoint: 173665 ns, At safepoint: 23384 ns, Total: 197049 ns
[2024-05-02T19:39:43.441+0000][7][safepoint   ] Safepoint "Cleanup", Time since last: 26008987911 ns, Reaching safepoint: 138229 ns, At safepoint: 12754 ns, Total: 150983 ns
[2024-05-02T19:39:49.444+0000][7][safepoint   ] Safepoint "Cleanup", Time since last: 6002874297 ns, Reaching safepoint: 177903 ns, At safepoint: 23945 ns, Total: 201848 ns
[2024-05-02T19:40:13.454+0000][7][safepoint   ] Safepoint "Cleanup", Time since last: 24010011123 ns, Reaching safepoint: 305992 ns, At safepoint: 25378 ns, Total: 331370 ns
[2024-05-02T19:40:16.455+0000][7][safepoint   ] Safepoint "Cleanup", Time since last: 3000784523 ns, Reaching safepoint: 204425 ns, At safepoint: 16060 ns, Total: 220485 ns
[2024-05-02T19:40:44.468+0000][7][safepoint   ] Safepoint "Cleanup", Time since last: 28011915811 ns, Reaching safepoint: 305294 ns, At safepoint: 18154 ns, Total: 323448 ns
[2024-05-02T19:40:46.469+0000][7][safepoint   ] Safepoint "Cleanup", Time since last: 2000897426 ns, Reaching safepoint: 185258 ns, At safepoint: 22633 ns, Total: 207891 ns
[2024-05-02T19:41:01.474+0000][7][safepoint   ] Safepoint "Cleanup", Time since last: 15005308082 ns, Reaching safepoint: 151504 ns, At safepoint: 2384 ns, Total: 153888 ns
[2024-05-02T19:41:14.479+0000][7][safepoint   ] Safepoint "Cleanup", Time since last: 13004999670 ns, Reaching safepoint: 172624 ns, At safepoint: 32251 ns, Total: 204875 ns
[2024-05-02T19:41:44.491+0000][7][safepoint   ] Safepoint "Cleanup", Time since last: 30011240963 ns, Reaching safepoint: 122429 ns, At safepoint: 3697 ns, Total: 126126 ns
[2024-05-02T19:41:47.492+0000][7][safepoint   ] Safepoint "Cleanup", Time since last: 3001028491 ns, Reaching safepoint: 126788 ns, At safepoint: 30197 ns, Total: 156985 ns
[2024-05-02T19:42:14.502+0000][7][safepoint   ] Safepoint "Cleanup", Time since last: 27010180193 ns, Reaching safepoint: 226475 ns, At safepoint: 3747 ns, Total: 230222 ns
[2024-05-02T19:42:21.505+0000][7][safepoint   ] Safepoint "Cleanup", Time since last: 7002403739 ns, Reaching safepoint: 181471 ns, At safepoint: 24846 ns, Total: 206317 ns
[2024-05-02T19:43:14.526+0000][7][safepoint   ] Safepoint "Cleanup", Time since last: 53020373473 ns, Reaching safepoint: 141866 ns, At safepoint: 30777 ns, Total: 172643 ns
[2024-05-02T19:43:44.539+0000][7][safepoint   ] Safepoint "Cleanup", Time since last: 30013658369 ns, Reaching safepoint: 197254 ns, At safepoint: 38552 ns, Total: 235806 ns
[2024-05-02T19:44:14.551+0000][7][safepoint   ] Safepoint "Cleanup", Time since last: 30011121123 ns, Reaching safepoint: 301354 ns, At safepoint: 29655 ns, Total: 331009 ns
[2024-05-02T19:44:16.552+0000][7][safepoint   ] Safepoint "Cleanup", Time since last: 2001089088 ns, Reaching safepoint: 195075 ns, At safepoint: 6291 ns, Total: 201366 ns
[2024-05-02T19:44:44.564+0000][7][safepoint   ] Safepoint "Cleanup", Time since last: 28011418300 ns, Reaching safepoint: 208811 ns, At safepoint: 19887 ns, Total: 228698 ns
[2024-05-02T19:45:14.578+0000][7][safepoint   ] Safepoint "Cleanup", Time since last: 30013918199 ns, Reaching safepoint: 148520 ns, At safepoint: 15178 ns, Total: 163698 ns
[2024-05-02T19:45:30.584+0000][7][safepoint   ] Safepoint "Cleanup", Time since last: 16005765584 ns, Reaching safepoint: 105930 ns, At safepoint: 3316 ns, Total: 109246 ns
[2024-05-02T19:45:44.590+0000][7][safepoint   ] Safepoint "Cleanup", Time since last: 14005958714 ns, Reaching safepoint: 147818 ns, At safepoint: 14267 ns, Total: 162085 ns
[2024-05-02T19:46:16.603+0000][7][safepoint   ] Safepoint "Cleanup", Time since last: 32013245562 ns, Reaching safepoint: 100127 ns, At safepoint: 11521 ns, Total: 111648 ns
[2024-05-02T19:46:44.616+0000][7][safepoint   ] Safepoint "Cleanup", Time since last: 28012079259 ns, Reaching safepoint: 165314 ns, At safepoint: 22493 ns, Total: 187807 ns
[2024-05-02T19:46:46.617+0000][7][safepoint   ] Safepoint "Cleanup", Time since last: 2000952169 ns, Reaching safepoint: 187671 ns, At safepoint: 11501 ns, Total: 199172 ns
[2024-05-02T19:47:37.531+0000][7][safepoint   ] Safepoint "Cleanup", Time since last: 50914330555 ns, Reaching safepoint: 206025 ns, At safepoint: 25969 ns, Total: 231994 ns
[2024-05-02T19:47:47.534+0000][7][safepoint   ] Safepoint "Cleanup", Time since last: 10003053795 ns, Reaching safepoint: 141855 ns, At safepoint: 4468 ns, Total: 146323 ns
[2024-05-02T19:48:14.547+0000][7][safepoint   ] Safepoint "Cleanup", Time since last: 27011962358 ns, Reaching safepoint: 279784 ns, At safepoint: 28123 ns, Total: 307907 ns
[2024-05-02T19:48:16.548+0000][7][safepoint   ] Safepoint "Cleanup", Time since last: 2001005087 ns, Reaching safepoint: 136125 ns, At safepoint: 13235 ns, Total: 149360 ns
[2024-05-02T19:48:44.559+0000][7][safepoint   ] Safepoint "Cleanup", Time since last: 28010813195 ns, Reaching safepoint: 107792 ns, At safepoint: 14798 ns, Total: 122590 ns
[2024-05-02T19:48:47.560+0000][7][safepoint   ] Safepoint "Cleanup", Time since last: 3001423327 ns, Reaching safepoint: 183484 ns, At safepoint: 20969 ns, Total: 204453 ns
[2024-05-02T19:49:14.571+0000][7][safepoint   ] Safepoint "Cleanup", Time since last: 27010634319 ns, Reaching safepoint: 169959 ns, At safepoint: 9087 ns, Total: 179046 ns
[2024-05-02T19:49:44.582+0000][7][safepoint   ] Safepoint "Cleanup", Time since last: 30010304800 ns, Reaching safepoint: 242655 ns, At safepoint: 10620 ns, Total: 253275 ns
[2024-05-02T19:50:01.588+0000][7][safepoint   ] Safepoint "Cleanup", Time since last: 17006374845 ns, Reaching safepoint: 237325 ns, At safepoint: 41047 ns, Total: 278372 ns
[2024-05-02T19:50:14.594+0000][7][safepoint   ] Safepoint "Cleanup", Time since last: 13005103855 ns, Reaching safepoint: 182762 ns, At safepoint: 15850 ns, Total: 198612 ns
[2024-05-02T19:50:16.595+0000][7][safepoint   ] Safepoint "Cleanup", Time since last: 2000777917 ns, Reaching safepoint: 177382 ns, At safepoint: 8606 ns, Total: 185988 ns
[2024-05-02T19:50:17.595+0000][7][safepoint   ] Safepoint "Cleanup", Time since last: 1000425267 ns, Reaching safepoint: 244108 ns, At safepoint: 15108 ns, Total: 259216 ns
[2024-05-02T19:50:44.608+0000][7][safepoint   ] Safepoint "Cleanup", Time since last: 27012110199 ns, Reaching safepoint: 131727 ns, At safepoint: 5009 ns, Total: 136736 ns
[2024-05-02T19:51:13.620+0000][7][safepoint   ] Safepoint "Cleanup", Time since last: 29011886296 ns, Reaching safepoint: 255639 ns, At safepoint: 8286 ns, Total: 263925 ns
[2024-05-02T19:51:14.621+0000][7][safepoint   ] Safepoint "Cleanup", Time since last: 1000551726 ns, Reaching safepoint: 237456 ns, At safepoint: 10760 ns, Total: 248216 ns
[2024-05-02T19:51:44.631+0000][7][safepoint   ] Safepoint "Cleanup", Time since last: 30010148970 ns, Reaching safepoint: 163477 ns, At safepoint: 26570 ns, Total: 190047 ns
[2024-05-02T19:52:14.642+0000][7][safepoint   ] Safepoint "Cleanup", Time since last: 30010301829 ns, Reaching safepoint: 186429 ns, At safepoint: 21340 ns, Total: 207769 ns
[2024-05-02T19:52:16.643+0000][7][safepoint   ] Safepoint "Cleanup", Time since last: 2000985722 ns, Reaching safepoint: 192601 ns, At safepoint: 27572 ns, Total: 220173 ns
[2024-05-02T19:52:46.655+0000][7][safepoint   ] Safepoint "Cleanup", Time since last: 30012502164 ns, Reaching safepoint: 101060 ns, At safepoint: 3166 ns, Total: 104226 ns
[2024-05-02T19:53:14.666+0000][7][safepoint   ] Safepoint "Cleanup", Time since last: 28010791849 ns, Reaching safepoint: 268455 ns, At safepoint: 34315 ns, Total: 302770 ns
[2024-05-02T19:53:15.667+0000][7][safepoint   ] Safepoint "Cleanup", Time since last: 1000821030 ns, Reaching safepoint: 198001 ns, At safepoint: 15810 ns, Total: 213811 ns
[2024-05-02T19:53:16.668+0000][7][safepoint   ] Safepoint "Cleanup", Time since last: 1000187175 ns, Reaching safepoint: 134151 ns, At safepoint: 15069 ns, Total: 149220 ns
[2024-05-02T19:53:17.668+0000][7][safepoint   ] Safepoint "Cleanup", Time since last: 1000431261 ns, Reaching safepoint: 183724 ns, At safepoint: 18304 ns, Total: 202028 ns
[2024-05-02T19:53:41.678+0000][7][safepoint   ] Safepoint "Cleanup", Time since last: 24009264021 ns, Reaching safepoint: 228103 ns, At safepoint: 16130 ns, Total: 244233 ns
[2024-05-02T19:53:44.679+0000][7][safepoint   ] Safepoint "Cleanup", Time since last: 3000966839 ns, Reaching safepoint: 263499 ns, At safepoint: 11511 ns, Total: 275010 ns
[2024-05-02T19:54:01.685+0000][7][safepoint   ] Safepoint "Cleanup", Time since last: 17005804798 ns, Reaching safepoint: 252875 ns, At safepoint: 9417 ns, Total: 262292 ns
[2024-05-02T19:54:14.690+0000][7][safepoint   ] Safepoint "Cleanup", Time since last: 13004345305 ns, Reaching safepoint: 164579 ns, At safepoint: 19577 ns, Total: 184156 ns
[2024-05-02T19:54:15.691+0000][7][safepoint   ] Safepoint "Cleanup", Time since last: 1000853657 ns, Reaching safepoint: 450045 ns, At safepoint: 11722 ns, Total: 461767 ns
[2024-05-02T19:54:44.703+0000][7][safepoint   ] Safepoint "Cleanup", Time since last: 29011686867 ns, Reaching safepoint: 207449 ns, At safepoint: 24927 ns, Total: 232376 ns
[2024-05-02T19:55:14.718+0000][7][safepoint   ] Safepoint "Cleanup", Time since last: 30014589707 ns, Reaching safepoint: 157985 ns, At safepoint: 23654 ns, Total: 181639 ns
[2024-05-02T19:55:16.719+0000][7][safepoint   ] Safepoint "Cleanup", Time since last: 2001165766 ns, Reaching safepoint: 135430 ns, At safepoint: 6241 ns, Total: 141671 ns
[2024-05-02T19:55:45.731+0000][7][safepoint   ] Safepoint "Cleanup", Time since last: 29011504303 ns, Reaching safepoint: 163516 ns, At safepoint: 8306 ns, Total: 171822 ns
[2024-05-02T19:56:14.742+0000][7][safepoint   ] Safepoint "Cleanup", Time since last: 29010899948 ns, Reaching safepoint: 181189 ns, At safepoint: 7665 ns, Total: 188854 ns
[2024-05-02T19:57:15.767+0000][7][safepoint   ] Safepoint "Cleanup", Time since last: 61024704972 ns, Reaching safepoint: 146085 ns, At safepoint: 14948 ns, Total: 161033 ns
[2024-05-02T19:57:45.776+0000][7][safepoint   ] Safepoint "Cleanup", Time since last: 30009126680 ns, Reaching safepoint: 194726 ns, At safepoint: 10470 ns, Total: 205196 ns
[2024-05-02T19:59:28.815+0000][7][safepoint   ] Safepoint "Cleanup", Time since last: 103038671271 ns, Reaching safepoint: 354083 ns, At safepoint: 30397 ns, Total: 384480 ns
[2024-05-02T19:59:30.817+0000][7][safepoint   ] Safepoint "Cleanup", Time since last: 2001786680 ns, Reaching safepoint: 120605 ns, At safepoint: 2455 ns, Total: 123060 ns
[2024-05-02T19:59:45.823+0000][7][safepoint   ] Safepoint "Cleanup", Time since last: 15006142540 ns, Reaching safepoint: 161693 ns, At safepoint: 18965 ns, Total: 180658 ns
[2024-05-02T19:59:47.824+0000][7][safepoint   ] Safepoint "Cleanup", Time since last: 2000866215 ns, Reaching safepoint: 217638 ns, At safepoint: 31579 ns, Total: 249217 ns
[2024-05-02T20:00:15.836+0000][7][safepoint   ] Safepoint "Cleanup", Time since last: 28011062265 ns, Reaching safepoint: 222967 ns, At safepoint: 58819 ns, Total: 281786 ns
[2024-05-02T20:00:45.850+0000][7][safepoint   ] Safepoint "Cleanup", Time since last: 30013516381 ns, Reaching safepoint: 186665 ns, At safepoint: 22963 ns, Total: 209628 ns
[2024-05-02T20:00:47.851+0000][7][safepoint   ] Safepoint "Cleanup", Time since last: 2000756334 ns, Reaching safepoint: 328615 ns, At safepoint: 6572 ns, Total: 335187 ns
[2024-05-02T20:01:15.861+0000][7][safepoint   ] Safepoint "Cleanup", Time since last: 28010208563 ns, Reaching safepoint: 156883 ns, At safepoint: 26139 ns, Total: 183022 ns
[2024-05-02T20:01:17.862+0000][7][safepoint   ] Safepoint "Cleanup", Time since last: 2000931376 ns, Reaching safepoint: 145002 ns, At safepoint: 31809 ns, Total: 176811 ns
[2024-05-02T20:01:45.873+0000][7][safepoint   ] Safepoint "Cleanup", Time since last: 28011122034 ns, Reaching safepoint: 226074 ns, At safepoint: 25678 ns, Total: 251752 ns
[2024-05-02T20:01:47.875+0000][7][safepoint   ] Safepoint "Cleanup", Time since last: 2001232562 ns, Reaching safepoint: 187902 ns, At safepoint: 25908 ns, Total: 213810 ns
[2024-05-02T20:02:15.887+0000][7][safepoint   ] Safepoint "Cleanup", Time since last: 28012301462 ns, Reaching safepoint: 156404 ns, At safepoint: 8015 ns, Total: 164419 ns
[2024-05-02T20:02:23.890+0000][7][safepoint   ] Safepoint "Cleanup", Time since last: 8002496031 ns, Reaching safepoint: 164435 ns, At safepoint: 3616 ns, Total: 168051 ns
[2024-05-02T20:02:45.898+0000][7][safepoint   ] Safepoint "Cleanup", Time since last: 22007870787 ns, Reaching safepoint: 237927 ns, At safepoint: 24797 ns, Total: 262724 ns
[2024-05-02T20:02:47.899+0000][7][safepoint   ] Safepoint "Cleanup", Time since last: 2000885338 ns, Reaching safepoint: 175740 ns, At safepoint: 3687 ns, Total: 179427 ns
[2024-05-02T20:03:45.920+0000][7][safepoint   ] Safepoint "Cleanup", Time since last: 58020336340 ns, Reaching safepoint: 182962 ns, At safepoint: 23795 ns, Total: 206757 ns
[2024-05-02T20:04:15.931+0000][7][safepoint   ] Safepoint "Cleanup", Time since last: 30011425599 ns, Reaching safepoint: 229732 ns, At safepoint: 27932 ns, Total: 257664 ns
[2024-05-02T20:04:45.943+0000][7][safepoint   ] Safepoint "Cleanup", Time since last: 30011206811 ns, Reaching safepoint: 242239 ns, At safepoint: 15108 ns, Total: 257347 ns
[2024-05-02T20:05:15.955+0000][7][safepoint   ] Safepoint "Cleanup", Time since last: 30012092309 ns, Reaching safepoint: 285154 ns, At safepoint: 37631 ns, Total: 322785 ns
[2024-05-02T20:05:45.967+0000][7][safepoint   ] Safepoint "Cleanup", Time since last: 30011758541 ns, Reaching safepoint: 145923 ns, At safepoint: 14908 ns, Total: 160831 ns
[2024-05-02T20:06:15.980+0000][7][safepoint   ] Safepoint "Cleanup", Time since last: 30012923383 ns, Reaching safepoint: 175981 ns, At safepoint: 16691 ns, Total: 192672 ns
[2024-05-02T20:06:45.994+0000][7][safepoint   ] Safepoint "Cleanup", Time since last: 30013109183 ns, Reaching safepoint: 327735 ns, At safepoint: 28093 ns, Total: 355828 ns
[2024-05-02T20:07:16.003+0000][7][safepoint   ] Safepoint "Cleanup", Time since last: 30009372571 ns, Reaching safepoint: 139066 ns, At safepoint: 7194 ns, Total: 146260 ns
[2024-05-02T20:07:48.013+0000][7][safepoint   ] Safepoint "Cleanup", Time since last: 32008997161 ns, Reaching safepoint: 202901 ns, At safepoint: 24736 ns, Total: 227637 ns
[2024-05-02T20:08:16.023+0000][7][safepoint   ] Safepoint "Cleanup", Time since last: 28009813691 ns, Reaching safepoint: 294741 ns, At safepoint: 7183 ns, Total: 301924 ns
[2024-05-02T20:09:46.061+0000][7][safepoint   ] Safepoint "Cleanup", Time since last: 90037674980 ns, Reaching safepoint: 129402 ns, At safepoint: 3858 ns, Total: 133260 ns
[2024-05-02T20:10:16.071+0000][7][safepoint   ] Safepoint "Cleanup", Time since last: 30010545157 ns, Reaching safepoint: 222098 ns, At safepoint: 7344 ns, Total: 229442 ns
[2024-05-02T20:10:46.084+0000][7][safepoint   ] Safepoint "Cleanup", Time since last: 30012876736 ns, Reaching safepoint: 203442 ns, At safepoint: 45405 ns, Total: 248847 ns
[2024-05-02T20:11:16.096+0000][7][safepoint   ] Safepoint "Cleanup", Time since last: 30011714926 ns, Reaching safepoint: 199445 ns, At safepoint: 6532 ns, Total: 205977 ns
[2024-05-02T20:11:46.111+0000][7][safepoint   ] Safepoint "Cleanup", Time since last: 30014499465 ns, Reaching safepoint: 108654 ns, At safepoint: 2063 ns, Total: 110717 ns
[2024-05-02T20:12:16.120+0000][7][safepoint   ] Safepoint "Cleanup", Time since last: 30009190105 ns, Reaching safepoint: 125847 ns, At safepoint: 2435 ns, Total: 128282 ns
[2024-05-02T20:12:46.130+0000][7][safepoint   ] Safepoint "Cleanup", Time since last: 30009612161 ns, Reaching safepoint: 153106 ns, At safepoint: 5871 ns, Total: 158977 ns
[2024-05-02T20:13:16.350+0000][7][safepoint   ] Safepoint "Cleanup", Time since last: 30219975386 ns, Reaching safepoint: 128984 ns, At safepoint: 3834 ns, Total: 132818 ns
[2024-05-02T20:13:18.352+0000][7][safepoint   ] Safepoint "Cleanup", Time since last: 2001352757 ns, Reaching safepoint: 143692 ns, At safepoint: 4237 ns, Total: 147929 ns
[2024-05-02T20:13:46.364+0000][7][safepoint   ] Safepoint "Cleanup", Time since last: 28011887396 ns, Reaching safepoint: 166390 ns, At safepoint: 4178 ns, Total: 170568 ns
[2024-05-02T20:13:48.365+0000][7][safepoint   ] Safepoint "Cleanup", Time since last: 2001488589 ns, Reaching safepoint: 220005 ns, At safepoint: 6380 ns, Total: 226385 ns
[2024-05-02T20:14:16.381+0000][7][safepoint   ] Safepoint "Cleanup", Time since last: 28015208074 ns, Reaching safepoint: 253341 ns, At safepoint: 4507 ns, Total: 257848 ns
[2024-05-02T20:14:18.382+0000][7][safepoint   ] Safepoint "Cleanup", Time since last: 2000479736 ns, Reaching safepoint: 131316 ns, At safepoint: 4248 ns, Total: 135564 ns
[2024-05-02T20:14:46.399+0000][7][safepoint   ] Safepoint "Cleanup", Time since last: 28017212295 ns, Reaching safepoint: 144854 ns, At safepoint: 2432 ns, Total: 147286 ns
[2024-05-02T20:14:48.400+0000][7][safepoint   ] Safepoint "Cleanup", Time since last: 2001021581 ns, Reaching safepoint: 135703 ns, At safepoint: 3703 ns, Total: 139406 ns
[2024-05-02T20:15:27.472+0000][7][gc,start    ] GC(28) Pause Young (Normal) (G1 Evacuation Pause)
[2024-05-02T20:15:27.472+0000][7][gc,task     ] GC(28) Using 4 workers of 4 for evacuation
[2024-05-02T20:15:27.472+0000][7][gc,age      ] GC(28) Desired survivor size 8388608 bytes, new threshold 15 (max threshold 15)
[2024-05-02T20:15:27.479+0000][7][gc,age      ] GC(28) Age table with threshold 15 (max threshold 15)
[2024-05-02T20:15:27.479+0000][7][gc,age      ] GC(28) - age   1:      57160 bytes,      57160 total
[2024-05-02T20:15:27.479+0000][7][gc,age      ] GC(28) - age   2:    1321176 bytes,    1378336 total
[2024-05-02T20:15:27.479+0000][7][gc,age      ] GC(28) - age   3:    5315672 bytes,    6694008 total
[2024-05-02T20:15:27.479+0000][7][gc,phases   ] GC(28)   Pre Evacuate Collection Set: 0.1ms
[2024-05-02T20:15:27.479+0000][7][gc,phases   ] GC(28)   Merge Heap Roots: 0.0ms
[2024-05-02T20:15:27.479+0000][7][gc,phases   ] GC(28)   Evacuate Collection Set: 5.0ms
[2024-05-02T20:15:27.479+0000][7][gc,phases   ] GC(28)   Post Evacuate Collection Set: 1.5ms
[2024-05-02T20:15:27.479+0000][7][gc,phases   ] GC(28)   Other: 0.3ms
[2024-05-02T20:15:27.479+0000][7][gc,heap     ] GC(28) Eden regions: 26->0(27)
[2024-05-02T20:15:27.479+0000][7][gc,heap     ] GC(28) Survivor regions: 2->2(4)
[2024-05-02T20:15:27.479+0000][7][gc,heap     ] GC(28) Old regions: 18->18
[2024-05-02T20:15:27.479+0000][7][gc,heap     ] GC(28) Archive regions: 2->2
[2024-05-02T20:15:27.479+0000][7][gc,heap     ] GC(28) Humongous regions: 2->2
[2024-05-02T20:15:27.479+0000][7][gc,metaspace] GC(28) Metaspace: 95846K(100096K)->95846K(100096K) NonClass: 83141K(86272K)->83141K(86272K) Class: 12705K(13824K)->12705K(13824K)
[2024-05-02T20:15:27.479+0000][7][gc          ] GC(28) Pause Young (Normal) (G1 Evacuation Pause) 193M->89M(256M) 6.862ms
[2024-05-02T20:15:27.479+0000][7][gc,cpu      ] GC(28) User=0.02s Sys=0.00s Real=0.01s
[2024-05-02T20:15:27.479+0000][7][safepoint   ] Safepoint "G1CollectForAllocation", Time since last: 39071810168 ns, Reaching safepoint: 180027 ns, At safepoint: 7000024 ns, Total: 7180051 ns
[2024-05-02T20:16:16.498+0000][7][safepoint   ] Safepoint "Cleanup", Time since last: 49018760126 ns, Reaching safepoint: 241327 ns, At safepoint: 30038 ns, Total: 271365 ns
[2024-05-02T20:16:46.510+0000][7][safepoint   ] Safepoint "Cleanup", Time since last: 30011973872 ns, Reaching safepoint: 263088 ns, At safepoint: 4808 ns, Total: 267896 ns
[2024-05-02T20:17:11.521+0000][7][safepoint   ] Safepoint "Cleanup", Time since last: 25010082003 ns, Reaching safepoint: 203929 ns, At safepoint: 26470 ns, Total: 230399 ns
[2024-05-02T20:17:16.524+0000][7][safepoint   ] Safepoint "Cleanup", Time since last: 5002812535 ns, Reaching safepoint: 176517 ns, At safepoint: 4743 ns, Total: 181260 ns
[2024-05-02T20:17:46.534+0000][7][safepoint   ] Safepoint "Cleanup", Time since last: 30010575546 ns, Reaching safepoint: 141820 ns, At safepoint: 10859 ns, Total: 152679 ns
[2024-05-02T20:18:16.639+0000][7][safepoint   ] Safepoint "Cleanup", Time since last: 30104734194 ns, Reaching safepoint: 234983 ns, At safepoint: 3885 ns, Total: 238868 ns
[2024-05-02T20:18:46.651+0000][7][safepoint   ] Safepoint "Cleanup", Time since last: 30011512808 ns, Reaching safepoint: 196781 ns, At safepoint: 19957 ns, Total: 216738 ns
[2024-05-02T20:19:46.678+0000][7][safepoint   ] Safepoint "Cleanup", Time since last: 60026910968 ns, Reaching safepoint: 161254 ns, At safepoint: 26432 ns, Total: 187686 ns
[2024-05-02T20:20:16.689+0000][7][safepoint   ] Safepoint "Cleanup", Time since last: 30010999139 ns, Reaching safepoint: 117939 ns, At safepoint: 3246 ns, Total: 121185 ns
[2024-05-02T20:21:26.716+0000][7][safepoint   ] Safepoint "Cleanup", Time since last: 70026937811 ns, Reaching safepoint: 216734 ns, At safepoint: 53034 ns, Total: 269768 ns
[2024-05-02T20:21:46.726+0000][7][safepoint   ] Safepoint "Cleanup", Time since last: 20008794282 ns, Reaching safepoint: 348644 ns, At safepoint: 71126 ns, Total: 419770 ns
[2024-05-02T20:22:16.737+0000][7][safepoint   ] Safepoint "Cleanup", Time since last: 30011580792 ns, Reaching safepoint: 113652 ns, At safepoint: 20646 ns, Total: 134298 ns
[2024-05-02T20:22:46.755+0000][7][safepoint   ] Safepoint "Cleanup", Time since last: 30017937120 ns, Reaching safepoint: 171865 ns, At safepoint: 4077 ns, Total: 175942 ns
[2024-05-02T20:23:16.766+0000][7][safepoint   ] Safepoint "Cleanup", Time since last: 30010050882 ns, Reaching safepoint: 165521 ns, At safepoint: 8245 ns, Total: 173766 ns
[2024-05-02T20:23:47.778+0000][7][safepoint   ] Safepoint "Cleanup", Time since last: 31011886141 ns, Reaching safepoint: 234489 ns, At safepoint: 7655 ns, Total: 242144 ns
[2024-05-02T20:24:16.788+0000][7][safepoint   ] Safepoint "Cleanup", Time since last: 29010311818 ns, Reaching safepoint: 166802 ns, At safepoint: 5781 ns, Total: 172583 ns
[2024-05-02T20:24:46.799+0000][7][safepoint   ] Safepoint "Cleanup", Time since last: 30010627878 ns, Reaching safepoint: 172975 ns, At safepoint: 30647 ns, Total: 203622 ns
[2024-05-02T20:25:17.813+0000][7][safepoint   ] Safepoint "Cleanup", Time since last: 31014111546 ns, Reaching safepoint: 148218 ns, At safepoint: 26690 ns, Total: 174908 ns
[2024-05-02T20:25:46.825+0000][7][safepoint   ] Safepoint "Cleanup", Time since last: 29011473284 ns, Reaching safepoint: 527322 ns, At safepoint: 13546 ns, Total: 540868 ns
[2024-05-02T20:26:17.837+0000][7][safepoint   ] Safepoint "Cleanup", Time since last: 31011284330 ns, Reaching safepoint: 308544 ns, At safepoint: 38232 ns, Total: 346776 ns
[2024-05-02T20:26:47.850+0000][7][safepoint   ] Safepoint "Cleanup", Time since last: 30012498091 ns, Reaching safepoint: 274003 ns, At safepoint: 28003 ns, Total: 302006 ns
[2024-05-02T20:27:15.862+0000][7][safepoint   ] Safepoint "Cleanup", Time since last: 28011207168 ns, Reaching safepoint: 401445 ns, At safepoint: 40707 ns, Total: 442152 ns
[2024-05-02T20:27:17.862+0000][7][safepoint   ] Safepoint "Cleanup", Time since last: 2000700233 ns, Reaching safepoint: 215946 ns, At safepoint: 4008 ns, Total: 219954 ns
[2024-05-02T20:27:47.875+0000][7][safepoint   ] Safepoint "Cleanup", Time since last: 30012157307 ns, Reaching safepoint: 231650 ns, At safepoint: 17783 ns, Total: 249433 ns
[2024-05-02T20:28:15.885+0000][7][safepoint   ] Safepoint "Cleanup", Time since last: 28010331223 ns, Reaching safepoint: 155257 ns, At safepoint: 27502 ns, Total: 182759 ns
[2024-05-02T20:28:17.886+0000][7][safepoint   ] Safepoint "Cleanup", Time since last: 2000446719 ns, Reaching safepoint: 227366 ns, At safepoint: 31529 ns, Total: 258895 ns
[2024-05-02T20:28:47.896+0000][7][safepoint   ] Safepoint "Cleanup", Time since last: 30009191457 ns, Reaching safepoint: 325691 ns, At safepoint: 27361 ns, Total: 353052 ns
[2024-05-02T20:29:13.906+0000][7][safepoint   ] Safepoint "Cleanup", Time since last: 26009973571 ns, Reaching safepoint: 194104 ns, At safepoint: 3616 ns, Total: 197720 ns
[2024-05-02T20:29:17.908+0000][7][safepoint   ] Safepoint "Cleanup", Time since last: 4001486901 ns, Reaching safepoint: 247975 ns, At safepoint: 28003 ns, Total: 275978 ns
[2024-05-02T20:30:17.932+0000][7][safepoint   ] Safepoint "Cleanup", Time since last: 60023619529 ns, Reaching safepoint: 305403 ns, At safepoint: 26550 ns, Total: 331953 ns
[2024-05-02T20:31:45.967+0000][7][safepoint   ] Safepoint "Cleanup", Time since last: 88035054925 ns, Reaching safepoint: 322364 ns, At safepoint: 24907 ns, Total: 347271 ns
[2024-05-02T20:33:16.000+0000][7][safepoint   ] Safepoint "Cleanup", Time since last: 90033204510 ns, Reaching safepoint: 178896 ns, At safepoint: 40886 ns, Total: 219782 ns
[2024-05-02T20:33:18.001+0000][7][safepoint   ] Safepoint "Cleanup", Time since last: 2000723499 ns, Reaching safepoint: 151143 ns, At safepoint: 25708 ns, Total: 176851 ns
[2024-05-02T20:33:46.011+0000][7][safepoint   ] Safepoint "Cleanup", Time since last: 28010047933 ns, Reaching safepoint: 179037 ns, At safepoint: 20588 ns, Total: 199625 ns
[2024-05-02T20:33:56.015+0000][7][safepoint   ] Safepoint "Cleanup", Time since last: 10003821567 ns, Reaching safepoint: 133160 ns, At safepoint: 15920 ns, Total: 149080 ns
[2024-05-02T20:34:16.024+0000][7][safepoint   ] Safepoint "Cleanup", Time since last: 20008261488 ns, Reaching safepoint: 164352 ns, At safepoint: 23305 ns, Total: 187657 ns
[2024-05-02T20:34:18.025+0000][7][safepoint   ] Safepoint "Cleanup", Time since last: 2000596304 ns, Reaching safepoint: 177042 ns, At safepoint: 3848 ns, Total: 180890 ns
[2024-05-02T20:34:46.034+0000][7][safepoint   ] Safepoint "Cleanup", Time since last: 28008835079 ns, Reaching safepoint: 289087 ns, At safepoint: 10691 ns, Total: 299778 ns
[2024-05-02T20:34:48.035+0000][7][safepoint   ] Safepoint "Cleanup", Time since last: 2001282793 ns, Reaching safepoint: 297979 ns, At safepoint: 25930 ns, Total: 323909 ns
[2024-05-02T20:35:16.045+0000][7][safepoint   ] Safepoint "Cleanup", Time since last: 28009751856 ns, Reaching safepoint: 227935 ns, At safepoint: 8978 ns, Total: 236913 ns
[2024-05-02T20:35:48.057+0000][7][safepoint   ] Safepoint "Cleanup", Time since last: 32011662109 ns, Reaching safepoint: 216710 ns, At safepoint: 24026 ns, Total: 240736 ns
[2024-05-02T20:36:18.069+0000][7][safepoint   ] Safepoint "Cleanup", Time since last: 30011120482 ns, Reaching safepoint: 270388 ns, At safepoint: 42911 ns, Total: 313299 ns
[2024-05-02T20:36:46.080+0000][7][safepoint   ] Safepoint "Cleanup", Time since last: 28011351524 ns, Reaching safepoint: 132213 ns, At safepoint: 20829 ns, Total: 153042 ns
[2024-05-02T20:36:48.082+0000][7][safepoint   ] Safepoint "Cleanup", Time since last: 2001090947 ns, Reaching safepoint: 197060 ns, At safepoint: 36799 ns, Total: 233859 ns
[2024-05-02T20:37:11.092+0000][7][safepoint   ] Safepoint "Cleanup", Time since last: 23009997063 ns, Reaching safepoint: 201298 ns, At safepoint: 13164 ns, Total: 214462 ns
[2024-05-02T20:37:16.094+0000][7][safepoint   ] Safepoint "Cleanup", Time since last: 5002342038 ns, Reaching safepoint: 161083 ns, At safepoint: 23393 ns, Total: 184476 ns
[2024-05-02T20:38:18.116+0000][7][safepoint   ] Safepoint "Cleanup", Time since last: 62021545800 ns, Reaching safepoint: 173445 ns, At safepoint: 21180 ns, Total: 194625 ns
[2024-05-02T20:39:16.140+0000][7][safepoint   ] Safepoint "Cleanup", Time since last: 58023848677 ns, Reaching safepoint: 236966 ns, At safepoint: 32000 ns, Total: 268966 ns
[2024-05-02T20:39:18.141+0000][7][safepoint   ] Safepoint "Cleanup", Time since last: 2000905227 ns, Reaching safepoint: 159701 ns, At safepoint: 21500 ns, Total: 181201 ns
[2024-05-02T20:39:48.152+0000][7][safepoint   ] Safepoint "Cleanup", Time since last: 30010795669 ns, Reaching safepoint: 186635 ns, At safepoint: 7354 ns, Total: 193989 ns
[2024-05-02T20:40:16.164+0000][7][safepoint   ] Safepoint "Cleanup", Time since last: 28011391078 ns, Reaching safepoint: 227475 ns, At safepoint: 26810 ns, Total: 254285 ns
[2024-05-02T20:40:18.165+0000][7][safepoint   ] Safepoint "Cleanup", Time since last: 2001066060 ns, Reaching safepoint: 198591 ns, At safepoint: 43181 ns, Total: 241772 ns
[2024-05-02T20:41:06.183+0000][7][safepoint   ] Safepoint "Cleanup", Time since last: 48017892969 ns, Reaching safepoint: 310722 ns, At safepoint: 45014 ns, Total: 355736 ns
[2024-05-02T20:41:18.189+0000][7][safepoint   ] Safepoint "Cleanup", Time since last: 12005505370 ns, Reaching safepoint: 168406 ns, At safepoint: 15940 ns, Total: 184346 ns
[2024-05-02T20:42:46.226+0000][7][safepoint   ] Safepoint "Cleanup", Time since last: 88036933191 ns, Reaching safepoint: 178566 ns, At safepoint: 2544 ns, Total: 181110 ns
[2024-05-02T20:42:48.227+0000][7][safepoint   ] Safepoint "Cleanup", Time since last: 2000739671 ns, Reaching safepoint: 238088 ns, At safepoint: 8486 ns, Total: 246574 ns
[2024-05-02T20:43:16.238+0000][7][safepoint   ] Safepoint "Cleanup", Time since last: 28010719322 ns, Reaching safepoint: 287991 ns, At safepoint: 37199 ns, Total: 325190 ns
[2024-05-02T20:43:18.240+0000][7][safepoint   ] Safepoint "Cleanup", Time since last: 2001408715 ns, Reaching safepoint: 144872 ns, At safepoint: 6001 ns, Total: 150873 ns
[2024-05-02T20:43:48.252+0000][7][safepoint   ] Safepoint "Cleanup", Time since last: 30012077868 ns, Reaching safepoint: 151750 ns, At safepoint: 8085 ns, Total: 159835 ns
[2024-05-02T20:44:18.265+0000][7][safepoint   ] Safepoint "Cleanup", Time since last: 30012566219 ns, Reaching safepoint: 201537 ns, At safepoint: 38522 ns, Total: 240059 ns
[2024-05-02T20:45:18.289+0000][7][safepoint   ] Safepoint "Cleanup", Time since last: 60023981566 ns, Reaching safepoint: 307094 ns, At safepoint: 29956 ns, Total: 337050 ns
[2024-05-02T20:45:46.299+0000][7][safepoint   ] Safepoint "Cleanup", Time since last: 28009974545 ns, Reaching safepoint: 185317 ns, At safepoint: 20648 ns, Total: 205965 ns
[2024-05-02T20:45:48.300+0000][7][safepoint   ] Safepoint "Cleanup", Time since last: 2000820531 ns, Reaching safepoint: 162714 ns, At safepoint: 21030 ns, Total: 183744 ns
[2024-05-02T20:46:48.324+0000][7][safepoint   ] Safepoint "Cleanup", Time since last: 60023563685 ns, Reaching safepoint: 121097 ns, At safepoint: 26239 ns, Total: 147336 ns
[2024-05-02T20:51:21.425+0000][7][safepoint   ] Safepoint "Cleanup", Time since last: 273100518320 ns, Reaching safepoint: 310526 ns, At safepoint: 28714 ns, Total: 339240 ns
[2024-05-02T20:51:46.435+0000][7][safepoint   ] Safepoint "Cleanup", Time since last: 25009339248 ns, Reaching safepoint: 321366 ns, At safepoint: 55224 ns, Total: 376590 ns
[2024-05-02T20:51:49.436+0000][7][safepoint   ] Safepoint "Cleanup", Time since last: 3000950295 ns, Reaching safepoint: 158557 ns, At safepoint: 4498 ns, Total: 163055 ns
[2024-05-02T20:52:16.447+0000][7][safepoint   ] Safepoint "Cleanup", Time since last: 27010915889 ns, Reaching safepoint: 249064 ns, At safepoint: 29405 ns, Total: 278469 ns
[2024-05-02T20:52:49.464+0000][7][safepoint   ] Safepoint "Cleanup", Time since last: 33017285441 ns, Reaching safepoint: 153408 ns, At safepoint: 19597 ns, Total: 173005 ns
[2024-05-02T20:53:19.476+0000][7][safepoint   ] Safepoint "Cleanup", Time since last: 30011137436 ns, Reaching safepoint: 161743 ns, At safepoint: 4829 ns, Total: 166572 ns
[2024-05-02T20:53:31.481+0000][7][safepoint   ] Safepoint "Cleanup", Time since last: 12005374215 ns, Reaching safepoint: 287278 ns, At safepoint: 33733 ns, Total: 321011 ns
[2024-05-02T20:53:49.489+0000][7][safepoint   ] Safepoint "Cleanup", Time since last: 18007525813 ns, Reaching safepoint: 159695 ns, At safepoint: 29535 ns, Total: 189230 ns
[2024-05-02T20:54:16.500+0000][7][safepoint   ] Safepoint "Cleanup", Time since last: 27011050867 ns, Reaching safepoint: 209384 ns, At safepoint: 17793 ns, Total: 227177 ns
[2024-05-02T20:54:18.615+0000][7][gc,start    ] GC(29) Pause Young (Concurrent Start) (G1 Evacuation Pause)
[2024-05-02T20:54:18.616+0000][7][gc,task     ] GC(29) Using 4 workers of 4 for evacuation
[2024-05-02T20:54:18.616+0000][7][gc,age      ] GC(29) Desired survivor size 8388608 bytes, new threshold 15 (max threshold 15)
[2024-05-02T20:54:18.622+0000][7][gc,age      ] GC(29) Age table with threshold 15 (max threshold 15)
[2024-05-02T20:54:18.622+0000][7][gc,age      ] GC(29) - age   1:      55144 bytes,      55144 total
[2024-05-02T20:54:18.622+0000][7][gc,age      ] GC(29) - age   2:      30368 bytes,      85512 total
[2024-05-02T20:54:18.622+0000][7][gc,age      ] GC(29) - age   3:    1321176 bytes,    1406688 total
[2024-05-02T20:54:18.622+0000][7][gc,age      ] GC(29) - age   4:    5315456 bytes,    6722144 total
[2024-05-02T20:54:18.622+0000][7][gc,phases   ] GC(29)   Pre Evacuate Collection Set: 0.2ms
[2024-05-02T20:54:18.622+0000][7][gc,phases   ] GC(29)   Merge Heap Roots: 0.1ms
[2024-05-02T20:54:18.622+0000][7][gc,phases   ] GC(29)   Evacuate Collection Set: 5.4ms
[2024-05-02T20:54:18.622+0000][7][gc,phases   ] GC(29)   Post Evacuate Collection Set: 0.8ms
[2024-05-02T20:54:18.622+0000][7][gc,phases   ] GC(29)   Other: 0.3ms
[2024-05-02T20:54:18.622+0000][7][gc,heap     ] GC(29) Eden regions: 27->0(27)
[2024-05-02T20:54:18.622+0000][7][gc,heap     ] GC(29) Survivor regions: 2->2(4)
[2024-05-02T20:54:18.622+0000][7][gc,heap     ] GC(29) Old regions: 18->18
[2024-05-02T20:54:18.622+0000][7][gc,heap     ] GC(29) Archive regions: 2->2
[2024-05-02T20:54:18.622+0000][7][gc,heap     ] GC(29) Humongous regions: 2->2
[2024-05-02T20:54:18.622+0000][7][gc,metaspace] GC(29) Metaspace: 96311K(100608K)->96311K(100608K) NonClass: 83606K(86784K)->83606K(86784K) Class: 12705K(13824K)->12705K(13824K)
[2024-05-02T20:54:18.622+0000][7][gc          ] GC(29) Pause Young (Concurrent Start) (G1 Evacuation Pause) 197M->89M(256M) 6.828ms
[2024-05-02T20:54:18.622+0000][7][gc,cpu      ] GC(29) User=0.02s Sys=0.00s Real=0.00s
[2024-05-02T20:54:18.622+0000][7][gc          ] GC(30) Concurrent Cycle
[2024-05-02T20:54:18.622+0000][7][gc,marking  ] GC(30) Concurrent Clear Claimed Marks
[2024-05-02T20:54:18.622+0000][7][safepoint   ] Safepoint "G1CollectForAllocation", Time since last: 2114489063 ns, Reaching safepoint: 488057 ns, At safepoint: 6980739 ns, Total: 7468796 ns
[2024-05-02T20:54:18.622+0000][7][gc,marking  ] GC(30) Concurrent Clear Claimed Marks 0.074ms
[2024-05-02T20:54:18.622+0000][7][gc,marking  ] GC(30) Concurrent Scan Root Regions
[2024-05-02T20:54:18.629+0000][7][gc,marking  ] GC(30) Concurrent Scan Root Regions 6.612ms
[2024-05-02T20:54:18.629+0000][7][gc,marking  ] GC(30) Concurrent Mark (6382.430s)
[2024-05-02T20:54:18.629+0000][7][gc,marking  ] GC(30) Concurrent Mark From Roots
[2024-05-02T20:54:18.629+0000][7][gc,task     ] GC(30) Using 1 workers of 1 for marking
[2024-05-02T20:54:18.696+0000][7][gc,marking  ] GC(30) Concurrent Mark From Roots 66.617ms
[2024-05-02T20:54:18.696+0000][7][gc,marking  ] GC(30) Concurrent Preclean
[2024-05-02T20:54:18.696+0000][7][gc,marking  ] GC(30) Concurrent Preclean 0.250ms
[2024-05-02T20:54:18.696+0000][7][gc,marking  ] GC(30) Concurrent Mark (6382.430s, 6382.497s) 66.931ms
[2024-05-02T20:54:18.696+0000][7][gc,start    ] GC(30) Pause Remark
[2024-05-02T20:54:18.708+0000][7][gc          ] GC(30) Pause Remark 90M->90M(256M) 12.252ms
[2024-05-02T20:54:18.709+0000][7][gc,cpu      ] GC(30) User=0.04s Sys=0.00s Real=0.01s
[2024-05-02T20:54:18.709+0000][7][safepoint   ] Safepoint "G1Concurrent", Time since last: 73666063 ns, Reaching safepoint: 152697 ns, At safepoint: 12360292 ns, Total: 12512989 ns
[2024-05-02T20:54:18.709+0000][7][gc,marking  ] GC(30) Concurrent Rebuild Remembered Sets
[2024-05-02T20:54:18.745+0000][7][gc,marking  ] GC(30) Concurrent Rebuild Remembered Sets 36.114ms
[2024-05-02T20:54:18.745+0000][7][gc,start    ] GC(30) Pause Cleanup
[2024-05-02T20:54:18.745+0000][7][gc          ] GC(30) Pause Cleanup 90M->90M(256M) 0.101ms
[2024-05-02T20:54:18.745+0000][7][gc,cpu      ] GC(30) User=0.00s Sys=0.00s Real=0.00s
[2024-05-02T20:54:18.745+0000][7][safepoint   ] Safepoint "G1Concurrent", Time since last: 36253893 ns, Reaching safepoint: 159385 ns, At safepoint: 201929 ns, Total: 361314 ns
[2024-05-02T20:54:18.745+0000][7][gc,marking  ] GC(30) Concurrent Cleanup for Next Mark
[2024-05-02T20:54:18.746+0000][7][gc,marking  ] GC(30) Concurrent Cleanup for Next Mark 1.010ms
[2024-05-02T20:54:18.746+0000][7][gc          ] GC(30) Concurrent Cycle 123.938ms
[2024-05-02T20:54:19.746+0000][7][safepoint   ] Safepoint "Cleanup", Time since last: 1000398595 ns, Reaching safepoint: 345413 ns, At safepoint: 32962 ns, Total: 378375 ns
[2024-05-02T20:54:24.747+0000][7][safepoint   ] Safepoint "Cleanup", Time since last: 5001194453 ns, Reaching safepoint: 125045 ns, At safepoint: 2685 ns, Total: 127730 ns
[2024-05-02T20:54:46.756+0000][7][safepoint   ] Safepoint "Cleanup", Time since last: 22008260508 ns, Reaching safepoint: 196966 ns, At safepoint: 18484 ns, Total: 215450 ns
[2024-05-02T20:54:47.757+0000][7][safepoint   ] Safepoint "Cleanup", Time since last: 1000537598 ns, Reaching safepoint: 233108 ns, At safepoint: 25548 ns, Total: 258656 ns
[2024-05-02T20:54:48.758+0000][7][safepoint   ] Safepoint "Cleanup", Time since last: 1000639850 ns, Reaching safepoint: 441183 ns, At safepoint: 30538 ns, Total: 471721 ns
[2024-05-02T20:55:04.764+0000][7][safepoint   ] Safepoint "Cleanup", Time since last: 16005904080 ns, Reaching safepoint: 268081 ns, At safepoint: 31930 ns, Total: 300011 ns
[2024-05-02T20:55:13.767+0000][7][safepoint   ] Safepoint "Cleanup", Time since last: 9002508236 ns, Reaching safepoint: 317273 ns, At safepoint: 50193 ns, Total: 367466 ns
[2024-05-02T20:55:17.769+0000][7][safepoint   ] Safepoint "Cleanup", Time since last: 4001600128 ns, Reaching safepoint: 139110 ns, At safepoint: 25157 ns, Total: 164267 ns
[2024-05-02T20:56:06.787+0000][7][safepoint   ] Safepoint "Cleanup", Time since last: 49017810346 ns, Reaching safepoint: 203601 ns, At safepoint: 21791 ns, Total: 225392 ns
[2024-05-02T20:56:18.792+0000][7][safepoint   ] Safepoint "Cleanup", Time since last: 12005737489 ns, Reaching safepoint: 191549 ns, At safepoint: 4699 ns, Total: 196248 ns
[2024-05-02T20:58:16.839+0000][7][safepoint   ] Safepoint "Cleanup", Time since last: 118045978212 ns, Reaching safepoint: 190666 ns, At safepoint: 12955 ns, Total: 203621 ns
[2024-05-02T20:59:17.860+0000][7][safepoint   ] Safepoint "Cleanup", Time since last: 61021541668 ns, Reaching safepoint: 167114 ns, At safepoint: 5260 ns, Total: 172374 ns
[2024-05-02T20:59:49.873+0000][7][safepoint   ] Safepoint "Cleanup", Time since last: 32012385547 ns, Reaching safepoint: 215585 ns, At safepoint: 49162 ns, Total: 264747 ns
[2024-05-02T21:00:16.884+0000][7][safepoint   ] Safepoint "Cleanup", Time since last: 27010216481 ns, Reaching safepoint: 221756 ns, At safepoint: 21390 ns, Total: 243146 ns
[2024-05-02T21:01:19.909+0000][7][safepoint   ] Safepoint "Cleanup", Time since last: 63025559425 ns, Reaching safepoint: 148898 ns, At safepoint: 13225 ns, Total: 162123 ns
[2024-05-02T21:02:16.930+0000][7][safepoint   ] Safepoint "Cleanup", Time since last: 57020334855 ns, Reaching safepoint: 184638 ns, At safepoint: 25818 ns, Total: 210456 ns
[2024-05-02T21:02:19.931+0000][7][safepoint   ] Safepoint "Cleanup", Time since last: 3000967005 ns, Reaching safepoint: 112953 ns, At safepoint: 2635 ns, Total: 115588 ns
[2024-05-02T21:03:16.953+0000][7][safepoint   ] Safepoint "Cleanup", Time since last: 57021338534 ns, Reaching safepoint: 275474 ns, At safepoint: 26159 ns, Total: 301633 ns
[2024-05-02T21:03:19.954+0000][7][safepoint   ] Safepoint "Cleanup", Time since last: 3001287659 ns, Reaching safepoint: 152875 ns, At safepoint: 18224 ns, Total: 171099 ns
[2024-05-02T21:03:49.966+0000][7][safepoint   ] Safepoint "Cleanup", Time since last: 30012194581 ns, Reaching safepoint: 149119 ns, At safepoint: 18384 ns, Total: 167503 ns
[2024-05-02T21:04:19.978+0000][7][safepoint   ] Safepoint "Cleanup", Time since last: 30011177394 ns, Reaching safepoint: 133235 ns, At safepoint: 13074 ns, Total: 146309 ns
[2024-05-02T21:04:49.992+0000][7][safepoint   ] Safepoint "Cleanup", Time since last: 30013914123 ns, Reaching safepoint: 175880 ns, At safepoint: 7173 ns, Total: 183053 ns
[2024-05-02T21:05:50.009+0000][7][safepoint   ] Safepoint "Cleanup", Time since last: 60016942511 ns, Reaching safepoint: 175403 ns, At safepoint: 12714 ns, Total: 188117 ns
[2024-05-02T21:06:18.020+0000][7][safepoint   ] Safepoint "Cleanup", Time since last: 28010910968 ns, Reaching safepoint: 168896 ns, At safepoint: 14878 ns, Total: 183774 ns
[2024-05-02T21:06:46.030+0000][7][safepoint   ] Safepoint "Cleanup", Time since last: 28009456323 ns, Reaching safepoint: 156278 ns, At safepoint: 19637 ns, Total: 175915 ns
[2024-05-02T21:06:50.031+0000][7][safepoint   ] Safepoint "Cleanup", Time since last: 4001330998 ns, Reaching safepoint: 106509 ns, At safepoint: 2675 ns, Total: 109184 ns
[2024-05-02T21:07:18.041+0000][7][safepoint   ] Safepoint "Cleanup", Time since last: 28009661404 ns, Reaching safepoint: 143689 ns, At safepoint: 2605 ns, Total: 146294 ns
[2024-05-02T21:07:20.041+0000][7][safepoint   ] Safepoint "Cleanup", Time since last: 2000483424 ns, Reaching safepoint: 166492 ns, At safepoint: 4538 ns, Total: 171030 ns
[2024-05-02T21:07:50.053+0000][7][safepoint   ] Safepoint "Cleanup", Time since last: 30011763665 ns, Reaching safepoint: 180632 ns, At safepoint: 15299 ns, Total: 195931 ns
[2024-05-02T21:08:16.062+0000][7][safepoint   ] Safepoint "Cleanup", Time since last: 26007950058 ns, Reaching safepoint: 160605 ns, At safepoint: 33934 ns, Total: 194539 ns
[2024-05-02T21:08:20.063+0000][7][safepoint   ] Safepoint "Cleanup", Time since last: 4001653426 ns, Reaching safepoint: 146164 ns, At safepoint: 4669 ns, Total: 150833 ns
[2024-05-02T21:08:50.073+0000][7][safepoint   ] Safepoint "Cleanup", Time since last: 30009917584 ns, Reaching safepoint: 157937 ns, At safepoint: 17984 ns, Total: 175921 ns
[2024-05-02T21:09:16.084+0000][7][safepoint   ] Safepoint "Cleanup", Time since last: 26010104037 ns, Reaching safepoint: 206185 ns, At safepoint: 39354 ns, Total: 245539 ns
[2024-05-02T21:09:20.085+0000][7][safepoint   ] Safepoint "Cleanup", Time since last: 4001210513 ns, Reaching safepoint: 135984 ns, At safepoint: 14006 ns, Total: 149990 ns
[2024-05-02T21:09:50.099+0000][7][safepoint   ] Safepoint "Cleanup", Time since last: 30013360395 ns, Reaching safepoint: 111894 ns, At safepoint: 2625 ns, Total: 114519 ns
[2024-05-02T21:10:20.111+0000][7][safepoint   ] Safepoint "Cleanup", Time since last: 30011984288 ns, Reaching safepoint: 147086 ns, At safepoint: 5110 ns, Total: 152196 ns
[2024-05-02T21:11:50.147+0000][7][safepoint   ] Safepoint "Cleanup", Time since last: 90035833716 ns, Reaching safepoint: 117050 ns, At safepoint: 4568 ns, Total: 121618 ns
[2024-05-02T21:13:46.194+0000][7][safepoint   ] Safepoint "Cleanup", Time since last: 116047341770 ns, Reaching safepoint: 168516 ns, At safepoint: 3947 ns, Total: 172463 ns
[2024-05-02T21:14:50.219+0000][7][safepoint   ] Safepoint "Cleanup", Time since last: 64024867259 ns, Reaching safepoint: 122920 ns, At safepoint: 3797 ns, Total: 126717 ns
[2024-05-02T21:15:16.229+0000][7][safepoint   ] Safepoint "Cleanup", Time since last: 26009480842 ns, Reaching safepoint: 159563 ns, At safepoint: 13666 ns, Total: 173229 ns
[2024-05-02T21:16:46.262+0000][7][safepoint   ] Safepoint "Cleanup", Time since last: 90032361827 ns, Reaching safepoint: 211426 ns, At safepoint: 10099 ns, Total: 221525 ns
[2024-05-02T21:17:21.719+0000][7][safepoint   ] Safepoint "Cleanup", Time since last: 35456768552 ns, Reaching safepoint: 200425 ns, At safepoint: 30107 ns, Total: 230532 ns
[2024-05-02T21:17:51.166+0000][7][safepoint   ] Safepoint "Cleanup", Time since last: 29447605087 ns, Reaching safepoint: 173279 ns, At safepoint: 5200 ns, Total: 178479 ns
[2024-05-02T21:18:16.837+0000][7][safepoint   ] Safepoint "Cleanup", Time since last: 25670418064 ns, Reaching safepoint: 131257 ns, At safepoint: 3066 ns, Total: 134323 ns
[2024-05-02T21:18:21.839+0000][7][safepoint   ] Safepoint "Cleanup", Time since last: 5001809199 ns, Reaching safepoint: 119480 ns, At safepoint: 3216 ns, Total: 122696 ns
[2024-05-02T21:18:51.487+0000][7][safepoint   ] Safepoint "Cleanup", Time since last: 29648482250 ns, Reaching safepoint: 171943 ns, At safepoint: 3397 ns, Total: 175340 ns
[2024-05-02T21:19:14.495+0000][7][safepoint   ] Safepoint "Cleanup", Time since last: 23007533640 ns, Reaching safepoint: 142587 ns, At safepoint: 5160 ns, Total: 147747 ns
