[2024-04-20T15:24:09.372+0000][7][gc] Using G1
[2024-04-20T15:24:09.506+0000][7][gc,init] Version: 15.0.1+9 (release)
[2024-04-20T15:24:09.506+0000][7][gc,init] CPUs: 4 total, 4 available
[2024-04-20T15:24:09.506+0000][7][gc,init] Memory: 7942M
[2024-04-20T15:24:09.506+0000][7][gc,init] Large Page Support: Disabled
[2024-04-20T15:24:09.506+0000][7][gc,init] NUMA Support: Disabled
[2024-04-20T15:24:09.506+0000][7][gc,init] Compressed Oops: Enabled (32-bit)
[2024-04-20T15:24:09.506+0000][7][gc,init] Heap Region Size: 4M
[2024-04-20T15:24:09.506+0000][7][gc,init] Heap Min Capacity: 256M
[2024-04-20T15:24:09.506+0000][7][gc,init] Heap Initial Capacity: 256M
[2024-04-20T15:24:09.506+0000][7][gc,init] Heap Max Capacity: 256M
[2024-04-20T15:24:09.506+0000][7][gc,init] Pre-touch: Enabled
[2024-04-20T15:24:09.506+0000][7][gc,init] Parallel Workers: 4
[2024-04-20T15:24:09.506+0000][7][gc,init] Concurrent Workers: 1
[2024-04-20T15:24:09.506+0000][7][gc,init] Concurrent Refinement Workers: 4
[2024-04-20T15:24:09.506+0000][7][gc,init] Periodic GC: Disabled
[2024-04-20T15:24:09.506+0000][7][gc,cds ] Mark closed archive regions in map: [0x00000000ffc00000, 0x00000000ffc7bff8]
[2024-04-20T15:24:09.506+0000][7][gc,cds ] Mark open archive regions in map: [0x00000000ffb00000, 0x00000000ffb51ff8]
[2024-04-20T15:24:09.507+0000][7][gc,metaspace] CDS archive(s) mapped at: [0x0000000800000000-0x0000000800b2a000-0x0000000800b2a000), size 11706368, SharedBaseAddress: 0x0000000800000000, ArchiveRelocationMode: 0.
[2024-04-20T15:24:09.507+0000][7][gc,metaspace] Compressed class space mapped at: 0x0000000800b2c000-0x0000000840b2c000, size: 1073741824
[2024-04-20T15:24:09.507+0000][7][gc,metaspace] Narrow klass base: 0x0000000800000000, Narrow klass shift: 3, Narrow klass range: 0x100000000
[2024-04-20T15:24:10.560+0000][7][gc,start    ] GC(0) Pause Young (Normal) (G1 Evacuation Pause)
[2024-04-20T15:24:10.560+0000][7][gc,task     ] GC(0) Using 4 workers of 4 for evacuation
[2024-04-20T15:24:10.560+0000][7][gc,age      ] GC(0) Desired survivor size 2097152 bytes, new threshold 15 (max threshold 15)
[2024-04-20T15:24:10.574+0000][7][gc,age      ] GC(0) Age table with threshold 15 (max threshold 15)
[2024-04-20T15:24:10.574+0000][7][gc,age      ] GC(0) - age   1:    2960208 bytes,    2960208 total
[2024-04-20T15:24:10.574+0000][7][gc,phases   ] GC(0)   Pre Evacuate Collection Set: 0.0ms
[2024-04-20T15:24:10.574+0000][7][gc,phases   ] GC(0)   Merge Heap Roots: 0.0ms
[2024-04-20T15:24:10.574+0000][7][gc,phases   ] GC(0)   Evacuate Collection Set: 13.9ms
[2024-04-20T15:24:10.574+0000][7][gc,phases   ] GC(0)   Post Evacuate Collection Set: 0.3ms
[2024-04-20T15:24:10.574+0000][7][gc,phases   ] GC(0)   Other: 0.5ms
[2024-04-20T15:24:10.574+0000][7][gc,heap     ] GC(0) Eden regions: 3->0(2)
[2024-04-20T15:24:10.574+0000][7][gc,heap     ] GC(0) Survivor regions: 0->1(1)
[2024-04-20T15:24:10.574+0000][7][gc,heap     ] GC(0) Old regions: 0->0
[2024-04-20T15:24:10.574+0000][7][gc,heap     ] GC(0) Archive regions: 2->2
[2024-04-20T15:24:10.574+0000][7][gc,heap     ] GC(0) Humongous regions: 0->0
[2024-04-20T15:24:10.574+0000][7][gc,metaspace] GC(0) Metaspace: 3593K(6528K)->3593K(6528K) NonClass: 3240K(5888K)->3240K(5888K) Class: 352K(640K)->352K(640K)
[2024-04-20T15:24:10.574+0000][7][gc          ] GC(0) Pause Young (Normal) (G1 Evacuation Pause) 15M->6M(256M) 14.745ms
[2024-04-20T15:24:10.574+0000][7][gc,cpu      ] GC(0) User=0.01s Sys=0.00s Real=0.01s
[2024-04-20T15:24:10.574+0000][7][safepoint   ] Safepoint "G1CollectForAllocation", Time since last: 1027149078 ns, Reaching safepoint: 5132894 ns, At safepoint: 14854140 ns, Total: 19987034 ns
[2024-04-20T15:24:11.338+0000][7][safepoint   ] Safepoint "ICBufferFull", Time since last: 754241248 ns, Reaching safepoint: 9347743 ns, At safepoint: 38563 ns, Total: 9386306 ns
[2024-04-20T15:24:11.348+0000][7][gc,start    ] GC(1) Pause Young (Normal) (G1 Evacuation Pause)
[2024-04-20T15:24:11.348+0000][7][gc,task     ] GC(1) Using 4 workers of 4 for evacuation
[2024-04-20T15:24:11.348+0000][7][gc,age      ] GC(1) Desired survivor size 2097152 bytes, new threshold 1 (max threshold 15)
[2024-04-20T15:24:11.360+0000][7][gc,age      ] GC(1) Age table with threshold 1 (max threshold 15)
[2024-04-20T15:24:11.360+0000][7][gc,age      ] GC(1) - age   1:     875704 bytes,     875704 total
[2024-04-20T15:24:11.360+0000][7][gc,phases   ] GC(1)   Pre Evacuate Collection Set: 0.0ms
[2024-04-20T15:24:11.360+0000][7][gc,phases   ] GC(1)   Merge Heap Roots: 0.0ms
[2024-04-20T15:24:11.360+0000][7][gc,phases   ] GC(1)   Evacuate Collection Set: 10.4ms
[2024-04-20T15:24:11.360+0000][7][gc,phases   ] GC(1)   Post Evacuate Collection Set: 1.6ms
[2024-04-20T15:24:11.360+0000][7][gc,phases   ] GC(1)   Other: 0.2ms
[2024-04-20T15:24:11.360+0000][7][gc,heap     ] GC(1) Eden regions: 2->0(6)
[2024-04-20T15:24:11.360+0000][7][gc,heap     ] GC(1) Survivor regions: 1->1(1)
[2024-04-20T15:24:11.360+0000][7][gc,heap     ] GC(1) Old regions: 0->1
[2024-04-20T15:24:11.360+0000][7][gc,heap     ] GC(1) Archive regions: 2->2
[2024-04-20T15:24:11.360+0000][7][gc,heap     ] GC(1) Humongous regions: 0->0
[2024-04-20T15:24:11.360+0000][7][gc,metaspace] GC(1) Metaspace: 6815K(8960K)->6815K(8960K) NonClass: 6063K(7936K)->6063K(7936K) Class: 752K(1024K)->752K(1024K)
[2024-04-20T15:24:11.360+0000][7][gc          ] GC(1) Pause Young (Normal) (G1 Evacuation Pause) 14M->7M(256M) 12.309ms
[2024-04-20T15:24:11.360+0000][7][gc,cpu      ] GC(1) User=0.00s Sys=0.00s Real=0.02s
[2024-04-20T15:24:11.360+0000][7][safepoint   ] Safepoint "G1CollectForAllocation", Time since last: 9468358 ns, Reaching safepoint: 91201 ns, At safepoint: 12396408 ns, Total: 12487609 ns
[2024-04-20T15:24:12.364+0000][7][safepoint   ] Safepoint "Cleanup", Time since last: 1003666927 ns, Reaching safepoint: 528469 ns, At safepoint: 2906 ns, Total: 531375 ns
[2024-04-20T15:24:13.391+0000][7][safepoint   ] Safepoint "Cleanup", Time since last: 1013957227 ns, Reaching safepoint: 12395146 ns, At safepoint: 35817 ns, Total: 12430963 ns
[2024-04-20T15:24:13.451+0000][7][gc,start    ] GC(2) Pause Young (Normal) (G1 Evacuation Pause)
[2024-04-20T15:24:13.451+0000][7][gc,task     ] GC(2) Using 4 workers of 4 for evacuation
[2024-04-20T15:24:13.451+0000][7][gc,age      ] GC(2) Desired survivor size 2097152 bytes, new threshold 15 (max threshold 15)
[2024-04-20T15:24:13.498+0000][7][gc,age      ] GC(2) Age table with threshold 15 (max threshold 15)
[2024-04-20T15:24:13.498+0000][7][gc,age      ] GC(2) - age   1:    2328968 bytes,    2328968 total
[2024-04-20T15:24:13.498+0000][7][gc,age      ] GC(2) - age   2:     826904 bytes,    3155872 total
[2024-04-20T15:24:13.498+0000][7][gc,phases   ] GC(2)   Pre Evacuate Collection Set: 0.2ms
[2024-04-20T15:24:13.498+0000][7][gc,phases   ] GC(2)   Merge Heap Roots: 4.0ms
[2024-04-20T15:24:13.498+0000][7][gc,phases   ] GC(2)   Evacuate Collection Set: 38.5ms
[2024-04-20T15:24:13.498+0000][7][gc,phases   ] GC(2)   Post Evacuate Collection Set: 4.1ms
[2024-04-20T15:24:13.498+0000][7][gc,phases   ] GC(2)   Other: 0.2ms
[2024-04-20T15:24:13.498+0000][7][gc,heap     ] GC(2) Eden regions: 6->0(21)
[2024-04-20T15:24:13.498+0000][7][gc,heap     ] GC(2) Survivor regions: 1->1(1)
[2024-04-20T15:24:13.498+0000][7][gc,heap     ] GC(2) Old regions: 1->1
[2024-04-20T15:24:13.498+0000][7][gc,heap     ] GC(2) Archive regions: 2->2
[2024-04-20T15:24:13.498+0000][7][gc,heap     ] GC(2) Humongous regions: 0->0
[2024-04-20T15:24:13.498+0000][7][gc,metaspace] GC(2) Metaspace: 11788K(12288K)->11788K(12288K) NonClass: 10377K(10752K)->10377K(10752K) Class: 1411K(1536K)->1411K(1536K)
[2024-04-20T15:24:13.498+0000][7][gc          ] GC(2) Pause Young (Normal) (G1 Evacuation Pause) 31M->9M(256M) 46.984ms
[2024-04-20T15:24:13.498+0000][7][gc,cpu      ] GC(2) User=0.02s Sys=0.00s Real=0.04s
[2024-04-20T15:24:13.498+0000][7][safepoint   ] Safepoint "G1CollectForAllocation", Time since last: 60087143 ns, Reaching safepoint: 115396 ns, At safepoint: 47152725 ns, Total: 47268121 ns
[2024-04-20T15:24:15.033+0000][7][safepoint   ] Safepoint "Cleanup", Time since last: 1534990951 ns, Reaching safepoint: 200055 ns, At safepoint: 18093 ns, Total: 218148 ns
[2024-04-20T15:24:16.044+0000][7][safepoint   ] Safepoint "Cleanup", Time since last: 1009912381 ns, Reaching safepoint: 1448843 ns, At safepoint: 7534 ns, Total: 1456377 ns
[2024-04-20T15:24:16.597+0000][7][safepoint   ] Safepoint "ICBufferFull", Time since last: 549862005 ns, Reaching safepoint: 2994948 ns, At safepoint: 29174 ns, Total: 3024122 ns
[2024-04-20T15:24:16.633+0000][7][safepoint   ] Safepoint "ICBufferFull", Time since last: 35044138 ns, Reaching safepoint: 105968 ns, At safepoint: 17283 ns, Total: 123251 ns
[2024-04-20T15:24:16.654+0000][7][safepoint   ] Safepoint "ICBufferFull", Time since last: 2271864 ns, Reaching safepoint: 18986890 ns, At safepoint: 31930 ns, Total: 19018820 ns
[2024-04-20T15:24:16.674+0000][7][safepoint   ] Safepoint "ICBufferFull", Time since last: 14608374 ns, Reaching safepoint: 5701315 ns, At safepoint: 38352 ns, Total: 5739667 ns
[2024-04-20T15:24:16.688+0000][7][safepoint   ] Safepoint "ICBufferFull", Time since last: 13327263 ns, Reaching safepoint: 165510 ns, At safepoint: 16371 ns, Total: 181881 ns
[2024-04-20T15:24:16.701+0000][7][safepoint   ] Safepoint "ICBufferFull", Time since last: 12697154 ns, Reaching safepoint: 360465 ns, At safepoint: 15479 ns, Total: 375944 ns
[2024-04-20T15:24:16.721+0000][7][safepoint   ] Safepoint "ICBufferFull", Time since last: 4156994 ns, Reaching safepoint: 16051676 ns, At safepoint: 19186 ns, Total: 16070862 ns
[2024-04-20T15:24:16.723+0000][7][safepoint   ] Safepoint "ICBufferFull", Time since last: 2042655 ns, Reaching safepoint: 67126 ns, At safepoint: 12543 ns, Total: 79669 ns
[2024-04-20T15:24:16.725+0000][7][safepoint   ] Safepoint "ICBufferFull", Time since last: 1831850 ns, Reaching safepoint: 59121 ns, At safepoint: 12293 ns, Total: 71414 ns
[2024-04-20T15:24:16.774+0000][7][safepoint   ] Safepoint "ICBufferFull", Time since last: 48790669 ns, Reaching safepoint: 127750 ns, At safepoint: 19276 ns, Total: 147026 ns
[2024-04-20T15:24:16.802+0000][7][safepoint   ] Safepoint "ICBufferFull", Time since last: 28391653 ns, Reaching safepoint: 75111 ns, At safepoint: 3837 ns, Total: 78948 ns
[2024-04-20T15:24:16.819+0000][7][safepoint   ] Safepoint "ICBufferFull", Time since last: 11419111 ns, Reaching safepoint: 5200026 ns, At safepoint: 22272 ns, Total: 5222298 ns
[2024-04-20T15:24:16.853+0000][7][safepoint   ] Safepoint "ICBufferFull", Time since last: 34194555 ns, Reaching safepoint: 130374 ns, At safepoint: 14127 ns, Total: 144501 ns
[2024-04-20T15:24:16.880+0000][7][safepoint   ] Safepoint "ICBufferFull", Time since last: 26152487 ns, Reaching safepoint: 76853 ns, At safepoint: 3076 ns, Total: 79929 ns
[2024-04-20T15:24:16.882+0000][7][safepoint   ] Safepoint "ICBufferFull", Time since last: 2398381 ns, Reaching safepoint: 49032 ns, At safepoint: 1653 ns, Total: 50685 ns
[2024-04-20T15:24:16.893+0000][7][safepoint   ] Safepoint "ICBufferFull", Time since last: 4081432 ns, Reaching safepoint: 6780906 ns, At safepoint: 19847 ns, Total: 6800753 ns
[2024-04-20T15:24:16.895+0000][7][safepoint   ] Safepoint "ICBufferFull", Time since last: 2262947 ns, Reaching safepoint: 188115 ns, At safepoint: 8446 ns, Total: 196561 ns
[2024-04-20T15:24:16.902+0000][7][safepoint   ] Safepoint "ICBufferFull", Time since last: 2676662 ns, Reaching safepoint: 3903709 ns, At safepoint: 7574 ns, Total: 3911283 ns
[2024-04-20T15:24:16.921+0000][7][safepoint   ] Safepoint "ICBufferFull", Time since last: 15940388 ns, Reaching safepoint: 3129811 ns, At safepoint: 17322 ns, Total: 3147133 ns
[2024-04-20T15:24:16.922+0000][7][safepoint   ] Safepoint "ICBufferFull", Time since last: 672940 ns, Reaching safepoint: 58089 ns, At safepoint: 1813 ns, Total: 59902 ns
[2024-04-20T15:24:16.922+0000][7][safepoint   ] Safepoint "ICBufferFull", Time since last: 514644 ns, Reaching safepoint: 78807 ns, At safepoint: 14087 ns, Total: 92894 ns
[2024-04-20T15:24:16.932+0000][7][safepoint   ] Safepoint "ICBufferFull", Time since last: 489646 ns, Reaching safepoint: 8545731 ns, At safepoint: 60874 ns, Total: 8606605 ns
[2024-04-20T15:24:16.934+0000][7][safepoint   ] Safepoint "ICBufferFull", Time since last: 876201 ns, Reaching safepoint: 1659727 ns, At safepoint: 19256 ns, Total: 1678983 ns
[2024-04-20T15:24:16.942+0000][7][safepoint   ] Safepoint "ICBufferFull", Time since last: 5484690 ns, Reaching safepoint: 2502345 ns, At safepoint: 56025 ns, Total: 2558370 ns
[2024-04-20T15:24:16.961+0000][7][safepoint   ] Safepoint "ICBufferFull", Time since last: 656620 ns, Reaching safepoint: 18359497 ns, At safepoint: 195476 ns, Total: 18554973 ns
[2024-04-20T15:24:16.962+0000][7][safepoint   ] Safepoint "ICBufferFull", Time since last: 833932 ns, Reaching safepoint: 130605 ns, At safepoint: 14096 ns, Total: 144701 ns
[2024-04-20T15:24:16.982+0000][7][safepoint   ] Safepoint "ICBufferFull", Time since last: 537787 ns, Reaching safepoint: 19155377 ns, At safepoint: 49703 ns, Total: 19205080 ns
[2024-04-20T15:24:16.989+0000][7][safepoint   ] Safepoint "ICBufferFull", Time since last: 769210 ns, Reaching safepoint: 6327498 ns, At safepoint: 37460 ns, Total: 6364958 ns
[2024-04-20T15:24:16.990+0000][7][safepoint   ] Safepoint "ICBufferFull", Time since last: 923369 ns, Reaching safepoint: 85380 ns, At safepoint: 24957 ns, Total: 110337 ns
[2024-04-20T15:24:16.999+0000][7][safepoint   ] Safepoint "ICBufferFull", Time since last: 580457 ns, Reaching safepoint: 7741015 ns, At safepoint: 49192 ns, Total: 7790207 ns
[2024-04-20T15:24:17.001+0000][7][safepoint   ] Safepoint "ICBufferFull", Time since last: 693739 ns, Reaching safepoint: 1596118 ns, At safepoint: 33403 ns, Total: 1629521 ns
[2024-04-20T15:24:17.002+0000][7][safepoint   ] Safepoint "ICBufferFull", Time since last: 583502 ns, Reaching safepoint: 157916 ns, At safepoint: 14527 ns, Total: 172443 ns
[2024-04-20T15:24:17.002+0000][7][safepoint   ] Safepoint "ICBufferFull", Time since last: 571109 ns, Reaching safepoint: 91702 ns, At safepoint: 11612 ns, Total: 103314 ns
[2024-04-20T15:24:17.003+0000][7][safepoint   ] Safepoint "ICBufferFull", Time since last: 489376 ns, Reaching safepoint: 101951 ns, At safepoint: 12744 ns, Total: 114695 ns
[2024-04-20T15:24:17.031+0000][7][safepoint   ] Safepoint "ICBufferFull", Time since last: 21146324 ns, Reaching safepoint: 7279060 ns, At safepoint: 42159 ns, Total: 7321219 ns
[2024-04-20T15:24:17.032+0000][7][safepoint   ] Safepoint "ICBufferFull", Time since last: 755936 ns, Reaching safepoint: 139350 ns, At safepoint: 23975 ns, Total: 163325 ns
[2024-04-20T15:24:17.065+0000][7][gc,start    ] GC(3) Pause Young (Normal) (G1 Evacuation Pause)
[2024-04-20T15:24:17.065+0000][7][gc,task     ] GC(3) Using 4 workers of 4 for evacuation
[2024-04-20T15:24:17.065+0000][7][gc,age      ] GC(3) Desired survivor size 6291456 bytes, new threshold 15 (max threshold 15)
[2024-04-20T15:24:17.126+0000][7][gc,age      ] GC(3) Age table with threshold 15 (max threshold 15)
[2024-04-20T15:24:17.126+0000][7][gc,age      ] GC(3) - age   1:    2862024 bytes,    2862024 total
[2024-04-20T15:24:17.126+0000][7][gc,age      ] GC(3) - age   2:    2149048 bytes,    5011072 total
[2024-04-20T15:24:17.126+0000][7][gc,age      ] GC(3) - age   3:     820992 bytes,    5832064 total
[2024-04-20T15:24:17.126+0000][7][gc,phases   ] GC(3)   Pre Evacuate Collection Set: 0.1ms
[2024-04-20T15:24:17.126+0000][7][gc,phases   ] GC(3)   Merge Heap Roots: 0.6ms
[2024-04-20T15:24:17.126+0000][7][gc,phases   ] GC(3)   Evacuate Collection Set: 48.3ms
[2024-04-20T15:24:17.126+0000][7][gc,phases   ] GC(3)   Post Evacuate Collection Set: 12.2ms
[2024-04-20T15:24:17.126+0000][7][gc,phases   ] GC(3)   Other: 0.2ms
[2024-04-20T15:24:17.126+0000][7][gc,heap     ] GC(3) Eden regions: 21->0(36)
[2024-04-20T15:24:17.126+0000][7][gc,heap     ] GC(3) Survivor regions: 1->2(3)
[2024-04-20T15:24:17.126+0000][7][gc,heap     ] GC(3) Old regions: 1->1
[2024-04-20T15:24:17.126+0000][7][gc,heap     ] GC(3) Archive regions: 2->2
[2024-04-20T15:24:17.126+0000][7][gc,heap     ] GC(3) Humongous regions: 0->0
[2024-04-20T15:24:17.127+0000][7][gc,metaspace] GC(3) Metaspace: 16190K(16768K)->16190K(16768K) NonClass: 14247K(14592K)->14247K(14592K) Class: 1942K(2176K)->1942K(2176K)
[2024-04-20T15:24:17.127+0000][7][gc          ] GC(3) Pause Young (Normal) (G1 Evacuation Pause) 93M->12M(256M) 61.429ms
[2024-04-20T15:24:17.127+0000][7][gc,cpu      ] GC(3) User=0.02s Sys=0.01s Real=0.06s
[2024-04-20T15:24:17.127+0000][7][safepoint   ] Safepoint "G1CollectForAllocation", Time since last: 29828333 ns, Reaching safepoint: 2886174 ns, At safepoint: 61501575 ns, Total: 64387749 ns
[2024-04-20T15:24:18.159+0000][7][safepoint   ] Safepoint "Cleanup", Time since last: 1032162043 ns, Reaching safepoint: 200666 ns, At safepoint: 2454 ns, Total: 203120 ns
[2024-04-20T15:24:18.799+0000][7][gc,start    ] GC(4) Pause Young (Normal) (G1 Evacuation Pause)
[2024-04-20T15:24:18.799+0000][7][gc,task     ] GC(4) Using 4 workers of 4 for evacuation
[2024-04-20T15:24:18.799+0000][7][gc,age      ] GC(4) Desired survivor size 10485760 bytes, new threshold 15 (max threshold 15)
[2024-04-20T15:24:18.830+0000][7][gc,age      ] GC(4) Age table with threshold 15 (max threshold 15)
[2024-04-20T15:24:18.830+0000][7][gc,age      ] GC(4) - age   1:    3284992 bytes,    3284992 total
[2024-04-20T15:24:18.830+0000][7][gc,age      ] GC(4) - age   2:    2811528 bytes,    6096520 total
[2024-04-20T15:24:18.830+0000][7][gc,age      ] GC(4) - age   3:    2149048 bytes,    8245568 total
[2024-04-20T15:24:18.830+0000][7][gc,age      ] GC(4) - age   4:     820992 bytes,    9066560 total
[2024-04-20T15:24:18.830+0000][7][gc,phases   ] GC(4)   Pre Evacuate Collection Set: 0.0ms
[2024-04-20T15:24:18.830+0000][7][gc,phases   ] GC(4)   Merge Heap Roots: 0.0ms
[2024-04-20T15:24:18.830+0000][7][gc,phases   ] GC(4)   Evacuate Collection Set: 30.5ms
[2024-04-20T15:24:18.830+0000][7][gc,phases   ] GC(4)   Post Evacuate Collection Set: 0.8ms
[2024-04-20T15:24:18.830+0000][7][gc,phases   ] GC(4)   Other: 0.2ms
[2024-04-20T15:24:18.830+0000][7][gc,heap     ] GC(4) Eden regions: 36->0(35)
[2024-04-20T15:24:18.830+0000][7][gc,heap     ] GC(4) Survivor regions: 2->3(5)
[2024-04-20T15:24:18.830+0000][7][gc,heap     ] GC(4) Old regions: 1->1
[2024-04-20T15:24:18.830+0000][7][gc,heap     ] GC(4) Archive regions: 2->2
[2024-04-20T15:24:18.830+0000][7][gc,heap     ] GC(4) Humongous regions: 0->0
[2024-04-20T15:24:18.830+0000][7][gc,metaspace] GC(4) Metaspace: 18042K(18816K)->18042K(18816K) NonClass: 15876K(16384K)->15876K(16384K) Class: 2166K(2432K)->2166K(2432K)
[2024-04-20T15:24:18.830+0000][7][gc          ] GC(4) Pause Young (Normal) (G1 Evacuation Pause) 156M->15M(256M) 31.731ms
[2024-04-20T15:24:18.830+0000][7][gc,cpu      ] GC(4) User=0.01s Sys=0.00s Real=0.03s
[2024-04-20T15:24:18.830+0000][7][safepoint   ] Safepoint "G1CollectForAllocation", Time since last: 620261823 ns, Reaching safepoint: 19284008 ns, At safepoint: 31866309 ns, Total: 51150317 ns
[2024-04-20T15:24:19.751+0000][7][gc,start    ] GC(5) Pause Young (Normal) (G1 Evacuation Pause)
[2024-04-20T15:24:19.751+0000][7][gc,task     ] GC(5) Using 4 workers of 4 for evacuation
[2024-04-20T15:24:19.751+0000][7][gc,age      ] GC(5) Desired survivor size 10485760 bytes, new threshold 15 (max threshold 15)
[2024-04-20T15:24:19.796+0000][7][gc,age      ] GC(5) Age table with threshold 15 (max threshold 15)
[2024-04-20T15:24:19.796+0000][7][gc,age      ] GC(5) - age   1:    1532520 bytes,    1532520 total
[2024-04-20T15:24:19.796+0000][7][gc,age      ] GC(5) - age   2:    3002680 bytes,    4535200 total
[2024-04-20T15:24:19.796+0000][7][gc,age      ] GC(5) - age   3:    2811448 bytes,    7346648 total
[2024-04-20T15:24:19.796+0000][7][gc,age      ] GC(5) - age   4:    2149048 bytes,    9495696 total
[2024-04-20T15:24:19.796+0000][7][gc,age      ] GC(5) - age   5:     820888 bytes,   10316584 total
[2024-04-20T15:24:19.796+0000][7][gc,phases   ] GC(5)   Pre Evacuate Collection Set: 0.0ms
[2024-04-20T15:24:19.796+0000][7][gc,phases   ] GC(5)   Merge Heap Roots: 0.0ms
[2024-04-20T15:24:19.796+0000][7][gc,phases   ] GC(5)   Evacuate Collection Set: 25.0ms
[2024-04-20T15:24:19.796+0000][7][gc,phases   ] GC(5)   Post Evacuate Collection Set: 19.2ms
[2024-04-20T15:24:19.796+0000][7][gc,phases   ] GC(5)   Other: 0.2ms
[2024-04-20T15:24:19.796+0000][7][gc,heap     ] GC(5) Eden regions: 35->0(35)
[2024-04-20T15:24:19.796+0000][7][gc,heap     ] GC(5) Survivor regions: 3->3(5)
[2024-04-20T15:24:19.796+0000][7][gc,heap     ] GC(5) Old regions: 1->1
[2024-04-20T15:24:19.796+0000][7][gc,heap     ] GC(5) Archive regions: 2->2
[2024-04-20T15:24:19.796+0000][7][gc,heap     ] GC(5) Humongous regions: 0->0
[2024-04-20T15:24:19.796+0000][7][gc,metaspace] GC(5) Metaspace: 18478K(19328K)->18478K(19328K) NonClass: 16237K(16896K)->16237K(16896K) Class: 2240K(2432K)->2240K(2432K)
[2024-04-20T15:24:19.796+0000][7][gc          ] GC(5) Pause Young (Normal) (G1 Evacuation Pause) 155M->16M(256M) 44.632ms
[2024-04-20T15:24:19.796+0000][7][gc,cpu      ] GC(5) User=0.01s Sys=0.01s Real=0.04s
[2024-04-20T15:24:19.796+0000][7][safepoint   ] Safepoint "G1CollectForAllocation", Time since last: 913280784 ns, Reaching safepoint: 7640287 ns, At safepoint: 44745425 ns, Total: 52385712 ns
[2024-04-20T15:24:20.355+0000][7][gc,start    ] GC(6) Pause Young (Normal) (G1 Evacuation Pause)
[2024-04-20T15:24:20.355+0000][7][gc,task     ] GC(6) Using 4 workers of 4 for evacuation
[2024-04-20T15:24:20.355+0000][7][gc,age      ] GC(6) Desired survivor size 10485760 bytes, new threshold 15 (max threshold 15)
[2024-04-20T15:24:20.399+0000][7][gc,age      ] GC(6) Age table with threshold 15 (max threshold 15)
[2024-04-20T15:24:20.399+0000][7][gc,age      ] GC(6) - age   1:    2102248 bytes,    2102248 total
[2024-04-20T15:24:20.399+0000][7][gc,age      ] GC(6) - age   2:    1178984 bytes,    3281232 total
[2024-04-20T15:24:20.399+0000][7][gc,age      ] GC(6) - age   3:    3002152 bytes,    6283384 total
[2024-04-20T15:24:20.399+0000][7][gc,age      ] GC(6) - age   4:    2810984 bytes,    9094368 total
[2024-04-20T15:24:20.399+0000][7][gc,age      ] GC(6) - age   5:    2149048 bytes,   11243416 total
[2024-04-20T15:24:20.399+0000][7][gc,age      ] GC(6) - age   6:     820888 bytes,   12064304 total
[2024-04-20T15:24:20.399+0000][7][gc,phases   ] GC(6)   Pre Evacuate Collection Set: 0.0ms
[2024-04-20T15:24:20.399+0000][7][gc,phases   ] GC(6)   Merge Heap Roots: 0.0ms
[2024-04-20T15:24:20.399+0000][7][gc,phases   ] GC(6)   Evacuate Collection Set: 43.3ms
[2024-04-20T15:24:20.399+0000][7][gc,phases   ] GC(6)   Post Evacuate Collection Set: 0.8ms
[2024-04-20T15:24:20.399+0000][7][gc,phases   ] GC(6)   Other: 0.2ms
[2024-04-20T15:24:20.399+0000][7][gc,heap     ] GC(6) Eden regions: 35->0(35)
[2024-04-20T15:24:20.399+0000][7][gc,heap     ] GC(6) Survivor regions: 3->3(5)
[2024-04-20T15:24:20.399+0000][7][gc,heap     ] GC(6) Old regions: 1->1
[2024-04-20T15:24:20.399+0000][7][gc,heap     ] GC(6) Archive regions: 2->2
[2024-04-20T15:24:20.399+0000][7][gc,heap     ] GC(6) Humongous regions: 0->0
[2024-04-20T15:24:20.399+0000][7][gc,metaspace] GC(6) Metaspace: 18739K(19712K)->18739K(19712K) NonClass: 16473K(17152K)->16473K(17152K) Class: 2266K(2560K)->2266K(2560K)
[2024-04-20T15:24:20.400+0000][7][gc          ] GC(6) Pause Young (Normal) (G1 Evacuation Pause) 156M->18M(256M) 44.366ms
[2024-04-20T15:24:20.400+0000][7][gc,cpu      ] GC(6) User=0.02s Sys=0.01s Real=0.05s
[2024-04-20T15:24:20.400+0000][7][safepoint   ] Safepoint "G1CollectForAllocation", Time since last: 558982716 ns, Reaching safepoint: 116027 ns, At safepoint: 44439314 ns, Total: 44555341 ns
[2024-04-20T15:24:21.035+0000][7][gc,start    ] GC(7) Pause Young (Normal) (G1 Evacuation Pause)
[2024-04-20T15:24:21.035+0000][7][gc,task     ] GC(7) Using 4 workers of 4 for evacuation
[2024-04-20T15:24:21.035+0000][7][gc,age      ] GC(7) Desired survivor size 10485760 bytes, new threshold 5 (max threshold 15)
[2024-04-20T15:24:21.061+0000][7][gc,age      ] GC(7) Age table with threshold 5 (max threshold 15)
[2024-04-20T15:24:21.061+0000][7][gc,age      ] GC(7) - age   1:    1759816 bytes,    1759816 total
[2024-04-20T15:24:21.061+0000][7][gc,age      ] GC(7) - age   2:    1507528 bytes,    3267344 total
[2024-04-20T15:24:21.061+0000][7][gc,age      ] GC(7) - age   3:    1178864 bytes,    4446208 total
[2024-04-20T15:24:21.061+0000][7][gc,age      ] GC(7) - age   4:    3002152 bytes,    7448360 total
[2024-04-20T15:24:21.061+0000][7][gc,age      ] GC(7) - age   5:    2810984 bytes,   10259344 total
[2024-04-20T15:24:21.061+0000][7][gc,phases   ] GC(7)   Pre Evacuate Collection Set: 0.1ms
[2024-04-20T15:24:21.061+0000][7][gc,phases   ] GC(7)   Merge Heap Roots: 0.1ms
[2024-04-20T15:24:21.061+0000][7][gc,phases   ] GC(7)   Evacuate Collection Set: 25.1ms
[2024-04-20T15:24:21.061+0000][7][gc,phases   ] GC(7)   Post Evacuate Collection Set: 0.9ms
[2024-04-20T15:24:21.061+0000][7][gc,phases   ] GC(7)   Other: 0.2ms
[2024-04-20T15:24:21.061+0000][7][gc,heap     ] GC(7) Eden regions: 35->0(35)
[2024-04-20T15:24:21.061+0000][7][gc,heap     ] GC(7) Survivor regions: 3->3(5)
[2024-04-20T15:24:21.061+0000][7][gc,heap     ] GC(7) Old regions: 1->2
[2024-04-20T15:24:21.061+0000][7][gc,heap     ] GC(7) Archive regions: 2->2
[2024-04-20T15:24:21.061+0000][7][gc,heap     ] GC(7) Humongous regions: 0->0
[2024-04-20T15:24:21.061+0000][7][gc,metaspace] GC(7) Metaspace: 18976K(19968K)->18976K(19968K) NonClass: 16685K(17408K)->16685K(17408K) Class: 2291K(2560K)->2291K(2560K)
[2024-04-20T15:24:21.061+0000][7][gc          ] GC(7) Pause Young (Normal) (G1 Evacuation Pause) 158M->19M(256M) 26.472ms
[2024-04-20T15:24:21.061+0000][7][gc,cpu      ] GC(7) User=0.00s Sys=0.01s Real=0.03s
[2024-04-20T15:24:21.062+0000][7][safepoint   ] Safepoint "G1CollectForAllocation", Time since last: 634078876 ns, Reaching safepoint: 1299193 ns, At safepoint: 27554107 ns, Total: 28853300 ns
[2024-04-20T15:24:21.558+0000][7][gc,start    ] GC(8) Pause Young (Normal) (G1 Evacuation Pause)
[2024-04-20T15:24:21.558+0000][7][gc,task     ] GC(8) Using 4 workers of 4 for evacuation
[2024-04-20T15:24:21.558+0000][7][gc,age      ] GC(8) Desired survivor size 10485760 bytes, new threshold 15 (max threshold 15)
[2024-04-20T15:24:21.574+0000][7][gc,age      ] GC(8) Age table with threshold 15 (max threshold 15)
[2024-04-20T15:24:21.574+0000][7][gc,age      ] GC(8) - age   1:     869072 bytes,     869072 total
[2024-04-20T15:24:21.574+0000][7][gc,age      ] GC(8) - age   2:     406824 bytes,    1275896 total
[2024-04-20T15:24:21.574+0000][7][gc,age      ] GC(8) - age   3:    1507008 bytes,    2782904 total
[2024-04-20T15:24:21.574+0000][7][gc,age      ] GC(8) - age   4:    1178544 bytes,    3961448 total
[2024-04-20T15:24:21.574+0000][7][gc,age      ] GC(8) - age   5:    2998136 bytes,    6959584 total
[2024-04-20T15:24:21.574+0000][7][gc,age      ] GC(8) - age   6:    2810984 bytes,    9770568 total
[2024-04-20T15:24:21.574+0000][7][gc,phases   ] GC(8)   Pre Evacuate Collection Set: 0.0ms
[2024-04-20T15:24:21.574+0000][7][gc,phases   ] GC(8)   Merge Heap Roots: 0.0ms
[2024-04-20T15:24:21.574+0000][7][gc,phases   ] GC(8)   Evacuate Collection Set: 15.0ms
[2024-04-20T15:24:21.574+0000][7][gc,phases   ] GC(8)   Post Evacuate Collection Set: 0.6ms
[2024-04-20T15:24:21.574+0000][7][gc,phases   ] GC(8)   Other: 0.2ms
[2024-04-20T15:24:21.574+0000][7][gc,heap     ] GC(8) Eden regions: 35->0(35)
[2024-04-20T15:24:21.574+0000][7][gc,heap     ] GC(8) Survivor regions: 3->3(5)
[2024-04-20T15:24:21.574+0000][7][gc,heap     ] GC(8) Old regions: 2->2
[2024-04-20T15:24:21.574+0000][7][gc,heap     ] GC(8) Archive regions: 2->2
[2024-04-20T15:24:21.574+0000][7][gc,heap     ] GC(8) Humongous regions: 0->0
[2024-04-20T15:24:21.574+0000][7][gc,metaspace] GC(8) Metaspace: 19154K(20224K)->19154K(20224K) NonClass: 16830K(17664K)->16830K(17664K) Class: 2323K(2560K)->2323K(2560K)
[2024-04-20T15:24:21.574+0000][7][gc          ] GC(8) Pause Young (Normal) (G1 Evacuation Pause) 159M->19M(256M) 15.917ms
[2024-04-20T15:24:21.574+0000][7][gc,cpu      ] GC(8) User=0.01s Sys=0.00s Real=0.02s
[2024-04-20T15:24:21.574+0000][7][safepoint   ] Safepoint "G1CollectForAllocation", Time since last: 495532642 ns, Reaching safepoint: 117901 ns, At safepoint: 15995433 ns, Total: 16113334 ns
[2024-04-20T15:24:22.129+0000][7][gc,start    ] GC(9) Pause Young (Normal) (G1 Evacuation Pause)
[2024-04-20T15:24:22.129+0000][7][gc,task     ] GC(9) Using 4 workers of 4 for evacuation
[2024-04-20T15:24:22.129+0000][7][gc,age      ] GC(9) Desired survivor size 10485760 bytes, new threshold 15 (max threshold 15)
[2024-04-20T15:24:22.136+0000][7][gc,age      ] GC(9) Age table with threshold 15 (max threshold 15)
[2024-04-20T15:24:22.136+0000][7][gc,age      ] GC(9) - age   1:     323880 bytes,     323880 total
[2024-04-20T15:24:22.136+0000][7][gc,age      ] GC(9) - age   2:     271832 bytes,     595712 total
[2024-04-20T15:24:22.136+0000][7][gc,age      ] GC(9) - age   3:     406824 bytes,    1002536 total
[2024-04-20T15:24:22.136+0000][7][gc,age      ] GC(9) - age   4:    1507008 bytes,    2509544 total
[2024-04-20T15:24:22.136+0000][7][gc,age      ] GC(9) - age   5:    1177872 bytes,    3687416 total
[2024-04-20T15:24:22.136+0000][7][gc,age      ] GC(9) - age   6:    2997720 bytes,    6685136 total
[2024-04-20T15:24:22.136+0000][7][gc,age      ] GC(9) - age   7:    2810984 bytes,    9496120 total
[2024-04-20T15:24:22.136+0000][7][gc,phases   ] GC(9)   Pre Evacuate Collection Set: 0.1ms
[2024-04-20T15:24:22.136+0000][7][gc,phases   ] GC(9)   Merge Heap Roots: 0.0ms
[2024-04-20T15:24:22.136+0000][7][gc,phases   ] GC(9)   Evacuate Collection Set: 6.1ms
[2024-04-20T15:24:22.136+0000][7][gc,phases   ] GC(9)   Post Evacuate Collection Set: 0.5ms
[2024-04-20T15:24:22.136+0000][7][gc,phases   ] GC(9)   Other: 0.2ms
[2024-04-20T15:24:22.136+0000][7][gc,heap     ] GC(9) Eden regions: 35->0(35)
[2024-04-20T15:24:22.136+0000][7][gc,heap     ] GC(9) Survivor regions: 3->3(5)
[2024-04-20T15:24:22.136+0000][7][gc,heap     ] GC(9) Old regions: 2->2
[2024-04-20T15:24:22.136+0000][7][gc,heap     ] GC(9) Archive regions: 2->2
[2024-04-20T15:24:22.136+0000][7][gc,heap     ] GC(9) Humongous regions: 0->0
[2024-04-20T15:24:22.136+0000][7][gc,metaspace] GC(9) Metaspace: 19368K(20608K)->19368K(20608K) NonClass: 17005K(17920K)->17005K(17920K) Class: 2363K(2688K)->2363K(2688K)
[2024-04-20T15:24:22.136+0000][7][gc          ] GC(9) Pause Young (Normal) (G1 Evacuation Pause) 159M->19M(256M) 6.968ms
[2024-04-20T15:24:22.136+0000][7][gc,cpu      ] GC(9) User=0.00s Sys=0.01s Real=0.01s
[2024-04-20T15:24:22.136+0000][7][safepoint   ] Safepoint "G1CollectForAllocation", Time since last: 543804432 ns, Reaching safepoint: 11043469 ns, At safepoint: 7057665 ns, Total: 18101134 ns
[2024-04-20T15:24:22.353+0000][7][gc,start    ] GC(10) Pause Young (Normal) (G1 Evacuation Pause)
[2024-04-20T15:24:22.353+0000][7][gc,task     ] GC(10) Using 4 workers of 4 for evacuation
[2024-04-20T15:24:22.353+0000][7][gc,age      ] GC(10) Desired survivor size 10485760 bytes, new threshold 15 (max threshold 15)
[2024-04-20T15:24:22.411+0000][7][gc,age      ] GC(10) Age table with threshold 15 (max threshold 15)
[2024-04-20T15:24:22.411+0000][7][gc,age      ] GC(10) - age   1:    1741296 bytes,    1741296 total
[2024-04-20T15:24:22.411+0000][7][gc,age      ] GC(10) - age   2:     289520 bytes,    2030816 total
[2024-04-20T15:24:22.411+0000][7][gc,age      ] GC(10) - age   3:     271776 bytes,    2302592 total
[2024-04-20T15:24:22.411+0000][7][gc,age      ] GC(10) - age   4:     406824 bytes,    2709416 total
[2024-04-20T15:24:22.411+0000][7][gc,age      ] GC(10) - age   5:    1505968 bytes,    4215384 total
[2024-04-20T15:24:22.411+0000][7][gc,age      ] GC(10) - age   6:    1177872 bytes,    5393256 total
[2024-04-20T15:24:22.411+0000][7][gc,age      ] GC(10) - age   7:    2997616 bytes,    8390872 total
[2024-04-20T15:24:22.411+0000][7][gc,age      ] GC(10) - age   8:    2810808 bytes,   11201680 total
[2024-04-20T15:24:22.411+0000][7][gc,phases   ] GC(10)   Pre Evacuate Collection Set: 0.1ms
[2024-04-20T15:24:22.411+0000][7][gc,phases   ] GC(10)   Merge Heap Roots: 0.1ms
[2024-04-20T15:24:22.411+0000][7][gc,phases   ] GC(10)   Evacuate Collection Set: 56.4ms
[2024-04-20T15:24:22.411+0000][7][gc,phases   ] GC(10)   Post Evacuate Collection Set: 0.9ms
[2024-04-20T15:24:22.411+0000][7][gc,phases   ] GC(10)   Other: 0.2ms
[2024-04-20T15:24:22.411+0000][7][gc,heap     ] GC(10) Eden regions: 35->0(35)
[2024-04-20T15:24:22.411+0000][7][gc,heap     ] GC(10) Survivor regions: 3->3(5)
[2024-04-20T15:24:22.411+0000][7][gc,heap     ] GC(10) Old regions: 2->2
[2024-04-20T15:24:22.411+0000][7][gc,heap     ] GC(10) Archive regions: 2->2
[2024-04-20T15:24:22.411+0000][7][gc,heap     ] GC(10) Humongous regions: 0->0
[2024-04-20T15:24:22.411+0000][7][gc,metaspace] GC(10) Metaspace: 19548K(20864K)->19548K(20864K) NonClass: 17151K(18176K)->17151K(18176K) Class: 2396K(2688K)->2396K(2688K)
[2024-04-20T15:24:22.411+0000][7][gc          ] GC(10) Pause Young (Normal) (G1 Evacuation Pause) 159M->20M(256M) 57.788ms
[2024-04-20T15:24:22.411+0000][7][gc,cpu      ] GC(10) User=0.00s Sys=0.01s Real=0.06s
[2024-04-20T15:24:22.411+0000][7][safepoint   ] Safepoint "G1CollectForAllocation", Time since last: 202619476 ns, Reaching safepoint: 14550815 ns, At safepoint: 57886947 ns, Total: 72437762 ns
[2024-04-20T15:24:22.874+0000][7][gc,start    ] GC(11) Pause Young (Normal) (G1 Evacuation Pause)
[2024-04-20T15:24:22.875+0000][7][gc,task     ] GC(11) Using 4 workers of 4 for evacuation
[2024-04-20T15:24:22.875+0000][7][gc,age      ] GC(11) Desired survivor size 10485760 bytes, new threshold 8 (max threshold 15)
[2024-04-20T15:24:22.894+0000][7][gc,age      ] GC(11) Age table with threshold 8 (max threshold 15)
[2024-04-20T15:24:22.894+0000][7][gc,age      ] GC(11) - age   1:    1148600 bytes,    1148600 total
[2024-04-20T15:24:22.894+0000][7][gc,age      ] GC(11) - age   2:    1422096 bytes,    2570696 total
[2024-04-20T15:24:22.894+0000][7][gc,age      ] GC(11) - age   3:     287856 bytes,    2858552 total
[2024-04-20T15:24:22.894+0000][7][gc,age      ] GC(11) - age   4:     271712 bytes,    3130264 total
[2024-04-20T15:24:22.894+0000][7][gc,age      ] GC(11) - age   5:     406824 bytes,    3537088 total
[2024-04-20T15:24:22.894+0000][7][gc,age      ] GC(11) - age   6:    1505968 bytes,    5043056 total
[2024-04-20T15:24:22.894+0000][7][gc,age      ] GC(11) - age   7:    1177808 bytes,    6220864 total
[2024-04-20T15:24:22.894+0000][7][gc,age      ] GC(11) - age   8:    2997296 bytes,    9218160 total
[2024-04-20T15:24:22.894+0000][7][gc,phases   ] GC(11)   Pre Evacuate Collection Set: 0.0ms
[2024-04-20T15:24:22.894+0000][7][gc,phases   ] GC(11)   Merge Heap Roots: 0.0ms
[2024-04-20T15:24:22.894+0000][7][gc,phases   ] GC(11)   Evacuate Collection Set: 18.5ms
[2024-04-20T15:24:22.894+0000][7][gc,phases   ] GC(11)   Post Evacuate Collection Set: 0.6ms
[2024-04-20T15:24:22.894+0000][7][gc,phases   ] GC(11)   Other: 0.3ms
[2024-04-20T15:24:22.894+0000][7][gc,heap     ] GC(11) Eden regions: 35->0(35)
[2024-04-20T15:24:22.894+0000][7][gc,heap     ] GC(11) Survivor regions: 3->3(5)
[2024-04-20T15:24:22.894+0000][7][gc,heap     ] GC(11) Old regions: 2->3
[2024-04-20T15:24:22.894+0000][7][gc,heap     ] GC(11) Archive regions: 2->2
[2024-04-20T15:24:22.894+0000][7][gc,heap     ] GC(11) Humongous regions: 0->0
[2024-04-20T15:24:22.894+0000][7][gc,metaspace] GC(11) Metaspace: 19770K(21120K)->19770K(21120K) NonClass: 17340K(18432K)->17340K(18432K) Class: 2430K(2688K)->2430K(2688K)
[2024-04-20T15:24:22.894+0000][7][gc          ] GC(11) Pause Young (Normal) (G1 Evacuation Pause) 160M->21M(256M) 19.425ms
[2024-04-20T15:24:22.894+0000][7][gc,cpu      ] GC(11) User=0.02s Sys=0.00s Real=0.03s
[2024-04-20T15:24:22.894+0000][7][safepoint   ] Safepoint "G1CollectForAllocation", Time since last: 458506074 ns, Reaching safepoint: 4852246 ns, At safepoint: 19524030 ns, Total: 24376276 ns
[2024-04-20T15:24:23.290+0000][7][gc,start    ] GC(12) Pause Young (Normal) (G1 Evacuation Pause)
[2024-04-20T15:24:23.290+0000][7][gc,task     ] GC(12) Using 4 workers of 4 for evacuation
[2024-04-20T15:24:23.290+0000][7][gc,age      ] GC(12) Desired survivor size 10485760 bytes, new threshold 15 (max threshold 15)
[2024-04-20T15:24:23.314+0000][7][gc,age      ] GC(12) Age table with threshold 15 (max threshold 15)
[2024-04-20T15:24:23.314+0000][7][gc,age      ] GC(12) - age   1:    1117504 bytes,    1117504 total
[2024-04-20T15:24:23.314+0000][7][gc,age      ] GC(12) - age   2:     603720 bytes,    1721224 total
[2024-04-20T15:24:23.314+0000][7][gc,age      ] GC(12) - age   3:    1422096 bytes,    3143320 total
[2024-04-20T15:24:23.314+0000][7][gc,age      ] GC(12) - age   4:     287640 bytes,    3430960 total
[2024-04-20T15:24:23.314+0000][7][gc,age      ] GC(12) - age   5:     271168 bytes,    3702128 total
[2024-04-20T15:24:23.314+0000][7][gc,age      ] GC(12) - age   6:     406824 bytes,    4108952 total
[2024-04-20T15:24:23.314+0000][7][gc,age      ] GC(12) - age   7:    1505968 bytes,    5614920 total
[2024-04-20T15:24:23.314+0000][7][gc,age      ] GC(12) - age   8:    1177808 bytes,    6792728 total
[2024-04-20T15:24:23.314+0000][7][gc,age      ] GC(12) - age   9:    2997296 bytes,    9790024 total
[2024-04-20T15:24:23.314+0000][7][gc,phases   ] GC(12)   Pre Evacuate Collection Set: 0.0ms
[2024-04-20T15:24:23.314+0000][7][gc,phases   ] GC(12)   Merge Heap Roots: 0.0ms
[2024-04-20T15:24:23.314+0000][7][gc,phases   ] GC(12)   Evacuate Collection Set: 23.1ms
[2024-04-20T15:24:23.314+0000][7][gc,phases   ] GC(12)   Post Evacuate Collection Set: 0.6ms
[2024-04-20T15:24:23.314+0000][7][gc,phases   ] GC(12)   Other: 0.2ms
[2024-04-20T15:24:23.314+0000][7][gc,heap     ] GC(12) Eden regions: 35->0(35)
[2024-04-20T15:24:23.314+0000][7][gc,heap     ] GC(12) Survivor regions: 3->3(5)
[2024-04-20T15:24:23.314+0000][7][gc,heap     ] GC(12) Old regions: 3->3
[2024-04-20T15:24:23.314+0000][7][gc,heap     ] GC(12) Archive regions: 2->2
[2024-04-20T15:24:23.314+0000][7][gc,heap     ] GC(12) Humongous regions: 0->0
[2024-04-20T15:24:23.314+0000][7][gc,metaspace] GC(12) Metaspace: 19809K(21120K)->19809K(21120K) NonClass: 17371K(18432K)->17371K(18432K) Class: 2437K(2688K)->2437K(2688K)
[2024-04-20T15:24:23.314+0000][7][gc          ] GC(12) Pause Young (Normal) (G1 Evacuation Pause) 161M->21M(256M) 23.954ms
[2024-04-20T15:24:23.314+0000][7][gc,cpu      ] GC(12) User=0.01s Sys=0.00s Real=0.02s
[2024-04-20T15:24:23.317+0000][7][safepoint   ] Safepoint "G1CollectForAllocation", Time since last: 396066417 ns, Reaching safepoint: 239308 ns, At safepoint: 26873901 ns, Total: 27113209 ns
[2024-04-20T15:24:23.647+0000][7][gc,start    ] GC(13) Pause Young (Normal) (G1 Evacuation Pause)
[2024-04-20T15:24:23.647+0000][7][gc,task     ] GC(13) Using 4 workers of 4 for evacuation
[2024-04-20T15:24:23.647+0000][7][gc,age      ] GC(13) Desired survivor size 10485760 bytes, new threshold 15 (max threshold 15)
[2024-04-20T15:24:23.664+0000][7][gc,age      ] GC(13) Age table with threshold 15 (max threshold 15)
[2024-04-20T15:24:23.664+0000][7][gc,age      ] GC(13) - age   1:    2088608 bytes,    2088608 total
[2024-04-20T15:24:23.664+0000][7][gc,age      ] GC(13) - age   2:     525944 bytes,    2614552 total
[2024-04-20T15:24:23.664+0000][7][gc,age      ] GC(13) - age   3:     603720 bytes,    3218272 total
[2024-04-20T15:24:23.664+0000][7][gc,age      ] GC(13) - age   4:    1422096 bytes,    4640368 total
[2024-04-20T15:24:23.664+0000][7][gc,age      ] GC(13) - age   5:     287640 bytes,    4928008 total
[2024-04-20T15:24:23.664+0000][7][gc,age      ] GC(13) - age   6:     271168 bytes,    5199176 total
[2024-04-20T15:24:23.664+0000][7][gc,age      ] GC(13) - age   7:     406824 bytes,    5606000 total
[2024-04-20T15:24:23.664+0000][7][gc,age      ] GC(13) - age   8:    1505968 bytes,    7111968 total
[2024-04-20T15:24:23.664+0000][7][gc,age      ] GC(13) - age   9:    1177808 bytes,    8289776 total
[2024-04-20T15:24:23.664+0000][7][gc,age      ] GC(13) - age  10:    2997296 bytes,   11287072 total
[2024-04-20T15:24:23.664+0000][7][gc,phases   ] GC(13)   Pre Evacuate Collection Set: 0.0ms
[2024-04-20T15:24:23.664+0000][7][gc,phases   ] GC(13)   Merge Heap Roots: 0.0ms
[2024-04-20T15:24:23.664+0000][7][gc,phases   ] GC(13)   Evacuate Collection Set: 15.7ms
[2024-04-20T15:24:23.664+0000][7][gc,phases   ] GC(13)   Post Evacuate Collection Set: 1.3ms
[2024-04-20T15:24:23.664+0000][7][gc,phases   ] GC(13)   Other: 0.2ms
[2024-04-20T15:24:23.664+0000][7][gc,heap     ] GC(13) Eden regions: 35->0(35)
[2024-04-20T15:24:23.664+0000][7][gc,heap     ] GC(13) Survivor regions: 3->3(5)
[2024-04-20T15:24:23.664+0000][7][gc,heap     ] GC(13) Old regions: 3->3
[2024-04-20T15:24:23.664+0000][7][gc,heap     ] GC(13) Archive regions: 2->2
[2024-04-20T15:24:23.664+0000][7][gc,heap     ] GC(13) Humongous regions: 0->0
[2024-04-20T15:24:23.664+0000][7][gc,metaspace] GC(13) Metaspace: 19848K(21248K)->19848K(21248K) NonClass: 17402K(18432K)->17402K(18432K) Class: 2445K(2816K)->2445K(2816K)
[2024-04-20T15:24:23.664+0000][7][gc          ] GC(13) Pause Young (Normal) (G1 Evacuation Pause) 161M->23M(256M) 17.320ms
[2024-04-20T15:24:23.664+0000][7][gc,cpu      ] GC(13) User=0.01s Sys=0.00s Real=0.02s
[2024-04-20T15:24:23.664+0000][7][safepoint   ] Safepoint "G1CollectForAllocation", Time since last: 329670271 ns, Reaching safepoint: 118011 ns, At safepoint: 17394001 ns, Total: 17512012 ns
[2024-04-20T15:24:23.832+0000][7][gc,start    ] GC(14) Pause Young (Concurrent Start) (Metadata GC Threshold)
[2024-04-20T15:24:23.832+0000][7][gc,task     ] GC(14) Using 4 workers of 4 for evacuation
[2024-04-20T15:24:23.832+0000][7][gc,age      ] GC(14) Desired survivor size 10485760 bytes, new threshold 10 (max threshold 15)
[2024-04-20T15:24:23.843+0000][7][gc,age      ] GC(14) Age table with threshold 10 (max threshold 15)
[2024-04-20T15:24:23.843+0000][7][gc,age      ] GC(14) - age   1:     280176 bytes,     280176 total
[2024-04-20T15:24:23.843+0000][7][gc,age      ] GC(14) - age   2:     310864 bytes,     591040 total
[2024-04-20T15:24:23.843+0000][7][gc,age      ] GC(14) - age   3:     525944 bytes,    1116984 total
[2024-04-20T15:24:23.843+0000][7][gc,age      ] GC(14) - age   4:     603576 bytes,    1720560 total
[2024-04-20T15:24:23.843+0000][7][gc,age      ] GC(14) - age   5:    1422096 bytes,    3142656 total
[2024-04-20T15:24:23.843+0000][7][gc,age      ] GC(14) - age   6:     287496 bytes,    3430152 total
[2024-04-20T15:24:23.843+0000][7][gc,age      ] GC(14) - age   7:     271168 bytes,    3701320 total
[2024-04-20T15:24:23.843+0000][7][gc,age      ] GC(14) - age   8:     406680 bytes,    4108000 total
[2024-04-20T15:24:23.843+0000][7][gc,age      ] GC(14) - age   9:    1505672 bytes,    5613672 total
[2024-04-20T15:24:23.843+0000][7][gc,age      ] GC(14) - age  10:    1177520 bytes,    6791192 total
[2024-04-20T15:24:23.843+0000][7][gc,phases   ] GC(14)   Pre Evacuate Collection Set: 0.1ms
[2024-04-20T15:24:23.843+0000][7][gc,phases   ] GC(14)   Merge Heap Roots: 0.5ms
[2024-04-20T15:24:23.843+0000][7][gc,phases   ] GC(14)   Evacuate Collection Set: 9.3ms
[2024-04-20T15:24:23.843+0000][7][gc,phases   ] GC(14)   Post Evacuate Collection Set: 0.4ms
[2024-04-20T15:24:23.843+0000][7][gc,phases   ] GC(14)   Other: 0.2ms
[2024-04-20T15:24:23.843+0000][7][gc,heap     ] GC(14) Eden regions: 2->0(36)
[2024-04-20T15:24:23.843+0000][7][gc,heap     ] GC(14) Survivor regions: 3->2(5)
[2024-04-20T15:24:23.843+0000][7][gc,heap     ] GC(14) Old regions: 3->3
[2024-04-20T15:24:23.843+0000][7][gc,heap     ] GC(14) Archive regions: 2->2
[2024-04-20T15:24:23.843+0000][7][gc,heap     ] GC(14) Humongous regions: 0->0
[2024-04-20T15:24:23.843+0000][7][gc,metaspace] GC(14) Metaspace: 19944K(21248K)->19944K(21248K) NonClass: 17478K(18432K)->17478K(18432K) Class: 2465K(2816K)->2465K(2816K)
[2024-04-20T15:24:23.843+0000][7][gc          ] GC(14) Pause Young (Concurrent Start) (Metadata GC Threshold) 31M->22M(256M) 10.470ms
[2024-04-20T15:24:23.843+0000][7][gc,cpu      ] GC(14) User=0.00s Sys=0.01s Real=0.01s
[2024-04-20T15:24:23.843+0000][7][safepoint   ] Safepoint "CollectForMetadataAllocation", Time since last: 167890887 ns, Reaching safepoint: 80471 ns, At safepoint: 10741282 ns, Total: 10821753 ns
[2024-04-20T15:24:23.852+0000][7][gc          ] GC(15) Concurrent Cycle
[2024-04-20T15:24:23.852+0000][7][gc,marking  ] GC(15) Concurrent Clear Claimed Marks
[2024-04-20T15:24:23.852+0000][7][gc,marking  ] GC(15) Concurrent Clear Claimed Marks 0.040ms
[2024-04-20T15:24:23.852+0000][7][gc,marking  ] GC(15) Concurrent Scan Root Regions
[2024-04-20T15:24:23.861+0000][7][gc,marking  ] GC(15) Concurrent Scan Root Regions 8.548ms
[2024-04-20T15:24:23.861+0000][7][gc,marking  ] GC(15) Concurrent Mark (14.496s)
[2024-04-20T15:24:23.861+0000][7][gc,marking  ] GC(15) Concurrent Mark From Roots
[2024-04-20T15:24:23.861+0000][7][gc,task     ] GC(15) Using 1 workers of 1 for marking
[2024-04-20T15:24:23.884+0000][7][gc,marking  ] GC(15) Concurrent Mark From Roots 23.067ms
[2024-04-20T15:24:23.884+0000][7][gc,marking  ] GC(15) Concurrent Preclean
[2024-04-20T15:24:23.884+0000][7][gc,marking  ] GC(15) Concurrent Preclean 0.220ms
[2024-04-20T15:24:23.884+0000][7][gc,marking  ] GC(15) Concurrent Mark (14.496s, 14.520s) 23.348ms
[2024-04-20T15:24:23.886+0000][7][gc,start    ] GC(15) Pause Remark
[2024-04-20T15:24:23.893+0000][7][gc          ] GC(15) Pause Remark 24M->24M(256M) 7.365ms
[2024-04-20T15:24:23.893+0000][7][gc,cpu      ] GC(15) User=0.00s Sys=0.00s Real=0.01s
[2024-04-20T15:24:23.898+0000][7][safepoint   ] Safepoint "G1Concurrent", Time since last: 41216986 ns, Reaching safepoint: 1798345 ns, At safepoint: 11784902 ns, Total: 13583247 ns
[2024-04-20T15:24:23.898+0000][7][gc,marking  ] GC(15) Concurrent Rebuild Remembered Sets
[2024-04-20T15:24:23.913+0000][7][gc,marking  ] GC(15) Concurrent Rebuild Remembered Sets 15.379ms
[2024-04-20T15:24:23.916+0000][7][gc,start    ] GC(15) Pause Cleanup
[2024-04-20T15:24:23.921+0000][7][gc          ] GC(15) Pause Cleanup 26M->26M(256M) 5.433ms
[2024-04-20T15:24:23.921+0000][7][gc,cpu      ] GC(15) User=0.00s Sys=0.00s Real=0.01s
[2024-04-20T15:24:23.921+0000][7][safepoint   ] Safepoint "G1Concurrent", Time since last: 15495737 ns, Reaching safepoint: 2572848 ns, At safepoint: 5538110 ns, Total: 8110958 ns
[2024-04-20T15:24:23.921+0000][7][gc,marking  ] GC(15) Concurrent Cleanup for Next Mark
[2024-04-20T15:24:23.922+0000][7][gc,marking  ] GC(15) Concurrent Cleanup for Next Mark 0.494ms
[2024-04-20T15:24:23.922+0000][7][gc          ] GC(15) Concurrent Cycle 69.823ms
[2024-04-20T15:24:25.380+0000][7][safepoint   ] Safepoint "Cleanup", Time since last: 1457764630 ns, Reaching safepoint: 511598 ns, At safepoint: 2535 ns, Total: 514133 ns
[2024-04-20T15:24:26.367+0000][7][safepoint   ] Safepoint "ICBufferFull", Time since last: 983816167 ns, Reaching safepoint: 3248483 ns, At safepoint: 6712 ns, Total: 3255195 ns
[2024-04-20T15:24:27.268+0000][7][gc,start    ] GC(16) Pause Young (Normal) (G1 Evacuation Pause)
[2024-04-20T15:24:27.268+0000][7][gc,task     ] GC(16) Using 4 workers of 4 for evacuation
[2024-04-20T15:24:27.268+0000][7][gc,age      ] GC(16) Desired survivor size 10485760 bytes, new threshold 15 (max threshold 15)
[2024-04-20T15:24:27.360+0000][7][gc,age      ] GC(16) Age table with threshold 15 (max threshold 15)
[2024-04-20T15:24:27.360+0000][7][gc,age      ] GC(16) - age   1:   13857808 bytes,   13857808 total
[2024-04-20T15:24:27.360+0000][7][gc,age      ] GC(16) - age   2:     254432 bytes,   14112240 total
[2024-04-20T15:24:27.360+0000][7][gc,age      ] GC(16) - age   3:     308808 bytes,   14421048 total
[2024-04-20T15:24:27.360+0000][7][gc,age      ] GC(16) - age   4:     525792 bytes,   14946840 total
[2024-04-20T15:24:27.360+0000][7][gc,age      ] GC(16) - age   5:     600448 bytes,   15547288 total
[2024-04-20T15:24:27.360+0000][7][gc,age      ] GC(16) - age   6:    1420408 bytes,   16967696 total
[2024-04-20T15:24:27.360+0000][7][gc,age      ] GC(16) - age   7:     287008 bytes,   17254704 total
[2024-04-20T15:24:27.360+0000][7][gc,age      ] GC(16) - age   8:     263960 bytes,   17518664 total
[2024-04-20T15:24:27.360+0000][7][gc,age      ] GC(16) - age   9:     404280 bytes,   17922944 total
[2024-04-20T15:24:27.360+0000][7][gc,age      ] GC(16) - age  10:    1503032 bytes,   19425976 total
[2024-04-20T15:24:27.360+0000][7][gc,age      ] GC(16) - age  11:    1173912 bytes,   20599888 total
[2024-04-20T15:24:27.361+0000][7][gc,phases   ] GC(16)   Pre Evacuate Collection Set: 1.9ms
[2024-04-20T15:24:27.361+0000][7][gc,phases   ] GC(16)   Merge Heap Roots: 0.1ms
[2024-04-20T15:24:27.361+0000][7][gc,phases   ] GC(16)   Evacuate Collection Set: 79.7ms
[2024-04-20T15:24:27.361+0000][7][gc,phases   ] GC(16)   Post Evacuate Collection Set: 10.6ms
[2024-04-20T15:24:27.361+0000][7][gc,phases   ] GC(16)   Other: 0.4ms
[2024-04-20T15:24:27.361+0000][7][gc,heap     ] GC(16) Eden regions: 36->0(33)
[2024-04-20T15:24:27.361+0000][7][gc,heap     ] GC(16) Survivor regions: 2->5(5)
[2024-04-20T15:24:27.361+0000][7][gc,heap     ] GC(16) Old regions: 3->4
[2024-04-20T15:24:27.361+0000][7][gc,heap     ] GC(16) Archive regions: 2->2
[2024-04-20T15:24:27.361+0000][7][gc,heap     ] GC(16) Humongous regions: 0->0
[2024-04-20T15:24:27.361+0000][7][gc,metaspace] GC(16) Metaspace: 28994K(31104K)->28994K(31104K) NonClass: 25335K(26880K)->25335K(26880K) Class: 3658K(4224K)->3658K(4224K)
[2024-04-20T15:24:27.361+0000][7][gc          ] GC(16) Pause Young (Normal) (G1 Evacuation Pause) 166M->38M(256M) 92.723ms
[2024-04-20T15:24:27.361+0000][7][gc,cpu      ] GC(16) User=0.04s Sys=0.00s Real=0.10s
[2024-04-20T15:24:27.368+0000][7][safepoint   ] Safepoint "G1CollectForAllocation", Time since last: 896889646 ns, Reaching safepoint: 4213832 ns, At safepoint: 99684324 ns, Total: 103898156 ns
[2024-04-20T15:24:28.386+0000][7][safepoint   ] Safepoint "Cleanup", Time since last: 1000267819 ns, Reaching safepoint: 18194433 ns, At safepoint: 53721 ns, Total: 18248154 ns
[2024-04-20T15:24:29.371+0000][7][gc,start    ] GC(17) Pause Young (Normal) (G1 Evacuation Pause)
[2024-04-20T15:24:29.371+0000][7][gc,task     ] GC(17) Using 4 workers of 4 for evacuation
[2024-04-20T15:24:29.371+0000][7][gc,age      ] GC(17) Desired survivor size 10485760 bytes, new threshold 1 (max threshold 15)
[2024-04-20T15:24:29.450+0000][7][gc,age      ] GC(17) Age table with threshold 1 (max threshold 15)
[2024-04-20T15:24:29.450+0000][7][gc,age      ] GC(17) - age   1:   19012192 bytes,   19012192 total
[2024-04-20T15:24:29.450+0000][7][gc,phases   ] GC(17)   Pre Evacuate Collection Set: 2.0ms
[2024-04-20T15:24:29.450+0000][7][gc,phases   ] GC(17)   Merge Heap Roots: 6.2ms
[2024-04-20T15:24:29.450+0000][7][gc,phases   ] GC(17)   Evacuate Collection Set: 69.4ms
[2024-04-20T15:24:29.450+0000][7][gc,phases   ] GC(17)   Post Evacuate Collection Set: 1.0ms
[2024-04-20T15:24:29.450+0000][7][gc,phases   ] GC(17)   Other: 0.2ms
[2024-04-20T15:24:29.450+0000][7][gc,heap     ] GC(17) Eden regions: 33->0(30)
[2024-04-20T15:24:29.450+0000][7][gc,heap     ] GC(17) Survivor regions: 5->5(5)
[2024-04-20T15:24:29.450+0000][7][gc,heap     ] GC(17) Old regions: 4->9
[2024-04-20T15:24:29.450+0000][7][gc,heap     ] GC(17) Archive regions: 2->2
[2024-04-20T15:24:29.450+0000][7][gc,heap     ] GC(17) Humongous regions: 0->0
[2024-04-20T15:24:29.450+0000][7][gc,metaspace] GC(17) Metaspace: 30710K(33024K)->30710K(33024K) NonClass: 26806K(28416K)->26806K(28416K) Class: 3903K(4608K)->3903K(4608K)
[2024-04-20T15:24:29.450+0000][7][gc          ] GC(17) Pause Young (Normal) (G1 Evacuation Pause) 170M->59M(256M) 78.838ms
[2024-04-20T15:24:29.450+0000][7][gc,cpu      ] GC(17) User=0.05s Sys=0.01s Real=0.08s
[2024-04-20T15:24:29.450+0000][7][safepoint   ] Safepoint "G1CollectForAllocation", Time since last: 979788540 ns, Reaching safepoint: 4952866 ns, At safepoint: 78939463 ns, Total: 83892329 ns
[2024-04-20T15:24:30.179+0000][7][gc,start    ] GC(18) Pause Young (Concurrent Start) (Metadata GC Threshold)
[2024-04-20T15:24:30.179+0000][7][gc,task     ] GC(18) Using 4 workers of 4 for evacuation
[2024-04-20T15:24:30.179+0000][7][gc,age      ] GC(18) Desired survivor size 10485760 bytes, new threshold 1 (max threshold 15)
[2024-04-20T15:24:30.230+0000][7][gc,age      ] GC(18) Age table with threshold 1 (max threshold 15)
[2024-04-20T15:24:30.230+0000][7][gc,age      ] GC(18) - age   1:    1079840 bytes,    1079840 total
[2024-04-20T15:24:30.230+0000][7][gc,phases   ] GC(18)   Pre Evacuate Collection Set: 0.1ms
[2024-04-20T15:24:30.230+0000][7][gc,phases   ] GC(18)   Merge Heap Roots: 0.1ms
[2024-04-20T15:24:30.230+0000][7][gc,phases   ] GC(18)   Evacuate Collection Set: 39.6ms
[2024-04-20T15:24:30.230+0000][7][gc,phases   ] GC(18)   Post Evacuate Collection Set: 11.0ms
[2024-04-20T15:24:30.230+0000][7][gc,phases   ] GC(18)   Other: 0.2ms
[2024-04-20T15:24:30.230+0000][7][gc,heap     ] GC(18) Eden regions: 6->0(30)
[2024-04-20T15:24:30.230+0000][7][gc,heap     ] GC(18) Survivor regions: 5->1(5)
[2024-04-20T15:24:30.230+0000][7][gc,heap     ] GC(18) Old regions: 9->14
[2024-04-20T15:24:30.230+0000][7][gc,heap     ] GC(18) Archive regions: 2->2
[2024-04-20T15:24:30.230+0000][7][gc,heap     ] GC(18) Humongous regions: 0->0
[2024-04-20T15:24:30.230+0000][7][gc,metaspace] GC(18) Metaspace: 33607K(35840K)->33607K(35840K) NonClass: 29262K(30848K)->29262K(30848K) Class: 4345K(4992K)->4345K(4992K)
[2024-04-20T15:24:30.230+0000][7][gc          ] GC(18) Pause Young (Concurrent Start) (Metadata GC Threshold) 81M->60M(256M) 51.168ms
[2024-04-20T15:24:30.230+0000][7][gc,cpu      ] GC(18) User=0.03s Sys=0.00s Real=0.05s
[2024-04-20T15:24:30.230+0000][7][gc          ] GC(19) Concurrent Cycle
[2024-04-20T15:24:30.230+0000][7][gc,marking  ] GC(19) Concurrent Clear Claimed Marks
[2024-04-20T15:24:30.230+0000][7][gc,marking  ] GC(19) Concurrent Clear Claimed Marks 0.086ms
[2024-04-20T15:24:30.230+0000][7][gc,marking  ] GC(19) Concurrent Scan Root Regions
[2024-04-20T15:24:30.230+0000][7][safepoint   ] Safepoint "CollectForMetadataAllocation", Time since last: 728921075 ns, Reaching safepoint: 122549 ns, At safepoint: 51434822 ns, Total: 51557371 ns
[2024-04-20T15:24:30.247+0000][7][gc,marking  ] GC(19) Concurrent Scan Root Regions 16.316ms
[2024-04-20T15:24:30.247+0000][7][gc,marking  ] GC(19) Concurrent Mark (20.882s)
[2024-04-20T15:24:30.247+0000][7][gc,marking  ] GC(19) Concurrent Mark From Roots
[2024-04-20T15:24:30.247+0000][7][gc,task     ] GC(19) Using 1 workers of 1 for marking
[2024-04-20T15:24:30.325+0000][7][safepoint   ] Safepoint "CollectForMetadataAllocation", Time since last: 81203100 ns, Reaching safepoint: 13281282 ns, At safepoint: 181550 ns, Total: 13462832 ns
[2024-04-20T15:24:30.382+0000][7][gc,marking  ] GC(19) Concurrent Mark From Roots 135.291ms
[2024-04-20T15:24:30.382+0000][7][gc,marking  ] GC(19) Concurrent Preclean
[2024-04-20T15:24:30.382+0000][7][gc,marking  ] GC(19) Concurrent Preclean 0.152ms
[2024-04-20T15:24:30.382+0000][7][gc,marking  ] GC(19) Concurrent Mark (20.882s, 21.018s) 135.749ms
[2024-04-20T15:24:30.383+0000][7][gc,start    ] GC(19) Pause Remark
[2024-04-20T15:24:30.395+0000][7][gc          ] GC(19) Pause Remark 64M->64M(256M) 12.970ms
[2024-04-20T15:24:30.396+0000][7][gc,cpu      ] GC(19) User=0.01s Sys=0.01s Real=0.01s
[2024-04-20T15:24:30.396+0000][7][safepoint   ] Safepoint "G1Concurrent", Time since last: 57419718 ns, Reaching safepoint: 147106 ns, At safepoint: 13081518 ns, Total: 13228624 ns
[2024-04-20T15:24:30.396+0000][7][gc,marking  ] GC(19) Concurrent Rebuild Remembered Sets
[2024-04-20T15:24:30.511+0000][7][gc,marking  ] GC(19) Concurrent Rebuild Remembered Sets 115.657ms
[2024-04-20T15:24:30.512+0000][7][gc,start    ] GC(19) Pause Cleanup
[2024-04-20T15:24:30.512+0000][7][gc          ] GC(19) Pause Cleanup 64M->64M(256M) 0.096ms
[2024-04-20T15:24:30.512+0000][7][gc,cpu      ] GC(19) User=0.00s Sys=0.00s Real=0.00s
[2024-04-20T15:24:30.512+0000][7][safepoint   ] Safepoint "G1Concurrent", Time since last: 115759107 ns, Reaching safepoint: 696264 ns, At safepoint: 137017 ns, Total: 833281 ns
[2024-04-20T15:24:30.512+0000][7][gc,marking  ] GC(19) Concurrent Cleanup for Next Mark
[2024-04-20T15:24:30.513+0000][7][gc,marking  ] GC(19) Concurrent Cleanup for Next Mark 0.456ms
[2024-04-20T15:24:30.513+0000][7][gc          ] GC(19) Concurrent Cycle 282.578ms
[2024-04-20T15:24:30.893+0000][7][gc,start    ] GC(20) Pause Young (Concurrent Start) (G1 Evacuation Pause)
[2024-04-20T15:24:30.893+0000][7][gc,task     ] GC(20) Using 4 workers of 4 for evacuation
[2024-04-20T15:24:30.893+0000][7][gc,age      ] GC(20) Desired survivor size 8388608 bytes, new threshold 15 (max threshold 15)
[2024-04-20T15:24:30.920+0000][7][gc,age      ] GC(20) Age table with threshold 15 (max threshold 15)
[2024-04-20T15:24:30.920+0000][7][gc,age      ] GC(20) - age   1:    2212632 bytes,    2212632 total
[2024-04-20T15:24:30.920+0000][7][gc,age      ] GC(20) - age   2:     977576 bytes,    3190208 total
[2024-04-20T15:24:30.920+0000][7][gc,phases   ] GC(20)   Pre Evacuate Collection Set: 5.0ms
[2024-04-20T15:24:30.920+0000][7][gc,phases   ] GC(20)   Merge Heap Roots: 0.1ms
[2024-04-20T15:24:30.920+0000][7][gc,phases   ] GC(20)   Evacuate Collection Set: 21.8ms
[2024-04-20T15:24:30.920+0000][7][gc,phases   ] GC(20)   Post Evacuate Collection Set: 0.7ms
[2024-04-20T15:24:30.920+0000][7][gc,phases   ] GC(20)   Other: 0.2ms
[2024-04-20T15:24:30.920+0000][7][gc,heap     ] GC(20) Eden regions: 30->0(31)
[2024-04-20T15:24:30.920+0000][7][gc,heap     ] GC(20) Survivor regions: 1->1(4)
[2024-04-20T15:24:30.920+0000][7][gc,heap     ] GC(20) Old regions: 14->14
[2024-04-20T15:24:30.920+0000][7][gc,heap     ] GC(20) Archive regions: 2->2
[2024-04-20T15:24:30.920+0000][7][gc,heap     ] GC(20) Humongous regions: 0->0
[2024-04-20T15:24:30.920+0000][7][gc,metaspace] GC(20) Metaspace: 35340K(37760K)->35340K(37760K) NonClass: 30809K(32640K)->30809K(32640K) Class: 4530K(5120K)->4530K(5120K)
[2024-04-20T15:24:30.920+0000][7][gc          ] GC(20) Pause Young (Concurrent Start) (G1 Evacuation Pause) 180M->61M(256M) 27.798ms
[2024-04-20T15:24:30.920+0000][7][gc,cpu      ] GC(20) User=0.01s Sys=0.00s Real=0.03s
[2024-04-20T15:24:30.920+0000][7][gc          ] GC(21) Concurrent Cycle
[2024-04-20T15:24:30.920+0000][7][gc,marking  ] GC(21) Concurrent Clear Claimed Marks
[2024-04-20T15:24:30.921+0000][7][gc,marking  ] GC(21) Concurrent Clear Claimed Marks 0.072ms
[2024-04-20T15:24:30.921+0000][7][gc,marking  ] GC(21) Concurrent Scan Root Regions
[2024-04-20T15:24:30.922+0000][7][safepoint   ] Safepoint "G1CollectForAllocation", Time since last: 376333209 ns, Reaching safepoint: 3962851 ns, At safepoint: 29557591 ns, Total: 33520442 ns
[2024-04-20T15:24:30.923+0000][7][gc,marking  ] GC(21) Concurrent Scan Root Regions 2.073ms
[2024-04-20T15:24:30.923+0000][7][gc,marking  ] GC(21) Concurrent Mark (21.558s)
[2024-04-20T15:24:30.923+0000][7][gc,marking  ] GC(21) Concurrent Mark From Roots
[2024-04-20T15:24:30.923+0000][7][gc,task     ] GC(21) Using 1 workers of 1 for marking
[2024-04-20T15:24:31.002+0000][7][gc,marking  ] GC(21) Concurrent Mark From Roots 79.002ms
[2024-04-20T15:24:31.002+0000][7][gc,marking  ] GC(21) Concurrent Preclean
[2024-04-20T15:24:31.002+0000][7][gc,marking  ] GC(21) Concurrent Preclean 0.110ms
[2024-04-20T15:24:31.002+0000][7][gc,marking  ] GC(21) Concurrent Mark (21.558s, 21.637s) 79.164ms
[2024-04-20T15:24:31.002+0000][7][gc,start    ] GC(21) Pause Remark
[2024-04-20T15:24:31.006+0000][7][gc          ] GC(21) Pause Remark 65M->65M(256M) 3.379ms
[2024-04-20T15:24:31.006+0000][7][gc,cpu      ] GC(21) User=0.00s Sys=0.00s Real=0.00s
[2024-04-20T15:24:31.006+0000][7][safepoint   ] Safepoint "G1Concurrent", Time since last: 79846506 ns, Reaching safepoint: 246326 ns, At safepoint: 3440774 ns, Total: 3687100 ns
[2024-04-20T15:24:31.009+0000][7][gc,marking  ] GC(21) Concurrent Rebuild Remembered Sets
[2024-04-20T15:24:31.088+0000][7][gc,marking  ] GC(21) Concurrent Rebuild Remembered Sets 79.083ms
[2024-04-20T15:24:31.097+0000][7][gc,start    ] GC(21) Pause Cleanup
[2024-04-20T15:24:31.097+0000][7][gc          ] GC(21) Pause Cleanup 67M->67M(256M) 0.078ms
[2024-04-20T15:24:31.097+0000][7][gc,cpu      ] GC(21) User=0.00s Sys=0.00s Real=0.00s
[2024-04-20T15:24:31.099+0000][7][safepoint   ] Safepoint "G1Concurrent", Time since last: 87854658 ns, Reaching safepoint: 3100846 ns, At safepoint: 2624849 ns, Total: 5725695 ns
[2024-04-20T15:24:31.104+0000][7][gc,marking  ] GC(21) Concurrent Cleanup for Next Mark
[2024-04-20T15:24:31.104+0000][7][gc,marking  ] GC(21) Concurrent Cleanup for Next Mark 0.892ms
[2024-04-20T15:24:31.105+0000][7][gc          ] GC(21) Concurrent Cycle 184.035ms
[2024-04-20T15:24:32.704+0000][7][safepoint   ] Safepoint "Cleanup", Time since last: 1602787560 ns, Reaching safepoint: 2167349 ns, At safepoint: 30086 ns, Total: 2197435 ns
[2024-04-20T15:24:33.067+0000][7][gc,start    ] GC(22) Pause Young (Normal) (G1 Evacuation Pause)
[2024-04-20T15:24:33.067+0000][7][gc,task     ] GC(22) Using 4 workers of 4 for evacuation
[2024-04-20T15:24:33.067+0000][7][gc,age      ] GC(22) Desired survivor size 8388608 bytes, new threshold 15 (max threshold 15)
[2024-04-20T15:24:33.092+0000][7][gc,age      ] GC(22) Age table with threshold 15 (max threshold 15)
[2024-04-20T15:24:33.092+0000][7][gc,age      ] GC(22) - age   1:    4161208 bytes,    4161208 total
[2024-04-20T15:24:33.092+0000][7][gc,age      ] GC(22) - age   2:    2165504 bytes,    6326712 total
[2024-04-20T15:24:33.092+0000][7][gc,age      ] GC(22) - age   3:     956808 bytes,    7283520 total
[2024-04-20T15:24:33.092+0000][7][gc,phases   ] GC(22)   Pre Evacuate Collection Set: 0.1ms
[2024-04-20T15:24:33.092+0000][7][gc,phases   ] GC(22)   Merge Heap Roots: 0.2ms
[2024-04-20T15:24:33.092+0000][7][gc,phases   ] GC(22)   Evacuate Collection Set: 14.3ms
[2024-04-20T15:24:33.092+0000][7][gc,phases   ] GC(22)   Post Evacuate Collection Set: 9.7ms
[2024-04-20T15:24:33.092+0000][7][gc,phases   ] GC(22)   Other: 0.2ms
[2024-04-20T15:24:33.092+0000][7][gc,heap     ] GC(22) Eden regions: 31->0(30)
[2024-04-20T15:24:33.092+0000][7][gc,heap     ] GC(22) Survivor regions: 1->2(4)
[2024-04-20T15:24:33.092+0000][7][gc,heap     ] GC(22) Old regions: 14->14
[2024-04-20T15:24:33.092+0000][7][gc,heap     ] GC(22) Archive regions: 2->2
[2024-04-20T15:24:33.092+0000][7][gc,heap     ] GC(22) Humongous regions: 0->0
[2024-04-20T15:24:33.092+0000][7][gc,metaspace] GC(22) Metaspace: 50894K(54016K)->50894K(54016K) NonClass: 44051K(46336K)->44051K(46336K) Class: 6843K(7680K)->6843K(7680K)
[2024-04-20T15:24:33.092+0000][7][gc          ] GC(22) Pause Young (Normal) (G1 Evacuation Pause) 185M->65M(256M) 24.511ms
[2024-04-20T15:24:33.092+0000][7][gc,cpu      ] GC(22) User=0.01s Sys=0.01s Real=0.03s
[2024-04-20T15:24:33.094+0000][7][safepoint   ] Safepoint "G1CollectForAllocation", Time since last: 362365939 ns, Reaching safepoint: 786944 ns, At safepoint: 26370838 ns, Total: 27157782 ns
[2024-04-20T15:24:34.317+0000][7][safepoint   ] Safepoint "Cleanup", Time since last: 1221847870 ns, Reaching safepoint: 1766298 ns, At safepoint: 16782 ns, Total: 1783080 ns
[2024-04-20T15:24:34.984+0000][7][gc,start    ] GC(23) Pause Young (Concurrent Start) (Metadata GC Threshold)
[2024-04-20T15:24:34.984+0000][7][gc,task     ] GC(23) Using 4 workers of 4 for evacuation
[2024-04-20T15:24:34.984+0000][7][gc,age      ] GC(23) Desired survivor size 8388608 bytes, new threshold 15 (max threshold 15)
[2024-04-20T15:24:35.005+0000][7][gc,age      ] GC(23) Age table with threshold 15 (max threshold 15)
[2024-04-20T15:24:35.005+0000][7][gc,age      ] GC(23) - age   1:    4409024 bytes,    4409024 total
[2024-04-20T15:24:35.005+0000][7][gc,age      ] GC(23) - age   2:    3980928 bytes,    8389952 total
[2024-04-20T15:24:35.005+0000][7][gc,age      ] GC(23) - age   3:    2164536 bytes,   10554488 total
[2024-04-20T15:24:35.005+0000][7][gc,age      ] GC(23) - age   4:     953384 bytes,   11507872 total
[2024-04-20T15:24:35.006+0000][7][gc,phases   ] GC(23)   Pre Evacuate Collection Set: 0.1ms
[2024-04-20T15:24:35.006+0000][7][gc,phases   ] GC(23)   Merge Heap Roots: 0.1ms
[2024-04-20T15:24:35.006+0000][7][gc,phases   ] GC(23)   Evacuate Collection Set: 19.3ms
[2024-04-20T15:24:35.006+0000][7][gc,phases   ] GC(23)   Post Evacuate Collection Set: 1.4ms
[2024-04-20T15:24:35.006+0000][7][gc,phases   ] GC(23)   Other: 0.2ms
[2024-04-20T15:24:35.006+0000][7][gc,heap     ] GC(23) Eden regions: 25->0(30)
[2024-04-20T15:24:35.006+0000][7][gc,heap     ] GC(23) Survivor regions: 2->3(4)
[2024-04-20T15:24:35.006+0000][7][gc,heap     ] GC(23) Old regions: 14->14
[2024-04-20T15:24:35.006+0000][7][gc,heap     ] GC(23) Archive regions: 2->2
[2024-04-20T15:24:35.006+0000][7][gc,heap     ] GC(23) Humongous regions: 0->0
[2024-04-20T15:24:35.006+0000][7][gc,metaspace] GC(23) Metaspace: 60278K(63360K)->60278K(63360K) NonClass: 52196K(54400K)->52196K(54400K) Class: 8081K(8960K)->8081K(8960K)
[2024-04-20T15:24:35.006+0000][7][gc          ] GC(23) Pause Young (Concurrent Start) (Metadata GC Threshold) 163M->69M(256M) 21.254ms
[2024-04-20T15:24:35.006+0000][7][gc,cpu      ] GC(23) User=0.01s Sys=0.01s Real=0.02s
[2024-04-20T15:24:35.006+0000][7][safepoint   ] Safepoint "CollectForMetadataAllocation", Time since last: 664311497 ns, Reaching safepoint: 2705285 ns, At safepoint: 21537826 ns, Total: 24243111 ns
[2024-04-20T15:24:35.007+0000][7][gc          ] GC(24) Concurrent Cycle
[2024-04-20T15:24:35.007+0000][7][gc,marking  ] GC(24) Concurrent Clear Claimed Marks
[2024-04-20T15:24:35.007+0000][7][gc,marking  ] GC(24) Concurrent Clear Claimed Marks 0.116ms
[2024-04-20T15:24:35.007+0000][7][gc,marking  ] GC(24) Concurrent Scan Root Regions
[2024-04-20T15:24:35.031+0000][7][gc,marking  ] GC(24) Concurrent Scan Root Regions 23.636ms
[2024-04-20T15:24:35.031+0000][7][gc,marking  ] GC(24) Concurrent Mark (25.667s)
[2024-04-20T15:24:35.031+0000][7][gc,marking  ] GC(24) Concurrent Mark From Roots
[2024-04-20T15:24:35.031+0000][7][gc,task     ] GC(24) Using 1 workers of 1 for marking
[2024-04-20T15:24:35.035+0000][7][safepoint   ] Safepoint "CollectForMetadataAllocation", Time since last: 26608150 ns, Reaching safepoint: 2659481 ns, At safepoint: 183433 ns, Total: 2842914 ns
[2024-04-20T15:24:35.082+0000][7][safepoint   ] Safepoint "CollectForMetadataAllocation", Time since last: 46089054 ns, Reaching safepoint: 275055 ns, At safepoint: 177563 ns, Total: 452618 ns
[2024-04-20T15:24:35.126+0000][7][gc,marking  ] GC(24) Concurrent Mark From Roots 95.390ms
[2024-04-20T15:24:35.127+0000][7][gc,marking  ] GC(24) Concurrent Preclean
[2024-04-20T15:24:35.127+0000][7][gc,marking  ] GC(24) Concurrent Preclean 0.151ms
[2024-04-20T15:24:35.127+0000][7][gc,marking  ] GC(24) Concurrent Mark (25.667s, 25.762s) 95.610ms
[2024-04-20T15:24:35.133+0000][7][gc,start    ] GC(24) Pause Remark
[2024-04-20T15:24:35.145+0000][7][gc          ] GC(24) Pause Remark 77M->77M(256M) 11.620ms
[2024-04-20T15:24:35.145+0000][7][gc,cpu      ] GC(24) User=0.00s Sys=0.01s Real=0.02s
[2024-04-20T15:24:35.160+0000][7][safepoint   ] Safepoint "G1Concurrent", Time since last: 44874010 ns, Reaching safepoint: 6196876 ns, At safepoint: 27186544 ns, Total: 33383420 ns
[2024-04-20T15:24:35.160+0000][7][gc,marking  ] GC(24) Concurrent Rebuild Remembered Sets
[2024-04-20T15:24:35.226+0000][7][gc,marking  ] GC(24) Concurrent Rebuild Remembered Sets 66.029ms
[2024-04-20T15:24:35.227+0000][7][gc,start    ] GC(24) Pause Cleanup
[2024-04-20T15:24:35.227+0000][7][gc          ] GC(24) Pause Cleanup 81M->81M(256M) 0.097ms
[2024-04-20T15:24:35.227+0000][7][gc,cpu      ] GC(24) User=0.00s Sys=0.00s Real=0.00s
[2024-04-20T15:24:35.227+0000][7][safepoint   ] Safepoint "G1Concurrent", Time since last: 66333008 ns, Reaching safepoint: 737972 ns, At safepoint: 132869 ns, Total: 870841 ns
[2024-04-20T15:24:35.227+0000][7][gc,marking  ] GC(24) Concurrent Cleanup for Next Mark
[2024-04-20T15:24:35.228+0000][7][gc,marking  ] GC(24) Concurrent Cleanup for Next Mark 0.487ms
[2024-04-20T15:24:35.228+0000][7][gc          ] GC(24) Concurrent Cycle 220.584ms
[2024-04-20T15:24:36.439+0000][7][safepoint   ] Safepoint "Cleanup", Time since last: 1210946549 ns, Reaching safepoint: 992538 ns, At safepoint: 23044 ns, Total: 1015582 ns
[2024-04-20T15:24:37.229+0000][7][gc,start    ] GC(25) Pause Young (Concurrent Start) (G1 Evacuation Pause)
[2024-04-20T15:24:37.229+0000][7][gc,task     ] GC(25) Using 4 workers of 4 for evacuation
[2024-04-20T15:24:37.230+0000][7][gc,age      ] GC(25) Desired survivor size 10485760 bytes, new threshold 3 (max threshold 15)
[2024-04-20T15:24:37.273+0000][7][gc,age      ] GC(25) Age table with threshold 3 (max threshold 15)
[2024-04-20T15:24:37.273+0000][7][gc,age      ] GC(25) - age   1:    6455096 bytes,    6455096 total
[2024-04-20T15:24:37.273+0000][7][gc,age      ] GC(25) - age   2:    4302696 bytes,   10757792 total
[2024-04-20T15:24:37.273+0000][7][gc,age      ] GC(25) - age   3:    3949208 bytes,   14707000 total
[2024-04-20T15:24:37.273+0000][7][gc,phases   ] GC(25)   Pre Evacuate Collection Set: 0.2ms
[2024-04-20T15:24:37.273+0000][7][gc,phases   ] GC(25)   Merge Heap Roots: 0.2ms
[2024-04-20T15:24:37.273+0000][7][gc,phases   ] GC(25)   Evacuate Collection Set: 40.2ms
[2024-04-20T15:24:37.273+0000][7][gc,phases   ] GC(25)   Post Evacuate Collection Set: 3.3ms
[2024-04-20T15:24:37.273+0000][7][gc,phases   ] GC(25)   Other: 0.2ms
[2024-04-20T15:24:37.274+0000][7][gc,heap     ] GC(25) Eden regions: 30->0(28)
[2024-04-20T15:24:37.274+0000][7][gc,heap     ] GC(25) Survivor regions: 3->4(5)
[2024-04-20T15:24:37.274+0000][7][gc,heap     ] GC(25) Old regions: 14->15
[2024-04-20T15:24:37.274+0000][7][gc,heap     ] GC(25) Archive regions: 2->2
[2024-04-20T15:24:37.274+0000][7][gc,heap     ] GC(25) Humongous regions: 0->0
[2024-04-20T15:24:37.274+0000][7][gc,metaspace] GC(25) Metaspace: 80384K(84324K)->80384K(84324K) NonClass: 69601K(72448K)->69601K(72448K) Class: 10783K(11876K)->10783K(11876K)
[2024-04-20T15:24:37.274+0000][7][gc          ] GC(25) Pause Young (Concurrent Start) (G1 Evacuation Pause) 189M->76M(256M) 44.092ms
[2024-04-20T15:24:37.274+0000][7][gc,cpu      ] GC(25) User=0.06s Sys=0.01s Real=0.04s
[2024-04-20T15:24:37.274+0000][7][safepoint   ] Safepoint "G1CollectForAllocation", Time since last: 789144587 ns, Reaching safepoint: 1026072 ns, At safepoint: 44179260 ns, Total: 45205332 ns
[2024-04-20T15:24:37.274+0000][7][gc          ] GC(26) Concurrent Cycle
[2024-04-20T15:24:37.274+0000][7][gc,marking  ] GC(26) Concurrent Clear Claimed Marks
[2024-04-20T15:24:37.274+0000][7][gc,marking  ] GC(26) Concurrent Clear Claimed Marks 0.102ms
[2024-04-20T15:24:37.274+0000][7][gc,marking  ] GC(26) Concurrent Scan Root Regions
[2024-04-20T15:24:37.292+0000][7][gc,marking  ] GC(26) Concurrent Scan Root Regions 18.704ms
[2024-04-20T15:24:37.293+0000][7][gc,marking  ] GC(26) Concurrent Mark (27.928s)
[2024-04-20T15:24:37.293+0000][7][gc,marking  ] GC(26) Concurrent Mark From Roots
[2024-04-20T15:24:37.293+0000][7][gc,task     ] GC(26) Using 1 workers of 1 for marking
[2024-04-20T15:24:37.382+0000][7][gc,marking  ] GC(26) Concurrent Mark From Roots 89.488ms
[2024-04-20T15:24:37.382+0000][7][gc,marking  ] GC(26) Concurrent Preclean
[2024-04-20T15:24:37.382+0000][7][gc,marking  ] GC(26) Concurrent Preclean 0.135ms
[2024-04-20T15:24:37.382+0000][7][gc,marking  ] GC(26) Concurrent Mark (27.928s, 28.018s) 89.686ms
[2024-04-20T15:24:37.383+0000][7][gc,start    ] GC(26) Pause Remark
[2024-04-20T15:24:37.389+0000][7][gc          ] GC(26) Pause Remark 83M->83M(256M) 6.247ms
[2024-04-20T15:24:37.389+0000][7][gc,cpu      ] GC(26) User=0.01s Sys=0.00s Real=0.00s
[2024-04-20T15:24:37.389+0000][7][safepoint   ] Safepoint "G1Concurrent", Time since last: 108803507 ns, Reaching safepoint: 113703 ns, At safepoint: 6322249 ns, Total: 6435952 ns
[2024-04-20T15:24:37.389+0000][7][gc,marking  ] GC(26) Concurrent Rebuild Remembered Sets
[2024-04-20T15:24:37.423+0000][7][gc,marking  ] GC(26) Concurrent Rebuild Remembered Sets 34.216ms
[2024-04-20T15:24:37.425+0000][7][gc,start    ] GC(26) Pause Cleanup
[2024-04-20T15:24:37.425+0000][7][gc          ] GC(26) Pause Cleanup 83M->83M(256M) 0.114ms
[2024-04-20T15:24:37.425+0000][7][gc,cpu      ] GC(26) User=0.00s Sys=0.00s Real=0.00s
[2024-04-20T15:24:37.425+0000][7][safepoint   ] Safepoint "G1Concurrent", Time since last: 34476162 ns, Reaching safepoint: 1995787 ns, At safepoint: 166252 ns, Total: 2162039 ns
[2024-04-20T15:24:37.426+0000][7][gc,marking  ] GC(26) Concurrent Cleanup for Next Mark
[2024-04-20T15:24:37.426+0000][7][gc,marking  ] GC(26) Concurrent Cleanup for Next Mark 0.491ms
[2024-04-20T15:24:37.426+0000][7][gc          ] GC(26) Concurrent Cycle 152.372ms
[2024-04-20T15:24:38.019+0000][7][safepoint   ] Safepoint "ICBufferFull", Time since last: 593607714 ns, Reaching safepoint: 333375 ns, At safepoint: 7634 ns, Total: 341009 ns
[2024-04-20T15:24:38.393+0000][7][safepoint   ] Safepoint "ICBufferFull", Time since last: 372251505 ns, Reaching safepoint: 290934 ns, At safepoint: 1081125 ns, Total: 1372059 ns
[2024-04-20T15:24:38.706+0000][7][safepoint   ] Safepoint "ICBufferFull", Time since last: 311819339 ns, Reaching safepoint: 595084 ns, At safepoint: 52749 ns, Total: 647833 ns
[2024-04-20T15:24:39.166+0000][7][gc,start    ] GC(27) Pause Young (Normal) (G1 Evacuation Pause)
[2024-04-20T15:24:39.166+0000][7][gc,task     ] GC(27) Using 4 workers of 4 for evacuation
[2024-04-20T15:24:39.166+0000][7][gc,age      ] GC(27) Desired survivor size 8388608 bytes, new threshold 2 (max threshold 15)
[2024-04-20T15:24:39.192+0000][7][gc,age      ] GC(27) Age table with threshold 2 (max threshold 15)
[2024-04-20T15:24:39.192+0000][7][gc,age      ] GC(27) - age   1:    3641320 bytes,    3641320 total
[2024-04-20T15:24:39.192+0000][7][gc,age      ] GC(27) - age   2:    6246488 bytes,    9887808 total
[2024-04-20T15:24:39.192+0000][7][gc,phases   ] GC(27)   Pre Evacuate Collection Set: 0.0ms
[2024-04-20T15:24:39.192+0000][7][gc,phases   ] GC(27)   Merge Heap Roots: 0.1ms
[2024-04-20T15:24:39.192+0000][7][gc,phases   ] GC(27)   Evacuate Collection Set: 24.5ms
[2024-04-20T15:24:39.192+0000][7][gc,phases   ] GC(27)   Post Evacuate Collection Set: 1.1ms
[2024-04-20T15:24:39.192+0000][7][gc,phases   ] GC(27)   Other: 0.2ms
[2024-04-20T15:24:39.192+0000][7][gc,heap     ] GC(27) Eden regions: 28->0(26)
[2024-04-20T15:24:39.192+0000][7][gc,heap     ] GC(27) Survivor regions: 4->3(4)
[2024-04-20T15:24:39.192+0000][7][gc,heap     ] GC(27) Old regions: 15->17
[2024-04-20T15:24:39.192+0000][7][gc,heap     ] GC(27) Archive regions: 2->2
[2024-04-20T15:24:39.192+0000][7][gc,heap     ] GC(27) Humongous regions: 2->2
[2024-04-20T15:24:39.192+0000][7][gc,metaspace] GC(27) Metaspace: 87571K(91748K)->87571K(91748K) NonClass: 75765K(78848K)->75765K(78848K) Class: 11806K(12900K)->11806K(12900K)
[2024-04-20T15:24:39.192+0000][7][gc          ] GC(27) Pause Young (Normal) (G1 Evacuation Pause) 196M->87M(256M) 25.934ms
[2024-04-20T15:24:39.192+0000][7][gc,cpu      ] GC(27) User=0.04s Sys=0.02s Real=0.03s
[2024-04-20T15:24:39.194+0000][7][safepoint   ] Safepoint "G1CollectForAllocation", Time since last: 460110157 ns, Reaching safepoint: 207769 ns, At safepoint: 28307265 ns, Total: 28515034 ns
[2024-04-20T15:24:39.876+0000][7][safepoint   ] Safepoint "ICBufferFull", Time since last: 681976661 ns, Reaching safepoint: 269124 ns, At safepoint: 35327 ns, Total: 304451 ns
[2024-04-20T15:24:40.877+0000][7][safepoint   ] Safepoint "Cleanup", Time since last: 1000240364 ns, Reaching safepoint: 211035 ns, At safepoint: 3576 ns, Total: 214611 ns
[2024-04-20T15:24:41.886+0000][7][safepoint   ] Safepoint "Cleanup", Time since last: 1002411141 ns, Reaching safepoint: 6506175 ns, At safepoint: 42710 ns, Total: 6548885 ns
[2024-04-20T15:24:42.889+0000][7][safepoint   ] Safepoint "Cleanup", Time since last: 1002824589 ns, Reaching safepoint: 205475 ns, At safepoint: 4558 ns, Total: 210033 ns
[2024-04-20T15:24:43.894+0000][7][safepoint   ] Safepoint "Cleanup", Time since last: 1005352721 ns, Reaching safepoint: 181400 ns, At safepoint: 18154 ns, Total: 199554 ns
[2024-04-20T15:24:44.895+0000][7][safepoint   ] Safepoint "Cleanup", Time since last: 1000451258 ns, Reaching safepoint: 229500 ns, At safepoint: 3276 ns, Total: 232776 ns
[2024-04-20T15:24:45.897+0000][7][safepoint   ] Safepoint "Cleanup", Time since last: 1000253572 ns, Reaching safepoint: 1279500 ns, At safepoint: 38302 ns, Total: 1317802 ns
[2024-04-20T15:24:47.549+0000][7][safepoint   ] Safepoint "Cleanup", Time since last: 1652248775 ns, Reaching safepoint: 109605 ns, At safepoint: 4879 ns, Total: 114484 ns
[2024-04-20T15:24:48.549+0000][7][safepoint   ] Safepoint "Cleanup", Time since last: 1000276932 ns, Reaching safepoint: 146494 ns, At safepoint: 14788 ns, Total: 161282 ns
[2024-04-20T15:24:49.550+0000][7][safepoint   ] Safepoint "Cleanup", Time since last: 1000538227 ns, Reaching safepoint: 190336 ns, At safepoint: 4007 ns, Total: 194343 ns
[2024-04-20T15:24:54.553+0000][7][safepoint   ] Safepoint "Cleanup", Time since last: 5002169537 ns, Reaching safepoint: 154149 ns, At safepoint: 2074 ns, Total: 156223 ns
[2024-04-20T15:24:57.554+0000][7][safepoint   ] Safepoint "Cleanup", Time since last: 3001063342 ns, Reaching safepoint: 175949 ns, At safepoint: 5931 ns, Total: 181880 ns
[2024-04-20T15:25:08.559+0000][7][safepoint   ] Safepoint "Cleanup", Time since last: 11004651500 ns, Reaching safepoint: 149670 ns, At safepoint: 12914 ns, Total: 162584 ns
[2024-04-20T15:25:18.563+0000][7][safepoint   ] Safepoint "Cleanup", Time since last: 10004465446 ns, Reaching safepoint: 180168 ns, At safepoint: 3897 ns, Total: 184065 ns
[2024-04-20T15:25:20.564+0000][7][safepoint   ] Safepoint "Cleanup", Time since last: 2000830442 ns, Reaching safepoint: 129974 ns, At safepoint: 4228 ns, Total: 134202 ns
[2024-04-20T15:25:21.804+0000][7][safepoint   ] Safepoint "Cleanup", Time since last: 1239773043 ns, Reaching safepoint: 337793 ns, At safepoint: 5450 ns, Total: 343243 ns
[2024-04-20T15:25:22.051+0000][7][safepoint   ] Safepoint "ICBufferFull", Time since last: 245365456 ns, Reaching safepoint: 875875 ns, At safepoint: 50766 ns, Total: 926641 ns
[2024-04-20T15:25:22.323+0000][7][gc,start    ] GC(28) Pause Young (Concurrent Start) (G1 Evacuation Pause)
[2024-04-20T15:25:22.323+0000][7][gc,task     ] GC(28) Using 4 workers of 4 for evacuation
[2024-04-20T15:25:22.323+0000][7][gc,age      ] GC(28) Desired survivor size 8388608 bytes, new threshold 2 (max threshold 15)
[2024-04-20T15:25:22.333+0000][7][gc,age      ] GC(28) Age table with threshold 2 (max threshold 15)
[2024-04-20T15:25:22.333+0000][7][gc,age      ] GC(28) - age   1:    2287840 bytes,    2287840 total
[2024-04-20T15:25:22.333+0000][7][gc,age      ] GC(28) - age   2:    3332136 bytes,    5619976 total
[2024-04-20T15:25:22.333+0000][7][gc,phases   ] GC(28)   Pre Evacuate Collection Set: 0.2ms
[2024-04-20T15:25:22.333+0000][7][gc,phases   ] GC(28)   Merge Heap Roots: 0.1ms
[2024-04-20T15:25:22.333+0000][7][gc,phases   ] GC(28)   Evacuate Collection Set: 9.1ms
[2024-04-20T15:25:22.333+0000][7][gc,phases   ] GC(28)   Post Evacuate Collection Set: 1.2ms
[2024-04-20T15:25:22.333+0000][7][gc,phases   ] GC(28)   Other: 0.2ms
[2024-04-20T15:25:22.333+0000][7][gc,heap     ] GC(28) Eden regions: 26->0(26)
[2024-04-20T15:25:22.333+0000][7][gc,heap     ] GC(28) Survivor regions: 3->2(4)
[2024-04-20T15:25:22.333+0000][7][gc,heap     ] GC(28) Old regions: 17->18
[2024-04-20T15:25:22.333+0000][7][gc,heap     ] GC(28) Archive regions: 2->2
[2024-04-20T15:25:22.333+0000][7][gc,heap     ] GC(28) Humongous regions: 2->2
[2024-04-20T15:25:22.333+0000][7][gc,metaspace] GC(28) Metaspace: 92624K(96996K)->92624K(96996K) NonClass: 80142K(83456K)->80142K(83456K) Class: 12482K(13540K)->12482K(13540K)
[2024-04-20T15:25:22.334+0000][7][gc          ] GC(28) Pause Young (Concurrent Start) (G1 Evacuation Pause) 191M->89M(256M) 10.850ms
[2024-04-20T15:25:22.334+0000][7][gc,cpu      ] GC(28) User=0.01s Sys=0.01s Real=0.01s
[2024-04-20T15:25:22.334+0000][7][safepoint   ] Safepoint "G1CollectForAllocation", Time since last: 271697052 ns, Reaching safepoint: 301023 ns, At safepoint: 10963792 ns, Total: 11264815 ns
[2024-04-20T15:25:22.334+0000][7][gc          ] GC(29) Concurrent Cycle
[2024-04-20T15:25:22.334+0000][7][gc,marking  ] GC(29) Concurrent Clear Claimed Marks
[2024-04-20T15:25:22.334+0000][7][gc,marking  ] GC(29) Concurrent Clear Claimed Marks 0.106ms
[2024-04-20T15:25:22.334+0000][7][gc,marking  ] GC(29) Concurrent Scan Root Regions
[2024-04-20T15:25:22.342+0000][7][gc,marking  ] GC(29) Concurrent Scan Root Regions 8.543ms
[2024-04-20T15:25:22.342+0000][7][gc,marking  ] GC(29) Concurrent Mark (72.978s)
[2024-04-20T15:25:22.342+0000][7][gc,marking  ] GC(29) Concurrent Mark From Roots
[2024-04-20T15:25:22.342+0000][7][gc,task     ] GC(29) Using 1 workers of 1 for marking
[2024-04-20T15:25:22.409+0000][7][gc,marking  ] GC(29) Concurrent Mark From Roots 66.458ms
[2024-04-20T15:25:22.409+0000][7][gc,marking  ] GC(29) Concurrent Preclean
[2024-04-20T15:25:22.409+0000][7][gc,marking  ] GC(29) Concurrent Preclean 0.128ms
[2024-04-20T15:25:22.409+0000][7][gc,marking  ] GC(29) Concurrent Mark (72.978s, 73.045s) 66.654ms
[2024-04-20T15:25:22.409+0000][7][gc,start    ] GC(29) Pause Remark
[2024-04-20T15:25:22.413+0000][7][gc          ] GC(29) Pause Remark 90M->90M(256M) 4.082ms
[2024-04-20T15:25:22.413+0000][7][gc,cpu      ] GC(29) User=0.01s Sys=0.00s Real=0.00s
[2024-04-20T15:25:22.413+0000][7][safepoint   ] Safepoint "G1Concurrent", Time since last: 75482626 ns, Reaching safepoint: 152926 ns, At safepoint: 4201059 ns, Total: 4353985 ns
[2024-04-20T15:25:22.413+0000][7][gc,marking  ] GC(29) Concurrent Rebuild Remembered Sets
[2024-04-20T15:25:22.454+0000][7][gc,marking  ] GC(29) Concurrent Rebuild Remembered Sets 40.512ms
[2024-04-20T15:25:22.454+0000][7][gc,start    ] GC(29) Pause Cleanup
[2024-04-20T15:25:22.455+0000][7][gc          ] GC(29) Pause Cleanup 90M->90M(256M) 0.105ms
[2024-04-20T15:25:22.455+0000][7][gc,cpu      ] GC(29) User=0.00s Sys=0.00s Real=0.00s
[2024-04-20T15:25:22.455+0000][7][safepoint   ] Safepoint "G1Concurrent", Time since last: 40641485 ns, Reaching safepoint: 352410 ns, At safepoint: 147686 ns, Total: 500096 ns
[2024-04-20T15:25:22.455+0000][7][gc,marking  ] GC(29) Concurrent Cleanup for Next Mark
[2024-04-20T15:25:22.455+0000][7][gc,marking  ] GC(29) Concurrent Cleanup for Next Mark 0.261ms
[2024-04-20T15:25:22.455+0000][7][gc          ] GC(29) Concurrent Cycle 121.250ms
[2024-04-20T15:25:23.609+0000][7][safepoint   ] Safepoint "Cleanup", Time since last: 1154444859 ns, Reaching safepoint: 128530 ns, At safepoint: 41187 ns, Total: 169717 ns
[2024-04-20T15:25:24.611+0000][7][safepoint   ] Safepoint "Cleanup", Time since last: 1000668286 ns, Reaching safepoint: 697993 ns, At safepoint: 7374 ns, Total: 705367 ns
[2024-04-20T15:25:26.613+0000][7][safepoint   ] Safepoint "Cleanup", Time since last: 2002115283 ns, Reaching safepoint: 183255 ns, At safepoint: 17723 ns, Total: 200978 ns
[2024-04-20T15:25:28.613+0000][7][safepoint   ] Safepoint "Cleanup", Time since last: 2000298399 ns, Reaching safepoint: 174467 ns, At safepoint: 3937 ns, Total: 178404 ns
[2024-04-20T15:25:32.615+0000][7][safepoint   ] Safepoint "Cleanup", Time since last: 4001744523 ns, Reaching safepoint: 213990 ns, At safepoint: 4018 ns, Total: 218008 ns
[2024-04-20T15:25:38.619+0000][7][safepoint   ] Safepoint "Cleanup", Time since last: 6003728280 ns, Reaching safepoint: 227486 ns, At safepoint: 24316 ns, Total: 251802 ns
[2024-04-20T15:25:47.623+0000][7][safepoint   ] Safepoint "Cleanup", Time since last: 9003142940 ns, Reaching safepoint: 215812 ns, At safepoint: 19166 ns, Total: 234978 ns
[2024-04-20T15:25:48.623+0000][7][safepoint   ] Safepoint "Cleanup", Time since last: 1000410315 ns, Reaching safepoint: 138289 ns, At safepoint: 3607 ns, Total: 141896 ns
[2024-04-20T15:25:49.624+0000][7][safepoint   ] Safepoint "Cleanup", Time since last: 1000430053 ns, Reaching safepoint: 119504 ns, At safepoint: 2044 ns, Total: 121548 ns
[2024-04-20T15:25:50.624+0000][7][safepoint   ] Safepoint "Cleanup", Time since last: 1000302786 ns, Reaching safepoint: 132318 ns, At safepoint: 12804 ns, Total: 145122 ns
[2024-04-20T15:25:52.625+0000][7][safepoint   ] Safepoint "Cleanup", Time since last: 2000914422 ns, Reaching safepoint: 192050 ns, At safepoint: 15719 ns, Total: 207769 ns
[2024-04-20T15:25:57.629+0000][7][safepoint   ] Safepoint "Cleanup", Time since last: 5002984855 ns, Reaching safepoint: 193699 ns, At safepoint: 15178 ns, Total: 208877 ns
[2024-04-20T15:25:58.629+0000][7][safepoint   ] Safepoint "Cleanup", Time since last: 1000594464 ns, Reaching safepoint: 189395 ns, At safepoint: 6091 ns, Total: 195486 ns
[2024-04-20T15:26:02.631+0000][7][safepoint   ] Safepoint "Cleanup", Time since last: 4001793355 ns, Reaching safepoint: 172703 ns, At safepoint: 14518 ns, Total: 187221 ns
[2024-04-20T15:26:03.632+0000][7][safepoint   ] Safepoint "Cleanup", Time since last: 1000498033 ns, Reaching safepoint: 183634 ns, At safepoint: 3316 ns, Total: 186950 ns
[2024-04-20T15:26:05.632+0000][7][safepoint   ] Safepoint "Cleanup", Time since last: 2000269574 ns, Reaching safepoint: 196748 ns, At safepoint: 10710 ns, Total: 207458 ns
[2024-04-20T15:26:07.634+0000][7][safepoint   ] Safepoint "Cleanup", Time since last: 2001158767 ns, Reaching safepoint: 199888 ns, At safepoint: 20578 ns, Total: 220466 ns
[2024-04-20T15:26:11.636+0000][7][safepoint   ] Safepoint "Cleanup", Time since last: 4001808236 ns, Reaching safepoint: 216556 ns, At safepoint: 13144 ns, Total: 229700 ns
[2024-04-20T15:26:12.637+0000][7][safepoint   ] Safepoint "Cleanup", Time since last: 1000779130 ns, Reaching safepoint: 276873 ns, At safepoint: 4849 ns, Total: 281722 ns
[2024-04-20T15:26:13.638+0000][7][safepoint   ] Safepoint "Cleanup", Time since last: 1000500338 ns, Reaching safepoint: 296601 ns, At safepoint: 20087 ns, Total: 316688 ns
[2024-04-20T15:26:15.639+0000][7][safepoint   ] Safepoint "Cleanup", Time since last: 2000870786 ns, Reaching safepoint: 195206 ns, At safepoint: 13425 ns, Total: 208631 ns
[2024-04-20T15:26:18.640+0000][7][safepoint   ] Safepoint "Cleanup", Time since last: 3001020135 ns, Reaching safepoint: 325123 ns, At safepoint: 27662 ns, Total: 352785 ns
[2024-04-20T15:26:20.642+0000][7][safepoint   ] Safepoint "Cleanup", Time since last: 2001443464 ns, Reaching safepoint: 276693 ns, At safepoint: 57739 ns, Total: 334432 ns
[2024-04-20T15:26:23.643+0000][7][safepoint   ] Safepoint "Cleanup", Time since last: 3001246708 ns, Reaching safepoint: 181571 ns, At safepoint: 14106 ns, Total: 195677 ns
[2024-04-20T15:26:24.644+0000][7][safepoint   ] Safepoint "Cleanup", Time since last: 1000151197 ns, Reaching safepoint: 195646 ns, At safepoint: 6483 ns, Total: 202129 ns
[2024-04-20T15:26:25.646+0000][7][safepoint   ] Safepoint "Cleanup", Time since last: 1001392593 ns, Reaching safepoint: 325510 ns, At safepoint: 7925 ns, Total: 333435 ns
[2024-04-20T15:26:26.646+0000][7][safepoint   ] Safepoint "Cleanup", Time since last: 1000239696 ns, Reaching safepoint: 225963 ns, At safepoint: 17563 ns, Total: 243526 ns
[2024-04-20T15:26:37.651+0000][7][safepoint   ] Safepoint "Cleanup", Time since last: 11004663232 ns, Reaching safepoint: 142347 ns, At safepoint: 12934 ns, Total: 155281 ns
[2024-04-20T15:26:39.652+0000][7][safepoint   ] Safepoint "Cleanup", Time since last: 2000975991 ns, Reaching safepoint: 301435 ns, At safepoint: 3387 ns, Total: 304822 ns
[2024-04-20T15:26:40.653+0000][7][safepoint   ] Safepoint "Cleanup", Time since last: 1000668042 ns, Reaching safepoint: 217137 ns, At safepoint: 4899 ns, Total: 222036 ns
[2024-04-20T15:26:41.654+0000][7][safepoint   ] Safepoint "Cleanup", Time since last: 1000641144 ns, Reaching safepoint: 236019 ns, At safepoint: 19497 ns, Total: 255516 ns
[2024-04-20T15:26:43.655+0000][7][safepoint   ] Safepoint "Cleanup", Time since last: 2000721976 ns, Reaching safepoint: 185097 ns, At safepoint: 13315 ns, Total: 198412 ns
[2024-04-20T15:26:44.656+0000][7][safepoint   ] Safepoint "Cleanup", Time since last: 1000567571 ns, Reaching safepoint: 293322 ns, At safepoint: 47690 ns, Total: 341012 ns
[2024-04-20T15:26:46.658+0000][7][safepoint   ] Safepoint "Cleanup", Time since last: 2001757509 ns, Reaching safepoint: 326366 ns, At safepoint: 31469 ns, Total: 357835 ns
[2024-04-20T15:26:47.658+0000][7][safepoint   ] Safepoint "Cleanup", Time since last: 1000423241 ns, Reaching safepoint: 158818 ns, At safepoint: 35647 ns, Total: 194465 ns
[2024-04-20T15:26:48.659+0000][7][safepoint   ] Safepoint "Cleanup", Time since last: 1000197979 ns, Reaching safepoint: 301306 ns, At safepoint: 25177 ns, Total: 326483 ns
[2024-04-20T15:26:52.661+0000][7][safepoint   ] Safepoint "Cleanup", Time since last: 4001432453 ns, Reaching safepoint: 167625 ns, At safepoint: 14307 ns, Total: 181932 ns
[2024-04-20T15:26:53.661+0000][7][safepoint   ] Safepoint "Cleanup", Time since last: 1000266447 ns, Reaching safepoint: 202140 ns, At safepoint: 14217 ns, Total: 216357 ns
[2024-04-20T15:26:54.662+0000][7][safepoint   ] Safepoint "Cleanup", Time since last: 1000938103 ns, Reaching safepoint: 168669 ns, At safepoint: 15990 ns, Total: 184659 ns
[2024-04-20T15:26:55.663+0000][7][safepoint   ] Safepoint "Cleanup", Time since last: 1000473556 ns, Reaching safepoint: 203061 ns, At safepoint: 5390 ns, Total: 208451 ns
[2024-04-20T15:26:58.668+0000][7][safepoint   ] Safepoint "Cleanup", Time since last: 3004796757 ns, Reaching safepoint: 387097 ns, At safepoint: 31329 ns, Total: 418426 ns
[2024-04-20T15:27:07.671+0000][7][safepoint   ] Safepoint "Cleanup", Time since last: 9003202784 ns, Reaching safepoint: 137098 ns, At safepoint: 11301 ns, Total: 148399 ns
[2024-04-20T15:27:08.672+0000][7][safepoint   ] Safepoint "Cleanup", Time since last: 1000364503 ns, Reaching safepoint: 177874 ns, At safepoint: 22362 ns, Total: 200236 ns
[2024-04-20T15:27:11.673+0000][7][safepoint   ] Safepoint "Cleanup", Time since last: 3000681054 ns, Reaching safepoint: 197871 ns, At safepoint: 38442 ns, Total: 236313 ns
[2024-04-20T15:27:14.674+0000][7][safepoint   ] Safepoint "Cleanup", Time since last: 3000856413 ns, Reaching safepoint: 150923 ns, At safepoint: 15168 ns, Total: 166091 ns
[2024-04-20T15:27:18.676+0000][7][safepoint   ] Safepoint "Cleanup", Time since last: 4001460103 ns, Reaching safepoint: 241884 ns, At safepoint: 44323 ns, Total: 286207 ns
[2024-04-20T15:27:26.682+0000][7][safepoint   ] Safepoint "Cleanup", Time since last: 8006278022 ns, Reaching safepoint: 186473 ns, At safepoint: 7865 ns, Total: 194338 ns
[2024-04-20T15:27:31.684+0000][7][safepoint   ] Safepoint "Cleanup", Time since last: 5001588355 ns, Reaching safepoint: 346706 ns, At safepoint: 26870 ns, Total: 373576 ns
[2024-04-20T15:27:37.686+0000][7][safepoint   ] Safepoint "Cleanup", Time since last: 6001759154 ns, Reaching safepoint: 244068 ns, At safepoint: 18906 ns, Total: 262974 ns
[2024-04-20T15:27:48.691+0000][7][safepoint   ] Safepoint "Cleanup", Time since last: 11005045258 ns, Reaching safepoint: 154589 ns, At safepoint: 15890 ns, Total: 170479 ns
[2024-04-20T15:27:52.694+0000][7][safepoint   ] Safepoint "Cleanup", Time since last: 4002689557 ns, Reaching safepoint: 190967 ns, At safepoint: 14727 ns, Total: 205694 ns
[2024-04-20T15:27:53.695+0000][7][safepoint   ] Safepoint "Cleanup", Time since last: 1000516723 ns, Reaching safepoint: 225481 ns, At safepoint: 44924 ns, Total: 270405 ns
[2024-04-20T15:27:54.696+0000][7][safepoint   ] Safepoint "Cleanup", Time since last: 1000359020 ns, Reaching safepoint: 225772 ns, At safepoint: 21019 ns, Total: 246791 ns
[2024-04-20T15:28:18.704+0000][7][safepoint   ] Safepoint "Cleanup", Time since last: 24008401918 ns, Reaching safepoint: 215482 ns, At safepoint: 18235 ns, Total: 233717 ns
[2024-04-20T15:28:21.706+0000][7][safepoint   ] Safepoint "Cleanup", Time since last: 3001117100 ns, Reaching safepoint: 267029 ns, At safepoint: 11251 ns, Total: 278280 ns
[2024-04-20T15:28:22.707+0000][7][safepoint   ] Safepoint "Cleanup", Time since last: 1001067660 ns, Reaching safepoint: 240960 ns, At safepoint: 25508 ns, Total: 266468 ns
[2024-04-20T15:28:26.709+0000][7][safepoint   ] Safepoint "Cleanup", Time since last: 4001524017 ns, Reaching safepoint: 124313 ns, At safepoint: 13305 ns, Total: 137618 ns
[2024-04-20T15:28:30.710+0000][7][safepoint   ] Safepoint "Cleanup", Time since last: 4001447181 ns, Reaching safepoint: 261550 ns, At safepoint: 34084 ns, Total: 295634 ns
[2024-04-20T15:28:35.713+0000][7][safepoint   ] Safepoint "Cleanup", Time since last: 5002280583 ns, Reaching safepoint: 414575 ns, At safepoint: 131376 ns, Total: 545951 ns
[2024-04-20T15:28:37.714+0000][7][safepoint   ] Safepoint "Cleanup", Time since last: 2000625061 ns, Reaching safepoint: 204166 ns, At safepoint: 16871 ns, Total: 221037 ns
[2024-04-20T15:28:40.716+0000][7][safepoint   ] Safepoint "Cleanup", Time since last: 3001468945 ns, Reaching safepoint: 206990 ns, At safepoint: 16771 ns, Total: 223761 ns
[2024-04-20T15:28:42.717+0000][7][safepoint   ] Safepoint "Cleanup", Time since last: 2001172685 ns, Reaching safepoint: 145823 ns, At safepoint: 12082 ns, Total: 157905 ns
[2024-04-20T15:28:43.718+0000][7][safepoint   ] Safepoint "Cleanup", Time since last: 1000260936 ns, Reaching safepoint: 199453 ns, At safepoint: 16601 ns, Total: 216054 ns
[2024-04-20T15:28:44.718+0000][7][safepoint   ] Safepoint "Cleanup", Time since last: 1000348972 ns, Reaching safepoint: 157154 ns, At safepoint: 6252 ns, Total: 163406 ns
[2024-04-20T15:28:48.720+0000][7][safepoint   ] Safepoint "Cleanup", Time since last: 4001268744 ns, Reaching safepoint: 121086 ns, At safepoint: 12253 ns, Total: 133339 ns
[2024-04-20T15:29:07.726+0000][7][safepoint   ] Safepoint "Cleanup", Time since last: 19006020375 ns, Reaching safepoint: 179690 ns, At safepoint: 14347 ns, Total: 194037 ns
[2024-04-20T15:29:14.736+0000][7][safepoint   ] Safepoint "Cleanup", Time since last: 7009779500 ns, Reaching safepoint: 173234 ns, At safepoint: 2424 ns, Total: 175658 ns
[2024-04-20T15:29:18.738+0000][7][safepoint   ] Safepoint "Cleanup", Time since last: 4001693907 ns, Reaching safepoint: 185627 ns, At safepoint: 19977 ns, Total: 205604 ns
[2024-04-20T15:29:19.738+0000][7][safepoint   ] Safepoint "Cleanup", Time since last: 1000410892 ns, Reaching safepoint: 116909 ns, At safepoint: 13695 ns, Total: 130604 ns
[2024-04-20T15:29:21.739+0000][7][safepoint   ] Safepoint "Cleanup", Time since last: 2000640536 ns, Reaching safepoint: 134551 ns, At safepoint: 1804 ns, Total: 136355 ns
[2024-04-20T15:29:22.739+0000][7][safepoint   ] Safepoint "Cleanup", Time since last: 1000290315 ns, Reaching safepoint: 171761 ns, At safepoint: 16531 ns, Total: 188292 ns
[2024-04-20T15:29:37.745+0000][7][safepoint   ] Safepoint "Cleanup", Time since last: 15005123726 ns, Reaching safepoint: 147847 ns, At safepoint: 1583 ns, Total: 149430 ns
[2024-04-20T15:29:41.746+0000][7][safepoint   ] Safepoint "Cleanup", Time since last: 4001059357 ns, Reaching safepoint: 188192 ns, At safepoint: 14547 ns, Total: 202739 ns
[2024-04-20T15:29:43.747+0000][7][safepoint   ] Safepoint "Cleanup", Time since last: 2001030771 ns, Reaching safepoint: 281728 ns, At safepoint: 3807 ns, Total: 285535 ns
[2024-04-20T15:29:48.748+0000][7][safepoint   ] Safepoint "Cleanup", Time since last: 5000921281 ns, Reaching safepoint: 138721 ns, At safepoint: 1853 ns, Total: 140574 ns
[2024-04-20T15:30:18.760+0000][7][safepoint   ] Safepoint "Cleanup", Time since last: 30011457472 ns, Reaching safepoint: 191298 ns, At safepoint: 17824 ns, Total: 209122 ns
[2024-04-20T15:30:23.762+0000][7][safepoint   ] Safepoint "Cleanup", Time since last: 5002311096 ns, Reaching safepoint: 149961 ns, At safepoint: 11762 ns, Total: 161723 ns
[2024-04-20T15:30:24.763+0000][7][safepoint   ] Safepoint "Cleanup", Time since last: 1000568008 ns, Reaching safepoint: 141586 ns, At safepoint: 3467 ns, Total: 145053 ns
[2024-04-20T15:30:37.770+0000][7][safepoint   ] Safepoint "Cleanup", Time since last: 13006324199 ns, Reaching safepoint: 148519 ns, At safepoint: 5040 ns, Total: 153559 ns
[2024-04-20T15:30:43.772+0000][7][safepoint   ] Safepoint "Cleanup", Time since last: 6001896298 ns, Reaching safepoint: 196809 ns, At safepoint: 23534 ns, Total: 220343 ns
[2024-04-20T15:30:48.774+0000][7][safepoint   ] Safepoint "Cleanup", Time since last: 5001736362 ns, Reaching safepoint: 137378 ns, At safepoint: 12293 ns, Total: 149671 ns
[2024-04-20T15:30:49.774+0000][7][safepoint   ] Safepoint "Cleanup", Time since last: 1000347010 ns, Reaching safepoint: 123923 ns, At safepoint: 3557 ns, Total: 127480 ns
[2024-04-20T15:30:58.780+0000][7][safepoint   ] Safepoint "Cleanup", Time since last: 9005313228 ns, Reaching safepoint: 330531 ns, At safepoint: 9378 ns, Total: 339909 ns
[2024-04-20T15:30:59.780+0000][7][safepoint   ] Safepoint "Cleanup", Time since last: 1000265521 ns, Reaching safepoint: 272963 ns, At safepoint: 8746 ns, Total: 281709 ns
[2024-04-20T15:31:02.781+0000][7][safepoint   ] Safepoint "Cleanup", Time since last: 3000818523 ns, Reaching safepoint: 187883 ns, At safepoint: 7254 ns, Total: 195137 ns
[2024-04-20T15:31:07.784+0000][7][safepoint   ] Safepoint "Cleanup", Time since last: 5002086075 ns, Reaching safepoint: 277074 ns, At safepoint: 16772 ns, Total: 293846 ns
[2024-04-20T15:31:13.787+0000][7][safepoint   ] Safepoint "Cleanup", Time since last: 6002355386 ns, Reaching safepoint: 449146 ns, At safepoint: 19477 ns, Total: 468623 ns
[2024-04-20T15:31:17.788+0000][7][safepoint   ] Safepoint "Cleanup", Time since last: 4001634688 ns, Reaching safepoint: 179031 ns, At safepoint: 3356 ns, Total: 182387 ns
[2024-04-20T15:31:18.789+0000][7][safepoint   ] Safepoint "Cleanup", Time since last: 1000157037 ns, Reaching safepoint: 146205 ns, At safepoint: 14617 ns, Total: 160822 ns
[2024-04-20T15:31:28.792+0000][7][safepoint   ] Safepoint "Cleanup", Time since last: 10003600446 ns, Reaching safepoint: 220744 ns, At safepoint: 4289 ns, Total: 225033 ns
[2024-04-20T15:31:37.797+0000][7][safepoint   ] Safepoint "Cleanup", Time since last: 9004642825 ns, Reaching safepoint: 231050 ns, At safepoint: 8736 ns, Total: 239786 ns
[2024-04-20T15:31:43.800+0000][7][safepoint   ] Safepoint "Cleanup", Time since last: 6002307635 ns, Reaching safepoint: 244028 ns, At safepoint: 8505 ns, Total: 252533 ns
[2024-04-20T15:31:48.802+0000][7][safepoint   ] Safepoint "Cleanup", Time since last: 5001923180 ns, Reaching safepoint: 363378 ns, At safepoint: 16140 ns, Total: 379518 ns
[2024-04-20T15:31:52.805+0000][7][safepoint   ] Safepoint "Cleanup", Time since last: 4002177876 ns, Reaching safepoint: 187523 ns, At safepoint: 18214 ns, Total: 205737 ns
[2024-04-20T15:31:53.805+0000][7][safepoint   ] Safepoint "Cleanup", Time since last: 1000179773 ns, Reaching safepoint: 140587 ns, At safepoint: 25368 ns, Total: 165955 ns
[2024-04-20T15:32:07.810+0000][7][safepoint   ] Safepoint "Cleanup", Time since last: 14005185553 ns, Reaching safepoint: 295332 ns, At safepoint: 26219 ns, Total: 321551 ns
[2024-04-20T15:32:18.815+0000][7][safepoint   ] Safepoint "Cleanup", Time since last: 11004186784 ns, Reaching safepoint: 164066 ns, At safepoint: 13305 ns, Total: 177371 ns
[2024-04-20T15:32:21.818+0000][7][safepoint   ] Safepoint "Cleanup", Time since last: 3002422735 ns, Reaching safepoint: 345036 ns, At safepoint: 17924 ns, Total: 362960 ns
[2024-04-20T15:32:37.823+0000][7][safepoint   ] Safepoint "Cleanup", Time since last: 16005330816 ns, Reaching safepoint: 164148 ns, At safepoint: 22582 ns, Total: 186730 ns
[2024-04-20T15:32:43.826+0000][7][safepoint   ] Safepoint "Cleanup", Time since last: 6002225708 ns, Reaching safepoint: 209773 ns, At safepoint: 19627 ns, Total: 229400 ns
[2024-04-20T15:32:48.829+0000][7][safepoint   ] Safepoint "Cleanup", Time since last: 5002977366 ns, Reaching safepoint: 138720 ns, At safepoint: 14808 ns, Total: 153528 ns
[2024-04-20T15:32:52.830+0000][7][safepoint   ] Safepoint "Cleanup", Time since last: 4001396829 ns, Reaching safepoint: 260949 ns, At safepoint: 8396 ns, Total: 269345 ns
[2024-04-20T15:33:07.837+0000][7][safepoint   ] Safepoint "Cleanup", Time since last: 15006720825 ns, Reaching safepoint: 215203 ns, At safepoint: 11863 ns, Total: 227066 ns
[2024-04-20T15:33:10.839+0000][7][safepoint   ] Safepoint "Cleanup", Time since last: 3001052973 ns, Reaching safepoint: 110251 ns, At safepoint: 14026 ns, Total: 124277 ns
[2024-04-20T15:33:19.842+0000][7][safepoint   ] Safepoint "Cleanup", Time since last: 9003153114 ns, Reaching safepoint: 139261 ns, At safepoint: 15229 ns, Total: 154490 ns
[2024-04-20T15:33:43.851+0000][7][safepoint   ] Safepoint "Cleanup", Time since last: 24008450725 ns, Reaching safepoint: 255909 ns, At safepoint: 48010 ns, Total: 303919 ns
[2024-04-20T15:33:49.853+0000][7][safepoint   ] Safepoint "Cleanup", Time since last: 6001658229 ns, Reaching safepoint: 245224 ns, At safepoint: 43833 ns, Total: 289057 ns
[2024-04-20T15:33:58.857+0000][7][safepoint   ] Safepoint "Cleanup", Time since last: 9004139340 ns, Reaching safepoint: 262743 ns, At safepoint: 27010 ns, Total: 289753 ns
[2024-04-20T15:34:19.864+0000][7][safepoint   ] Safepoint "Cleanup", Time since last: 21006534711 ns, Reaching safepoint: 191990 ns, At safepoint: 3827 ns, Total: 195817 ns
[2024-04-20T15:34:37.871+0000][7][safepoint   ] Safepoint "Cleanup", Time since last: 18007234828 ns, Reaching safepoint: 155942 ns, At safepoint: 29355 ns, Total: 185297 ns
[2024-04-20T15:34:43.874+0000][7][safepoint   ] Safepoint "Cleanup", Time since last: 6002562370 ns, Reaching safepoint: 291206 ns, At safepoint: 8115 ns, Total: 299321 ns
[2024-04-20T15:34:49.878+0000][7][safepoint   ] Safepoint "Cleanup", Time since last: 6003626366 ns, Reaching safepoint: 188605 ns, At safepoint: 34605 ns, Total: 223210 ns
[2024-04-20T15:35:07.885+0000][7][safepoint   ] Safepoint "Cleanup", Time since last: 18006471718 ns, Reaching safepoint: 310759 ns, At safepoint: 47800 ns, Total: 358559 ns
[2024-04-20T15:35:19.892+0000][7][safepoint   ] Safepoint "Cleanup", Time since last: 12007137790 ns, Reaching safepoint: 232437 ns, At safepoint: 21110 ns, Total: 253547 ns
[2024-04-20T15:35:36.915+0000][7][safepoint   ] Safepoint "Cleanup", Time since last: 17022225239 ns, Reaching safepoint: 234971 ns, At safepoint: 15840 ns, Total: 250811 ns
[2024-04-20T15:35:38.915+0000][7][safepoint   ] Safepoint "Cleanup", Time since last: 2000338635 ns, Reaching safepoint: 178945 ns, At safepoint: 16792 ns, Total: 195737 ns
[2024-04-20T15:35:43.917+0000][7][safepoint   ] Safepoint "Cleanup", Time since last: 5001630029 ns, Reaching safepoint: 331458 ns, At safepoint: 15880 ns, Total: 347338 ns
[2024-04-20T15:35:49.930+0000][7][safepoint   ] Safepoint "Cleanup", Time since last: 6012519886 ns, Reaching safepoint: 253114 ns, At safepoint: 31048 ns, Total: 284162 ns
[2024-04-20T15:35:58.933+0000][7][safepoint   ] Safepoint "Cleanup", Time since last: 9003100060 ns, Reaching safepoint: 226169 ns, At safepoint: 19397 ns, Total: 245566 ns
[2024-04-20T15:36:07.939+0000][7][safepoint   ] Safepoint "Cleanup", Time since last: 9005234194 ns, Reaching safepoint: 139842 ns, At safepoint: 13305 ns, Total: 153147 ns
[2024-04-20T15:36:19.942+0000][7][safepoint   ] Safepoint "Cleanup", Time since last: 12003350972 ns, Reaching safepoint: 168686 ns, At safepoint: 15709 ns, Total: 184395 ns
[2024-04-20T15:36:37.949+0000][7][safepoint   ] Safepoint "Cleanup", Time since last: 18006503251 ns, Reaching safepoint: 151970 ns, At safepoint: 3346 ns, Total: 155316 ns
[2024-04-20T15:36:38.949+0000][7][safepoint   ] Safepoint "Cleanup", Time since last: 1000237324 ns, Reaching safepoint: 250213 ns, At safepoint: 15930 ns, Total: 266143 ns
[2024-04-20T15:36:41.950+0000][7][safepoint   ] Safepoint "Cleanup", Time since last: 3000961886 ns, Reaching safepoint: 266386 ns, At safepoint: 15709 ns, Total: 282095 ns
[2024-04-20T15:36:43.952+0000][7][safepoint   ] Safepoint "Cleanup", Time since last: 2001109039 ns, Reaching safepoint: 256119 ns, At safepoint: 22663 ns, Total: 278782 ns
[2024-04-20T15:36:44.953+0000][7][safepoint   ] Safepoint "Cleanup", Time since last: 1000945581 ns, Reaching safepoint: 200230 ns, At safepoint: 6402 ns, Total: 206632 ns
[2024-04-20T15:36:49.956+0000][7][safepoint   ] Safepoint "Cleanup", Time since last: 5002404801 ns, Reaching safepoint: 288692 ns, At safepoint: 24927 ns, Total: 313619 ns
[2024-04-20T15:37:19.968+0000][7][safepoint   ] Safepoint "Cleanup", Time since last: 30012007290 ns, Reaching safepoint: 116829 ns, At safepoint: 23294 ns, Total: 140123 ns
[2024-04-20T15:37:43.978+0000][7][safepoint   ] Safepoint "Cleanup", Time since last: 24009403437 ns, Reaching safepoint: 328556 ns, At safepoint: 30257 ns, Total: 358813 ns
[2024-04-20T15:38:19.992+0000][7][safepoint   ] Safepoint "Cleanup", Time since last: 36013743618 ns, Reaching safepoint: 132658 ns, At safepoint: 4428 ns, Total: 137086 ns
[2024-04-20T15:38:22.993+0000][7][safepoint   ] Safepoint "Cleanup", Time since last: 3000867970 ns, Reaching safepoint: 185056 ns, At safepoint: 18815 ns, Total: 203871 ns
[2024-04-20T15:38:50.007+0000][7][safepoint   ] Safepoint "Cleanup", Time since last: 27014364236 ns, Reaching safepoint: 279627 ns, At safepoint: 26489 ns, Total: 306116 ns
[2024-04-20T15:39:02.012+0000][7][safepoint   ] Safepoint "Cleanup", Time since last: 12005020765 ns, Reaching safepoint: 131247 ns, At safepoint: 3126 ns, Total: 134373 ns
[2024-04-20T15:39:03.013+0000][7][safepoint   ] Safepoint "Cleanup", Time since last: 1000466163 ns, Reaching safepoint: 151203 ns, At safepoint: 6382 ns, Total: 157585 ns
[2024-04-20T15:39:05.014+0000][7][safepoint   ] Safepoint "Cleanup", Time since last: 2000819319 ns, Reaching safepoint: 158031 ns, At safepoint: 4168 ns, Total: 162199 ns
[2024-04-20T15:39:08.015+0000][7][safepoint   ] Safepoint "Cleanup", Time since last: 3000977988 ns, Reaching safepoint: 152595 ns, At safepoint: 5710 ns, Total: 158305 ns
[2024-04-20T15:39:20.020+0000][7][safepoint   ] Safepoint "Cleanup", Time since last: 12005012958 ns, Reaching safepoint: 157976 ns, At safepoint: 3246 ns, Total: 161222 ns
[2024-04-20T15:39:22.021+0000][7][safepoint   ] Safepoint "Cleanup", Time since last: 2000617315 ns, Reaching safepoint: 117189 ns, At safepoint: 4098 ns, Total: 121287 ns
[2024-04-20T15:39:38.027+0000][7][safepoint   ] Safepoint "Cleanup", Time since last: 16005517302 ns, Reaching safepoint: 122209 ns, At safepoint: 1883 ns, Total: 124092 ns
[2024-04-20T15:39:44.029+0000][7][safepoint   ] Safepoint "Cleanup", Time since last: 6001904753 ns, Reaching safepoint: 187521 ns, At safepoint: 24967 ns, Total: 212488 ns
[2024-04-20T15:39:50.031+0000][7][safepoint   ] Safepoint "Cleanup", Time since last: 6001686977 ns, Reaching safepoint: 133497 ns, At safepoint: 3697 ns, Total: 137194 ns
[2024-04-20T15:39:55.033+0000][7][safepoint   ] Safepoint "Cleanup", Time since last: 5001681595 ns, Reaching safepoint: 184427 ns, At safepoint: 2524 ns, Total: 186951 ns
[2024-04-20T15:40:20.043+0000][7][safepoint   ] Safepoint "Cleanup", Time since last: 25010038630 ns, Reaching safepoint: 169157 ns, At safepoint: 3386 ns, Total: 172543 ns
[2024-04-20T15:40:38.051+0000][7][safepoint   ] Safepoint "Cleanup", Time since last: 18007678856 ns, Reaching safepoint: 196359 ns, At safepoint: 3095 ns, Total: 199454 ns
[2024-04-20T15:40:44.053+0000][7][safepoint   ] Safepoint "Cleanup", Time since last: 6002204660 ns, Reaching safepoint: 123662 ns, At safepoint: 2976 ns, Total: 126638 ns
[2024-04-20T15:40:50.055+0000][7][safepoint   ] Safepoint "Cleanup", Time since last: 6001938476 ns, Reaching safepoint: 145744 ns, At safepoint: 3727 ns, Total: 149471 ns
[2024-04-20T15:41:08.063+0000][7][safepoint   ] Safepoint "Cleanup", Time since last: 18007484826 ns, Reaching safepoint: 139743 ns, At safepoint: 1903 ns, Total: 141646 ns
[2024-04-20T15:41:20.068+0000][7][safepoint   ] Safepoint "Cleanup", Time since last: 12005371400 ns, Reaching safepoint: 148028 ns, At safepoint: 3677 ns, Total: 151705 ns
[2024-04-20T15:41:22.070+0000][7][safepoint   ] Safepoint "Cleanup", Time since last: 2001188794 ns, Reaching safepoint: 169077 ns, At safepoint: 16221 ns, Total: 185298 ns
[2024-04-20T15:41:50.079+0000][7][safepoint   ] Safepoint "Cleanup", Time since last: 28009697705 ns, Reaching safepoint: 162374 ns, At safepoint: 3948 ns, Total: 166322 ns
[2024-04-20T15:42:20.092+0000][7][safepoint   ] Safepoint "Cleanup", Time since last: 30012575814 ns, Reaching safepoint: 328675 ns, At safepoint: 24726 ns, Total: 353401 ns
[2024-04-20T15:42:23.094+0000][7][safepoint   ] Safepoint "Cleanup", Time since last: 3001615340 ns, Reaching safepoint: 251511 ns, At safepoint: 25087 ns, Total: 276598 ns
[2024-04-20T15:42:29.097+0000][7][safepoint   ] Safepoint "Cleanup", Time since last: 6002259222 ns, Reaching safepoint: 195346 ns, At safepoint: 9217 ns, Total: 204563 ns
[2024-04-20T15:42:44.103+0000][7][safepoint   ] Safepoint "Cleanup", Time since last: 15005859262 ns, Reaching safepoint: 117270 ns, At safepoint: 4609 ns, Total: 121879 ns
[2024-04-20T15:42:49.105+0000][7][safepoint   ] Safepoint "Cleanup", Time since last: 5002401858 ns, Reaching safepoint: 134594 ns, At safepoint: 14487 ns, Total: 149081 ns
[2024-04-20T15:42:50.106+0000][7][safepoint   ] Safepoint "Cleanup", Time since last: 1000300771 ns, Reaching safepoint: 150613 ns, At safepoint: 3296 ns, Total: 153909 ns
[2024-04-20T15:42:52.108+0000][7][safepoint   ] Safepoint "Cleanup", Time since last: 2001841774 ns, Reaching safepoint: 130365 ns, At safepoint: 15279 ns, Total: 145644 ns
[2024-04-20T15:43:16.119+0000][7][safepoint   ] Safepoint "Cleanup", Time since last: 24010810933 ns, Reaching safepoint: 108944 ns, At safepoint: 4559 ns, Total: 113503 ns
[2024-04-20T15:43:17.119+0000][7][safepoint   ] Safepoint "Cleanup", Time since last: 1000587327 ns, Reaching safepoint: 145603 ns, At safepoint: 21200 ns, Total: 166803 ns
[2024-04-20T15:43:20.121+0000][7][safepoint   ] Safepoint "Cleanup", Time since last: 3001556071 ns, Reaching safepoint: 150346 ns, At safepoint: 16892 ns, Total: 167238 ns
[2024-04-20T15:43:44.132+0000][7][safepoint   ] Safepoint "Cleanup", Time since last: 24010690947 ns, Reaching safepoint: 317626 ns, At safepoint: 27972 ns, Total: 345598 ns
[2024-04-20T15:43:50.134+0000][7][safepoint   ] Safepoint "Cleanup", Time since last: 6001848101 ns, Reaching safepoint: 155191 ns, At safepoint: 4829 ns, Total: 160020 ns
[2024-04-20T15:44:03.139+0000][7][safepoint   ] Safepoint "Cleanup", Time since last: 13005194079 ns, Reaching safepoint: 103514 ns, At safepoint: 3547 ns, Total: 107061 ns
[2024-04-20T15:44:19.146+0000][7][safepoint   ] Safepoint "Cleanup", Time since last: 16006076457 ns, Reaching safepoint: 266440 ns, At safepoint: 26359 ns, Total: 292799 ns
[2024-04-20T15:44:20.146+0000][7][safepoint   ] Safepoint "Cleanup", Time since last: 1000207908 ns, Reaching safepoint: 233989 ns, At safepoint: 8886 ns, Total: 242875 ns
[2024-04-20T15:44:23.148+0000][7][safepoint   ] Safepoint "Cleanup", Time since last: 3001697093 ns, Reaching safepoint: 170630 ns, At safepoint: 13475 ns, Total: 184105 ns
[2024-04-20T15:44:38.153+0000][7][safepoint   ] Safepoint "Cleanup", Time since last: 15004929604 ns, Reaching safepoint: 255649 ns, At safepoint: 45385 ns, Total: 301034 ns
[2024-04-20T15:44:44.156+0000][7][safepoint   ] Safepoint "Cleanup", Time since last: 6002733881 ns, Reaching safepoint: 222057 ns, At safepoint: 26459 ns, Total: 248516 ns
[2024-04-20T15:44:50.158+0000][7][safepoint   ] Safepoint "Cleanup", Time since last: 6001868512 ns, Reaching safepoint: 146704 ns, At safepoint: 15038 ns, Total: 161742 ns
[2024-04-20T15:44:52.159+0000][7][safepoint   ] Safepoint "Cleanup", Time since last: 2000916673 ns, Reaching safepoint: 119784 ns, At safepoint: 27321 ns, Total: 147105 ns
[2024-04-20T15:45:08.165+0000][7][safepoint   ] Safepoint "Cleanup", Time since last: 16005514913 ns, Reaching safepoint: 145091 ns, At safepoint: 41137 ns, Total: 186228 ns
[2024-04-20T15:45:20.169+0000][7][safepoint   ] Safepoint "Cleanup", Time since last: 12004116831 ns, Reaching safepoint: 127188 ns, At safepoint: 3586 ns, Total: 130774 ns
[2024-04-20T15:45:22.170+0000][7][safepoint   ] Safepoint "Cleanup", Time since last: 2000753254 ns, Reaching safepoint: 113242 ns, At safepoint: 12563 ns, Total: 125805 ns
[2024-04-20T15:45:38.176+0000][7][safepoint   ] Safepoint "Cleanup", Time since last: 16005726273 ns, Reaching safepoint: 233491 ns, At safepoint: 27732 ns, Total: 261223 ns
[2024-04-20T15:45:50.182+0000][7][safepoint   ] Safepoint "Cleanup", Time since last: 12005815177 ns, Reaching safepoint: 178374 ns, At safepoint: 4599 ns, Total: 182973 ns
[2024-04-20T15:45:52.183+0000][7][safepoint   ] Safepoint "Cleanup", Time since last: 2000965979 ns, Reaching safepoint: 162157 ns, At safepoint: 4208 ns, Total: 166365 ns
[2024-04-20T15:46:08.190+0000][7][safepoint   ] Safepoint "Cleanup", Time since last: 16006343655 ns, Reaching safepoint: 118060 ns, At safepoint: 4168 ns, Total: 122228 ns
[2024-04-20T15:46:19.193+0000][7][safepoint   ] Safepoint "Cleanup", Time since last: 11003274070 ns, Reaching safepoint: 280398 ns, At safepoint: 23885 ns, Total: 304283 ns
[2024-04-20T15:46:38.201+0000][7][safepoint   ] Safepoint "Cleanup", Time since last: 19007109813 ns, Reaching safepoint: 149830 ns, At safepoint: 30618 ns, Total: 180448 ns
[2024-04-20T15:46:50.208+0000][7][safepoint   ] Safepoint "Cleanup", Time since last: 12006876178 ns, Reaching safepoint: 174737 ns, At safepoint: 5972 ns, Total: 180709 ns
[2024-04-20T15:47:08.219+0000][7][safepoint   ] Safepoint "Cleanup", Time since last: 18010824310 ns, Reaching safepoint: 192391 ns, At safepoint: 15609 ns, Total: 208000 ns
[2024-04-20T15:47:20.223+0000][7][safepoint   ] Safepoint "Cleanup", Time since last: 12003833574 ns, Reaching safepoint: 251652 ns, At safepoint: 70883 ns, Total: 322535 ns
[2024-04-20T15:47:22.224+0000][7][safepoint   ] Safepoint "Cleanup", Time since last: 2001240158 ns, Reaching safepoint: 236494 ns, At safepoint: 19606 ns, Total: 256100 ns
[2024-04-20T15:47:44.232+0000][7][safepoint   ] Safepoint "Cleanup", Time since last: 22006689858 ns, Reaching safepoint: 367215 ns, At safepoint: 16160 ns, Total: 383375 ns
[2024-04-20T15:47:50.235+0000][7][safepoint   ] Safepoint "Cleanup", Time since last: 6002938911 ns, Reaching safepoint: 177213 ns, At safepoint: 27903 ns, Total: 205116 ns
[2024-04-20T15:48:16.052+0000][7][safepoint   ] Safepoint "Cleanup", Time since last: 25816636876 ns, Reaching safepoint: 279294 ns, At safepoint: 13616 ns, Total: 292910 ns
[2024-04-20T15:48:21.054+0000][7][safepoint   ] Safepoint "Cleanup", Time since last: 5001790695 ns, Reaching safepoint: 224171 ns, At safepoint: 19106 ns, Total: 243277 ns
[2024-04-20T15:48:44.063+0000][7][safepoint   ] Safepoint "Cleanup", Time since last: 23008821743 ns, Reaching safepoint: 154094 ns, At safepoint: 5290 ns, Total: 159384 ns
[2024-04-20T15:48:51.066+0000][7][safepoint   ] Safepoint "Cleanup", Time since last: 7003579110 ns, Reaching safepoint: 183923 ns, At safepoint: 25978 ns, Total: 209901 ns
[2024-04-20T15:48:52.067+0000][7][safepoint   ] Safepoint "Cleanup", Time since last: 1000390180 ns, Reaching safepoint: 176659 ns, At safepoint: 7023 ns, Total: 183682 ns
[2024-04-20T15:49:21.078+0000][7][safepoint   ] Safepoint "Cleanup", Time since last: 29010490642 ns, Reaching safepoint: 152585 ns, At safepoint: 14747 ns, Total: 167332 ns
[2024-04-20T15:49:44.089+0000][7][safepoint   ] Safepoint "Cleanup", Time since last: 23011166064 ns, Reaching safepoint: 102863 ns, At safepoint: 2234 ns, Total: 105097 ns
[2024-04-20T15:49:51.092+0000][7][safepoint   ] Safepoint "Cleanup", Time since last: 7003125025 ns, Reaching safepoint: 152407 ns, At safepoint: 20128 ns, Total: 172535 ns
[2024-04-20T15:50:03.485+0000][7][gc,start    ] GC(30) Pause Young (Normal) (G1 Evacuation Pause)
[2024-04-20T15:50:03.485+0000][7][gc,task     ] GC(30) Using 4 workers of 4 for evacuation
[2024-04-20T15:50:03.486+0000][7][gc,age      ] GC(30) Desired survivor size 8388608 bytes, new threshold 15 (max threshold 15)
[2024-04-20T15:50:03.492+0000][7][gc,age      ] GC(30) Age table with threshold 15 (max threshold 15)
[2024-04-20T15:50:03.492+0000][7][gc,age      ] GC(30) - age   1:    1472472 bytes,    1472472 total
[2024-04-20T15:50:03.492+0000][7][gc,age      ] GC(30) - age   2:    1865936 bytes,    3338408 total
[2024-04-20T15:50:03.492+0000][7][gc,age      ] GC(30) - age   3:    3330392 bytes,    6668800 total
[2024-04-20T15:50:03.492+0000][7][gc,phases   ] GC(30)   Pre Evacuate Collection Set: 0.1ms
[2024-04-20T15:50:03.492+0000][7][gc,phases   ] GC(30)   Merge Heap Roots: 0.1ms
[2024-04-20T15:50:03.492+0000][7][gc,phases   ] GC(30)   Evacuate Collection Set: 5.1ms
[2024-04-20T15:50:03.492+0000][7][gc,phases   ] GC(30)   Post Evacuate Collection Set: 0.9ms
[2024-04-20T15:50:03.492+0000][7][gc,phases   ] GC(30)   Other: 1.5ms
[2024-04-20T15:50:03.492+0000][7][gc,heap     ] GC(30) Eden regions: 26->0(27)
[2024-04-20T15:50:03.492+0000][7][gc,heap     ] GC(30) Survivor regions: 2->2(4)
[2024-04-20T15:50:03.492+0000][7][gc,heap     ] GC(30) Old regions: 18->18
[2024-04-20T15:50:03.492+0000][7][gc,heap     ] GC(30) Archive regions: 2->2
[2024-04-20T15:50:03.492+0000][7][gc,heap     ] GC(30) Humongous regions: 2->2
[2024-04-20T15:50:03.492+0000][7][gc,metaspace] GC(30) Metaspace: 97160K(101348K)->97160K(101348K) NonClass: 84213K(87296K)->84213K(87296K) Class: 12946K(14052K)->12946K(14052K)
[2024-04-20T15:50:03.492+0000][7][gc          ] GC(30) Pause Young (Normal) (G1 Evacuation Pause) 193M->90M(256M) 7.122ms
[2024-04-20T15:50:03.492+0000][7][gc,cpu      ] GC(30) User=0.02s Sys=0.00s Real=0.01s
[2024-04-20T15:50:03.492+0000][7][safepoint   ] Safepoint "G1CollectForAllocation", Time since last: 12391998770 ns, Reaching safepoint: 285013 ns, At safepoint: 7885317 ns, Total: 8170330 ns
[2024-04-20T15:50:07.494+0000][7][safepoint   ] Safepoint "Cleanup", Time since last: 4001578593 ns, Reaching safepoint: 208422 ns, At safepoint: 27743 ns, Total: 236165 ns
[2024-04-20T15:50:20.500+0000][7][safepoint   ] Safepoint "Cleanup", Time since last: 13005283493 ns, Reaching safepoint: 141677 ns, At safepoint: 23945 ns, Total: 165622 ns
[2024-04-20T15:50:22.501+0000][7][safepoint   ] Safepoint "Cleanup", Time since last: 2001093848 ns, Reaching safepoint: 289995 ns, At safepoint: 26600 ns, Total: 316595 ns
[2024-04-20T15:50:52.512+0000][7][safepoint   ] Safepoint "Cleanup", Time since last: 30010898625 ns, Reaching safepoint: 166622 ns, At safepoint: 14728 ns, Total: 181350 ns
[2024-04-20T15:51:08.518+0000][7][safepoint   ] Safepoint "Cleanup", Time since last: 16005808977 ns, Reaching safepoint: 190036 ns, At safepoint: 15349 ns, Total: 205385 ns
[2024-04-20T15:51:20.524+0000][7][safepoint   ] Safepoint "Cleanup", Time since last: 12005242723 ns, Reaching safepoint: 301595 ns, At safepoint: 27021 ns, Total: 328616 ns
[2024-04-20T15:51:50.536+0000][7][safepoint   ] Safepoint "Cleanup", Time since last: 30011917578 ns, Reaching safepoint: 159830 ns, At safepoint: 13495 ns, Total: 173325 ns
[2024-04-20T15:51:52.537+0000][7][safepoint   ] Safepoint "Cleanup", Time since last: 2001121151 ns, Reaching safepoint: 140754 ns, At safepoint: 3126 ns, Total: 143880 ns
[2024-04-20T15:52:08.543+0000][7][safepoint   ] Safepoint "Cleanup", Time since last: 16005449862 ns, Reaching safepoint: 181731 ns, At safepoint: 14356 ns, Total: 196087 ns
[2024-04-20T15:52:43.557+0000][7][safepoint   ] Safepoint "Cleanup", Time since last: 35014009220 ns, Reaching safepoint: 228709 ns, At safepoint: 24556 ns, Total: 253265 ns
[2024-04-20T15:52:50.560+0000][7][safepoint   ] Safepoint "Cleanup", Time since last: 7001931986 ns, Reaching safepoint: 590013 ns, At safepoint: 13576 ns, Total: 603589 ns
[2024-04-20T15:53:08.566+0000][7][safepoint   ] Safepoint "Cleanup", Time since last: 18006480958 ns, Reaching safepoint: 156984 ns, At safepoint: 7534 ns, Total: 164518 ns
[2024-04-20T15:53:18.570+0000][7][safepoint   ] Safepoint "Cleanup", Time since last: 10003420360 ns, Reaching safepoint: 244258 ns, At safepoint: 26179 ns, Total: 270437 ns
[2024-04-20T15:53:21.571+0000][7][safepoint   ] Safepoint "Cleanup", Time since last: 3000695606 ns, Reaching safepoint: 128361 ns, At safepoint: 3847 ns, Total: 132208 ns
[2024-04-20T15:53:33.579+0000][7][safepoint   ] Safepoint "Cleanup", Time since last: 12007693838 ns, Reaching safepoint: 185698 ns, At safepoint: 4849 ns, Total: 190547 ns
[2024-04-20T15:53:51.598+0000][7][safepoint   ] Safepoint "Cleanup", Time since last: 18018235789 ns, Reaching safepoint: 1114099 ns, At safepoint: 3377 ns, Total: 1117476 ns
[2024-04-20T15:54:20.740+0000][7][safepoint   ] Safepoint "Cleanup", Time since last: 29141366166 ns, Reaching safepoint: 203431 ns, At safepoint: 14978 ns, Total: 218409 ns
[2024-04-20T15:54:37.745+0000][7][safepoint   ] Safepoint "Cleanup", Time since last: 17004813158 ns, Reaching safepoint: 189587 ns, At safepoint: 23234 ns, Total: 212821 ns
[2024-04-20T15:54:50.749+0000][7][safepoint   ] Safepoint "Cleanup", Time since last: 13004250535 ns, Reaching safepoint: 216093 ns, At safepoint: 5751 ns, Total: 221844 ns
[2024-04-20T15:55:08.755+0000][7][safepoint   ] Safepoint "Cleanup", Time since last: 18005956092 ns, Reaching safepoint: 206956 ns, At safepoint: 34615 ns, Total: 241571 ns
[2024-04-20T15:55:12.758+0000][7][safepoint   ] Safepoint "Cleanup", Time since last: 4002333278 ns, Reaching safepoint: 125965 ns, At safepoint: 3657 ns, Total: 129622 ns
[2024-04-20T15:55:21.761+0000][7][safepoint   ] Safepoint "Cleanup", Time since last: 9003319906 ns, Reaching safepoint: 269784 ns, At safepoint: 26319 ns, Total: 296103 ns
[2024-04-20T15:55:51.773+0000][7][safepoint   ] Safepoint "Cleanup", Time since last: 30011147771 ns, Reaching safepoint: 117510 ns, At safepoint: 26710 ns, Total: 144220 ns
[2024-04-20T15:55:53.774+0000][7][safepoint   ] Safepoint "Cleanup", Time since last: 2001153276 ns, Reaching safepoint: 276959 ns, At safepoint: 23914 ns, Total: 300873 ns
[2024-04-20T15:56:07.780+0000][7][safepoint   ] Safepoint "Cleanup", Time since last: 14005624197 ns, Reaching safepoint: 108142 ns, At safepoint: 24977 ns, Total: 133119 ns
[2024-04-20T15:56:21.785+0000][7][safepoint   ] Safepoint "Cleanup", Time since last: 14005340892 ns, Reaching safepoint: 125495 ns, At safepoint: 3687 ns, Total: 129182 ns
[2024-04-20T15:56:37.792+0000][7][safepoint   ] Safepoint "Cleanup", Time since last: 16006082900 ns, Reaching safepoint: 158807 ns, At safepoint: 16721 ns, Total: 175528 ns
[2024-04-20T15:56:38.792+0000][7][safepoint   ] Safepoint "Cleanup", Time since last: 1000171416 ns, Reaching safepoint: 174270 ns, At safepoint: 33673 ns, Total: 207943 ns
[2024-04-20T15:56:51.798+0000][7][safepoint   ] Safepoint "Cleanup", Time since last: 13005407424 ns, Reaching safepoint: 168586 ns, At safepoint: 15098 ns, Total: 183684 ns
[2024-04-20T15:57:07.804+0000][7][safepoint   ] Safepoint "Cleanup", Time since last: 16005967952 ns, Reaching safepoint: 185538 ns, At safepoint: 23163 ns, Total: 208701 ns
[2024-04-20T15:57:21.810+0000][7][safepoint   ] Safepoint "Cleanup", Time since last: 14006322023 ns, Reaching safepoint: 157510 ns, At safepoint: 6722 ns, Total: 164232 ns
[2024-04-20T15:57:43.817+0000][7][safepoint   ] Safepoint "Cleanup", Time since last: 22006953397 ns, Reaching safepoint: 115216 ns, At safepoint: 4278 ns, Total: 119494 ns
[2024-04-20T15:57:51.819+0000][7][safepoint   ] Safepoint "Cleanup", Time since last: 8001755840 ns, Reaching safepoint: 196105 ns, At safepoint: 13545 ns, Total: 209650 ns
[2024-04-20T15:58:21.831+0000][7][safepoint   ] Safepoint "Cleanup", Time since last: 30011299248 ns, Reaching safepoint: 259536 ns, At safepoint: 10490 ns, Total: 270026 ns
[2024-04-20T15:58:37.836+0000][7][safepoint   ] Safepoint "Cleanup", Time since last: 16004806336 ns, Reaching safepoint: 127970 ns, At safepoint: 2044 ns, Total: 130014 ns
[2024-04-20T15:59:13.849+0000][7][safepoint   ] Safepoint "Cleanup", Time since last: 36013299056 ns, Reaching safepoint: 153328 ns, At safepoint: 2575 ns, Total: 155903 ns
[2024-04-20T15:59:21.852+0000][7][safepoint   ] Safepoint "Cleanup", Time since last: 8002924138 ns, Reaching safepoint: 262802 ns, At safepoint: 57047 ns, Total: 319849 ns
[2024-04-20T15:59:43.860+0000][7][safepoint   ] Safepoint "Cleanup", Time since last: 22007357658 ns, Reaching safepoint: 227427 ns, At safepoint: 56897 ns, Total: 284324 ns
[2024-04-20T16:00:51.886+0000][7][safepoint   ] Safepoint "Cleanup", Time since last: 68025500659 ns, Reaching safepoint: 189996 ns, At safepoint: 20127 ns, Total: 210123 ns
[2024-04-20T16:00:53.888+0000][7][safepoint   ] Safepoint "Cleanup", Time since last: 2001770101 ns, Reaching safepoint: 174527 ns, At safepoint: 16952 ns, Total: 191479 ns
[2024-04-20T16:01:51.909+0000][7][safepoint   ] Safepoint "Cleanup", Time since last: 58021117008 ns, Reaching safepoint: 167683 ns, At safepoint: 4078 ns, Total: 171761 ns
[2024-04-20T16:02:22.921+0000][7][safepoint   ] Safepoint "Cleanup", Time since last: 31011839847 ns, Reaching safepoint: 146258 ns, At safepoint: 14006 ns, Total: 160264 ns
[2024-04-20T16:02:37.928+0000][7][safepoint   ] Safepoint "Cleanup", Time since last: 15006822915 ns, Reaching safepoint: 141019 ns, At safepoint: 4689 ns, Total: 145708 ns
[2024-04-20T16:02:43.930+0000][7][safepoint   ] Safepoint "Cleanup", Time since last: 6001756689 ns, Reaching safepoint: 169728 ns, At safepoint: 19546 ns, Total: 189274 ns
[2024-04-20T16:02:51.933+0000][7][safepoint   ] Safepoint "Cleanup", Time since last: 8002981694 ns, Reaching safepoint: 108913 ns, At safepoint: 4168 ns, Total: 113081 ns
[2024-04-20T16:03:07.939+0000][7][safepoint   ] Safepoint "Cleanup", Time since last: 16006188579 ns, Reaching safepoint: 134052 ns, At safepoint: 1974 ns, Total: 136026 ns
[2024-04-20T16:03:21.943+0000][7][safepoint   ] Safepoint "Cleanup", Time since last: 14003200196 ns, Reaching safepoint: 183695 ns, At safepoint: 9718 ns, Total: 193413 ns
[2024-04-20T16:03:22.943+0000][7][safepoint   ] Safepoint "Cleanup", Time since last: 1000599637 ns, Reaching safepoint: 125406 ns, At safepoint: 13455 ns, Total: 138861 ns
[2024-04-20T16:03:52.956+0000][7][safepoint   ] Safepoint "Cleanup", Time since last: 30012262210 ns, Reaching safepoint: 103884 ns, At safepoint: 11863 ns, Total: 115747 ns
[2024-04-20T16:04:07.962+0000][7][safepoint   ] Safepoint "Cleanup", Time since last: 15006304371 ns, Reaching safepoint: 225843 ns, At safepoint: 28654 ns, Total: 254497 ns
[2024-04-20T16:04:21.969+0000][7][safepoint   ] Safepoint "Cleanup", Time since last: 14006846980 ns, Reaching safepoint: 167748 ns, At safepoint: 3636 ns, Total: 171384 ns
[2024-04-20T16:04:22.970+0000][7][safepoint   ] Safepoint "Cleanup", Time since last: 1000581955 ns, Reaching safepoint: 124603 ns, At safepoint: 11462 ns, Total: 136065 ns
[2024-04-20T16:04:51.979+0000][7][safepoint   ] Safepoint "Cleanup", Time since last: 29008969784 ns, Reaching safepoint: 128219 ns, At safepoint: 15088 ns, Total: 143307 ns
[2024-04-20T16:04:52.980+0000][7][safepoint   ] Safepoint "Cleanup", Time since last: 1000591148 ns, Reaching safepoint: 131364 ns, At safepoint: 13895 ns, Total: 145259 ns
[2024-04-20T16:05:21.991+0000][7][safepoint   ] Safepoint "Cleanup", Time since last: 29010453273 ns, Reaching safepoint: 166681 ns, At safepoint: 3927 ns, Total: 170608 ns
[2024-04-20T16:05:52.002+0000][7][safepoint   ] Safepoint "Cleanup", Time since last: 30010982126 ns, Reaching safepoint: 133674 ns, At safepoint: 14247 ns, Total: 147921 ns
[2024-04-20T16:06:22.007+0000][7][safepoint   ] Safepoint "Cleanup", Time since last: 30004808942 ns, Reaching safepoint: 119737 ns, At safepoint: 4338 ns, Total: 124075 ns
[2024-04-20T16:06:36.012+0000][7][safepoint   ] Safepoint "Cleanup", Time since last: 14004719321 ns, Reaching safepoint: 229471 ns, At safepoint: 16250 ns, Total: 245721 ns
[2024-04-20T16:06:52.018+0000][7][safepoint   ] Safepoint "Cleanup", Time since last: 16006151192 ns, Reaching safepoint: 137366 ns, At safepoint: 8256 ns, Total: 145622 ns
[2024-04-20T16:07:22.028+0000][7][safepoint   ] Safepoint "Cleanup", Time since last: 30010240312 ns, Reaching safepoint: 139118 ns, At safepoint: 3526 ns, Total: 142644 ns
[2024-04-20T16:07:52.040+0000][7][safepoint   ] Safepoint "Cleanup", Time since last: 30011856622 ns, Reaching safepoint: 171752 ns, At safepoint: 5220 ns, Total: 176972 ns
[2024-04-20T16:08:08.045+0000][7][safepoint   ] Safepoint "Cleanup", Time since last: 16004245381 ns, Reaching safepoint: 144469 ns, At safepoint: 19016 ns, Total: 163485 ns
[2024-04-20T16:08:22.050+0000][7][safepoint   ] Safepoint "Cleanup", Time since last: 14004776321 ns, Reaching safepoint: 174124 ns, At safepoint: 13496 ns, Total: 187620 ns
[2024-04-20T16:08:37.055+0000][7][safepoint   ] Safepoint "Cleanup", Time since last: 15004428917 ns, Reaching safepoint: 318297 ns, At safepoint: 17393 ns, Total: 335690 ns
[2024-04-20T16:08:38.055+0000][7][safepoint   ] Safepoint "Cleanup", Time since last: 1000394413 ns, Reaching safepoint: 182272 ns, At safepoint: 23023 ns, Total: 205295 ns
[2024-04-20T16:08:52.060+0000][7][safepoint   ] Safepoint "Cleanup", Time since last: 14004934955 ns, Reaching safepoint: 117510 ns, At safepoint: 3457 ns, Total: 120967 ns
[2024-04-20T16:08:53.061+0000][7][safepoint   ] Safepoint "Cleanup", Time since last: 1000721762 ns, Reaching safepoint: 198060 ns, At safepoint: 24877 ns, Total: 222937 ns
[2024-04-20T16:08:54.062+0000][7][safepoint   ] Safepoint "Cleanup", Time since last: 1000516758 ns, Reaching safepoint: 106249 ns, At safepoint: 10930 ns, Total: 117179 ns
[2024-04-20T16:09:08.067+0000][7][safepoint   ] Safepoint "Cleanup", Time since last: 14005363257 ns, Reaching safepoint: 190306 ns, At safepoint: 23674 ns, Total: 213980 ns
[2024-04-20T16:09:15.069+0000][7][safepoint   ] Safepoint "Cleanup", Time since last: 7001952096 ns, Reaching safepoint: 180418 ns, At safepoint: 6502 ns, Total: 186920 ns
[2024-04-20T16:09:22.073+0000][7][safepoint   ] Safepoint "Cleanup", Time since last: 7003073732 ns, Reaching safepoint: 130625 ns, At safepoint: 4458 ns, Total: 135083 ns
[2024-04-20T16:09:24.074+0000][7][safepoint   ] Safepoint "Cleanup", Time since last: 2001006640 ns, Reaching safepoint: 147157 ns, At safepoint: 28133 ns, Total: 175290 ns
[2024-04-20T16:09:52.088+0000][7][safepoint   ] Safepoint "Cleanup", Time since last: 28013600771 ns, Reaching safepoint: 164108 ns, At safepoint: 29776 ns, Total: 193884 ns
[2024-04-20T16:10:22.098+0000][7][safepoint   ] Safepoint "Cleanup", Time since last: 30010029222 ns, Reaching safepoint: 191803 ns, At safepoint: 3947 ns, Total: 195750 ns
[2024-04-20T16:10:44.106+0000][7][safepoint   ] Safepoint "Cleanup", Time since last: 22007846776 ns, Reaching safepoint: 162254 ns, At safepoint: 12493 ns, Total: 174747 ns
[2024-04-20T16:10:52.109+0000][7][safepoint   ] Safepoint "Cleanup", Time since last: 8003130621 ns, Reaching safepoint: 243056 ns, At safepoint: 26129 ns, Total: 269185 ns
[2024-04-20T16:11:22.122+0000][7][safepoint   ] Safepoint "Cleanup", Time since last: 30012142205 ns, Reaching safepoint: 282898 ns, At safepoint: 39885 ns, Total: 322783 ns
[2024-04-20T16:11:54.134+0000][7][safepoint   ] Safepoint "Cleanup", Time since last: 32011554803 ns, Reaching safepoint: 191287 ns, At safepoint: 23504 ns, Total: 214791 ns
[2024-04-20T16:11:57.135+0000][7][safepoint   ] Safepoint "Cleanup", Time since last: 3000955875 ns, Reaching safepoint: 205844 ns, At safepoint: 19387 ns, Total: 225231 ns
[2024-04-20T16:12:22.144+0000][7][safepoint   ] Safepoint "Cleanup", Time since last: 25008504727 ns, Reaching safepoint: 278621 ns, At safepoint: 25998 ns, Total: 304619 ns
[2024-04-20T16:12:52.154+0000][7][safepoint   ] Safepoint "Cleanup", Time since last: 30010128487 ns, Reaching safepoint: 205417 ns, At safepoint: 16460 ns, Total: 221877 ns
[2024-04-20T16:13:08.160+0000][7][safepoint   ] Safepoint "Cleanup", Time since last: 16006149634 ns, Reaching safepoint: 213179 ns, At safepoint: 5901 ns, Total: 219080 ns
[2024-04-20T16:13:22.164+0000][7][safepoint   ] Safepoint "Cleanup", Time since last: 14003870222 ns, Reaching safepoint: 143769 ns, At safepoint: 6362 ns, Total: 150131 ns
[2024-04-20T16:13:44.172+0000][7][safepoint   ] Safepoint "Cleanup", Time since last: 22007541456 ns, Reaching safepoint: 101029 ns, At safepoint: 2094 ns, Total: 103123 ns
[2024-04-20T16:13:52.175+0000][7][safepoint   ] Safepoint "Cleanup", Time since last: 8002727386 ns, Reaching safepoint: 146185 ns, At safepoint: 20067 ns, Total: 166252 ns
[2024-04-20T16:14:44.193+0000][7][safepoint   ] Safepoint "Cleanup", Time since last: 52018001544 ns, Reaching safepoint: 94628 ns, At safepoint: 10920 ns, Total: 105548 ns
[2024-04-20T16:14:53.197+0000][7][safepoint   ] Safepoint "Cleanup", Time since last: 9003955272 ns, Reaching safepoint: 141514 ns, At safepoint: 15258 ns, Total: 156772 ns
[2024-04-20T16:15:08.203+0000][7][safepoint   ] Safepoint "Cleanup", Time since last: 15005952175 ns, Reaching safepoint: 158526 ns, At safepoint: 3857 ns, Total: 162383 ns
[2024-04-20T16:15:22.209+0000][7][safepoint   ] Safepoint "Cleanup", Time since last: 14005755305 ns, Reaching safepoint: 104235 ns, At safepoint: 3476 ns, Total: 107711 ns
[2024-04-20T16:15:23.210+0000][7][safepoint   ] Safepoint "Cleanup", Time since last: 1000556125 ns, Reaching safepoint: 142616 ns, At safepoint: 15129 ns, Total: 157745 ns
[2024-04-20T16:15:44.219+0000][7][safepoint   ] Safepoint "Cleanup", Time since last: 21009068573 ns, Reaching safepoint: 444565 ns, At safepoint: 28213 ns, Total: 472778 ns
[2024-04-20T16:15:53.222+0000][7][safepoint   ] Safepoint "Cleanup", Time since last: 9002211408 ns, Reaching safepoint: 211199 ns, At safepoint: 23073 ns, Total: 234272 ns
[2024-04-20T16:16:23.232+0000][7][safepoint   ] Safepoint "Cleanup", Time since last: 30010045272 ns, Reaching safepoint: 192570 ns, At safepoint: 3397 ns, Total: 195967 ns
[2024-04-20T16:16:52.243+0000][7][safepoint   ] Safepoint "Cleanup", Time since last: 29011315633 ns, Reaching safepoint: 129715 ns, At safepoint: 4629 ns, Total: 134344 ns
[2024-04-20T16:16:53.244+0000][7][safepoint   ] Safepoint "Cleanup", Time since last: 1000166827 ns, Reaching safepoint: 156425 ns, At safepoint: 3877 ns, Total: 160302 ns
[2024-04-20T16:17:22.257+0000][7][safepoint   ] Safepoint "Cleanup", Time since last: 29012868120 ns, Reaching safepoint: 212380 ns, At safepoint: 25297 ns, Total: 237677 ns
[2024-04-20T16:17:23.258+0000][7][safepoint   ] Safepoint "Cleanup", Time since last: 1000608798 ns, Reaching safepoint: 193333 ns, At safepoint: 23314 ns, Total: 216647 ns
[2024-04-20T16:17:52.269+0000][7][safepoint   ] Safepoint "Cleanup", Time since last: 29010958403 ns, Reaching safepoint: 108485 ns, At safepoint: 15770 ns, Total: 124255 ns
[2024-04-20T16:18:22.281+0000][7][safepoint   ] Safepoint "Cleanup", Time since last: 30012499895 ns, Reaching safepoint: 141920 ns, At safepoint: 27982 ns, Total: 169902 ns
[2024-04-20T16:18:45.290+0000][7][safepoint   ] Safepoint "Cleanup", Time since last: 23008244643 ns, Reaching safepoint: 113647 ns, At safepoint: 4338 ns, Total: 117985 ns
[2024-04-20T16:18:52.292+0000][7][safepoint   ] Safepoint "Cleanup", Time since last: 7001919583 ns, Reaching safepoint: 113406 ns, At safepoint: 14858 ns, Total: 128264 ns
[2024-04-20T16:19:08.299+0000][7][safepoint   ] Safepoint "Cleanup", Time since last: 16007507721 ns, Reaching safepoint: 130124 ns, At safepoint: 3607 ns, Total: 133731 ns
[2024-04-20T16:19:53.315+0000][7][safepoint   ] Safepoint "Cleanup", Time since last: 45015600477 ns, Reaching safepoint: 125445 ns, At safepoint: 3937 ns, Total: 129382 ns
[2024-04-20T16:20:08.321+0000][7][safepoint   ] Safepoint "Cleanup", Time since last: 15005721973 ns, Reaching safepoint: 236113 ns, At safepoint: 40506 ns, Total: 276619 ns
[2024-04-20T16:20:23.329+0000][7][safepoint   ] Safepoint "Cleanup", Time since last: 15007867604 ns, Reaching safepoint: 369599 ns, At safepoint: 5110 ns, Total: 374709 ns
[2024-04-20T16:20:38.335+0000][7][safepoint   ] Safepoint "Cleanup", Time since last: 15005116669 ns, Reaching safepoint: 136516 ns, At safepoint: 13435 ns, Total: 149951 ns
[2024-04-20T16:20:53.341+0000][7][safepoint   ] Safepoint "Cleanup", Time since last: 15006067813 ns, Reaching safepoint: 189518 ns, At safepoint: 6072 ns, Total: 195590 ns
[2024-04-20T16:21:08.348+0000][7][safepoint   ] Safepoint "Cleanup", Time since last: 15006921239 ns, Reaching safepoint: 159909 ns, At safepoint: 14106 ns, Total: 174015 ns
[2024-04-20T16:21:23.353+0000][7][safepoint   ] Safepoint "Cleanup", Time since last: 15004698866 ns, Reaching safepoint: 308428 ns, At safepoint: 25107 ns, Total: 333535 ns
[2024-04-20T16:22:23.377+0000][7][safepoint   ] Safepoint "Cleanup", Time since last: 60023726888 ns, Reaching safepoint: 187926 ns, At safepoint: 27151 ns, Total: 215077 ns
[2024-04-20T16:22:45.386+0000][7][safepoint   ] Safepoint "Cleanup", Time since last: 22008464834 ns, Reaching safepoint: 262328 ns, At safepoint: 10519 ns, Total: 272847 ns
[2024-04-20T16:24:08.421+0000][7][safepoint   ] Safepoint "Cleanup", Time since last: 83034830532 ns, Reaching safepoint: 198873 ns, At safepoint: 43542 ns, Total: 242415 ns
[2024-04-20T16:24:23.425+0000][7][safepoint   ] Safepoint "Cleanup", Time since last: 15004398123 ns, Reaching safepoint: 126313 ns, At safepoint: 24707 ns, Total: 151020 ns
[2024-04-20T16:24:53.438+0000][7][safepoint   ] Safepoint "Cleanup", Time since last: 30012158784 ns, Reaching safepoint: 137289 ns, At safepoint: 4228 ns, Total: 141517 ns
[2024-04-20T16:25:08.443+0000][7][safepoint   ] Safepoint "Cleanup", Time since last: 15004844084 ns, Reaching safepoint: 202284 ns, At safepoint: 3717 ns, Total: 206001 ns
[2024-04-20T16:25:23.448+0000][7][safepoint   ] Safepoint "Cleanup", Time since last: 15005338065 ns, Reaching safepoint: 146976 ns, At safepoint: 16942 ns, Total: 163918 ns
[2024-04-20T16:25:38.453+0000][7][safepoint   ] Safepoint "Cleanup", Time since last: 15004040179 ns, Reaching safepoint: 215124 ns, At safepoint: 25878 ns, Total: 241002 ns
[2024-04-20T16:26:22.970+0000][7][gc,start    ] GC(31) Pause Young (Concurrent Start) (G1 Evacuation Pause)
[2024-04-20T16:26:22.970+0000][7][gc,task     ] GC(31) Using 4 workers of 4 for evacuation
[2024-04-20T16:26:22.970+0000][7][gc,age      ] GC(31) Desired survivor size 8388608 bytes, new threshold 15 (max threshold 15)
[2024-04-20T16:26:22.978+0000][7][gc,age      ] GC(31) Age table with threshold 15 (max threshold 15)
[2024-04-20T16:26:22.978+0000][7][gc,age      ] GC(31) - age   1:      63384 bytes,      63384 total
[2024-04-20T16:26:22.978+0000][7][gc,age      ] GC(31) - age   2:    1336080 bytes,    1399464 total
[2024-04-20T16:26:22.978+0000][7][gc,age      ] GC(31) - age   3:    1652560 bytes,    3052024 total
[2024-04-20T16:26:22.978+0000][7][gc,age      ] GC(31) - age   4:    2804944 bytes,    5856968 total
[2024-04-20T16:26:22.978+0000][7][gc,phases   ] GC(31)   Pre Evacuate Collection Set: 0.3ms
[2024-04-20T16:26:22.978+0000][7][gc,phases   ] GC(31)   Merge Heap Roots: 0.1ms
[2024-04-20T16:26:22.978+0000][7][gc,phases   ] GC(31)   Evacuate Collection Set: 5.4ms
[2024-04-20T16:26:22.978+0000][7][gc,phases   ] GC(31)   Post Evacuate Collection Set: 1.8ms
[2024-04-20T16:26:22.978+0000][7][gc,phases   ] GC(31)   Other: 0.3ms
[2024-04-20T16:26:22.978+0000][7][gc,heap     ] GC(31) Eden regions: 27->0(27)
[2024-04-20T16:26:22.978+0000][7][gc,heap     ] GC(31) Survivor regions: 2->2(4)
[2024-04-20T16:26:22.978+0000][7][gc,heap     ] GC(31) Old regions: 18->18
[2024-04-20T16:26:22.978+0000][7][gc,heap     ] GC(31) Archive regions: 2->2
[2024-04-20T16:26:22.978+0000][7][gc,heap     ] GC(31) Humongous regions: 2->2
[2024-04-20T16:26:22.978+0000][7][gc,metaspace] GC(31) Metaspace: 97928K(102116K)->97928K(102116K) NonClass: 84982K(88064K)->84982K(88064K) Class: 12946K(14052K)->12946K(14052K)
[2024-04-20T16:26:22.978+0000][7][gc          ] GC(31) Pause Young (Concurrent Start) (G1 Evacuation Pause) 198M->89M(256M) 7.900ms
[2024-04-20T16:26:22.978+0000][7][gc,cpu      ] GC(31) User=0.02s Sys=0.00s Real=0.01s
[2024-04-20T16:26:22.978+0000][7][gc          ] GC(32) Concurrent Cycle
[2024-04-20T16:26:22.978+0000][7][safepoint   ] Safepoint "G1CollectForAllocation", Time since last: 44517527323 ns, Reaching safepoint: 120766 ns, At safepoint: 8012596 ns, Total: 8133362 ns
[2024-04-20T16:26:22.978+0000][7][gc,marking  ] GC(32) Concurrent Clear Claimed Marks
[2024-04-20T16:26:22.978+0000][7][gc,marking  ] GC(32) Concurrent Clear Claimed Marks 0.154ms
[2024-04-20T16:26:22.978+0000][7][gc,marking  ] GC(32) Concurrent Scan Root Regions
[2024-04-20T16:26:22.985+0000][7][gc,marking  ] GC(32) Concurrent Scan Root Regions 6.357ms
[2024-04-20T16:26:22.985+0000][7][gc,marking  ] GC(32) Concurrent Mark (3733.620s)
[2024-04-20T16:26:22.985+0000][7][gc,marking  ] GC(32) Concurrent Mark From Roots
[2024-04-20T16:26:22.985+0000][7][gc,task     ] GC(32) Using 1 workers of 1 for marking
[2024-04-20T16:26:23.057+0000][7][gc,marking  ] GC(32) Concurrent Mark From Roots 72.301ms
[2024-04-20T16:26:23.057+0000][7][gc,marking  ] GC(32) Concurrent Preclean
[2024-04-20T16:26:23.058+0000][7][gc,marking  ] GC(32) Concurrent Preclean 0.713ms
[2024-04-20T16:26:23.058+0000][7][gc,marking  ] GC(32) Concurrent Mark (3733.620s, 3733.693s) 73.086ms
[2024-04-20T16:26:23.058+0000][7][gc,start    ] GC(32) Pause Remark
[2024-04-20T16:26:23.102+0000][7][gc          ] GC(32) Pause Remark 90M->90M(256M) 43.978ms
[2024-04-20T16:26:23.102+0000][7][gc,cpu      ] GC(32) User=0.05s Sys=0.00s Real=0.04s
[2024-04-20T16:26:23.102+0000][7][safepoint   ] Safepoint "G1Concurrent", Time since last: 79698568 ns, Reaching safepoint: 166795 ns, At safepoint: 44134525 ns, Total: 44301320 ns
[2024-04-20T16:26:23.102+0000][7][gc,marking  ] GC(32) Concurrent Rebuild Remembered Sets
[2024-04-20T16:26:23.157+0000][7][gc,marking  ] GC(32) Concurrent Rebuild Remembered Sets 54.854ms
[2024-04-20T16:26:23.158+0000][7][gc,start    ] GC(32) Pause Cleanup
[2024-04-20T16:26:23.158+0000][7][gc          ] GC(32) Pause Cleanup 91M->91M(256M) 0.165ms
[2024-04-20T16:26:23.158+0000][7][gc,cpu      ] GC(32) User=0.00s Sys=0.00s Real=0.00s
[2024-04-20T16:26:23.158+0000][7][safepoint   ] Safepoint "G1Concurrent", Time since last: 55038995 ns, Reaching safepoint: 525593 ns, At safepoint: 246731 ns, Total: 772324 ns
[2024-04-20T16:26:23.158+0000][7][gc,marking  ] GC(32) Concurrent Cleanup for Next Mark
[2024-04-20T16:26:23.159+0000][7][gc,marking  ] GC(32) Concurrent Cleanup for Next Mark 1.252ms
[2024-04-20T16:26:23.159+0000][7][gc          ] GC(32) Concurrent Cycle 181.210ms
[2024-04-20T16:26:24.159+0000][7][safepoint   ] Safepoint "Cleanup", Time since last: 1000445020 ns, Reaching safepoint: 158958 ns, At safepoint: 15919 ns, Total: 174877 ns
[2024-04-20T16:26:27.160+0000][7][safepoint   ] Safepoint "Cleanup", Time since last: 3001295527 ns, Reaching safepoint: 220522 ns, At safepoint: 6853 ns, Total: 227375 ns
[2024-04-20T16:26:37.164+0000][7][safepoint   ] Safepoint "Cleanup", Time since last: 10003462105 ns, Reaching safepoint: 325950 ns, At safepoint: 37540 ns, Total: 363490 ns
[2024-04-20T16:26:38.165+0000][7][safepoint   ] Safepoint "Cleanup", Time since last: 1000437751 ns, Reaching safepoint: 284482 ns, At safepoint: 24536 ns, Total: 309018 ns
[2024-04-20T16:26:45.168+0000][7][safepoint   ] Safepoint "Cleanup", Time since last: 7002963459 ns, Reaching safepoint: 406649 ns, At safepoint: 13886 ns, Total: 420535 ns
[2024-04-20T16:26:52.170+0000][7][safepoint   ] Safepoint "Cleanup", Time since last: 7002214721 ns, Reaching safepoint: 185788 ns, At safepoint: 16601 ns, Total: 202389 ns
[2024-04-20T16:26:53.171+0000][7][safepoint   ] Safepoint "Cleanup", Time since last: 1000490428 ns, Reaching safepoint: 180418 ns, At safepoint: 3807 ns, Total: 184225 ns
[2024-04-20T16:27:08.177+0000][7][safepoint   ] Safepoint "Cleanup", Time since last: 15005436118 ns, Reaching safepoint: 236954 ns, At safepoint: 26630 ns, Total: 263584 ns
[2024-04-20T16:27:23.182+0000][7][safepoint   ] Safepoint "Cleanup", Time since last: 15005134069 ns, Reaching safepoint: 161662 ns, At safepoint: 3858 ns, Total: 165520 ns
[2024-04-20T16:27:38.188+0000][7][safepoint   ] Safepoint "Cleanup", Time since last: 15006177656 ns, Reaching safepoint: 120055 ns, At safepoint: 3316 ns, Total: 123371 ns
[2024-04-20T16:27:45.191+0000][7][safepoint   ] Safepoint "Cleanup", Time since last: 7002585093 ns, Reaching safepoint: 224110 ns, At safepoint: 7164 ns, Total: 231274 ns
[2024-04-20T16:27:53.195+0000][7][safepoint   ] Safepoint "Cleanup", Time since last: 8003477256 ns, Reaching safepoint: 161604 ns, At safepoint: 2996 ns, Total: 164600 ns
[2024-04-20T16:28:08.201+0000][7][safepoint   ] Safepoint "Cleanup", Time since last: 15006057609 ns, Reaching safepoint: 220264 ns, At safepoint: 14136 ns, Total: 234400 ns
[2024-04-20T16:28:23.207+0000][7][safepoint   ] Safepoint "Cleanup", Time since last: 15005852418 ns, Reaching safepoint: 165441 ns, At safepoint: 3396 ns, Total: 168837 ns
[2024-04-20T16:28:38.213+0000][7][safepoint   ] Safepoint "Cleanup", Time since last: 15005555001 ns, Reaching safepoint: 157255 ns, At safepoint: 5120 ns, Total: 162375 ns
[2024-04-20T16:28:53.220+0000][7][safepoint   ] Safepoint "Cleanup", Time since last: 15006922739 ns, Reaching safepoint: 179415 ns, At safepoint: 7904 ns, Total: 187319 ns
[2024-04-20T16:29:04.223+0000][7][safepoint   ] Safepoint "Cleanup", Time since last: 11003160754 ns, Reaching safepoint: 116765 ns, At safepoint: 1903 ns, Total: 118668 ns
[2024-04-20T16:29:22.230+0000][7][safepoint   ] Safepoint "Cleanup", Time since last: 18006631617 ns, Reaching safepoint: 136865 ns, At safepoint: 4419 ns, Total: 141284 ns
[2024-04-20T16:29:23.231+0000][7][safepoint   ] Safepoint "Cleanup", Time since last: 1000369264 ns, Reaching safepoint: 163285 ns, At safepoint: 3797 ns, Total: 167082 ns
[2024-04-20T16:29:52.242+0000][7][safepoint   ] Safepoint "Cleanup", Time since last: 29011670443 ns, Reaching safepoint: 152646 ns, At safepoint: 12523 ns, Total: 165169 ns
[2024-04-20T16:30:22.254+0000][7][safepoint   ] Safepoint "Cleanup", Time since last: 30011548617 ns, Reaching safepoint: 258714 ns, At safepoint: 3567 ns, Total: 262281 ns
[2024-04-20T16:30:38.263+0000][7][safepoint   ] Safepoint "Cleanup", Time since last: 16008110804 ns, Reaching safepoint: 236866 ns, At safepoint: 8747 ns, Total: 245613 ns
[2024-04-20T16:31:24.279+0000][7][safepoint   ] Safepoint "Cleanup", Time since last: 46016329498 ns, Reaching safepoint: 101471 ns, At safepoint: 2384 ns, Total: 103855 ns
[2024-04-20T16:31:45.286+0000][7][safepoint   ] Safepoint "Cleanup", Time since last: 21006699341 ns, Reaching safepoint: 190327 ns, At safepoint: 3256 ns, Total: 193583 ns
[2024-04-20T16:31:54.289+0000][7][safepoint   ] Safepoint "Cleanup", Time since last: 9003007051 ns, Reaching safepoint: 256082 ns, At safepoint: 9047 ns, Total: 265129 ns
[2024-04-20T16:32:24.302+0000][7][safepoint   ] Safepoint "Cleanup", Time since last: 30012760860 ns, Reaching safepoint: 150181 ns, At safepoint: 13696 ns, Total: 163877 ns
[2024-04-20T16:32:34.306+0000][7][safepoint   ] Safepoint "Cleanup", Time since last: 10003445377 ns, Reaching safepoint: 158145 ns, At safepoint: 6443 ns, Total: 164588 ns
[2024-04-20T16:32:45.310+0000][7][safepoint   ] Safepoint "Cleanup", Time since last: 11003977929 ns, Reaching safepoint: 144964 ns, At safepoint: 25388 ns, Total: 170352 ns
[2024-04-20T16:32:52.313+0000][7][safepoint   ] Safepoint "Cleanup", Time since last: 7002467013 ns, Reaching safepoint: 183490 ns, At safepoint: 3567 ns, Total: 187057 ns
[2024-04-20T16:34:24.350+0000][7][safepoint   ] Safepoint "Cleanup", Time since last: 92037407031 ns, Reaching safepoint: 258626 ns, At safepoint: 8656 ns, Total: 267282 ns
[2024-04-20T16:34:45.360+0000][7][safepoint   ] Safepoint "Cleanup", Time since last: 21009115277 ns, Reaching safepoint: 173525 ns, At safepoint: 6071 ns, Total: 179596 ns
[2024-04-20T16:34:54.364+0000][7][safepoint   ] Safepoint "Cleanup", Time since last: 9003979422 ns, Reaching safepoint: 178794 ns, At safepoint: 3517 ns, Total: 182311 ns
[2024-04-20T16:35:22.373+0000][7][safepoint   ] Safepoint "Cleanup", Time since last: 28009088874 ns, Reaching safepoint: 209348 ns, At safepoint: 9237 ns, Total: 218585 ns
[2024-04-20T16:35:54.385+0000][7][safepoint   ] Safepoint "Cleanup", Time since last: 32011885951 ns, Reaching safepoint: 109471 ns, At safepoint: 1983 ns, Total: 111454 ns
[2024-04-20T16:36:24.395+0000][7][safepoint   ] Safepoint "Cleanup", Time since last: 30009980696 ns, Reaching safepoint: 244332 ns, At safepoint: 17052 ns, Total: 261384 ns
[2024-04-20T16:36:38.400+0000][7][safepoint   ] Safepoint "Cleanup", Time since last: 14004691087 ns, Reaching safepoint: 185167 ns, At safepoint: 22402 ns, Total: 207569 ns
[2024-04-20T16:37:24.420+0000][7][safepoint   ] Safepoint "Cleanup", Time since last: 46020146152 ns, Reaching safepoint: 118782 ns, At safepoint: 2976 ns, Total: 121758 ns
[2024-04-20T16:37:54.430+0000][7][safepoint   ] Safepoint "Cleanup", Time since last: 30009783028 ns, Reaching safepoint: 175920 ns, At safepoint: 21180 ns, Total: 197100 ns
[2024-04-20T16:38:24.446+0000][7][safepoint   ] Safepoint "Cleanup", Time since last: 30015835940 ns, Reaching safepoint: 176468 ns, At safepoint: 21691 ns, Total: 198159 ns
[2024-04-20T16:38:45.457+0000][7][safepoint   ] Safepoint "Cleanup", Time since last: 21010478913 ns, Reaching safepoint: 261060 ns, At safepoint: 25528 ns, Total: 286588 ns
[2024-04-20T16:38:54.460+0000][7][safepoint   ] Safepoint "Cleanup", Time since last: 9003001785 ns, Reaching safepoint: 161551 ns, At safepoint: 3807 ns, Total: 165358 ns
[2024-04-20T16:39:24.472+0000][7][safepoint   ] Safepoint "Cleanup", Time since last: 30011280253 ns, Reaching safepoint: 298804 ns, At safepoint: 26580 ns, Total: 325384 ns
[2024-04-20T16:39:38.477+0000][7][safepoint   ] Safepoint "Cleanup", Time since last: 14004950022 ns, Reaching safepoint: 252194 ns, At safepoint: 7234 ns, Total: 259428 ns
[2024-04-20T16:39:54.484+0000][7][safepoint   ] Safepoint "Cleanup", Time since last: 16006206066 ns, Reaching safepoint: 215463 ns, At safepoint: 7584 ns, Total: 223047 ns
[2024-04-20T16:40:24.496+0000][7][safepoint   ] Safepoint "Cleanup", Time since last: 30011924729 ns, Reaching safepoint: 177148 ns, At safepoint: 3457 ns, Total: 180605 ns
[2024-04-20T16:40:45.504+0000][7][safepoint   ] Safepoint "Cleanup", Time since last: 21008192344 ns, Reaching safepoint: 162485 ns, At safepoint: 3596 ns, Total: 166081 ns
[2024-04-20T16:41:08.513+0000][7][safepoint   ] Safepoint "Cleanup", Time since last: 23008498114 ns, Reaching safepoint: 303388 ns, At safepoint: 57237 ns, Total: 360625 ns
[2024-04-20T16:42:24.542+0000][7][safepoint   ] Safepoint "Cleanup", Time since last: 76028595137 ns, Reaching safepoint: 173977 ns, At safepoint: 3266 ns, Total: 177243 ns
[2024-04-20T16:42:38.547+0000][7][safepoint   ] Safepoint "Cleanup", Time since last: 14004864111 ns, Reaching safepoint: 241467 ns, At safepoint: 79890 ns, Total: 321357 ns
[2024-04-20T16:44:24.586+0000][7][safepoint   ] Safepoint "Cleanup", Time since last: 106038740846 ns, Reaching safepoint: 113792 ns, At safepoint: 2134 ns, Total: 115926 ns
[2024-04-20T16:45:52.622+0000][7][safepoint   ] Safepoint "Cleanup", Time since last: 88036256476 ns, Reaching safepoint: 123372 ns, At safepoint: 13395 ns, Total: 136767 ns
[2024-04-20T16:46:22.634+0000][7][safepoint   ] Safepoint "Cleanup", Time since last: 30012137113 ns, Reaching safepoint: 180825 ns, At safepoint: 8616 ns, Total: 189441 ns
[2024-04-20T16:47:24.658+0000][7][safepoint   ] Safepoint "Cleanup", Time since last: 62023237374 ns, Reaching safepoint: 224189 ns, At safepoint: 6422 ns, Total: 230611 ns
[2024-04-20T16:47:45.667+0000][7][safepoint   ] Safepoint "Cleanup", Time since last: 21008570020 ns, Reaching safepoint: 313796 ns, At safepoint: 25508 ns, Total: 339304 ns
[2024-04-20T16:47:54.669+0000][7][safepoint   ] Safepoint "Cleanup", Time since last: 9002409894 ns, Reaching safepoint: 143869 ns, At safepoint: 19406 ns, Total: 163275 ns
[2024-04-20T16:48:22.679+0000][7][safepoint   ] Safepoint "Cleanup", Time since last: 28009697280 ns, Reaching safepoint: 116030 ns, At safepoint: 2525 ns, Total: 118555 ns
[2024-04-20T16:48:24.680+0000][7][safepoint   ] Safepoint "Cleanup", Time since last: 2000923095 ns, Reaching safepoint: 146033 ns, At safepoint: 2955 ns, Total: 148988 ns
[2024-04-20T16:49:54.720+0000][7][safepoint   ] Safepoint "Cleanup", Time since last: 90039689961 ns, Reaching safepoint: 307058 ns, At safepoint: 44573 ns, Total: 351631 ns
[2024-04-20T16:50:19.731+0000][7][safepoint   ] Safepoint "Cleanup", Time since last: 25010028262 ns, Reaching safepoint: 140393 ns, At safepoint: 31028 ns, Total: 171421 ns
[2024-04-20T16:50:45.743+0000][7][safepoint   ] Safepoint "Cleanup", Time since last: 26011852495 ns, Reaching safepoint: 185027 ns, At safepoint: 23975 ns, Total: 209002 ns
[2024-04-20T16:51:54.773+0000][7][safepoint   ] Safepoint "Cleanup", Time since last: 69029761874 ns, Reaching safepoint: 185258 ns, At safepoint: 6312 ns, Total: 191570 ns
[2024-04-20T16:52:24.784+0000][7][safepoint   ] Safepoint "Cleanup", Time since last: 30011435302 ns, Reaching safepoint: 103835 ns, At safepoint: 1884 ns, Total: 105719 ns
[2024-04-20T16:52:45.793+0000][7][safepoint   ] Safepoint "Cleanup", Time since last: 21008145287 ns, Reaching safepoint: 252850 ns, At safepoint: 52248 ns, Total: 305098 ns
[2024-04-20T16:53:22.808+0000][7][safepoint   ] Safepoint "Cleanup", Time since last: 37014986418 ns, Reaching safepoint: 165049 ns, At safepoint: 26269 ns, Total: 191318 ns
[2024-04-20T16:53:24.809+0000][7][safepoint   ] Safepoint "Cleanup", Time since last: 2000667115 ns, Reaching safepoint: 130684 ns, At safepoint: 1963 ns, Total: 132647 ns
[2024-04-20T16:53:45.815+0000][7][safepoint   ] Safepoint "Cleanup", Time since last: 21006360771 ns, Reaching safepoint: 165960 ns, At safepoint: 14197 ns, Total: 180157 ns
[2024-04-20T16:54:38.838+0000][7][safepoint   ] Safepoint "Cleanup", Time since last: 53022979813 ns, Reaching safepoint: 122102 ns, At safepoint: 28754 ns, Total: 150856 ns
[2024-04-20T16:55:22.855+0000][7][safepoint   ] Safepoint "Cleanup", Time since last: 44016243280 ns, Reaching safepoint: 156088 ns, At safepoint: 23124 ns, Total: 179212 ns
[2024-04-20T16:55:25.857+0000][7][safepoint   ] Safepoint "Cleanup", Time since last: 3001754745 ns, Reaching safepoint: 210324 ns, At safepoint: 13495 ns, Total: 223819 ns
[2024-04-20T16:55:55.869+0000][7][safepoint   ] Safepoint "Cleanup", Time since last: 30012231388 ns, Reaching safepoint: 388483 ns, At safepoint: 7935 ns, Total: 396418 ns
[2024-04-20T16:56:08.875+0000][7][safepoint   ] Safepoint "Cleanup", Time since last: 13005872774 ns, Reaching safepoint: 226915 ns, At safepoint: 6662 ns, Total: 233577 ns
[2024-04-20T16:56:25.882+0000][7][safepoint   ] Safepoint "Cleanup", Time since last: 17006964709 ns, Reaching safepoint: 106460 ns, At safepoint: 2444 ns, Total: 108904 ns
[2024-04-20T16:57:08.901+0000][7][safepoint   ] Safepoint "Cleanup", Time since last: 43018453583 ns, Reaching safepoint: 230735 ns, At safepoint: 72276 ns, Total: 303011 ns
[2024-04-20T16:57:25.907+0000][7][safepoint   ] Safepoint "Cleanup", Time since last: 17005375288 ns, Reaching safepoint: 161417 ns, At safepoint: 3366 ns, Total: 164783 ns
[2024-04-20T16:57:55.918+0000][7][safepoint   ] Safepoint "Cleanup", Time since last: 30011005703 ns, Reaching safepoint: 191890 ns, At safepoint: 20308 ns, Total: 212198 ns
[2024-04-20T16:58:08.922+0000][7][safepoint   ] Safepoint "Cleanup", Time since last: 13004274816 ns, Reaching safepoint: 171722 ns, At safepoint: 16501 ns, Total: 188223 ns
[2024-04-20T16:58:33.932+0000][7][safepoint   ] Safepoint "Cleanup", Time since last: 25009277400 ns, Reaching safepoint: 120995 ns, At safepoint: 3546 ns, Total: 124541 ns
[2024-04-20T16:58:38.934+0000][7][safepoint   ] Safepoint "Cleanup", Time since last: 5001807105 ns, Reaching safepoint: 114915 ns, At safepoint: 12334 ns, Total: 127249 ns
[2024-04-20T16:59:18.950+0000][7][safepoint   ] Safepoint "Cleanup", Time since last: 40015834723 ns, Reaching safepoint: 96551 ns, At safepoint: 3697 ns, Total: 100248 ns
[2024-04-20T16:59:55.965+0000][7][safepoint   ] Safepoint "Cleanup", Time since last: 37014887012 ns, Reaching safepoint: 158388 ns, At safepoint: 3016 ns, Total: 161404 ns
[2024-04-20T17:00:55.986+0000][7][safepoint   ] Safepoint "Cleanup", Time since last: 60021255502 ns, Reaching safepoint: 172231 ns, At safepoint: 18905 ns, Total: 191136 ns
[2024-04-20T17:01:39.001+0000][7][safepoint   ] Safepoint "Cleanup", Time since last: 43014683116 ns, Reaching safepoint: 116698 ns, At safepoint: 14938 ns, Total: 131636 ns
[2024-04-20T17:01:56.004+0000][7][safepoint   ] Safepoint "Cleanup", Time since last: 17003063910 ns, Reaching safepoint: 105738 ns, At safepoint: 1674 ns, Total: 107412 ns
[2024-04-20T17:02:45.381+0000][7][gc,start    ] GC(33) Pause Young (Normal) (G1 Evacuation Pause)
[2024-04-20T17:02:45.381+0000][7][gc,task     ] GC(33) Using 4 workers of 4 for evacuation
[2024-04-20T17:02:45.381+0000][7][gc,age      ] GC(33) Desired survivor size 8388608 bytes, new threshold 15 (max threshold 15)
[2024-04-20T17:02:45.390+0000][7][gc,age      ] GC(33) Age table with threshold 15 (max threshold 15)
[2024-04-20T17:02:45.390+0000][7][gc,age      ] GC(33) - age   1:      47768 bytes,      47768 total
[2024-04-20T17:02:45.390+0000][7][gc,age      ] GC(33) - age   2:      27496 bytes,      75264 total
[2024-04-20T17:02:45.390+0000][7][gc,age      ] GC(33) - age   3:    1335944 bytes,    1411208 total
[2024-04-20T17:02:45.390+0000][7][gc,age      ] GC(33) - age   4:    1652192 bytes,    3063400 total
[2024-04-20T17:02:45.390+0000][7][gc,age      ] GC(33) - age   5:    2798128 bytes,    5861528 total
[2024-04-20T17:02:45.391+0000][7][gc,phases   ] GC(33)   Pre Evacuate Collection Set: 0.1ms
[2024-04-20T17:02:45.391+0000][7][gc,phases   ] GC(33)   Merge Heap Roots: 0.2ms
[2024-04-20T17:02:45.391+0000][7][gc,phases   ] GC(33)   Evacuate Collection Set: 8.0ms
[2024-04-20T17:02:45.391+0000][7][gc,phases   ] GC(33)   Post Evacuate Collection Set: 1.0ms
[2024-04-20T17:02:45.391+0000][7][gc,phases   ] GC(33)   Other: 0.3ms
[2024-04-20T17:02:45.391+0000][7][gc,heap     ] GC(33) Eden regions: 27->0(28)
[2024-04-20T17:02:45.391+0000][7][gc,heap     ] GC(33) Survivor regions: 2->2(4)
[2024-04-20T17:02:45.391+0000][7][gc,heap     ] GC(33) Old regions: 18->18
[2024-04-20T17:02:45.391+0000][7][gc,heap     ] GC(33) Archive regions: 2->2
[2024-04-20T17:02:45.391+0000][7][gc,heap     ] GC(33) Humongous regions: 2->2
[2024-04-20T17:02:45.391+0000][7][gc,metaspace] GC(33) Metaspace: 98283K(102628K)->98283K(102628K) NonClass: 85354K(88576K)->85354K(88576K) Class: 12929K(14052K)->12929K(14052K)
[2024-04-20T17:02:45.391+0000][7][gc          ] GC(33) Pause Young (Normal) (G1 Evacuation Pause) 197M->89M(256M) 9.526ms
[2024-04-20T17:02:45.391+0000][7][gc,cpu      ] GC(33) User=0.02s Sys=0.00s Real=0.01s
[2024-04-20T17:02:45.391+0000][7][safepoint   ] Safepoint "G1CollectForAllocation", Time since last: 49376764199 ns, Reaching safepoint: 116522 ns, At safepoint: 9649638 ns, Total: 9766160 ns
[2024-04-20T17:03:56.420+0000][7][safepoint   ] Safepoint "Cleanup", Time since last: 71028862665 ns, Reaching safepoint: 103323 ns, At safepoint: 2114 ns, Total: 105437 ns
[2024-04-20T17:04:38.435+0000][7][safepoint   ] Safepoint "Cleanup", Time since last: 42014835806 ns, Reaching safepoint: 364993 ns, At safepoint: 63309 ns, Total: 428302 ns
[2024-04-20T17:04:46.438+0000][7][safepoint   ] Safepoint "Cleanup", Time since last: 8003376570 ns, Reaching safepoint: 114594 ns, At safepoint: 2084 ns, Total: 116678 ns
[2024-04-20T17:05:56.463+0000][7][safepoint   ] Safepoint "Cleanup", Time since last: 70024072921 ns, Reaching safepoint: 171261 ns, At safepoint: 13295 ns, Total: 184556 ns
[2024-04-20T17:06:26.474+0000][7][safepoint   ] Safepoint "Cleanup", Time since last: 30011024929 ns, Reaching safepoint: 297086 ns, At safepoint: 90981 ns, Total: 388067 ns
[2024-04-20T17:07:08.491+0000][7][safepoint   ] Safepoint "Cleanup", Time since last: 42017245150 ns, Reaching safepoint: 108723 ns, At safepoint: 13967 ns, Total: 122690 ns
[2024-04-20T17:07:38.504+0000][7][safepoint   ] Safepoint "Cleanup", Time since last: 30012257900 ns, Reaching safepoint: 164118 ns, At safepoint: 13365 ns, Total: 177483 ns
[2024-04-20T17:07:56.511+0000][7][safepoint   ] Safepoint "Cleanup", Time since last: 18006478328 ns, Reaching safepoint: 175129 ns, At safepoint: 3798 ns, Total: 178927 ns
[2024-04-20T17:08:08.516+0000][7][safepoint   ] Safepoint "Cleanup", Time since last: 12005141411 ns, Reaching safepoint: 132689 ns, At safepoint: 8777 ns, Total: 141466 ns
[2024-04-20T17:08:22.523+0000][7][safepoint   ] Safepoint "Cleanup", Time since last: 14006167229 ns, Reaching safepoint: 580299 ns, At safepoint: 22692 ns, Total: 602991 ns
[2024-04-20T17:08:26.524+0000][7][safepoint   ] Safepoint "Cleanup", Time since last: 4001262953 ns, Reaching safepoint: 114746 ns, At safepoint: 14096 ns, Total: 128842 ns
[2024-04-20T17:08:56.535+0000][7][safepoint   ] Safepoint "Cleanup", Time since last: 30010315626 ns, Reaching safepoint: 312658 ns, At safepoint: 24295 ns, Total: 336953 ns
[2024-04-20T17:09:19.547+0000][7][safepoint   ] Safepoint "Cleanup", Time since last: 23012074653 ns, Reaching safepoint: 229171 ns, At safepoint: 47299 ns, Total: 276470 ns
[2024-04-20T17:09:38.555+0000][7][safepoint   ] Safepoint "Cleanup", Time since last: 19007970841 ns, Reaching safepoint: 178586 ns, At safepoint: 15088 ns, Total: 193674 ns
[2024-04-20T17:10:17.571+0000][7][safepoint   ] Safepoint "Cleanup", Time since last: 39016063235 ns, Reaching safepoint: 148659 ns, At safepoint: 3877 ns, Total: 152536 ns
[2024-04-20T17:10:56.586+0000][7][safepoint   ] Safepoint "Cleanup", Time since last: 39014202806 ns, Reaching safepoint: 235831 ns, At safepoint: 9558 ns, Total: 245389 ns
[2024-04-20T17:11:25.598+0000][7][safepoint   ] Safepoint "Cleanup", Time since last: 29011889846 ns, Reaching safepoint: 131446 ns, At safepoint: 22522 ns, Total: 153968 ns
[2024-04-20T17:11:26.598+0000][7][safepoint   ] Safepoint "Cleanup", Time since last: 1000304001 ns, Reaching safepoint: 147606 ns, At safepoint: 3577 ns, Total: 151183 ns
[2024-04-20T17:13:26.646+0000][7][safepoint   ] Safepoint "Cleanup", Time since last: 120047408833 ns, Reaching safepoint: 257533 ns, At safepoint: 25588 ns, Total: 283121 ns
[2024-04-20T17:13:38.650+0000][7][safepoint   ] Safepoint "Cleanup", Time since last: 12003349160 ns, Reaching safepoint: 177151 ns, At safepoint: 13746 ns, Total: 190897 ns
[2024-04-20T17:14:52.674+0000][7][safepoint   ] Safepoint "Cleanup", Time since last: 74024425051 ns, Reaching safepoint: 130159 ns, At safepoint: 31579 ns, Total: 161738 ns
[2024-04-20T17:14:56.676+0000][7][safepoint   ] Safepoint "Cleanup", Time since last: 4000971591 ns, Reaching safepoint: 493926 ns, At safepoint: 24967 ns, Total: 518893 ns
[2024-04-20T17:15:08.681+0000][7][safepoint   ] Safepoint "Cleanup", Time since last: 12005240132 ns, Reaching safepoint: 138429 ns, At safepoint: 6642 ns, Total: 145071 ns
[2024-04-20T17:15:35.693+0000][7][safepoint   ] Safepoint "Cleanup", Time since last: 27011491575 ns, Reaching safepoint: 136626 ns, At safepoint: 25959 ns, Total: 162585 ns
[2024-04-20T17:16:08.708+0000][7][safepoint   ] Safepoint "Cleanup", Time since last: 33015290838 ns, Reaching safepoint: 130365 ns, At safepoint: 26429 ns, Total: 156794 ns
[2024-04-20T17:17:08.733+0000][7][safepoint   ] Safepoint "Cleanup", Time since last: 60024590750 ns, Reaching safepoint: 255759 ns, At safepoint: 46117 ns, Total: 301876 ns
[2024-04-20T17:17:22.739+0000][7][safepoint   ] Safepoint "Cleanup", Time since last: 14005578030 ns, Reaching safepoint: 106820 ns, At safepoint: 12884 ns, Total: 119704 ns
[2024-04-20T17:18:56.776+0000][7][safepoint   ] Safepoint "Cleanup", Time since last: 94036880352 ns, Reaching safepoint: 334827 ns, At safepoint: 8386 ns, Total: 343213 ns
[2024-04-20T17:19:26.786+0000][7][safepoint   ] Safepoint "Cleanup", Time since last: 30009397495 ns, Reaching safepoint: 214281 ns, At safepoint: 6072 ns, Total: 220353 ns
[2024-04-20T17:19:29.787+0000][7][safepoint   ] Safepoint "Cleanup", Time since last: 3001503196 ns, Reaching safepoint: 196548 ns, At safepoint: 27502 ns, Total: 224050 ns
[2024-04-20T17:22:26.854+0000][7][safepoint   ] Safepoint "Cleanup", Time since last: 177066715103 ns, Reaching safepoint: 147656 ns, At safepoint: 3256 ns, Total: 150912 ns
[2024-04-20T17:22:52.867+0000][7][safepoint   ] Safepoint "Cleanup", Time since last: 26012799714 ns, Reaching safepoint: 340407 ns, At safepoint: 36538 ns, Total: 376945 ns
[2024-04-20T17:23:08.873+0000][7][safepoint   ] Safepoint "Cleanup", Time since last: 16005662424 ns, Reaching safepoint: 390439 ns, At safepoint: 39123 ns, Total: 429562 ns
[2024-04-20T17:23:26.880+0000][7][safepoint   ] Safepoint "Cleanup", Time since last: 18005973996 ns, Reaching safepoint: 123551 ns, At safepoint: 3937 ns, Total: 127488 ns
[2024-04-20T17:23:56.892+0000][7][safepoint   ] Safepoint "Cleanup", Time since last: 30011879207 ns, Reaching safepoint: 177272 ns, At safepoint: 5620 ns, Total: 182892 ns
[2024-04-20T17:24:26.903+0000][7][safepoint   ] Safepoint "Cleanup", Time since last: 30011136236 ns, Reaching safepoint: 145492 ns, At safepoint: 4528 ns, Total: 150020 ns
[2024-04-20T17:24:37.907+0000][7][safepoint   ] Safepoint "Cleanup", Time since last: 11004250860 ns, Reaching safepoint: 127999 ns, At safepoint: 3226 ns, Total: 131225 ns
[2024-04-20T17:24:38.908+0000][7][safepoint   ] Safepoint "Cleanup", Time since last: 1000324774 ns, Reaching safepoint: 216691 ns, At safepoint: 27451 ns, Total: 244142 ns
[2024-04-20T17:24:45.910+0000][7][safepoint   ] Safepoint "Cleanup", Time since last: 7002220685 ns, Reaching safepoint: 179787 ns, At safepoint: 7864 ns, Total: 187651 ns
[2024-04-20T17:24:56.915+0000][7][safepoint   ] Safepoint "Cleanup", Time since last: 11004235318 ns, Reaching safepoint: 159058 ns, At safepoint: 3266 ns, Total: 162324 ns
[2024-04-20T17:25:22.926+0000][7][safepoint   ] Safepoint "Cleanup", Time since last: 26010948660 ns, Reaching safepoint: 155913 ns, At safepoint: 24936 ns, Total: 180849 ns
[2024-04-20T17:25:26.927+0000][7][safepoint   ] Safepoint "Cleanup", Time since last: 4001309205 ns, Reaching safepoint: 331942 ns, At safepoint: 8406 ns, Total: 340348 ns
[2024-04-20T17:25:56.941+0000][7][safepoint   ] Safepoint "Cleanup", Time since last: 30013470103 ns, Reaching safepoint: 123382 ns, At safepoint: 3938 ns, Total: 127320 ns
[2024-04-20T17:26:26.952+0000][7][safepoint   ] Safepoint "Cleanup", Time since last: 30010987790 ns, Reaching safepoint: 133992 ns, At safepoint: 3666 ns, Total: 137658 ns
[2024-04-20T17:26:56.963+0000][7][safepoint   ] Safepoint "Cleanup", Time since last: 30010688375 ns, Reaching safepoint: 121358 ns, At safepoint: 2595 ns, Total: 123953 ns
[2024-04-20T17:27:08.969+0000][7][safepoint   ] Safepoint "Cleanup", Time since last: 12006269485 ns, Reaching safepoint: 162876 ns, At safepoint: 7193 ns, Total: 170069 ns
[2024-04-20T17:27:26.979+0000][7][safepoint   ] Safepoint "Cleanup", Time since last: 18009024283 ns, Reaching safepoint: 111339 ns, At safepoint: 1883 ns, Total: 113222 ns
[2024-04-20T17:27:38.983+0000][7][safepoint   ] Safepoint "Cleanup", Time since last: 12004247903 ns, Reaching safepoint: 161733 ns, At safepoint: 6693 ns, Total: 168426 ns
[2024-04-20T17:27:45.986+0000][7][safepoint   ] Safepoint "Cleanup", Time since last: 7002499760 ns, Reaching safepoint: 184225 ns, At safepoint: 3838 ns, Total: 188063 ns
[2024-04-20T17:28:23.000+0000][7][safepoint   ] Safepoint "Cleanup", Time since last: 37014724651 ns, Reaching safepoint: 135484 ns, At safepoint: 5330 ns, Total: 140814 ns
[2024-04-20T17:28:27.002+0000][7][safepoint   ] Safepoint "Cleanup", Time since last: 4001199143 ns, Reaching safepoint: 181820 ns, At safepoint: 7804 ns, Total: 189624 ns
[2024-04-20T17:28:46.010+0000][7][safepoint   ] Safepoint "Cleanup", Time since last: 19007688685 ns, Reaching safepoint: 106649 ns, At safepoint: 2044 ns, Total: 108693 ns
[2024-04-20T17:29:27.023+0000][7][safepoint   ] Safepoint "Cleanup", Time since last: 41013681763 ns, Reaching safepoint: 130114 ns, At safepoint: 5640 ns, Total: 135754 ns
[2024-04-20T17:30:39.056+0000][7][safepoint   ] Safepoint "Cleanup", Time since last: 72032099633 ns, Reaching safepoint: 299201 ns, At safepoint: 25618 ns, Total: 324819 ns
[2024-04-20T17:31:28.079+0000][7][safepoint   ] Safepoint "Cleanup", Time since last: 49022708615 ns, Reaching safepoint: 142578 ns, At safepoint: 15078 ns, Total: 157656 ns
[2024-04-20T17:31:39.084+0000][7][safepoint   ] Safepoint "Cleanup", Time since last: 11004697910 ns, Reaching safepoint: 199203 ns, At safepoint: 3727 ns, Total: 202930 ns
[2024-04-20T17:32:09.095+0000][7][safepoint   ] Safepoint "Cleanup", Time since last: 30010866729 ns, Reaching safepoint: 166681 ns, At safepoint: 35777 ns, Total: 202458 ns
[2024-04-20T17:32:27.159+0000][7][safepoint   ] Safepoint "Cleanup", Time since last: 18064413345 ns, Reaching safepoint: 169963 ns, At safepoint: 21109 ns, Total: 191072 ns
[2024-04-20T17:32:28.160+0000][7][safepoint   ] Safepoint "Cleanup", Time since last: 1000565038 ns, Reaching safepoint: 218298 ns, At safepoint: 15899 ns, Total: 234197 ns
[2024-04-20T17:32:38.163+0000][7][safepoint   ] Safepoint "Cleanup", Time since last: 10002417899 ns, Reaching safepoint: 170489 ns, At safepoint: 29766 ns, Total: 200255 ns
[2024-04-20T17:32:58.171+0000][7][safepoint   ] Safepoint "Cleanup", Time since last: 20007637994 ns, Reaching safepoint: 176200 ns, At safepoint: 5780 ns, Total: 181980 ns
[2024-04-20T17:33:08.174+0000][7][safepoint   ] Safepoint "Cleanup", Time since last: 10003375740 ns, Reaching safepoint: 141655 ns, At safepoint: 14587 ns, Total: 156242 ns
[2024-04-20T17:33:28.182+0000][7][safepoint   ] Safepoint "Cleanup", Time since last: 20007914020 ns, Reaching safepoint: 198556 ns, At safepoint: 48681 ns, Total: 247237 ns
[2024-04-20T17:34:08.197+0000][7][safepoint   ] Safepoint "Cleanup", Time since last: 40014563084 ns, Reaching safepoint: 232386 ns, At safepoint: 53741 ns, Total: 286127 ns
[2024-04-20T17:34:38.209+0000][7][safepoint   ] Safepoint "Cleanup", Time since last: 30011589833 ns, Reaching safepoint: 183759 ns, At safepoint: 46246 ns, Total: 230005 ns
[2024-04-20T17:34:46.212+0000][7][safepoint   ] Safepoint "Cleanup", Time since last: 8002748813 ns, Reaching safepoint: 116473 ns, At safepoint: 15840 ns, Total: 132313 ns
[2024-04-20T17:34:58.217+0000][7][safepoint   ] Safepoint "Cleanup", Time since last: 12004687981 ns, Reaching safepoint: 116549 ns, At safepoint: 3487 ns, Total: 120036 ns
[2024-04-20T17:35:58.242+0000][7][safepoint   ] Safepoint "Cleanup", Time since last: 60024855237 ns, Reaching safepoint: 131485 ns, At safepoint: 7003 ns, Total: 138488 ns
[2024-04-20T17:36:08.247+0000][7][safepoint   ] Safepoint "Cleanup", Time since last: 10004933193 ns, Reaching safepoint: 95027 ns, At safepoint: 2275 ns, Total: 97302 ns
[2024-04-20T17:37:38.282+0000][7][safepoint   ] Safepoint "Cleanup", Time since last: 90035522510 ns, Reaching safepoint: 269264 ns, At safepoint: 7825 ns, Total: 277089 ns
[2024-04-20T17:39:38.331+0000][7][safepoint   ] Safepoint "Cleanup", Time since last: 120048084014 ns, Reaching safepoint: 110347 ns, At safepoint: 10971 ns, Total: 121318 ns
[2024-04-20T17:41:08.140+0000][7][gc,start    ] GC(34) Pause Young (Concurrent Start) (G1 Evacuation Pause)
[2024-04-20T17:41:08.140+0000][7][gc,task     ] GC(34) Using 4 workers of 4 for evacuation
[2024-04-20T17:41:08.140+0000][7][gc,age      ] GC(34) Desired survivor size 8388608 bytes, new threshold 15 (max threshold 15)
[2024-04-20T17:41:08.147+0000][7][gc,age      ] GC(34) Age table with threshold 15 (max threshold 15)
[2024-04-20T17:41:08.147+0000][7][gc,age      ] GC(34) - age   1:      35224 bytes,      35224 total
[2024-04-20T17:41:08.147+0000][7][gc,age      ] GC(34) - age   2:      13472 bytes,      48696 total
[2024-04-20T17:41:08.147+0000][7][gc,age      ] GC(34) - age   3:      27456 bytes,      76152 total
[2024-04-20T17:41:08.147+0000][7][gc,age      ] GC(34) - age   4:    1335840 bytes,    1411992 total
[2024-04-20T17:41:08.147+0000][7][gc,age      ] GC(34) - age   5:    1652192 bytes,    3064184 total
[2024-04-20T17:41:08.147+0000][7][gc,age      ] GC(34) - age   6:    2798128 bytes,    5862312 total
[2024-04-20T17:41:08.147+0000][7][gc,phases   ] GC(34)   Pre Evacuate Collection Set: 0.3ms
[2024-04-20T17:41:08.147+0000][7][gc,phases   ] GC(34)   Merge Heap Roots: 0.1ms
[2024-04-20T17:41:08.147+0000][7][gc,phases   ] GC(34)   Evacuate Collection Set: 5.5ms
[2024-04-20T17:41:08.147+0000][7][gc,phases   ] GC(34)   Post Evacuate Collection Set: 1.0ms
[2024-04-20T17:41:08.147+0000][7][gc,phases   ] GC(34)   Other: 0.3ms
[2024-04-20T17:41:08.147+0000][7][gc,heap     ] GC(34) Eden regions: 28->0(28)
[2024-04-20T17:41:08.147+0000][7][gc,heap     ] GC(34) Survivor regions: 2->2(4)
[2024-04-20T17:41:08.147+0000][7][gc,heap     ] GC(34) Old regions: 18->18
[2024-04-20T17:41:08.147+0000][7][gc,heap     ] GC(34) Archive regions: 2->2
[2024-04-20T17:41:08.147+0000][7][gc,heap     ] GC(34) Humongous regions: 2->2
[2024-04-20T17:41:08.147+0000][7][gc,metaspace] GC(34) Metaspace: 98430K(102884K)->98430K(102884K) NonClass: 85500K(88832K)->85500K(88832K) Class: 12929K(14052K)->12929K(14052K)
[2024-04-20T17:41:08.147+0000][7][gc          ] GC(34) Pause Young (Concurrent Start) (G1 Evacuation Pause) 201M->89M(256M) 7.219ms
[2024-04-20T17:41:08.147+0000][7][gc,cpu      ] GC(34) User=0.02s Sys=0.00s Real=0.00s
[2024-04-20T17:41:08.148+0000][7][gc          ] GC(35) Concurrent Cycle
[2024-04-20T17:41:08.148+0000][7][gc,marking  ] GC(35) Concurrent Clear Claimed Marks
[2024-04-20T17:41:08.148+0000][7][safepoint   ] Safepoint "G1CollectForAllocation", Time since last: 89808829592 ns, Reaching safepoint: 685314 ns, At safepoint: 7394783 ns, Total: 8080097 ns
[2024-04-20T17:41:08.148+0000][7][gc,marking  ] GC(35) Concurrent Clear Claimed Marks 0.077ms
[2024-04-20T17:41:08.148+0000][7][gc,marking  ] GC(35) Concurrent Scan Root Regions
[2024-04-20T17:41:08.154+0000][7][gc,marking  ] GC(35) Concurrent Scan Root Regions 5.960ms
[2024-04-20T17:41:08.154+0000][7][gc,marking  ] GC(35) Concurrent Mark (8218.789s)
[2024-04-20T17:41:08.154+0000][7][gc,marking  ] GC(35) Concurrent Mark From Roots
[2024-04-20T17:41:08.154+0000][7][gc,task     ] GC(35) Using 1 workers of 1 for marking
[2024-04-20T17:41:08.224+0000][7][gc,marking  ] GC(35) Concurrent Mark From Roots 70.744ms
[2024-04-20T17:41:08.224+0000][7][gc,marking  ] GC(35) Concurrent Preclean
[2024-04-20T17:41:08.225+0000][7][gc,marking  ] GC(35) Concurrent Preclean 0.136ms
[2024-04-20T17:41:08.225+0000][7][gc,marking  ] GC(35) Concurrent Mark (8218.789s, 8218.860s) 70.952ms
[2024-04-20T17:41:08.225+0000][7][gc,start    ] GC(35) Pause Remark
[2024-04-20T17:41:08.230+0000][7][gc          ] GC(35) Pause Remark 89M->89M(256M) 5.285ms
[2024-04-20T17:41:08.230+0000][7][gc,cpu      ] GC(35) User=0.01s Sys=0.00s Real=0.01s
[2024-04-20T17:41:08.230+0000][7][safepoint   ] Safepoint "G1Concurrent", Time since last: 77087739 ns, Reaching safepoint: 167603 ns, At safepoint: 5408602 ns, Total: 5576205 ns
[2024-04-20T17:41:08.230+0000][7][gc,marking  ] GC(35) Concurrent Rebuild Remembered Sets
[2024-04-20T17:41:08.265+0000][7][gc,marking  ] GC(35) Concurrent Rebuild Remembered Sets 34.964ms
[2024-04-20T17:41:08.266+0000][7][gc,start    ] GC(35) Pause Cleanup
[2024-04-20T17:41:08.266+0000][7][gc          ] GC(35) Pause Cleanup 89M->89M(256M) 0.088ms
[2024-04-20T17:41:08.266+0000][7][gc,cpu      ] GC(35) User=0.00s Sys=0.00s Real=0.00s
[2024-04-20T17:41:08.266+0000][7][safepoint   ] Safepoint "G1Concurrent", Time since last: 35068018 ns, Reaching safepoint: 185729 ns, At safepoint: 142677 ns, Total: 328406 ns
[2024-04-20T17:41:08.266+0000][7][gc,marking  ] GC(35) Concurrent Cleanup for Next Mark
[2024-04-20T17:41:08.267+0000][7][gc,marking  ] GC(35) Concurrent Cleanup for Next Mark 1.110ms
[2024-04-20T17:41:08.267+0000][7][gc          ] GC(35) Concurrent Cycle 119.265ms
[2024-04-20T17:41:28.274+0000][7][safepoint   ] Safepoint "Cleanup", Time since last: 20008404996 ns, Reaching safepoint: 309720 ns, At safepoint: 12694 ns, Total: 322414 ns
[2024-04-20T17:42:28.301+0000][7][safepoint   ] Safepoint "Cleanup", Time since last: 60026595093 ns, Reaching safepoint: 240449 ns, At safepoint: 7724 ns, Total: 248173 ns
[2024-04-20T17:42:46.309+0000][7][safepoint   ] Safepoint "Cleanup", Time since last: 18007338674 ns, Reaching safepoint: 135805 ns, At safepoint: 12063 ns, Total: 147868 ns
[2024-04-20T17:44:28.352+0000][7][safepoint   ] Safepoint "Cleanup", Time since last: 102042927574 ns, Reaching safepoint: 279207 ns, At safepoint: 51376 ns, Total: 330583 ns
[2024-04-20T17:47:46.431+0000][7][safepoint   ] Safepoint "Cleanup", Time since last: 198079387894 ns, Reaching safepoint: 109525 ns, At safepoint: 11141 ns, Total: 120666 ns
[2024-04-20T17:48:38.450+0000][7][safepoint   ] Safepoint "Cleanup", Time since last: 52018440831 ns, Reaching safepoint: 129199 ns, At safepoint: 27141 ns, Total: 156340 ns
[2024-04-20T17:48:58.458+0000][7][safepoint   ] Safepoint "Cleanup", Time since last: 20007569640 ns, Reaching safepoint: 198961 ns, At safepoint: 25016 ns, Total: 223977 ns
[2024-04-20T17:50:28.493+0000][7][safepoint   ] Safepoint "Cleanup", Time since last: 90035204398 ns, Reaching safepoint: 133240 ns, At safepoint: 1783 ns, Total: 135023 ns
[2024-04-20T17:52:28.542+0000][7][safepoint   ] Safepoint "Cleanup", Time since last: 120048232045 ns, Reaching safepoint: 249999 ns, At safepoint: 29466 ns, Total: 279465 ns
[2024-04-20T17:54:28.879+0000][7][safepoint   ] Safepoint "Cleanup", Time since last: 120337448155 ns, Reaching safepoint: 141124 ns, At safepoint: 5370 ns, Total: 146494 ns
[2024-04-20T17:54:58.799+0000][7][safepoint   ] Safepoint "Cleanup", Time since last: 29919446759 ns, Reaching safepoint: 474556 ns, At safepoint: 39253 ns, Total: 513809 ns
[2024-04-20T17:54:59.800+0000][7][safepoint   ] Safepoint "Cleanup", Time since last: 1000723203 ns, Reaching safepoint: 195425 ns, At safepoint: 6713 ns, Total: 202138 ns
[2024-04-20T17:55:29.811+0000][7][safepoint   ] Safepoint "Cleanup", Time since last: 30010845959 ns, Reaching safepoint: 218408 ns, At safepoint: 20168 ns, Total: 238576 ns
[2024-04-20T17:55:46.817+0000][7][safepoint   ] Safepoint "Cleanup", Time since last: 17005697771 ns, Reaching safepoint: 169450 ns, At safepoint: 5049 ns, Total: 174499 ns
[2024-04-20T17:55:59.822+0000][7][safepoint   ] Safepoint "Cleanup", Time since last: 13004500087 ns, Reaching safepoint: 141164 ns, At safepoint: 3297 ns, Total: 144461 ns
[2024-04-20T17:56:46.841+0000][7][safepoint   ] Safepoint "Cleanup", Time since last: 47019441567 ns, Reaching safepoint: 139731 ns, At safepoint: 11482 ns, Total: 151213 ns
[2024-04-20T17:56:59.921+0000][7][safepoint   ] Safepoint "Cleanup", Time since last: 13079478104 ns, Reaching safepoint: 99776 ns, At safepoint: 1834 ns, Total: 101610 ns
[2024-04-20T17:57:29.934+0000][7][safepoint   ] Safepoint "Cleanup", Time since last: 30012248228 ns, Reaching safepoint: 296299 ns, At safepoint: 7423 ns, Total: 303722 ns
[2024-04-20T17:57:46.941+0000][7][safepoint   ] Safepoint "Cleanup", Time since last: 17007416928 ns, Reaching safepoint: 164478 ns, At safepoint: 2976 ns, Total: 167454 ns
[2024-04-20T17:57:59.954+0000][7][safepoint   ] Safepoint "Cleanup", Time since last: 13013161266 ns, Reaching safepoint: 195480 ns, At safepoint: 5611 ns, Total: 201091 ns
[2024-04-20T17:58:46.971+0000][7][safepoint   ] Safepoint "Cleanup", Time since last: 47016553704 ns, Reaching safepoint: 288732 ns, At safepoint: 28664 ns, Total: 317396 ns
[2024-04-20T17:58:59.976+0000][7][safepoint   ] Safepoint "Cleanup", Time since last: 13004409955 ns, Reaching safepoint: 202670 ns, At safepoint: 10239 ns, Total: 212909 ns
[2024-04-20T17:59:46.994+0000][7][safepoint   ] Safepoint "Cleanup", Time since last: 47018129212 ns, Reaching safepoint: 186008 ns, At safepoint: 6853 ns, Total: 192861 ns
[2024-04-20T17:59:52.998+0000][7][safepoint   ] Safepoint "Cleanup", Time since last: 6003188029 ns, Reaching safepoint: 182058 ns, At safepoint: 13716 ns, Total: 195774 ns
[2024-04-20T18:01:00.019+0000][7][safepoint   ] Safepoint "Cleanup", Time since last: 67021052479 ns, Reaching safepoint: 216445 ns, At safepoint: 6062 ns, Total: 222507 ns
[2024-04-20T18:01:30.029+0000][7][safepoint   ] Safepoint "Cleanup", Time since last: 30009916348 ns, Reaching safepoint: 195997 ns, At safepoint: 24796 ns, Total: 220793 ns
[2024-04-20T18:02:47.122+0000][7][safepoint   ] Safepoint "Cleanup", Time since last: 77092276567 ns, Reaching safepoint: 225634 ns, At safepoint: 32651 ns, Total: 258285 ns
[2024-04-20T18:04:00.422+0000][7][safepoint   ] Safepoint "Cleanup", Time since last: 73300339758 ns, Reaching safepoint: 201307 ns, At safepoint: 4418 ns, Total: 205725 ns
[2024-04-20T18:07:08.734+0000][7][safepoint   ] Safepoint "Cleanup", Time since last: 188311432287 ns, Reaching safepoint: 217216 ns, At safepoint: 22633 ns, Total: 239849 ns
[2024-04-20T18:07:38.763+0000][7][safepoint   ] Safepoint "Cleanup", Time since last: 30028638896 ns, Reaching safepoint: 285795 ns, At safepoint: 59691 ns, Total: 345486 ns
[2024-04-20T18:09:30.807+0000][7][safepoint   ] Safepoint "Cleanup", Time since last: 112043930844 ns, Reaching safepoint: 213200 ns, At safepoint: 6542 ns, Total: 219742 ns
[2024-04-20T18:16:39.109+0000][7][safepoint   ] Safepoint "Cleanup", Time since last: 428301507399 ns, Reaching safepoint: 212057 ns, At safepoint: 14077 ns, Total: 226134 ns
[2024-04-20T18:17:01.116+0000][7][safepoint   ] Safepoint "Cleanup", Time since last: 22006928982 ns, Reaching safepoint: 140213 ns, At safepoint: 4007 ns, Total: 144220 ns
[2024-04-20T18:17:47.132+0000][7][safepoint   ] Safepoint "Cleanup", Time since last: 46015767214 ns, Reaching safepoint: 245678 ns, At safepoint: 15519 ns, Total: 261197 ns
[2024-04-20T18:19:48.245+0000][7][gc,start    ] GC(36) Pause Young (Normal) (G1 Evacuation Pause)
[2024-04-20T18:19:48.245+0000][7][gc,task     ] GC(36) Using 4 workers of 4 for evacuation
[2024-04-20T18:19:48.245+0000][7][gc,age      ] GC(36) Desired survivor size 8388608 bytes, new threshold 15 (max threshold 15)
[2024-04-20T18:19:48.252+0000][7][gc,age      ] GC(36) Age table with threshold 15 (max threshold 15)
[2024-04-20T18:19:48.252+0000][7][gc,age      ] GC(36) - age   1:      28720 bytes,      28720 total
[2024-04-20T18:19:48.252+0000][7][gc,age      ] GC(36) - age   2:       6968 bytes,      35688 total
[2024-04-20T18:19:48.252+0000][7][gc,age      ] GC(36) - age   3:      13472 bytes,      49160 total
[2024-04-20T18:19:48.252+0000][7][gc,age      ] GC(36) - age   4:      27456 bytes,      76616 total
[2024-04-20T18:19:48.252+0000][7][gc,age      ] GC(36) - age   5:    1335840 bytes,    1412456 total
[2024-04-20T18:19:48.252+0000][7][gc,age      ] GC(36) - age   6:    1652192 bytes,    3064648 total
[2024-04-20T18:19:48.252+0000][7][gc,age      ] GC(36) - age   7:    2798128 bytes,    5862776 total
[2024-04-20T18:19:48.252+0000][7][gc,phases   ] GC(36)   Pre Evacuate Collection Set: 0.1ms
[2024-04-20T18:19:48.252+0000][7][gc,phases   ] GC(36)   Merge Heap Roots: 0.1ms
[2024-04-20T18:19:48.252+0000][7][gc,phases   ] GC(36)   Evacuate Collection Set: 5.4ms
[2024-04-20T18:19:48.252+0000][7][gc,phases   ] GC(36)   Post Evacuate Collection Set: 1.1ms
[2024-04-20T18:19:48.252+0000][7][gc,phases   ] GC(36)   Other: 0.3ms
[2024-04-20T18:19:48.252+0000][7][gc,heap     ] GC(36) Eden regions: 28->0(28)
[2024-04-20T18:19:48.252+0000][7][gc,heap     ] GC(36) Survivor regions: 2->2(4)
[2024-04-20T18:19:48.252+0000][7][gc,heap     ] GC(36) Old regions: 18->18
[2024-04-20T18:19:48.252+0000][7][gc,heap     ] GC(36) Archive regions: 2->2
[2024-04-20T18:19:48.252+0000][7][gc,heap     ] GC(36) Humongous regions: 2->2
[2024-04-20T18:19:48.252+0000][7][gc,metaspace] GC(36) Metaspace: 98491K(102884K)->98491K(102884K) NonClass: 85561K(88832K)->85561K(88832K) Class: 12929K(14052K)->12929K(14052K)
[2024-04-20T18:19:48.252+0000][7][gc          ] GC(36) Pause Young (Normal) (G1 Evacuation Pause) 201M->89M(256M) 7.009ms
[2024-04-20T18:19:48.252+0000][7][gc,cpu      ] GC(36) User=0.02s Sys=0.00s Real=0.01s
[2024-04-20T18:19:48.252+0000][7][safepoint   ] Safepoint "G1CollectForAllocation", Time since last: 121112859304 ns, Reaching safepoint: 172252 ns, At safepoint: 7113891 ns, Total: 7286143 ns
[2024-04-20T18:19:53.254+0000][7][safepoint   ] Safepoint "Cleanup", Time since last: 5001626923 ns, Reaching safepoint: 178273 ns, At safepoint: 6082 ns, Total: 184355 ns
[2024-04-20T18:20:01.258+0000][7][safepoint   ] Safepoint "Cleanup", Time since last: 8003854317 ns, Reaching safepoint: 132889 ns, At safepoint: 2785 ns, Total: 135674 ns
[2024-04-20T18:21:01.278+0000][7][safepoint   ] Safepoint "Cleanup", Time since last: 60020126070 ns, Reaching safepoint: 182934 ns, At safepoint: 3697 ns, Total: 186631 ns
[2024-04-20T18:21:20.284+0000][7][safepoint   ] Safepoint "Cleanup", Time since last: 19006179599 ns, Reaching safepoint: 102693 ns, At safepoint: 3186 ns, Total: 105879 ns
[2024-04-20T18:23:31.335+0000][7][safepoint   ] Safepoint "Cleanup", Time since last: 131050277795 ns, Reaching safepoint: 203652 ns, At safepoint: 3115 ns, Total: 206767 ns
[2024-04-20T18:24:38.361+0000][7][safepoint   ] Safepoint "Cleanup", Time since last: 67025727903 ns, Reaching safepoint: 98247 ns, At safepoint: 5681 ns, Total: 103928 ns
[2024-04-20T18:25:08.372+0000][7][safepoint   ] Safepoint "Cleanup", Time since last: 30011434551 ns, Reaching safepoint: 108484 ns, At safepoint: 5620 ns, Total: 114104 ns
[2024-04-20T18:25:22.378+0000][7][safepoint   ] Safepoint "Cleanup", Time since last: 14005704890 ns, Reaching safepoint: 321473 ns, At safepoint: 8967 ns, Total: 330440 ns
[2024-04-20T18:26:01.395+0000][7][safepoint   ] Safepoint "Cleanup", Time since last: 39016792449 ns, Reaching safepoint: 191147 ns, At safepoint: 5410 ns, Total: 196557 ns
[2024-04-20T18:26:31.407+0000][7][safepoint   ] Safepoint "Cleanup", Time since last: 30011841846 ns, Reaching safepoint: 285037 ns, At safepoint: 48140 ns, Total: 333177 ns
[2024-04-20T18:27:01.420+0000][7][safepoint   ] Safepoint "Cleanup", Time since last: 30012290374 ns, Reaching safepoint: 148068 ns, At safepoint: 2875 ns, Total: 150943 ns
[2024-04-20T18:28:01.442+0000][7][safepoint   ] Safepoint "Cleanup", Time since last: 60022478041 ns, Reaching safepoint: 102962 ns, At safepoint: 4258 ns, Total: 107220 ns
[2024-04-20T18:28:31.454+0000][7][safepoint   ] Safepoint "Cleanup", Time since last: 30011203929 ns, Reaching safepoint: 142897 ns, At safepoint: 15339 ns, Total: 158236 ns
[2024-04-20T18:29:01.464+0000][7][safepoint   ] Safepoint "Cleanup", Time since last: 30010432793 ns, Reaching safepoint: 107711 ns, At safepoint: 1824 ns, Total: 109535 ns
[2024-04-20T18:31:01.558+0000][7][safepoint   ] Safepoint "Cleanup", Time since last: 120093683071 ns, Reaching safepoint: 137949 ns, At safepoint: 3587 ns, Total: 141536 ns
[2024-04-20T18:31:08.561+0000][7][safepoint   ] Safepoint "Cleanup", Time since last: 7002787613 ns, Reaching safepoint: 157124 ns, At safepoint: 25749 ns, Total: 182873 ns
[2024-04-20T18:32:01.604+0000][7][safepoint   ] Safepoint "Cleanup", Time since last: 53042846617 ns, Reaching safepoint: 274546 ns, At safepoint: 37540 ns, Total: 312086 ns
[2024-04-20T18:32:31.617+0000][7][safepoint   ] Safepoint "Cleanup", Time since last: 30012204349 ns, Reaching safepoint: 233816 ns, At safepoint: 7003 ns, Total: 240819 ns
[2024-04-20T18:33:01.628+0000][7][safepoint   ] Safepoint "Cleanup", Time since last: 30011262754 ns, Reaching safepoint: 159197 ns, At safepoint: 6412 ns, Total: 165609 ns
[2024-04-20T18:33:31.640+0000][7][safepoint   ] Safepoint "Cleanup", Time since last: 30011696612 ns, Reaching safepoint: 203640 ns, At safepoint: 23634 ns, Total: 227274 ns
[2024-04-20T18:34:22.662+0000][7][safepoint   ] Safepoint "Cleanup", Time since last: 51021935378 ns, Reaching safepoint: 250951 ns, At safepoint: 21951 ns, Total: 272902 ns
[2024-04-20T18:34:31.666+0000][7][safepoint   ] Safepoint "Cleanup", Time since last: 9003207005 ns, Reaching safepoint: 231114 ns, At safepoint: 7504 ns, Total: 238618 ns
[2024-04-20T18:35:38.694+0000][7][safepoint   ] Safepoint "Cleanup", Time since last: 67028176365 ns, Reaching safepoint: 128120 ns, At safepoint: 14517 ns, Total: 142637 ns
[2024-04-20T18:36:08.708+0000][7][safepoint   ] Safepoint "Cleanup", Time since last: 30013309206 ns, Reaching safepoint: 148829 ns, At safepoint: 4248 ns, Total: 153077 ns
[2024-04-20T18:36:31.770+0000][7][safepoint   ] Safepoint "Cleanup", Time since last: 23062017931 ns, Reaching safepoint: 204140 ns, At safepoint: 12593 ns, Total: 216733 ns
[2024-04-20T18:37:09.012+0000][7][safepoint   ] Safepoint "Cleanup", Time since last: 37241900974 ns, Reaching safepoint: 102351 ns, At safepoint: 18054 ns, Total: 120405 ns
[2024-04-20T18:37:32.021+0000][7][safepoint   ] Safepoint "Cleanup", Time since last: 23009186955 ns, Reaching safepoint: 148883 ns, At safepoint: 5730 ns, Total: 154613 ns
[2024-04-20T18:37:39.024+0000][7][safepoint   ] Safepoint "Cleanup", Time since last: 7002477520 ns, Reaching safepoint: 237845 ns, At safepoint: 28143 ns, Total: 265988 ns
[2024-04-20T18:39:38.071+0000][7][safepoint   ] Safepoint "Cleanup", Time since last: 119046580586 ns, Reaching safepoint: 210393 ns, At safepoint: 37601 ns, Total: 247994 ns
[2024-04-20T18:40:02.079+0000][7][safepoint   ] Safepoint "Cleanup", Time since last: 24008170309 ns, Reaching safepoint: 119494 ns, At safepoint: 19848 ns, Total: 139342 ns
[2024-04-20T18:42:32.135+0000][7][safepoint   ] Safepoint "Cleanup", Time since last: 150055764251 ns, Reaching safepoint: 196098 ns, At safepoint: 20147 ns, Total: 216245 ns
[2024-04-20T18:42:39.138+0000][7][safepoint   ] Safepoint "Cleanup", Time since last: 7003246169 ns, Reaching safepoint: 188964 ns, At safepoint: 7735 ns, Total: 196699 ns
[2024-04-20T18:47:02.241+0000][7][safepoint   ] Safepoint "Cleanup", Time since last: 263102132653 ns, Reaching safepoint: 165732 ns, At safepoint: 4398 ns, Total: 170130 ns
[2024-04-20T18:48:48.282+0000][7][safepoint   ] Safepoint "Cleanup", Time since last: 106041338554 ns, Reaching safepoint: 188423 ns, At safepoint: 20037 ns, Total: 208460 ns
[2024-04-20T18:49:23.296+0000][7][safepoint   ] Safepoint "Cleanup", Time since last: 35013134912 ns, Reaching safepoint: 133760 ns, At safepoint: 29586 ns, Total: 163346 ns
[2024-04-20T18:50:32.322+0000][7][safepoint   ] Safepoint "Cleanup", Time since last: 69025841446 ns, Reaching safepoint: 164058 ns, At safepoint: 2966 ns, Total: 167024 ns
[2024-04-20T18:50:48.328+0000][7][safepoint   ] Safepoint "Cleanup", Time since last: 16006568698 ns, Reaching safepoint: 124802 ns, At safepoint: 2725 ns, Total: 127527 ns
[2024-04-20T18:51:02.333+0000][7][safepoint   ] Safepoint "Cleanup", Time since last: 14004443165 ns, Reaching safepoint: 122469 ns, At safepoint: 14968 ns, Total: 137437 ns
[2024-04-20T18:51:33.345+0000][7][safepoint   ] Safepoint "Cleanup", Time since last: 31012398693 ns, Reaching safepoint: 140142 ns, At safepoint: 4218 ns, Total: 144360 ns
[2024-04-20T18:58:32.747+0000][7][gc,start    ] GC(37) Pause Young (Concurrent Start) (G1 Evacuation Pause)
[2024-04-20T18:58:32.747+0000][7][gc,task     ] GC(37) Using 4 workers of 4 for evacuation
[2024-04-20T18:58:32.747+0000][7][gc,age      ] GC(37) Desired survivor size 8388608 bytes, new threshold 15 (max threshold 15)
[2024-04-20T18:58:32.754+0000][7][gc,age      ] GC(37) Age table with threshold 15 (max threshold 15)
[2024-04-20T18:58:32.754+0000][7][gc,age      ] GC(37) - age   1:      45480 bytes,      45480 total
[2024-04-20T18:58:32.754+0000][7][gc,age      ] GC(37) - age   2:       7168 bytes,      52648 total
[2024-04-20T18:58:32.754+0000][7][gc,age      ] GC(37) - age   3:       6968 bytes,      59616 total
[2024-04-20T18:58:32.754+0000][7][gc,age      ] GC(37) - age   4:      13472 bytes,      73088 total
[2024-04-20T18:58:32.754+0000][7][gc,age      ] GC(37) - age   5:      27456 bytes,     100544 total
[2024-04-20T18:58:32.754+0000][7][gc,age      ] GC(37) - age   6:    1335744 bytes,    1436288 total
[2024-04-20T18:58:32.754+0000][7][gc,age      ] GC(37) - age   7:    1652192 bytes,    3088480 total
[2024-04-20T18:58:32.754+0000][7][gc,age      ] GC(37) - age   8:    2798032 bytes,    5886512 total
[2024-04-20T18:58:32.754+0000][7][gc,phases   ] GC(37)   Pre Evacuate Collection Set: 0.4ms
[2024-04-20T18:58:32.754+0000][7][gc,phases   ] GC(37)   Merge Heap Roots: 0.1ms
[2024-04-20T18:58:32.754+0000][7][gc,phases   ] GC(37)   Evacuate Collection Set: 5.4ms
[2024-04-20T18:58:32.754+0000][7][gc,phases   ] GC(37)   Post Evacuate Collection Set: 1.0ms
[2024-04-20T18:58:32.754+0000][7][gc,phases   ] GC(37)   Other: 0.3ms
[2024-04-20T18:58:32.754+0000][7][gc,heap     ] GC(37) Eden regions: 28->0(28)
[2024-04-20T18:58:32.754+0000][7][gc,heap     ] GC(37) Survivor regions: 2->2(4)
[2024-04-20T18:58:32.754+0000][7][gc,heap     ] GC(37) Old regions: 18->18
[2024-04-20T18:58:32.754+0000][7][gc,heap     ] GC(37) Archive regions: 2->2
[2024-04-20T18:58:32.754+0000][7][gc,heap     ] GC(37) Humongous regions: 2->2
[2024-04-20T18:58:32.754+0000][7][gc,metaspace] GC(37) Metaspace: 98593K(102884K)->98593K(102884K) NonClass: 85663K(88832K)->85663K(88832K) Class: 12930K(14052K)->12930K(14052K)
[2024-04-20T18:58:32.755+0000][7][gc          ] GC(37) Pause Young (Concurrent Start) (G1 Evacuation Pause) 201M->89M(256M) 7.146ms
[2024-04-20T18:58:32.755+0000][7][gc,cpu      ] GC(37) User=0.02s Sys=0.00s Real=0.01s
[2024-04-20T18:58:32.755+0000][7][gc          ] GC(38) Concurrent Cycle
[2024-04-20T18:58:32.755+0000][7][gc,marking  ] GC(38) Concurrent Clear Claimed Marks
[2024-04-20T18:58:32.755+0000][7][safepoint   ] Safepoint "G1CollectForAllocation", Time since last: 419401789504 ns, Reaching safepoint: 140112 ns, At safepoint: 7249615 ns, Total: 7389727 ns
[2024-04-20T18:58:32.755+0000][7][gc,marking  ] GC(38) Concurrent Clear Claimed Marks 0.090ms
[2024-04-20T18:58:32.755+0000][7][gc,marking  ] GC(38) Concurrent Scan Root Regions
[2024-04-20T18:58:32.760+0000][7][gc,marking  ] GC(38) Concurrent Scan Root Regions 5.777ms
[2024-04-20T18:58:32.760+0000][7][gc,marking  ] GC(38) Concurrent Mark (12863.396s)
[2024-04-20T18:58:32.760+0000][7][gc,marking  ] GC(38) Concurrent Mark From Roots
[2024-04-20T18:58:32.760+0000][7][gc,task     ] GC(38) Using 1 workers of 1 for marking
[2024-04-20T18:58:32.832+0000][7][gc,marking  ] GC(38) Concurrent Mark From Roots 71.449ms
[2024-04-20T18:58:32.832+0000][7][gc,marking  ] GC(38) Concurrent Preclean
[2024-04-20T18:58:32.832+0000][7][gc,marking  ] GC(38) Concurrent Preclean 0.133ms
[2024-04-20T18:58:32.832+0000][7][gc,marking  ] GC(38) Concurrent Mark (12863.396s, 12863.468s) 71.642ms
[2024-04-20T18:58:32.832+0000][7][gc,start    ] GC(38) Pause Remark
[2024-04-20T18:58:32.838+0000][7][gc          ] GC(38) Pause Remark 90M->90M(256M) 5.515ms
[2024-04-20T18:58:32.838+0000][7][gc,cpu      ] GC(38) User=0.01s Sys=0.00s Real=0.01s
[2024-04-20T18:58:32.838+0000][7][safepoint   ] Safepoint "G1Concurrent", Time since last: 77598448 ns, Reaching safepoint: 141395 ns, At safepoint: 5631511 ns, Total: 5772906 ns
[2024-04-20T18:58:32.838+0000][7][gc,marking  ] GC(38) Concurrent Rebuild Remembered Sets
[2024-04-20T18:58:32.873+0000][7][gc,marking  ] GC(38) Concurrent Rebuild Remembered Sets 35.416ms
[2024-04-20T18:58:32.874+0000][7][gc,start    ] GC(38) Pause Cleanup
[2024-04-20T18:58:32.874+0000][7][gc          ] GC(38) Pause Cleanup 90M->90M(256M) 0.106ms
[2024-04-20T18:58:32.874+0000][7][gc,cpu      ] GC(38) User=0.00s Sys=0.00s Real=0.00s
[2024-04-20T18:58:32.874+0000][7][safepoint   ] Safepoint "G1Concurrent", Time since last: 35557095 ns, Reaching safepoint: 160130 ns, At safepoint: 157094 ns, Total: 317224 ns
[2024-04-20T18:58:32.874+0000][7][gc,marking  ] GC(38) Concurrent Cleanup for Next Mark
[2024-04-20T18:58:32.875+0000][7][gc,marking  ] GC(38) Concurrent Cleanup for Next Mark 1.222ms
[2024-04-20T18:58:32.875+0000][7][gc          ] GC(38) Concurrent Cycle 120.554ms
[2024-04-20T19:00:47.922+0000][7][safepoint   ] Safepoint "Cleanup", Time since last: 135048199609 ns, Reaching safepoint: 388693 ns, At safepoint: 6302 ns, Total: 394995 ns
[2024-04-20T19:02:38.972+0000][7][safepoint   ] Safepoint "Cleanup", Time since last: 111049604421 ns, Reaching safepoint: 148508 ns, At safepoint: 5570 ns, Total: 154078 ns
[2024-04-20T19:05:04.025+0000][7][safepoint   ] Safepoint "Cleanup", Time since last: 145052425737 ns, Reaching safepoint: 154359 ns, At safepoint: 19867 ns, Total: 174226 ns
[2024-04-20T19:05:34.035+0000][7][safepoint   ] Safepoint "Cleanup", Time since last: 30009698212 ns, Reaching safepoint: 259335 ns, At safepoint: 51326 ns, Total: 310661 ns
[2024-04-20T19:05:39.038+0000][7][safepoint   ] Safepoint "Cleanup", Time since last: 5002693696 ns, Reaching safepoint: 117480 ns, At safepoint: 3597 ns, Total: 121077 ns
[2024-04-20T19:05:48.041+0000][7][safepoint   ] Safepoint "Cleanup", Time since last: 9003195455 ns, Reaching safepoint: 204691 ns, At safepoint: 52829 ns, Total: 257520 ns
[2024-04-20T19:07:04.067+0000][7][safepoint   ] Safepoint "Cleanup", Time since last: 76025803086 ns, Reaching safepoint: 253608 ns, At safepoint: 11081 ns, Total: 264689 ns
[2024-04-20T19:08:09.089+0000][7][safepoint   ] Safepoint "Cleanup", Time since last: 65021467886 ns, Reaching safepoint: 222587 ns, At safepoint: 30327 ns, Total: 252914 ns
[2024-04-20T19:09:34.119+0000][7][safepoint   ] Safepoint "Cleanup", Time since last: 85030285576 ns, Reaching safepoint: 124033 ns, At safepoint: 2274 ns, Total: 126307 ns
[2024-04-20T19:16:39.278+0000][7][safepoint   ] Safepoint "Cleanup", Time since last: 425158176667 ns, Reaching safepoint: 235981 ns, At safepoint: 24185 ns, Total: 260166 ns
[2024-04-20T19:19:04.330+0000][7][safepoint   ] Safepoint "Cleanup", Time since last: 145052472193 ns, Reaching safepoint: 179507 ns, At safepoint: 27181 ns, Total: 206688 ns
[2024-04-20T19:20:37.367+0000][7][safepoint   ] Safepoint "Cleanup", Time since last: 93036587983 ns, Reaching safepoint: 318227 ns, At safepoint: 32511 ns, Total: 350738 ns
[2024-04-20T19:20:39.368+0000][7][safepoint   ] Safepoint "Cleanup", Time since last: 2000839983 ns, Reaching safepoint: 130882 ns, At safepoint: 5099 ns, Total: 135981 ns
[2024-04-20T19:23:48.442+0000][7][safepoint   ] Safepoint "Cleanup", Time since last: 189073544137 ns, Reaching safepoint: 300183 ns, At safepoint: 26881 ns, Total: 327064 ns
[2024-04-20T19:24:37.462+0000][7][safepoint   ] Safepoint "Cleanup", Time since last: 49019098932 ns, Reaching safepoint: 245415 ns, At safepoint: 40906 ns, Total: 286321 ns
[2024-04-20T19:29:34.904+0000][7][safepoint   ] Safepoint "Cleanup", Time since last: 297442193120 ns, Reaching safepoint: 197412 ns, At safepoint: 54282 ns, Total: 251694 ns
[2024-04-20T19:31:04.939+0000][7][safepoint   ] Safepoint "Cleanup", Time since last: 90035400921 ns, Reaching safepoint: 104766 ns, At safepoint: 1743 ns, Total: 106509 ns
[2024-04-20T19:31:34.950+0000][7][safepoint   ] Safepoint "Cleanup", Time since last: 30010742401 ns, Reaching safepoint: 182188 ns, At safepoint: 15839 ns, Total: 198027 ns
[2024-04-20T19:31:48.955+0000][7][safepoint   ] Safepoint "Cleanup", Time since last: 14004635690 ns, Reaching safepoint: 194715 ns, At safepoint: 20659 ns, Total: 215374 ns
[2024-04-20T19:32:04.962+0000][7][safepoint   ] Safepoint "Cleanup", Time since last: 16006607412 ns, Reaching safepoint: 121748 ns, At safepoint: 3036 ns, Total: 124784 ns
[2024-04-20T19:32:34.974+0000][7][safepoint   ] Safepoint "Cleanup", Time since last: 30011430700 ns, Reaching safepoint: 205806 ns, At safepoint: 6322 ns, Total: 212128 ns
[2024-04-20T19:33:34.997+0000][7][safepoint   ] Safepoint "Cleanup", Time since last: 60022669985 ns, Reaching safepoint: 256720 ns, At safepoint: 8817 ns, Total: 265537 ns
[2024-04-20T19:37:04.809+0000][7][gc,start    ] GC(39) Pause Young (Normal) (G1 Evacuation Pause)
[2024-04-20T19:37:04.809+0000][7][gc,task     ] GC(39) Using 4 workers of 4 for evacuation
[2024-04-20T19:37:04.809+0000][7][gc,age      ] GC(39) Desired survivor size 8388608 bytes, new threshold 15 (max threshold 15)
[2024-04-20T19:37:04.816+0000][7][gc,age      ] GC(39) Age table with threshold 15 (max threshold 15)
[2024-04-20T19:37:04.816+0000][7][gc,age      ] GC(39) - age   1:      50504 bytes,      50504 total
[2024-04-20T19:37:04.816+0000][7][gc,age      ] GC(39) - age   2:       6704 bytes,      57208 total
[2024-04-20T19:37:04.816+0000][7][gc,age      ] GC(39) - age   3:       6968 bytes,      64176 total
[2024-04-20T19:37:04.816+0000][7][gc,age      ] GC(39) - age   4:       6968 bytes,      71144 total
[2024-04-20T19:37:04.816+0000][7][gc,age      ] GC(39) - age   5:      13472 bytes,      84616 total
[2024-04-20T19:37:04.817+0000][7][gc,age      ] GC(39) - age   6:      27456 bytes,     112072 total
[2024-04-20T19:37:04.817+0000][7][gc,age      ] GC(39) - age   7:    1335744 bytes,    1447816 total
[2024-04-20T19:37:04.817+0000][7][gc,age      ] GC(39) - age   8:    1652192 bytes,    3100008 total
[2024-04-20T19:37:04.817+0000][7][gc,age      ] GC(39) - age   9:    2797992 bytes,    5898000 total
[2024-04-20T19:37:04.817+0000][7][gc,phases   ] GC(39)   Pre Evacuate Collection Set: 0.1ms
[2024-04-20T19:37:04.817+0000][7][gc,phases   ] GC(39)   Merge Heap Roots: 0.1ms
[2024-04-20T19:37:04.817+0000][7][gc,phases   ] GC(39)   Evacuate Collection Set: 6.1ms
[2024-04-20T19:37:04.817+0000][7][gc,phases   ] GC(39)   Post Evacuate Collection Set: 1.3ms
[2024-04-20T19:37:04.817+0000][7][gc,phases   ] GC(39)   Other: 0.3ms
[2024-04-20T19:37:04.817+0000][7][gc,heap     ] GC(39) Eden regions: 28->0(28)
[2024-04-20T19:37:04.817+0000][7][gc,heap     ] GC(39) Survivor regions: 2->2(4)
[2024-04-20T19:37:04.817+0000][7][gc,heap     ] GC(39) Old regions: 18->18
[2024-04-20T19:37:04.817+0000][7][gc,heap     ] GC(39) Archive regions: 2->2
[2024-04-20T19:37:04.817+0000][7][gc,heap     ] GC(39) Humongous regions: 2->2
[2024-04-20T19:37:04.817+0000][7][gc,metaspace] GC(39) Metaspace: 98596K(102884K)->98596K(102884K) NonClass: 85666K(88832K)->85666K(88832K) Class: 12930K(14052K)->12930K(14052K)
[2024-04-20T19:37:04.817+0000][7][gc          ] GC(39) Pause Young (Normal) (G1 Evacuation Pause) 201M->89M(256M) 7.904ms
[2024-04-20T19:37:04.817+0000][7][gc,cpu      ] GC(39) User=0.02s Sys=0.00s Real=0.01s
[2024-04-20T19:37:04.817+0000][7][safepoint   ] Safepoint "G1CollectForAllocation", Time since last: 209811892129 ns, Reaching safepoint: 153337 ns, At safepoint: 8051248 ns, Total: 8204585 ns
[2024-04-20T19:37:35.828+0000][7][safepoint   ] Safepoint "Cleanup", Time since last: 31011446529 ns, Reaching safepoint: 142256 ns, At safepoint: 3987 ns, Total: 146243 ns
[2024-04-20T19:38:05.839+0000][7][safepoint   ] Safepoint "Cleanup", Time since last: 30010215270 ns, Reaching safepoint: 419249 ns, At safepoint: 25278 ns, Total: 444527 ns
[2024-04-20T19:38:38.852+0000][7][safepoint   ] Safepoint "Cleanup", Time since last: 33013097486 ns, Reaching safepoint: 166232 ns, At safepoint: 45115 ns, Total: 211347 ns
[2024-04-20T19:38:48.856+0000][7][safepoint   ] Safepoint "Cleanup", Time since last: 10003621015 ns, Reaching safepoint: 189023 ns, At safepoint: 22763 ns, Total: 211786 ns
[2024-04-20T19:39:37.877+0000][7][safepoint   ] Safepoint "Cleanup", Time since last: 49020740780 ns, Reaching safepoint: 187221 ns, At safepoint: 32380 ns, Total: 219601 ns
[2024-04-20T19:39:38.877+0000][7][safepoint   ] Safepoint "Cleanup", Time since last: 1000121528 ns, Reaching safepoint: 164751 ns, At safepoint: 19487 ns, Total: 184238 ns
[2024-04-20T19:40:08.889+0000][7][safepoint   ] Safepoint "Cleanup", Time since last: 30011725231 ns, Reaching safepoint: 134941 ns, At safepoint: 4017 ns, Total: 138958 ns
[2024-04-20T19:40:38.901+0000][7][safepoint   ] Safepoint "Cleanup", Time since last: 30011193764 ns, Reaching safepoint: 235648 ns, At safepoint: 35777 ns, Total: 271425 ns
[2024-04-20T19:41:08.913+0000][7][safepoint   ] Safepoint "Cleanup", Time since last: 30012362930 ns, Reaching safepoint: 185683 ns, At safepoint: 10269 ns, Total: 195952 ns
[2024-04-20T19:41:35.923+0000][7][safepoint   ] Safepoint "Cleanup", Time since last: 27009975282 ns, Reaching safepoint: 172544 ns, At safepoint: 5931 ns, Total: 178475 ns
[2024-04-20T19:42:12.938+0000][7][safepoint   ] Safepoint "Cleanup", Time since last: 37014281869 ns, Reaching safepoint: 103023 ns, At safepoint: 2635 ns, Total: 105658 ns
[2024-04-20T19:43:35.969+0000][7][safepoint   ] Safepoint "Cleanup", Time since last: 83031297917 ns, Reaching safepoint: 209072 ns, At safepoint: 5210 ns, Total: 214282 ns
[2024-04-20T19:43:48.974+0000][7][safepoint   ] Safepoint "Cleanup", Time since last: 13004267140 ns, Reaching safepoint: 149281 ns, At safepoint: 27071 ns, Total: 176352 ns
[2024-04-20T19:44:35.992+0000][7][safepoint   ] Safepoint "Cleanup", Time since last: 47018206239 ns, Reaching safepoint: 256812 ns, At safepoint: 7023 ns, Total: 263835 ns
[2024-04-20T19:44:48.999+0000][7][safepoint   ] Safepoint "Cleanup", Time since last: 13007035310 ns, Reaching safepoint: 124393 ns, At safepoint: 4699 ns, Total: 129092 ns
[2024-04-20T19:48:09.079+0000][7][safepoint   ] Safepoint "Cleanup", Time since last: 200079685147 ns, Reaching safepoint: 101179 ns, At safepoint: 10470 ns, Total: 111649 ns
[2024-04-20T19:50:36.135+0000][7][safepoint   ] Safepoint "Cleanup", Time since last: 147055972466 ns, Reaching safepoint: 197359 ns, At safepoint: 8926 ns, Total: 206285 ns
[2024-04-20T19:52:36.177+0000][7][safepoint   ] Safepoint "Cleanup", Time since last: 120042000118 ns, Reaching safepoint: 130084 ns, At safepoint: 1743 ns, Total: 131827 ns
[2024-04-20T19:52:37.178+0000][7][safepoint   ] Safepoint "Cleanup", Time since last: 1000288706 ns, Reaching safepoint: 122009 ns, At safepoint: 41628 ns, Total: 163637 ns
[2024-04-20T19:54:39.224+0000][7][safepoint   ] Safepoint "Cleanup", Time since last: 122046273997 ns, Reaching safepoint: 218790 ns, At safepoint: 28363 ns, Total: 247153 ns
[2024-04-20T19:55:39.249+0000][7][safepoint   ] Safepoint "Cleanup", Time since last: 60024138324 ns, Reaching safepoint: 146855 ns, At safepoint: 6863 ns, Total: 153718 ns
[2024-04-20T19:55:53.254+0000][7][safepoint   ] Safepoint "Cleanup", Time since last: 14004736800 ns, Reaching safepoint: 166554 ns, At safepoint: 29435 ns, Total: 195989 ns
[2024-04-20T19:59:36.339+0000][7][safepoint   ] Safepoint "Cleanup", Time since last: 223085146624 ns, Reaching safepoint: 189175 ns, At safepoint: 6241 ns, Total: 195416 ns
[2024-04-20T20:01:06.375+0000][7][safepoint   ] Safepoint "Cleanup", Time since last: 90035765730 ns, Reaching safepoint: 207519 ns, At safepoint: 26559 ns, Total: 234078 ns
[2024-04-20T20:01:53.394+0000][7][safepoint   ] Safepoint "Cleanup", Time since last: 47018895521 ns, Reaching safepoint: 199463 ns, At safepoint: 23905 ns, Total: 223368 ns
[2024-04-20T20:02:25.407+0000][7][safepoint   ] Safepoint "Cleanup", Time since last: 32012346084 ns, Reaching safepoint: 201786 ns, At safepoint: 29505 ns, Total: 231291 ns
[2024-04-20T20:15:49.359+0000][7][gc,start    ] GC(40) Pause Young (Concurrent Start) (G1 Evacuation Pause)
[2024-04-20T20:15:49.359+0000][7][gc,task     ] GC(40) Using 4 workers of 4 for evacuation
[2024-04-20T20:15:49.359+0000][7][gc,age      ] GC(40) Desired survivor size 8388608 bytes, new threshold 15 (max threshold 15)
[2024-04-20T20:15:49.366+0000][7][gc,age      ] GC(40) Age table with threshold 15 (max threshold 15)
[2024-04-20T20:15:49.366+0000][7][gc,age      ] GC(40) - age   1:      54744 bytes,      54744 total
[2024-04-20T20:15:49.366+0000][7][gc,age      ] GC(40) - age   2:       4104 bytes,      58848 total
[2024-04-20T20:15:49.366+0000][7][gc,age      ] GC(40) - age   3:       6704 bytes,      65552 total
[2024-04-20T20:15:49.366+0000][7][gc,age      ] GC(40) - age   4:       6968 bytes,      72520 total
[2024-04-20T20:15:49.366+0000][7][gc,age      ] GC(40) - age   5:       6968 bytes,      79488 total
[2024-04-20T20:15:49.366+0000][7][gc,age      ] GC(40) - age   6:      13472 bytes,      92960 total
[2024-04-20T20:15:49.366+0000][7][gc,age      ] GC(40) - age   7:      27456 bytes,     120416 total
[2024-04-20T20:15:49.366+0000][7][gc,age      ] GC(40) - age   8:    1335744 bytes,    1456160 total
[2024-04-20T20:15:49.366+0000][7][gc,age      ] GC(40) - age   9:    1652192 bytes,    3108352 total
[2024-04-20T20:15:49.366+0000][7][gc,age      ] GC(40) - age  10:    2797992 bytes,    5906344 total
[2024-04-20T20:15:49.366+0000][7][gc,phases   ] GC(40)   Pre Evacuate Collection Set: 0.4ms
[2024-04-20T20:15:49.366+0000][7][gc,phases   ] GC(40)   Merge Heap Roots: 0.1ms
[2024-04-20T20:15:49.366+0000][7][gc,phases   ] GC(40)   Evacuate Collection Set: 5.4ms
[2024-04-20T20:15:49.366+0000][7][gc,phases   ] GC(40)   Post Evacuate Collection Set: 1.0ms
[2024-04-20T20:15:49.366+0000][7][gc,phases   ] GC(40)   Other: 0.3ms
[2024-04-20T20:15:49.366+0000][7][gc,heap     ] GC(40) Eden regions: 28->0(28)
[2024-04-20T20:15:49.366+0000][7][gc,heap     ] GC(40) Survivor regions: 2->2(4)
[2024-04-20T20:15:49.366+0000][7][gc,heap     ] GC(40) Old regions: 18->18
[2024-04-20T20:15:49.366+0000][7][gc,heap     ] GC(40) Archive regions: 2->2
[2024-04-20T20:15:49.366+0000][7][gc,heap     ] GC(40) Humongous regions: 2->2
[2024-04-20T20:15:49.366+0000][7][gc,metaspace] GC(40) Metaspace: 98667K(103140K)->98667K(103140K) NonClass: 85737K(89088K)->85737K(89088K) Class: 12930K(14052K)->12930K(14052K)
[2024-04-20T20:15:49.366+0000][7][gc          ] GC(40) Pause Young (Concurrent Start) (G1 Evacuation Pause) 201M->89M(256M) 7.185ms
[2024-04-20T20:15:49.366+0000][7][gc,cpu      ] GC(40) User=0.02s Sys=0.00s Real=0.00s
[2024-04-20T20:15:49.366+0000][7][gc          ] GC(41) Concurrent Cycle
[2024-04-20T20:15:49.366+0000][7][gc,marking  ] GC(41) Concurrent Clear Claimed Marks
[2024-04-20T20:15:49.366+0000][7][safepoint   ] Safepoint "G1CollectForAllocation", Time since last: 803951304958 ns, Reaching safepoint: 452645 ns, At safepoint: 7344480 ns, Total: 7797125 ns
[2024-04-20T20:15:49.366+0000][7][gc,marking  ] GC(41) Concurrent Clear Claimed Marks 0.076ms
[2024-04-20T20:15:49.366+0000][7][gc,marking  ] GC(41) Concurrent Scan Root Regions
[2024-04-20T20:15:49.371+0000][7][gc,marking  ] GC(41) Concurrent Scan Root Regions 5.334ms
[2024-04-20T20:15:49.371+0000][7][gc,marking  ] GC(41) Concurrent Mark (17500.007s)
[2024-04-20T20:15:49.371+0000][7][gc,marking  ] GC(41) Concurrent Mark From Roots
[2024-04-20T20:15:49.371+0000][7][gc,task     ] GC(41) Using 1 workers of 1 for marking
[2024-04-20T20:15:49.444+0000][7][gc,marking  ] GC(41) Concurrent Mark From Roots 72.291ms
[2024-04-20T20:15:49.444+0000][7][gc,marking  ] GC(41) Concurrent Preclean
[2024-04-20T20:15:49.444+0000][7][gc,marking  ] GC(41) Concurrent Preclean 0.138ms
[2024-04-20T20:15:49.444+0000][7][gc,marking  ] GC(41) Concurrent Mark (17500.007s, 17500.079s) 72.489ms
[2024-04-20T20:15:49.444+0000][7][gc,start    ] GC(41) Pause Remark
[2024-04-20T20:15:49.450+0000][7][gc          ] GC(41) Pause Remark 90M->90M(256M) 5.701ms
[2024-04-20T20:15:49.450+0000][7][gc,cpu      ] GC(41) User=0.02s Sys=0.00s Real=0.01s
[2024-04-20T20:15:49.450+0000][7][safepoint   ] Safepoint "G1Concurrent", Time since last: 77978895 ns, Reaching safepoint: 170250 ns, At safepoint: 5816475 ns, Total: 5986725 ns
[2024-04-20T20:15:49.450+0000][7][gc,marking  ] GC(41) Concurrent Rebuild Remembered Sets
[2024-04-20T20:15:49.485+0000][7][gc,marking  ] GC(41) Concurrent Rebuild Remembered Sets 34.917ms
[2024-04-20T20:15:49.486+0000][7][gc,start    ] GC(41) Pause Cleanup
[2024-04-20T20:15:49.486+0000][7][gc          ] GC(41) Pause Cleanup 90M->90M(256M) 0.096ms
[2024-04-20T20:15:49.486+0000][7][gc,cpu      ] GC(41) User=0.00s Sys=0.00s Real=0.00s
[2024-04-20T20:15:49.486+0000][7][safepoint   ] Safepoint "G1Concurrent", Time since last: 35573846 ns, Reaching safepoint: 230162 ns, At safepoint: 151545 ns, Total: 381707 ns
[2024-04-20T20:15:49.486+0000][7][gc,marking  ] GC(41) Concurrent Cleanup for Next Mark
[2024-04-20T20:15:49.487+0000][7][gc,marking  ] GC(41) Concurrent Cleanup for Next Mark 1.582ms
[2024-04-20T20:15:49.487+0000][7][gc          ] GC(41) Concurrent Cycle 121.612ms
[2024-04-20T20:26:07.726+0000][7][safepoint   ] Safepoint "Cleanup", Time since last: 618239689040 ns, Reaching safepoint: 198952 ns, At safepoint: 3397 ns, Total: 202349 ns
[2024-04-20T20:30:37.836+0000][7][safepoint   ] Safepoint "Cleanup", Time since last: 270110092062 ns, Reaching safepoint: 248476 ns, At safepoint: 13264 ns, Total: 261740 ns
[2024-04-20T20:32:08.872+0000][7][safepoint   ] Safepoint "Cleanup", Time since last: 91035466168 ns, Reaching safepoint: 200146 ns, At safepoint: 5330 ns, Total: 205476 ns
[2024-04-20T20:33:37.721+0000][7][safepoint   ] Safepoint "Cleanup", Time since last: 88849314681 ns, Reaching safepoint: 155951 ns, At safepoint: 31780 ns, Total: 187731 ns
[2024-04-20T20:33:38.722+0000][7][safepoint   ] Safepoint "Cleanup", Time since last: 1000468407 ns, Reaching safepoint: 226555 ns, At safepoint: 38853 ns, Total: 265408 ns
[2024-04-20T20:35:22.763+0000][7][safepoint   ] Safepoint "Cleanup", Time since last: 104041183833 ns, Reaching safepoint: 291775 ns, At safepoint: 24526 ns, Total: 316301 ns
[2024-04-20T20:36:38.794+0000][7][safepoint   ] Safepoint "Cleanup", Time since last: 76030871823 ns, Reaching safepoint: 172574 ns, At safepoint: 15669 ns, Total: 188243 ns
[2024-04-20T20:39:37.865+0000][7][safepoint   ] Safepoint "Cleanup", Time since last: 179070568076 ns, Reaching safepoint: 241346 ns, At safepoint: 33483 ns, Total: 274829 ns
[2024-04-20T20:43:38.961+0000][7][safepoint   ] Safepoint "Cleanup", Time since last: 241095089661 ns, Reaching safepoint: 137537 ns, At safepoint: 3327 ns, Total: 140864 ns
[2024-04-20T20:44:08.972+0000][7][safepoint   ] Safepoint "Cleanup", Time since last: 30011406300 ns, Reaching safepoint: 119335 ns, At safepoint: 2765 ns, Total: 122100 ns
[2024-04-20T20:44:38.982+0000][7][safepoint   ] Safepoint "Cleanup", Time since last: 30010154647 ns, Reaching safepoint: 148443 ns, At safepoint: 33833 ns, Total: 182276 ns
[2024-04-20T20:45:08.994+0000][7][safepoint   ] Safepoint "Cleanup", Time since last: 30011542494 ns, Reaching safepoint: 135724 ns, At safepoint: 4488 ns, Total: 140212 ns
[2024-04-20T20:49:53.106+0000][7][safepoint   ] Safepoint "Cleanup", Time since last: 284112204764 ns, Reaching safepoint: 128522 ns, At safepoint: 14717 ns, Total: 143239 ns
[2024-04-20T20:52:39.170+0000][7][safepoint   ] Safepoint "Cleanup", Time since last: 166063017796 ns, Reaching safepoint: 103143 ns, At safepoint: 2063 ns, Total: 105206 ns
[2024-04-20T20:52:50.173+0000][7][safepoint   ] Safepoint "Cleanup", Time since last: 11002871728 ns, Reaching safepoint: 241461 ns, At safepoint: 47770 ns, Total: 289231 ns
[2024-04-20T20:54:38.648+0000][7][gc,start    ] GC(42) Pause Young (Normal) (G1 Evacuation Pause)
[2024-04-20T20:54:38.648+0000][7][gc,task     ] GC(42) Using 4 workers of 4 for evacuation
[2024-04-20T20:54:38.648+0000][7][gc,age      ] GC(42) Desired survivor size 8388608 bytes, new threshold 15 (max threshold 15)
[2024-04-20T20:54:38.655+0000][7][gc,age      ] GC(42) Age table with threshold 15 (max threshold 15)
[2024-04-20T20:54:38.655+0000][7][gc,age      ] GC(42) - age   1:      51456 bytes,      51456 total
[2024-04-20T20:54:38.655+0000][7][gc,age      ] GC(42) - age   2:       9848 bytes,      61304 total
[2024-04-20T20:54:38.655+0000][7][gc,age      ] GC(42) - age   3:       4104 bytes,      65408 total
[2024-04-20T20:54:38.655+0000][7][gc,age      ] GC(42) - age   4:       6704 bytes,      72112 total
[2024-04-20T20:54:38.655+0000][7][gc,age      ] GC(42) - age   5:       6968 bytes,      79080 total
[2024-04-20T20:54:38.655+0000][7][gc,age      ] GC(42) - age   6:       6968 bytes,      86048 total
[2024-04-20T20:54:38.655+0000][7][gc,age      ] GC(42) - age   7:      13472 bytes,      99520 total
[2024-04-20T20:54:38.655+0000][7][gc,age      ] GC(42) - age   8:      27456 bytes,     126976 total
[2024-04-20T20:54:38.655+0000][7][gc,age      ] GC(42) - age   9:    1335744 bytes,    1462720 total
[2024-04-20T20:54:38.655+0000][7][gc,age      ] GC(42) - age  10:    1652192 bytes,    3114912 total
[2024-04-20T20:54:38.655+0000][7][gc,age      ] GC(42) - age  11:    2797992 bytes,    5912904 total
[2024-04-20T20:54:38.655+0000][7][gc,phases   ] GC(42)   Pre Evacuate Collection Set: 0.1ms
[2024-04-20T20:54:38.655+0000][7][gc,phases   ] GC(42)   Merge Heap Roots: 0.1ms
[2024-04-20T20:54:38.655+0000][7][gc,phases   ] GC(42)   Evacuate Collection Set: 5.4ms
[2024-04-20T20:54:38.655+0000][7][gc,phases   ] GC(42)   Post Evacuate Collection Set: 1.0ms
[2024-04-20T20:54:38.655+0000][7][gc,phases   ] GC(42)   Other: 0.3ms
[2024-04-20T20:54:38.655+0000][7][gc,heap     ] GC(42) Eden regions: 28->0(28)
[2024-04-20T20:54:38.655+0000][7][gc,heap     ] GC(42) Survivor regions: 2->2(4)
[2024-04-20T20:54:38.655+0000][7][gc,heap     ] GC(42) Old regions: 18->18
[2024-04-20T20:54:38.655+0000][7][gc,heap     ] GC(42) Archive regions: 2->2
[2024-04-20T20:54:38.655+0000][7][gc,heap     ] GC(42) Humongous regions: 2->2
[2024-04-20T20:54:38.655+0000][7][gc,metaspace] GC(42) Metaspace: 98683K(103140K)->98683K(103140K) NonClass: 85752K(89088K)->85752K(89088K) Class: 12930K(14052K)->12930K(14052K)
[2024-04-20T20:54:38.655+0000][7][gc          ] GC(42) Pause Young (Normal) (G1 Evacuation Pause) 201M->89M(256M) 6.893ms
[2024-04-20T20:54:38.655+0000][7][gc,cpu      ] GC(42) User=0.02s Sys=0.00s Real=0.01s
[2024-04-20T20:54:38.655+0000][7][safepoint   ] Safepoint "G1CollectForAllocation", Time since last: 108475227991 ns, Reaching safepoint: 133921 ns, At safepoint: 6993965 ns, Total: 7127886 ns
[2024-04-20T21:07:22.954+0000][7][safepoint   ] Safepoint "Cleanup", Time since last: 764299038370 ns, Reaching safepoint: 174967 ns, At safepoint: 16601 ns, Total: 191568 ns
[2024-04-20T21:14:10.112+0000][7][safepoint   ] Safepoint "Cleanup", Time since last: 407157258520 ns, Reaching safepoint: 206717 ns, At safepoint: 6082 ns, Total: 212799 ns
[2024-04-20T21:16:09.158+0000][7][safepoint   ] Safepoint "Cleanup", Time since last: 119045886176 ns, Reaching safepoint: 196703 ns, At safepoint: 19587 ns, Total: 216290 ns
[2024-04-20T21:16:10.158+0000][7][safepoint   ] Safepoint "Cleanup", Time since last: 1000359381 ns, Reaching safepoint: 205867 ns, At safepoint: 3537 ns, Total: 209404 ns
[2024-04-20T21:21:40.293+0000][7][safepoint   ] Safepoint "Cleanup", Time since last: 330133950258 ns, Reaching safepoint: 175599 ns, At safepoint: 6943 ns, Total: 182542 ns
[2024-04-20T21:21:51.296+0000][7][safepoint   ] Safepoint "Cleanup", Time since last: 11002991243 ns, Reaching safepoint: 158066 ns, At safepoint: 2966 ns, Total: 161032 ns
[2024-04-20T21:22:07.302+0000][7][safepoint   ] Safepoint "Cleanup", Time since last: 16005898657 ns, Reaching safepoint: 137437 ns, At safepoint: 15930 ns, Total: 153367 ns
[2024-04-20T21:22:10.303+0000][7][safepoint   ] Safepoint "Cleanup", Time since last: 3000987717 ns, Reaching safepoint: 219883 ns, At safepoint: 33152 ns, Total: 253035 ns
[2024-04-20T21:22:40.316+0000][7][safepoint   ] Safepoint "Cleanup", Time since last: 30012925207 ns, Reaching safepoint: 206307 ns, At safepoint: 9708 ns, Total: 216015 ns
[2024-04-20T21:22:47.319+0000][7][safepoint   ] Safepoint "Cleanup", Time since last: 7002530400 ns, Reaching safepoint: 106630 ns, At safepoint: 11932 ns, Total: 118562 ns
[2024-04-20T21:24:38.363+0000][7][safepoint   ] Safepoint "Cleanup", Time since last: 111044323399 ns, Reaching safepoint: 312576 ns, At safepoint: 20248 ns, Total: 332824 ns
[2024-04-20T21:24:40.365+0000][7][safepoint   ] Safepoint "Cleanup", Time since last: 2000917577 ns, Reaching safepoint: 128160 ns, At safepoint: 2144 ns, Total: 130304 ns
[2024-04-20T21:25:23.383+0000][7][safepoint   ] Safepoint "Cleanup", Time since last: 43017838652 ns, Reaching safepoint: 289435 ns, At safepoint: 51286 ns, Total: 340721 ns
[2024-04-20T21:25:26.385+0000][7][safepoint   ] Safepoint "Cleanup", Time since last: 3001863832 ns, Reaching safepoint: 158056 ns, At safepoint: 5560 ns, Total: 163616 ns
[2024-04-20T21:25:31.388+0000][7][safepoint   ] Safepoint "Cleanup", Time since last: 5003215964 ns, Reaching safepoint: 148788 ns, At safepoint: 2555 ns, Total: 151343 ns
[2024-04-20T21:25:40.391+0000][7][safepoint   ] Safepoint "Cleanup", Time since last: 9002934414 ns, Reaching safepoint: 146113 ns, At safepoint: 3306 ns, Total: 149419 ns
[2024-04-20T21:25:53.398+0000][7][safepoint   ] Safepoint "Cleanup", Time since last: 13006189780 ns, Reaching safepoint: 182453 ns, At safepoint: 1933 ns, Total: 184386 ns
[2024-04-20T21:26:10.404+0000][7][safepoint   ] Safepoint "Cleanup", Time since last: 17006127416 ns, Reaching safepoint: 142748 ns, At safepoint: 3186 ns, Total: 145934 ns
[2024-04-20T21:26:23.410+0000][7][safepoint   ] Safepoint "Cleanup", Time since last: 13005975105 ns, Reaching safepoint: 191319 ns, At safepoint: 19026 ns, Total: 210345 ns
[2024-04-20T21:29:01.471+0000][7][safepoint   ] Safepoint "Cleanup", Time since last: 158060454134 ns, Reaching safepoint: 160960 ns, At safepoint: 3486 ns, Total: 164446 ns
[2024-04-20T21:29:10.474+0000][7][safepoint   ] Safepoint "Cleanup", Time since last: 9002953157 ns, Reaching safepoint: 148638 ns, At safepoint: 3216 ns, Total: 151854 ns
[2024-04-20T21:29:22.478+0000][7][safepoint   ] Safepoint "Cleanup", Time since last: 12004380769 ns, Reaching safepoint: 164357 ns, At safepoint: 2405 ns, Total: 166762 ns
[2024-04-20T21:29:40.487+0000][7][safepoint   ] Safepoint "Cleanup", Time since last: 18008967427 ns, Reaching safepoint: 141960 ns, At safepoint: 2174 ns, Total: 144134 ns
[2024-04-20T21:30:23.503+0000][7][safepoint   ] Safepoint "Cleanup", Time since last: 43015195963 ns, Reaching safepoint: 203687 ns, At safepoint: 3817 ns, Total: 207504 ns
[2024-04-20T21:31:10.520+0000][7][safepoint   ] Safepoint "Cleanup", Time since last: 47017280400 ns, Reaching safepoint: 314149 ns, At safepoint: 27392 ns, Total: 341541 ns
[2024-04-20T21:32:22.543+0000][7][safepoint   ] Safepoint "Cleanup", Time since last: 72022769809 ns, Reaching safepoint: 280757 ns, At safepoint: 39595 ns, Total: 320352 ns
[2024-04-20T21:33:38.952+0000][7][gc,start    ] GC(43) Pause Young (Concurrent Start) (G1 Evacuation Pause)
[2024-04-20T21:33:38.952+0000][7][gc,task     ] GC(43) Using 4 workers of 4 for evacuation
[2024-04-20T21:33:38.952+0000][7][gc,age      ] GC(43) Desired survivor size 8388608 bytes, new threshold 15 (max threshold 15)
[2024-04-20T21:33:38.960+0000][7][gc,age      ] GC(43) Age table with threshold 15 (max threshold 15)
[2024-04-20T21:33:38.960+0000][7][gc,age      ] GC(43) - age   1:      75328 bytes,      75328 total
[2024-04-20T21:33:38.960+0000][7][gc,age      ] GC(43) - age   2:       1200 bytes,      76528 total
[2024-04-20T21:33:38.960+0000][7][gc,age      ] GC(43) - age   3:       9808 bytes,      86336 total
[2024-04-20T21:33:38.960+0000][7][gc,age      ] GC(43) - age   4:       4104 bytes,      90440 total
[2024-04-20T21:33:38.960+0000][7][gc,age      ] GC(43) - age   5:       6704 bytes,      97144 total
[2024-04-20T21:33:38.960+0000][7][gc,age      ] GC(43) - age   6:       6968 bytes,     104112 total
[2024-04-20T21:33:38.960+0000][7][gc,age      ] GC(43) - age   7:       6968 bytes,     111080 total
[2024-04-20T21:33:38.960+0000][7][gc,age      ] GC(43) - age   8:      13472 bytes,     124552 total
[2024-04-20T21:33:38.960+0000][7][gc,age      ] GC(43) - age   9:      27456 bytes,     152008 total
[2024-04-20T21:33:38.960+0000][7][gc,age      ] GC(43) - age  10:    1333760 bytes,    1485768 total
[2024-04-20T21:33:38.960+0000][7][gc,age      ] GC(43) - age  11:    1650712 bytes,    3136480 total
[2024-04-20T21:33:38.960+0000][7][gc,age      ] GC(43) - age  12:    2797992 bytes,    5934472 total
[2024-04-20T21:33:38.960+0000][7][gc,phases   ] GC(43)   Pre Evacuate Collection Set: 0.3ms
[2024-04-20T21:33:38.960+0000][7][gc,phases   ] GC(43)   Merge Heap Roots: 0.1ms
[2024-04-20T21:33:38.960+0000][7][gc,phases   ] GC(43)   Evacuate Collection Set: 5.9ms
[2024-04-20T21:33:38.960+0000][7][gc,phases   ] GC(43)   Post Evacuate Collection Set: 1.1ms
[2024-04-20T21:33:38.960+0000][7][gc,phases   ] GC(43)   Other: 0.6ms
[2024-04-20T21:33:38.960+0000][7][gc,heap     ] GC(43) Eden regions: 28->0(28)
[2024-04-20T21:33:38.960+0000][7][gc,heap     ] GC(43) Survivor regions: 2->2(4)
[2024-04-20T21:33:38.960+0000][7][gc,heap     ] GC(43) Old regions: 18->18
[2024-04-20T21:33:38.960+0000][7][gc,heap     ] GC(43) Archive regions: 2->2
[2024-04-20T21:33:38.960+0000][7][gc,heap     ] GC(43) Humongous regions: 2->2
[2024-04-20T21:33:38.960+0000][7][gc,metaspace] GC(43) Metaspace: 98685K(103140K)->98685K(103140K) NonClass: 85755K(89088K)->85755K(89088K) Class: 12930K(14052K)->12930K(14052K)
[2024-04-20T21:33:38.960+0000][7][gc          ] GC(43) Pause Young (Concurrent Start) (G1 Evacuation Pause) 201M->89M(256M) 7.871ms
[2024-04-20T21:33:38.960+0000][7][gc,cpu      ] GC(43) User=0.02s Sys=0.00s Real=0.01s
[2024-04-20T21:33:38.960+0000][7][gc          ] GC(44) Concurrent Cycle
[2024-04-20T21:33:38.960+0000][7][gc,marking  ] GC(44) Concurrent Clear Claimed Marks
[2024-04-20T21:33:38.960+0000][7][gc,marking  ] GC(44) Concurrent Clear Claimed Marks 0.078ms
[2024-04-20T21:33:38.960+0000][7][gc,marking  ] GC(44) Concurrent Scan Root Regions
[2024-04-20T21:33:38.960+0000][7][safepoint   ] Safepoint "G1CollectForAllocation", Time since last: 76408487680 ns, Reaching safepoint: 141665 ns, At safepoint: 8035121 ns, Total: 8176786 ns
[2024-04-20T21:33:38.966+0000][7][gc,marking  ] GC(44) Concurrent Scan Root Regions 5.476ms
[2024-04-20T21:33:38.966+0000][7][gc,marking  ] GC(44) Concurrent Mark (22169.601s)
[2024-04-20T21:33:38.966+0000][7][gc,marking  ] GC(44) Concurrent Mark From Roots
[2024-04-20T21:33:38.966+0000][7][gc,task     ] GC(44) Using 1 workers of 1 for marking
[2024-04-20T21:33:39.038+0000][7][gc,marking  ] GC(44) Concurrent Mark From Roots 72.712ms
[2024-04-20T21:33:39.039+0000][7][gc,marking  ] GC(44) Concurrent Preclean
[2024-04-20T21:33:39.039+0000][7][gc,marking  ] GC(44) Concurrent Preclean 0.126ms
[2024-04-20T21:33:39.039+0000][7][gc,marking  ] GC(44) Concurrent Mark (22169.601s, 22169.674s) 72.903ms
[2024-04-20T21:33:39.039+0000][7][gc,start    ] GC(44) Pause Remark
[2024-04-20T21:33:39.045+0000][7][gc          ] GC(44) Pause Remark 90M->90M(256M) 5.805ms
[2024-04-20T21:33:39.045+0000][7][gc,cpu      ] GC(44) User=0.02s Sys=0.00s Real=0.00s
[2024-04-20T21:33:39.045+0000][7][safepoint   ] Safepoint "G1Concurrent", Time since last: 78878703 ns, Reaching safepoint: 158658 ns, At safepoint: 5912988 ns, Total: 6071646 ns
[2024-04-20T21:33:39.045+0000][7][gc,marking  ] GC(44) Concurrent Rebuild Remembered Sets
[2024-04-20T21:33:39.081+0000][7][gc,marking  ] GC(44) Concurrent Rebuild Remembered Sets 35.522ms
[2024-04-20T21:33:39.081+0000][7][gc,start    ] GC(44) Pause Cleanup
[2024-04-20T21:33:39.081+0000][7][gc          ] GC(44) Pause Cleanup 90M->90M(256M) 0.107ms
[2024-04-20T21:33:39.081+0000][7][gc,cpu      ] GC(44) User=0.00s Sys=0.00s Real=0.00s
[2024-04-20T21:33:39.081+0000][7][safepoint   ] Safepoint "G1Concurrent", Time since last: 35694486 ns, Reaching safepoint: 228088 ns, At safepoint: 159309 ns, Total: 387397 ns
[2024-04-20T21:33:39.081+0000][7][gc,marking  ] GC(44) Concurrent Cleanup for Next Mark
[2024-04-20T21:33:39.082+0000][7][gc,marking  ] GC(44) Concurrent Cleanup for Next Mark 1.259ms
[2024-04-20T21:33:39.082+0000][7][gc          ] GC(44) Concurrent Cycle 122.340ms
[2024-04-20T21:34:23.097+0000][7][safepoint   ] Safepoint "Cleanup", Time since last: 44015843636 ns, Reaching safepoint: 239469 ns, At safepoint: 10199 ns, Total: 249668 ns
[2024-04-20T21:34:39.103+0000][7][safepoint   ] Safepoint "Cleanup", Time since last: 16005545908 ns, Reaching safepoint: 133120 ns, At safepoint: 34635 ns, Total: 167755 ns
[2024-04-20T21:37:11.159+0000][7][safepoint   ] Safepoint "Cleanup", Time since last: 152055861765 ns, Reaching safepoint: 180207 ns, At safepoint: 16000 ns, Total: 196207 ns
[2024-04-20T21:38:51.201+0000][7][safepoint   ] Safepoint "Cleanup", Time since last: 100041951090 ns, Reaching safepoint: 207907 ns, At safepoint: 6151 ns, Total: 214058 ns
[2024-04-20T21:39:11.211+0000][7][safepoint   ] Safepoint "Cleanup", Time since last: 20009192488 ns, Reaching safepoint: 186631 ns, At safepoint: 5780 ns, Total: 192411 ns
[2024-04-20T21:39:51.226+0000][7][safepoint   ] Safepoint "Cleanup", Time since last: 40015344898 ns, Reaching safepoint: 250334 ns, At safepoint: 45345 ns, Total: 295679 ns
[2024-04-20T21:40:11.234+0000][7][safepoint   ] Safepoint "Cleanup", Time since last: 20007360225 ns, Reaching safepoint: 144457 ns, At safepoint: 22473 ns, Total: 166930 ns
[2024-04-20T21:40:41.245+0000][7][safepoint   ] Safepoint "Cleanup", Time since last: 30010857479 ns, Reaching safepoint: 203171 ns, At safepoint: 3306 ns, Total: 206477 ns
[2024-04-20T21:41:11.258+0000][7][safepoint   ] Safepoint "Cleanup", Time since last: 30013216195 ns, Reaching safepoint: 164879 ns, At safepoint: 2875 ns, Total: 167754 ns
[2024-04-20T21:41:41.270+0000][7][safepoint   ] Safepoint "Cleanup", Time since last: 30011845208 ns, Reaching safepoint: 197460 ns, At safepoint: 27301 ns, Total: 224761 ns
[2024-04-20T21:41:51.274+0000][7][safepoint   ] Safepoint "Cleanup", Time since last: 10003508552 ns, Reaching safepoint: 262440 ns, At safepoint: 34485 ns, Total: 296925 ns
[2024-04-20T21:42:11.282+0000][7][safepoint   ] Safepoint "Cleanup", Time since last: 20007834785 ns, Reaching safepoint: 201631 ns, At safepoint: 3547 ns, Total: 205178 ns
[2024-04-20T21:43:09.306+0000][7][safepoint   ] Safepoint "Cleanup", Time since last: 58023445468 ns, Reaching safepoint: 236321 ns, At safepoint: 25477 ns, Total: 261798 ns
[2024-04-20T21:43:51.322+0000][7][safepoint   ] Safepoint "Cleanup", Time since last: 42016312334 ns, Reaching safepoint: 159410 ns, At safepoint: 2314 ns, Total: 161724 ns
[2024-04-20T21:44:41.343+0000][7][safepoint   ] Safepoint "Cleanup", Time since last: 50020637865 ns, Reaching safepoint: 177312 ns, At safepoint: 4799 ns, Total: 182111 ns
[2024-04-20T21:45:09.354+0000][7][safepoint   ] Safepoint "Cleanup", Time since last: 28010395251 ns, Reaching safepoint: 217988 ns, At safepoint: 38993 ns, Total: 256981 ns
[2024-04-20T21:48:39.433+0000][7][safepoint   ] Safepoint "Cleanup", Time since last: 210078773043 ns, Reaching safepoint: 214062 ns, At safepoint: 6692 ns, Total: 220754 ns
[2024-04-20T21:48:41.434+0000][7][safepoint   ] Safepoint "Cleanup", Time since last: 2000777572 ns, Reaching safepoint: 187021 ns, At safepoint: 3917 ns, Total: 190938 ns
[2024-04-20T21:49:09.444+0000][7][safepoint   ] Safepoint "Cleanup", Time since last: 28009671318 ns, Reaching safepoint: 181027 ns, At safepoint: 38432 ns, Total: 219459 ns
[2024-04-20T21:49:41.458+0000][7][safepoint   ] Safepoint "Cleanup", Time since last: 32013820907 ns, Reaching safepoint: 129291 ns, At safepoint: 3557 ns, Total: 132848 ns
[2024-04-20T21:52:41.525+0000][7][safepoint   ] Safepoint "Cleanup", Time since last: 180066839601 ns, Reaching safepoint: 166823 ns, At safepoint: 3807 ns, Total: 170630 ns
[2024-04-20T21:58:41.669+0000][7][safepoint   ] Safepoint "Cleanup", Time since last: 360143917876 ns, Reaching safepoint: 119013 ns, At safepoint: 2094 ns, Total: 121107 ns
[2024-04-20T21:58:51.672+0000][7][safepoint   ] Safepoint "Cleanup", Time since last: 10003646305 ns, Reaching safepoint: 192308 ns, At safepoint: 3798 ns, Total: 196106 ns
[2024-04-20T21:59:11.680+0000][7][safepoint   ] Safepoint "Cleanup", Time since last: 20007297170 ns, Reaching safepoint: 166381 ns, At safepoint: 3306 ns, Total: 169687 ns
[2024-04-20T22:00:11.705+0000][7][safepoint   ] Safepoint "Cleanup", Time since last: 60024805722 ns, Reaching safepoint: 218038 ns, At safepoint: 6583 ns, Total: 224621 ns
[2024-04-20T22:03:11.773+0000][7][safepoint   ] Safepoint "Cleanup", Time since last: 180067852963 ns, Reaching safepoint: 159698 ns, At safepoint: 4158 ns, Total: 163856 ns
[2024-04-20T22:04:51.812+0000][7][safepoint   ] Safepoint "Cleanup", Time since last: 100039039606 ns, Reaching safepoint: 152115 ns, At safepoint: 20980 ns, Total: 173095 ns
[2024-04-20T22:12:12.129+0000][7][gc,start    ] GC(45) Pause Young (Normal) (G1 Evacuation Pause)
[2024-04-20T22:12:12.129+0000][7][gc,task     ] GC(45) Using 4 workers of 4 for evacuation
[2024-04-20T22:12:12.129+0000][7][gc,age      ] GC(45) Desired survivor size 8388608 bytes, new threshold 15 (max threshold 15)
[2024-04-20T22:12:12.136+0000][7][gc,age      ] GC(45) Age table with threshold 15 (max threshold 15)
[2024-04-20T22:12:12.136+0000][7][gc,age      ] GC(45) - age   1:      56520 bytes,      56520 total
[2024-04-20T22:12:12.136+0000][7][gc,age      ] GC(45) - age   2:      11960 bytes,      68480 total
[2024-04-20T22:12:12.136+0000][7][gc,age      ] GC(45) - age   3:       1200 bytes,      69680 total
[2024-04-20T22:12:12.136+0000][7][gc,age      ] GC(45) - age   4:       9808 bytes,      79488 total
[2024-04-20T22:12:12.136+0000][7][gc,age      ] GC(45) - age   5:       4104 bytes,      83592 total
[2024-04-20T22:12:12.136+0000][7][gc,age      ] GC(45) - age   6:       6544 bytes,      90136 total
[2024-04-20T22:12:12.136+0000][7][gc,age      ] GC(45) - age   7:       6968 bytes,      97104 total
[2024-04-20T22:12:12.136+0000][7][gc,age      ] GC(45) - age   8:       6968 bytes,     104072 total
[2024-04-20T22:12:12.136+0000][7][gc,age      ] GC(45) - age   9:      13472 bytes,     117544 total
[2024-04-20T22:12:12.136+0000][7][gc,age      ] GC(45) - age  10:      27456 bytes,     145000 total
[2024-04-20T22:12:12.136+0000][7][gc,age      ] GC(45) - age  11:    1333760 bytes,    1478760 total
[2024-04-20T22:12:12.136+0000][7][gc,age      ] GC(45) - age  12:    1650712 bytes,    3129472 total
[2024-04-20T22:12:12.136+0000][7][gc,age      ] GC(45) - age  13:    2797992 bytes,    5927464 total
[2024-04-20T22:12:12.136+0000][7][gc,phases   ] GC(45)   Pre Evacuate Collection Set: 0.1ms
[2024-04-20T22:12:12.136+0000][7][gc,phases   ] GC(45)   Merge Heap Roots: 0.1ms
[2024-04-20T22:12:12.136+0000][7][gc,phases   ] GC(45)   Evacuate Collection Set: 5.8ms
[2024-04-20T22:12:12.136+0000][7][gc,phases   ] GC(45)   Post Evacuate Collection Set: 1.1ms
[2024-04-20T22:12:12.136+0000][7][gc,phases   ] GC(45)   Other: 0.3ms
[2024-04-20T22:12:12.136+0000][7][gc,heap     ] GC(45) Eden regions: 28->0(28)
[2024-04-20T22:12:12.136+0000][7][gc,heap     ] GC(45) Survivor regions: 2->2(4)
[2024-04-20T22:12:12.136+0000][7][gc,heap     ] GC(45) Old regions: 18->18
[2024-04-20T22:12:12.136+0000][7][gc,heap     ] GC(45) Archive regions: 2->2
[2024-04-20T22:12:12.136+0000][7][gc,heap     ] GC(45) Humongous regions: 2->2
[2024-04-20T22:12:12.136+0000][7][gc,metaspace] GC(45) Metaspace: 98701K(103140K)->98701K(103140K) NonClass: 85770K(89088K)->85770K(89088K) Class: 12930K(14052K)->12930K(14052K)
[2024-04-20T22:12:12.136+0000][7][gc          ] GC(45) Pause Young (Normal) (G1 Evacuation Pause) 201M->89M(256M) 7.455ms
[2024-04-20T22:12:12.136+0000][7][gc,cpu      ] GC(45) User=0.03s Sys=0.00s Real=0.01s
[2024-04-20T22:12:12.136+0000][7][safepoint   ] Safepoint "G1CollectForAllocation", Time since last: 440316299067 ns, Reaching safepoint: 144862 ns, At safepoint: 7580537 ns, Total: 7725399 ns
[2024-04-20T22:15:53.219+0000][7][safepoint   ] Safepoint "Cleanup", Time since last: 221082836197 ns, Reaching safepoint: 325779 ns, At safepoint: 44173 ns, Total: 369952 ns
[2024-04-20T22:20:43.328+0000][7][safepoint   ] Safepoint "Cleanup", Time since last: 290107973252 ns, Reaching safepoint: 131327 ns, At safepoint: 1973 ns, Total: 133300 ns
[2024-04-20T22:24:13.410+0000][7][safepoint   ] Safepoint "Cleanup", Time since last: 210082245310 ns, Reaching safepoint: 210394 ns, At safepoint: 4228 ns, Total: 214622 ns
[2024-04-20T22:28:43.518+0000][7][safepoint   ] Safepoint "Cleanup", Time since last: 270107379348 ns, Reaching safepoint: 174186 ns, At safepoint: 2705 ns, Total: 176891 ns
