[2024-05-02T18:29:33.713+0000][6][gc] Using G1
[2024-05-02T18:29:33.966+0000][6][gc,init] Version: 15.0.1+9 (release)
[2024-05-02T18:29:33.966+0000][6][gc,init] CPUs: 4 total, 4 available
[2024-05-02T18:29:33.966+0000][6][gc,init] Memory: 7942M
[2024-05-02T18:29:33.966+0000][6][gc,init] Large Page Support: Disabled
[2024-05-02T18:29:33.966+0000][6][gc,init] NUMA Support: Disabled
[2024-05-02T18:29:33.966+0000][6][gc,init] Compressed Oops: Enabled (32-bit)
[2024-05-02T18:29:33.966+0000][6][gc,init] Heap Region Size: 4M
[2024-05-02T18:29:33.966+0000][6][gc,init] Heap Min Capacity: 256M
[2024-05-02T18:29:33.966+0000][6][gc,init] Heap Initial Capacity: 256M
[2024-05-02T18:29:33.966+0000][6][gc,init] Heap Max Capacity: 256M
[2024-05-02T18:29:33.966+0000][6][gc,init] Pre-touch: Enabled
[2024-05-02T18:29:33.966+0000][6][gc,init] Parallel Workers: 4
[2024-05-02T18:29:33.966+0000][6][gc,init] Concurrent Workers: 1
[2024-05-02T18:29:33.966+0000][6][gc,init] Concurrent Refinement Workers: 4
[2024-05-02T18:29:33.966+0000][6][gc,init] Periodic GC: Disabled
[2024-05-02T18:29:33.966+0000][6][gc,cds ] Mark closed archive regions in map: [0x00000000ffc00000, 0x00000000ffc7bff8]
[2024-05-02T18:29:33.967+0000][6][gc,cds ] Mark open archive regions in map: [0x00000000ffb00000, 0x00000000ffb51ff8]
[2024-05-02T18:29:33.967+0000][6][gc,metaspace] CDS archive(s) mapped at: [0x0000000800000000-0x0000000800b2a000-0x0000000800b2a000), size 11706368, SharedBaseAddress: 0x0000000800000000, ArchiveRelocationMode: 0.
[2024-05-02T18:29:33.967+0000][6][gc,metaspace] Compressed class space mapped at: 0x0000000800b2c000-0x0000000840b2c000, size: 1073741824
[2024-05-02T18:29:33.967+0000][6][gc,metaspace] Narrow klass base: 0x0000000800000000, Narrow klass shift: 3, Narrow klass range: 0x100000000
[2024-05-02T18:29:35.342+0000][6][gc,start    ] GC(0) Pause Young (Normal) (G1 Evacuation Pause)
[2024-05-02T18:29:35.348+0000][6][gc,task     ] GC(0) Using 4 workers of 4 for evacuation
[2024-05-02T18:29:35.349+0000][6][gc,age      ] GC(0) Desired survivor size 2097152 bytes, new threshold 15 (max threshold 15)
[2024-05-02T18:29:35.385+0000][6][gc,age      ] GC(0) Age table with threshold 15 (max threshold 15)
[2024-05-02T18:29:35.385+0000][6][gc,age      ] GC(0) - age   1:    2960208 bytes,    2960208 total
[2024-05-02T18:29:35.385+0000][6][gc,phases   ] GC(0)   Pre Evacuate Collection Set: 1.7ms
[2024-05-02T18:29:35.385+0000][6][gc,phases   ] GC(0)   Merge Heap Roots: 0.1ms
[2024-05-02T18:29:35.385+0000][6][gc,phases   ] GC(0)   Evacuate Collection Set: 33.6ms
[2024-05-02T18:29:35.385+0000][6][gc,phases   ] GC(0)   Post Evacuate Collection Set: 0.5ms
[2024-05-02T18:29:35.385+0000][6][gc,phases   ] GC(0)   Other: 7.4ms
[2024-05-02T18:29:35.385+0000][6][gc,heap     ] GC(0) Eden regions: 3->0(2)
[2024-05-02T18:29:35.385+0000][6][gc,heap     ] GC(0) Survivor regions: 0->1(1)
[2024-05-02T18:29:35.385+0000][6][gc,heap     ] GC(0) Old regions: 0->0
[2024-05-02T18:29:35.385+0000][6][gc,heap     ] GC(0) Archive regions: 2->2
[2024-05-02T18:29:35.385+0000][6][gc,heap     ] GC(0) Humongous regions: 0->0
[2024-05-02T18:29:35.385+0000][6][gc,metaspace] GC(0) Metaspace: 3560K(6528K)->3560K(6528K) NonClass: 3208K(5888K)->3208K(5888K) Class: 352K(640K)->352K(640K)
[2024-05-02T18:29:35.385+0000][6][gc          ] GC(0) Pause Young (Normal) (G1 Evacuation Pause) 15M->6M(256M) 43.303ms
[2024-05-02T18:29:35.385+0000][6][gc,cpu      ] GC(0) User=0.00s Sys=0.02s Real=0.03s
[2024-05-02T18:29:35.385+0000][6][safepoint   ] Safepoint "G1CollectForAllocation", Time since last: 1333671280 ns, Reaching safepoint: 1639921 ns, At safepoint: 43483745 ns, Total: 45123666 ns
[2024-05-02T18:29:36.581+0000][6][safepoint   ] Safepoint "Cleanup", Time since last: 1195814491 ns, Reaching safepoint: 273381 ns, At safepoint: 58259 ns, Total: 331640 ns
[2024-05-02T18:29:36.782+0000][6][gc,start    ] GC(1) Pause Young (Normal) (G1 Evacuation Pause)
[2024-05-02T18:29:36.782+0000][6][gc,task     ] GC(1) Using 4 workers of 4 for evacuation
[2024-05-02T18:29:36.782+0000][6][gc,age      ] GC(1) Desired survivor size 2097152 bytes, new threshold 1 (max threshold 15)
[2024-05-02T18:29:36.791+0000][6][gc,age      ] GC(1) Age table with threshold 1 (max threshold 15)
[2024-05-02T18:29:36.791+0000][6][gc,age      ] GC(1) - age   1:     892624 bytes,     892624 total
[2024-05-02T18:29:36.791+0000][6][gc,phases   ] GC(1)   Pre Evacuate Collection Set: 0.1ms
[2024-05-02T18:29:36.791+0000][6][gc,phases   ] GC(1)   Merge Heap Roots: 0.0ms
[2024-05-02T18:29:36.791+0000][6][gc,phases   ] GC(1)   Evacuate Collection Set: 8.3ms
[2024-05-02T18:29:36.791+0000][6][gc,phases   ] GC(1)   Post Evacuate Collection Set: 0.5ms
[2024-05-02T18:29:36.791+0000][6][gc,phases   ] GC(1)   Other: 0.3ms
[2024-05-02T18:29:36.791+0000][6][gc,heap     ] GC(1) Eden regions: 2->0(6)
[2024-05-02T18:29:36.791+0000][6][gc,heap     ] GC(1) Survivor regions: 1->1(1)
[2024-05-02T18:29:36.791+0000][6][gc,heap     ] GC(1) Old regions: 0->1
[2024-05-02T18:29:36.791+0000][6][gc,heap     ] GC(1) Archive regions: 2->2
[2024-05-02T18:29:36.791+0000][6][gc,heap     ] GC(1) Humongous regions: 0->0
[2024-05-02T18:29:36.791+0000][6][gc,metaspace] GC(1) Metaspace: 6843K(8960K)->6843K(8960K) NonClass: 6079K(7936K)->6079K(7936K) Class: 763K(1024K)->763K(1024K)
[2024-05-02T18:29:36.791+0000][6][gc          ] GC(1) Pause Young (Normal) (G1 Evacuation Pause) 14M->7M(256M) 9.314ms
[2024-05-02T18:29:36.791+0000][6][gc,cpu      ] GC(1) User=0.01s Sys=0.00s Real=0.00s
[2024-05-02T18:29:36.792+0000][6][safepoint   ] Safepoint "G1CollectForAllocation", Time since last: 200708628 ns, Reaching safepoint: 285514 ns, At safepoint: 9438106 ns, Total: 9723620 ns
[2024-05-02T18:29:38.015+0000][6][safepoint   ] Safepoint "Cleanup", Time since last: 1214013206 ns, Reaching safepoint: 9083192 ns, At safepoint: 28874 ns, Total: 9112066 ns
[2024-05-02T18:29:39.036+0000][6][safepoint   ] Safepoint "Cleanup", Time since last: 1004621185 ns, Reaching safepoint: 6324211 ns, At safepoint: 10621160 ns, Total: 16945371 ns
[2024-05-02T18:29:40.065+0000][6][safepoint   ] Safepoint "Cleanup", Time since last: 1026172081 ns, Reaching safepoint: 2180540 ns, At safepoint: 32511 ns, Total: 2213051 ns
[2024-05-02T18:29:41.163+0000][6][gc,start    ] GC(2) Pause Young (Normal) (G1 Evacuation Pause)
[2024-05-02T18:29:41.163+0000][6][gc,task     ] GC(2) Using 4 workers of 4 for evacuation
[2024-05-02T18:29:41.163+0000][6][gc,age      ] GC(2) Desired survivor size 2097152 bytes, new threshold 15 (max threshold 15)
[2024-05-02T18:29:41.222+0000][6][gc,age      ] GC(2) Age table with threshold 15 (max threshold 15)
[2024-05-02T18:29:41.222+0000][6][gc,age      ] GC(2) - age   1:    2268048 bytes,    2268048 total
[2024-05-02T18:29:41.222+0000][6][gc,age      ] GC(2) - age   2:     845104 bytes,    3113152 total
[2024-05-02T18:29:41.222+0000][6][gc,phases   ] GC(2)   Pre Evacuate Collection Set: 0.1ms
[2024-05-02T18:29:41.222+0000][6][gc,phases   ] GC(2)   Merge Heap Roots: 0.1ms
[2024-05-02T18:29:41.222+0000][6][gc,phases   ] GC(2)   Evacuate Collection Set: 31.0ms
[2024-05-02T18:29:41.222+0000][6][gc,phases   ] GC(2)   Post Evacuate Collection Set: 27.5ms
[2024-05-02T18:29:41.222+0000][6][gc,phases   ] GC(2)   Other: 0.3ms
[2024-05-02T18:29:41.222+0000][6][gc,heap     ] GC(2) Eden regions: 6->0(18)
[2024-05-02T18:29:41.222+0000][6][gc,heap     ] GC(2) Survivor regions: 1->1(1)
[2024-05-02T18:29:41.222+0000][6][gc,heap     ] GC(2) Old regions: 1->1
[2024-05-02T18:29:41.222+0000][6][gc,heap     ] GC(2) Archive regions: 2->2
[2024-05-02T18:29:41.222+0000][6][gc,heap     ] GC(2) Humongous regions: 0->0
[2024-05-02T18:29:41.222+0000][6][gc,metaspace] GC(2) Metaspace: 11860K(12288K)->11860K(12288K) NonClass: 10434K(10752K)->10434K(10752K) Class: 1426K(1536K)->1426K(1536K)
[2024-05-02T18:29:41.222+0000][6][gc          ] GC(2) Pause Young (Normal) (G1 Evacuation Pause) 31M->9M(256M) 59.071ms
[2024-05-02T18:29:41.222+0000][6][gc,cpu      ] GC(2) User=0.01s Sys=0.01s Real=0.06s
[2024-05-02T18:29:41.222+0000][6][safepoint   ] Safepoint "G1CollectForAllocation", Time since last: 1085462358 ns, Reaching safepoint: 12594039 ns, At safepoint: 59211977 ns, Total: 71806016 ns
[2024-05-02T18:29:42.223+0000][6][safepoint   ] Safepoint "Cleanup", Time since last: 1000819418 ns, Reaching safepoint: 306385 ns, At safepoint: 29325 ns, Total: 335710 ns
[2024-05-02T18:29:43.456+0000][6][safepoint   ] Safepoint "Cleanup", Time since last: 1227425254 ns, Reaching safepoint: 5080395 ns, At safepoint: 54332 ns, Total: 5134727 ns
[2024-05-02T18:29:44.486+0000][6][safepoint   ] Safepoint "Cleanup", Time since last: 1004461061 ns, Reaching safepoint: 25626485 ns, At safepoint: 69229 ns, Total: 25695714 ns
[2024-05-02T18:29:45.520+0000][6][safepoint   ] Safepoint "Cleanup", Time since last: 1000365778 ns, Reaching safepoint: 33707737 ns, At safepoint: 85600 ns, Total: 33793337 ns
[2024-05-02T18:29:46.557+0000][6][safepoint   ] Safepoint "Cleanup", Time since last: 1013431422 ns, Reaching safepoint: 23373120 ns, At safepoint: 49303 ns, Total: 23422423 ns
[2024-05-02T18:29:47.061+0000][6][gc,start    ] GC(3) Pause Young (Normal) (G1 Evacuation Pause)
[2024-05-02T18:29:47.061+0000][6][gc,task     ] GC(3) Using 4 workers of 4 for evacuation
[2024-05-02T18:29:47.061+0000][6][gc,age      ] GC(3) Desired survivor size 6291456 bytes, new threshold 15 (max threshold 15)
[2024-05-02T18:29:47.108+0000][6][gc,age      ] GC(3) Age table with threshold 15 (max threshold 15)
[2024-05-02T18:29:47.108+0000][6][gc,age      ] GC(3) - age   1:    1614840 bytes,    1614840 total
[2024-05-02T18:29:47.108+0000][6][gc,age      ] GC(3) - age   2:    2150168 bytes,    3765008 total
[2024-05-02T18:29:47.108+0000][6][gc,age      ] GC(3) - age   3:     841720 bytes,    4606728 total
[2024-05-02T18:29:47.108+0000][6][gc,phases   ] GC(3)   Pre Evacuate Collection Set: 0.1ms
[2024-05-02T18:29:47.108+0000][6][gc,phases   ] GC(3)   Merge Heap Roots: 0.1ms
[2024-05-02T18:29:47.108+0000][6][gc,phases   ] GC(3)   Evacuate Collection Set: 30.5ms
[2024-05-02T18:29:47.108+0000][6][gc,phases   ] GC(3)   Post Evacuate Collection Set: 16.7ms
[2024-05-02T18:29:47.108+0000][6][gc,phases   ] GC(3)   Other: 0.4ms
[2024-05-02T18:29:47.108+0000][6][gc,heap     ] GC(3) Eden regions: 18->0(36)
[2024-05-02T18:29:47.108+0000][6][gc,heap     ] GC(3) Survivor regions: 1->2(3)
[2024-05-02T18:29:47.108+0000][6][gc,heap     ] GC(3) Old regions: 1->1
[2024-05-02T18:29:47.108+0000][6][gc,heap     ] GC(3) Archive regions: 2->2
[2024-05-02T18:29:47.108+0000][6][gc,heap     ] GC(3) Humongous regions: 0->0
[2024-05-02T18:29:47.108+0000][6][gc,metaspace] GC(3) Metaspace: 14842K(15488K)->14842K(15488K) NonClass: 13118K(13568K)->13118K(13568K) Class: 1723K(1920K)->1723K(1920K)
[2024-05-02T18:29:47.108+0000][6][gc          ] GC(3) Pause Young (Normal) (G1 Evacuation Pause) 81M->11M(256M) 47.876ms
[2024-05-02T18:29:47.108+0000][6][gc,cpu      ] GC(3) User=0.02s Sys=0.01s Real=0.04s
[2024-05-02T18:29:47.108+0000][6][safepoint   ] Safepoint "G1CollectForAllocation", Time since last: 503453221 ns, Reaching safepoint: 296044 ns, At safepoint: 48005124 ns, Total: 48301168 ns
[2024-05-02T18:29:47.412+0000][6][safepoint   ] Safepoint "ICBufferFull", Time since last: 303485856 ns, Reaching safepoint: 122931 ns, At safepoint: 21139 ns, Total: 144070 ns
[2024-05-02T18:29:47.459+0000][6][safepoint   ] Safepoint "ICBufferFull", Time since last: 45413435 ns, Reaching safepoint: 1804902 ns, At safepoint: 17863 ns, Total: 1822765 ns
[2024-05-02T18:29:47.481+0000][6][safepoint   ] Safepoint "ICBufferFull", Time since last: 17998390 ns, Reaching safepoint: 3250704 ns, At safepoint: 40786 ns, Total: 3291490 ns
[2024-05-02T18:29:47.528+0000][6][safepoint   ] Safepoint "ICBufferFull", Time since last: 46162205 ns, Reaching safepoint: 1178746 ns, At safepoint: 50384 ns, Total: 1229130 ns
[2024-05-02T18:29:47.569+0000][6][safepoint   ] Safepoint "ICBufferFull", Time since last: 34503824 ns, Reaching safepoint: 6184402 ns, At safepoint: 25789 ns, Total: 6210191 ns
[2024-05-02T18:29:47.590+0000][6][safepoint   ] Safepoint "ICBufferFull", Time since last: 20633739 ns, Reaching safepoint: 237104 ns, At safepoint: 8115 ns, Total: 245219 ns
[2024-05-02T18:29:47.625+0000][6][safepoint   ] Safepoint "ICBufferFull", Time since last: 23931290 ns, Reaching safepoint: 11170380 ns, At safepoint: 19988 ns, Total: 11190368 ns
[2024-05-02T18:29:47.639+0000][6][safepoint   ] Safepoint "ICBufferFull", Time since last: 12763633 ns, Reaching safepoint: 1844321 ns, At safepoint: 27521 ns, Total: 1871842 ns
[2024-05-02T18:29:47.676+0000][6][safepoint   ] Safepoint "ICBufferFull", Time since last: 33308737 ns, Reaching safepoint: 3566348 ns, At safepoint: 10389 ns, Total: 3576737 ns
[2024-05-02T18:29:47.729+0000][6][safepoint   ] Safepoint "ICBufferFull", Time since last: 48806097 ns, Reaching safepoint: 3695125 ns, At safepoint: 10971 ns, Total: 3706096 ns
[2024-05-02T18:29:47.733+0000][6][safepoint   ] Safepoint "ICBufferFull", Time since last: 3447270 ns, Reaching safepoint: 583522 ns, At safepoint: 31288 ns, Total: 614810 ns
[2024-05-02T18:29:47.755+0000][6][safepoint   ] Safepoint "ICBufferFull", Time since last: 13646415 ns, Reaching safepoint: 8716021 ns, At safepoint: 32420 ns, Total: 8748441 ns
[2024-05-02T18:29:47.762+0000][6][safepoint   ] Safepoint "ICBufferFull", Time since last: 6724362 ns, Reaching safepoint: 318637 ns, At safepoint: 5580 ns, Total: 324217 ns
[2024-05-02T18:29:47.775+0000][6][safepoint   ] Safepoint "ICBufferFull", Time since last: 11683823 ns, Reaching safepoint: 850190 ns, At safepoint: 26941 ns, Total: 877131 ns
[2024-05-02T18:29:47.779+0000][6][safepoint   ] Safepoint "ICBufferFull", Time since last: 3913453 ns, Reaching safepoint: 321772 ns, At safepoint: 20588 ns, Total: 342360 ns
[2024-05-02T18:29:47.811+0000][6][safepoint   ] Safepoint "ICBufferFull", Time since last: 29180705 ns, Reaching safepoint: 2835986 ns, At safepoint: 27091 ns, Total: 2863077 ns
[2024-05-02T18:29:47.823+0000][6][safepoint   ] Safepoint "ICBufferFull", Time since last: 7907869 ns, Reaching safepoint: 3907993 ns, At safepoint: 48030 ns, Total: 3956023 ns
[2024-05-02T18:29:47.856+0000][6][safepoint   ] Safepoint "ICBufferFull", Time since last: 26227897 ns, Reaching safepoint: 6571897 ns, At safepoint: 29525 ns, Total: 6601422 ns
[2024-05-02T18:29:47.894+0000][6][safepoint   ] Safepoint "ICBufferFull", Time since last: 37047553 ns, Reaching safepoint: 669232 ns, At safepoint: 23324 ns, Total: 692556 ns
[2024-05-02T18:29:47.896+0000][6][safepoint   ] Safepoint "ICBufferFull", Time since last: 2232577 ns, Reaching safepoint: 183694 ns, At safepoint: 6412 ns, Total: 190106 ns
[2024-05-02T18:29:47.899+0000][6][safepoint   ] Safepoint "ICBufferFull", Time since last: 3004614 ns, Reaching safepoint: 184254 ns, At safepoint: 19407 ns, Total: 203661 ns
[2024-05-02T18:29:47.915+0000][6][safepoint   ] Safepoint "ICBufferFull", Time since last: 15129078 ns, Reaching safepoint: 145883 ns, At safepoint: 19046 ns, Total: 164929 ns
[2024-05-02T18:29:47.918+0000][6][safepoint   ] Safepoint "ICBufferFull", Time since last: 1023194 ns, Reaching safepoint: 2519354 ns, At safepoint: 14337 ns, Total: 2533691 ns
[2024-05-02T18:29:47.934+0000][6][safepoint   ] Safepoint "ICBufferFull", Time since last: 12983377 ns, Reaching safepoint: 3211239 ns, At safepoint: 30968 ns, Total: 3242207 ns
[2024-05-02T18:29:47.944+0000][6][safepoint   ] Safepoint "ICBufferFull", Time since last: 7186675 ns, Reaching safepoint: 2886141 ns, At safepoint: 28553 ns, Total: 2914694 ns
[2024-05-02T18:29:47.957+0000][6][safepoint   ] Safepoint "ICBufferFull", Time since last: 1028354 ns, Reaching safepoint: 11755118 ns, At safepoint: 27040 ns, Total: 11782158 ns
[2024-05-02T18:29:47.966+0000][6][safepoint   ] Safepoint "ICBufferFull", Time since last: 4787038 ns, Reaching safepoint: 3496432 ns, At safepoint: 26680 ns, Total: 3523112 ns
[2024-05-02T18:29:47.988+0000][6][safepoint   ] Safepoint "ICBufferFull", Time since last: 14110630 ns, Reaching safepoint: 8518854 ns, At safepoint: 70712 ns, Total: 8589566 ns
[2024-05-02T18:29:47.999+0000][6][safepoint   ] Safepoint "ICBufferFull", Time since last: 2480302 ns, Reaching safepoint: 8665705 ns, At safepoint: 10349 ns, Total: 8676054 ns
[2024-05-02T18:29:48.026+0000][6][safepoint   ] Safepoint "ICBufferFull", Time since last: 7040106 ns, Reaching safepoint: 19921832 ns, At safepoint: 27231 ns, Total: 19949063 ns
[2024-05-02T18:29:49.052+0000][6][safepoint   ] Safepoint "Cleanup", Time since last: 1019522193 ns, Reaching safepoint: 6256527 ns, At safepoint: 12984 ns, Total: 6269511 ns
[2024-05-02T18:29:50.153+0000][6][safepoint   ] Safepoint "Cleanup", Time since last: 1046732703 ns, Reaching safepoint: 21303613 ns, At safepoint: 32643289 ns, Total: 53946902 ns
[2024-05-02T18:29:50.276+0000][6][safepoint   ] Safepoint "ICBufferFull", Time since last: 120180338 ns, Reaching safepoint: 3256995 ns, At safepoint: 14417 ns, Total: 3271412 ns
[2024-05-02T18:29:50.278+0000][6][safepoint   ] Safepoint "ICBufferFull", Time since last: 1338546 ns, Reaching safepoint: 562732 ns, At safepoint: 28293 ns, Total: 591025 ns
[2024-05-02T18:29:50.288+0000][6][safepoint   ] Safepoint "ICBufferFull", Time since last: 940360 ns, Reaching safepoint: 8334613 ns, At safepoint: 50694 ns, Total: 8385307 ns
[2024-05-02T18:29:50.296+0000][6][safepoint   ] Safepoint "ICBufferFull", Time since last: 2766858 ns, Reaching safepoint: 4299606 ns, At safepoint: 1763891 ns, Total: 6063497 ns
[2024-05-02T18:29:50.309+0000][6][safepoint   ] Safepoint "ICBufferFull", Time since last: 2013047 ns, Reaching safepoint: 10499409 ns, At safepoint: 58499 ns, Total: 10557908 ns
[2024-05-02T18:29:50.329+0000][6][safepoint   ] Safepoint "ICBufferFull", Time since last: 1381075 ns, Reaching safepoint: 18403845 ns, At safepoint: 87033 ns, Total: 18490878 ns
[2024-05-02T18:29:50.347+0000][6][safepoint   ] Safepoint "ICBufferFull", Time since last: 9574666 ns, Reaching safepoint: 9022130 ns, At safepoint: 14287 ns, Total: 9036417 ns
[2024-05-02T18:29:50.355+0000][6][safepoint   ] Safepoint "ICBufferFull", Time since last: 7124296 ns, Reaching safepoint: 129061 ns, At safepoint: 4118 ns, Total: 133179 ns
[2024-05-02T18:29:50.356+0000][6][safepoint   ] Safepoint "ICBufferFull", Time since last: 993910 ns, Reaching safepoint: 71474 ns, At safepoint: 3296 ns, Total: 74770 ns
[2024-05-02T18:29:50.357+0000][6][safepoint   ] Safepoint "ICBufferFull", Time since last: 1053912 ns, Reaching safepoint: 53861 ns, At safepoint: 2564 ns, Total: 56425 ns
[2024-05-02T18:29:50.358+0000][6][safepoint   ] Safepoint "ICBufferFull", Time since last: 887651 ns, Reaching safepoint: 48892 ns, At safepoint: 1823 ns, Total: 50715 ns
[2024-05-02T18:29:50.359+0000][6][safepoint   ] Safepoint "ICBufferFull", Time since last: 752939 ns, Reaching safepoint: 38292 ns, At safepoint: 1533 ns, Total: 39825 ns
[2024-05-02T18:29:50.359+0000][6][safepoint   ] Safepoint "ICBufferFull", Time since last: 755573 ns, Reaching safepoint: 73698 ns, At safepoint: 2485 ns, Total: 76183 ns
[2024-05-02T18:29:50.360+0000][6][safepoint   ] Safepoint "ICBufferFull", Time since last: 743421 ns, Reaching safepoint: 44934 ns, At safepoint: 1623 ns, Total: 46557 ns
[2024-05-02T18:29:50.361+0000][6][safepoint   ] Safepoint "ICBufferFull", Time since last: 733834 ns, Reaching safepoint: 429824 ns, At safepoint: 2905 ns, Total: 432729 ns
[2024-05-02T18:29:50.362+0000][6][safepoint   ] Safepoint "ICBufferFull", Time since last: 725698 ns, Reaching safepoint: 42179 ns, At safepoint: 1784 ns, Total: 43963 ns
[2024-05-02T18:29:50.404+0000][6][safepoint   ] Safepoint "ICBufferFull", Time since last: 29285024 ns, Reaching safepoint: 12469195 ns, At safepoint: 26048 ns, Total: 12495243 ns
[2024-05-02T18:29:50.412+0000][6][safepoint   ] Safepoint "ICBufferFull", Time since last: 1436002 ns, Reaching safepoint: 6260185 ns, At safepoint: 30968 ns, Total: 6291153 ns
[2024-05-02T18:29:50.418+0000][6][safepoint   ] Safepoint "ICBufferFull", Time since last: 4696399 ns, Reaching safepoint: 1548588 ns, At safepoint: 26940 ns, Total: 1575528 ns
[2024-05-02T18:29:50.798+0000][6][safepoint   ] Safepoint "ICBufferFull", Time since last: 379322928 ns, Reaching safepoint: 772486 ns, At safepoint: 6161 ns, Total: 778647 ns
[2024-05-02T18:29:50.800+0000][6][safepoint   ] Safepoint "ICBufferFull", Time since last: 2148124 ns, Reaching safepoint: 167534 ns, At safepoint: 5250 ns, Total: 172784 ns
[2024-05-02T18:29:50.801+0000][6][safepoint   ] Safepoint "ICBufferFull", Time since last: 813542 ns, Reaching safepoint: 323946 ns, At safepoint: 4559 ns, Total: 328505 ns
[2024-05-02T18:29:50.802+0000][6][safepoint   ] Safepoint "ICBufferFull", Time since last: 879195 ns, Reaching safepoint: 92954 ns, At safepoint: 2835 ns, Total: 95789 ns
[2024-05-02T18:29:50.815+0000][6][safepoint   ] Safepoint "ICBufferFull", Time since last: 10231553 ns, Reaching safepoint: 1314340 ns, At safepoint: 25257 ns, Total: 1339597 ns
[2024-05-02T18:29:50.821+0000][6][safepoint   ] Safepoint "ICBufferFull", Time since last: 2135231 ns, Reaching safepoint: 5049950 ns, At safepoint: 40776 ns, Total: 5090726 ns
[2024-05-02T18:29:50.839+0000][6][safepoint   ] Safepoint "ICBufferFull", Time since last: 3311346 ns, Reaching safepoint: 14376913 ns, At safepoint: 51847 ns, Total: 14428760 ns
[2024-05-02T18:29:50.845+0000][6][safepoint   ] Safepoint "ICBufferFull", Time since last: 5402481 ns, Reaching safepoint: 260227 ns, At safepoint: 20277 ns, Total: 280504 ns
[2024-05-02T18:29:50.846+0000][6][safepoint   ] Safepoint "ICBufferFull", Time since last: 1397465 ns, Reaching safepoint: 87755 ns, At safepoint: 23664 ns, Total: 111419 ns
[2024-05-02T18:29:50.856+0000][6][safepoint   ] Safepoint "ICBufferFull", Time since last: 9630061 ns, Reaching safepoint: 553175 ns, At safepoint: 10129 ns, Total: 563304 ns
[2024-05-02T18:29:50.858+0000][6][safepoint   ] Safepoint "ICBufferFull", Time since last: 1641261 ns, Reaching safepoint: 98514 ns, At safepoint: 4429 ns, Total: 102943 ns
[2024-05-02T18:29:50.859+0000][6][safepoint   ] Safepoint "ICBufferFull", Time since last: 1130795 ns, Reaching safepoint: 89368 ns, At safepoint: 3807 ns, Total: 93175 ns
[2024-05-02T18:29:50.860+0000][6][safepoint   ] Safepoint "ICBufferFull", Time since last: 1002135 ns, Reaching safepoint: 122008 ns, At safepoint: 4058 ns, Total: 126066 ns
[2024-05-02T18:29:50.862+0000][6][safepoint   ] Safepoint "ICBufferFull", Time since last: 1181381 ns, Reaching safepoint: 89327 ns, At safepoint: 3967 ns, Total: 93294 ns
[2024-05-02T18:29:50.863+0000][6][safepoint   ] Safepoint "ICBufferFull", Time since last: 1059363 ns, Reaching safepoint: 105738 ns, At safepoint: 4378 ns, Total: 110116 ns
[2024-05-02T18:29:50.871+0000][6][safepoint   ] Safepoint "ICBufferFull", Time since last: 954276 ns, Reaching safepoint: 6740063 ns, At safepoint: 173365 ns, Total: 6913428 ns
[2024-05-02T18:29:50.896+0000][6][safepoint   ] Safepoint "ICBufferFull", Time since last: 2257765 ns, Reaching safepoint: 22952922 ns, At safepoint: 93936 ns, Total: 23046858 ns
[2024-05-02T18:29:50.898+0000][6][safepoint   ] Safepoint "ICBufferFull", Time since last: 1755726 ns, Reaching safepoint: 242804 ns, At safepoint: 23654 ns, Total: 266458 ns
[2024-05-02T18:29:50.900+0000][6][safepoint   ] Safepoint "ICBufferFull", Time since last: 1301506 ns, Reaching safepoint: 91111 ns, At safepoint: 4228 ns, Total: 95339 ns
[2024-05-02T18:29:50.909+0000][6][safepoint   ] Safepoint "ICBufferFull", Time since last: 7202924 ns, Reaching safepoint: 1936714 ns, At safepoint: 50074 ns, Total: 1986788 ns
[2024-05-02T18:29:51.004+0000][6][gc,start    ] GC(4) Pause Young (Normal) (G1 Evacuation Pause)
[2024-05-02T18:29:51.004+0000][6][gc,task     ] GC(4) Using 4 workers of 4 for evacuation
[2024-05-02T18:29:51.004+0000][6][gc,age      ] GC(4) Desired survivor size 10485760 bytes, new threshold 15 (max threshold 15)
[2024-05-02T18:29:51.039+0000][6][gc,age      ] GC(4) Age table with threshold 15 (max threshold 15)
[2024-05-02T18:29:51.039+0000][6][gc,age      ] GC(4) - age   1:    3205152 bytes,    3205152 total
[2024-05-02T18:29:51.039+0000][6][gc,age      ] GC(4) - age   2:    1586640 bytes,    4791792 total
[2024-05-02T18:29:51.039+0000][6][gc,age      ] GC(4) - age   3:    2134992 bytes,    6926784 total
[2024-05-02T18:29:51.039+0000][6][gc,age      ] GC(4) - age   4:     838680 bytes,    7765464 total
[2024-05-02T18:29:51.039+0000][6][gc,phases   ] GC(4)   Pre Evacuate Collection Set: 1.5ms
[2024-05-02T18:29:51.039+0000][6][gc,phases   ] GC(4)   Merge Heap Roots: 0.1ms
[2024-05-02T18:29:51.039+0000][6][gc,phases   ] GC(4)   Evacuate Collection Set: 29.7ms
[2024-05-02T18:29:51.039+0000][6][gc,phases   ] GC(4)   Post Evacuate Collection Set: 3.1ms
[2024-05-02T18:29:51.039+0000][6][gc,phases   ] GC(4)   Other: 0.6ms
[2024-05-02T18:29:51.039+0000][6][gc,heap     ] GC(4) Eden regions: 36->0(36)
[2024-05-02T18:29:51.039+0000][6][gc,heap     ] GC(4) Survivor regions: 2->2(5)
[2024-05-02T18:29:51.039+0000][6][gc,heap     ] GC(4) Old regions: 1->1
[2024-05-02T18:29:51.039+0000][6][gc,heap     ] GC(4) Archive regions: 2->2
[2024-05-02T18:29:51.039+0000][6][gc,heap     ] GC(4) Humongous regions: 0->0
[2024-05-02T18:29:51.039+0000][6][gc,metaspace] GC(4) Metaspace: 17869K(18432K)->17869K(18432K) NonClass: 15734K(16128K)->15734K(16128K) Class: 2135K(2304K)->2135K(2304K)
[2024-05-02T18:29:51.039+0000][6][gc          ] GC(4) Pause Young (Normal) (G1 Evacuation Pause) 155M->14M(256M) 35.161ms
[2024-05-02T18:29:51.039+0000][6][gc,cpu      ] GC(4) User=0.01s Sys=0.00s Real=0.03s
[2024-05-02T18:29:51.039+0000][6][safepoint   ] Safepoint "G1CollectForAllocation", Time since last: 89699744 ns, Reaching safepoint: 5207615 ns, At safepoint: 35518490 ns, Total: 40726105 ns
[2024-05-02T18:29:52.494+0000][6][safepoint   ] Safepoint "Cleanup", Time since last: 1435140706 ns, Reaching safepoint: 19662808 ns, At safepoint: 22352 ns, Total: 19685160 ns
[2024-05-02T18:29:52.700+0000][6][gc,start    ] GC(5) Pause Young (Normal) (G1 Evacuation Pause)
[2024-05-02T18:29:52.700+0000][6][gc,task     ] GC(5) Using 4 workers of 4 for evacuation
[2024-05-02T18:29:52.700+0000][6][gc,age      ] GC(5) Desired survivor size 10485760 bytes, new threshold 15 (max threshold 15)
[2024-05-02T18:29:52.775+0000][6][gc,age      ] GC(5) Age table with threshold 15 (max threshold 15)
[2024-05-02T18:29:52.775+0000][6][gc,age      ] GC(5) - age   1:    2794936 bytes,    2794936 total
[2024-05-02T18:29:52.775+0000][6][gc,age      ] GC(5) - age   2:    2765648 bytes,    5560584 total
[2024-05-02T18:29:52.775+0000][6][gc,age      ] GC(5) - age   3:    1586616 bytes,    7147200 total
[2024-05-02T18:29:52.775+0000][6][gc,age      ] GC(5) - age   4:    2134992 bytes,    9282192 total
[2024-05-02T18:29:52.775+0000][6][gc,age      ] GC(5) - age   5:     838576 bytes,   10120768 total
[2024-05-02T18:29:52.775+0000][6][gc,phases   ] GC(5)   Pre Evacuate Collection Set: 0.8ms
[2024-05-02T18:29:52.775+0000][6][gc,phases   ] GC(5)   Merge Heap Roots: 33.8ms
[2024-05-02T18:29:52.775+0000][6][gc,phases   ] GC(5)   Evacuate Collection Set: 39.6ms
[2024-05-02T18:29:52.775+0000][6][gc,phases   ] GC(5)   Post Evacuate Collection Set: 1.1ms
[2024-05-02T18:29:52.775+0000][6][gc,phases   ] GC(5)   Other: 0.4ms
[2024-05-02T18:29:52.775+0000][6][gc,heap     ] GC(5) Eden regions: 36->0(35)
[2024-05-02T18:29:52.775+0000][6][gc,heap     ] GC(5) Survivor regions: 2->3(5)
[2024-05-02T18:29:52.775+0000][6][gc,heap     ] GC(5) Old regions: 1->1
[2024-05-02T18:29:52.775+0000][6][gc,heap     ] GC(5) Archive regions: 2->2
[2024-05-02T18:29:52.775+0000][6][gc,heap     ] GC(5) Humongous regions: 0->0
[2024-05-02T18:29:52.775+0000][6][gc,metaspace] GC(5) Metaspace: 18351K(19072K)->18351K(19072K) NonClass: 16151K(16640K)->16151K(16640K) Class: 2200K(2432K)->2200K(2432K)
[2024-05-02T18:29:52.775+0000][6][gc          ] GC(5) Pause Young (Normal) (G1 Evacuation Pause) 158M->16M(256M) 75.733ms
[2024-05-02T18:29:52.775+0000][6][gc,cpu      ] GC(5) User=0.03s Sys=0.01s Real=0.08s
[2024-05-02T18:29:52.776+0000][6][safepoint   ] Safepoint "G1CollectForAllocation", Time since last: 205399892 ns, Reaching safepoint: 124774 ns, At safepoint: 76043567 ns, Total: 76168341 ns
[2024-05-02T18:29:53.794+0000][6][safepoint   ] Safepoint "Cleanup", Time since last: 1018289706 ns, Reaching safepoint: 468727 ns, At safepoint: 4278 ns, Total: 473005 ns
[2024-05-02T18:29:54.118+0000][6][gc,start    ] GC(6) Pause Young (Normal) (G1 Evacuation Pause)
[2024-05-02T18:29:54.118+0000][6][gc,task     ] GC(6) Using 4 workers of 4 for evacuation
[2024-05-02T18:29:54.118+0000][6][gc,age      ] GC(6) Desired survivor size 10485760 bytes, new threshold 15 (max threshold 15)
[2024-05-02T18:29:54.200+0000][6][gc,age      ] GC(6) Age table with threshold 15 (max threshold 15)
[2024-05-02T18:29:54.200+0000][6][gc,age      ] GC(6) - age   1:    1727376 bytes,    1727376 total
[2024-05-02T18:29:54.200+0000][6][gc,age      ] GC(6) - age   2:    1815312 bytes,    3542688 total
[2024-05-02T18:29:54.200+0000][6][gc,age      ] GC(6) - age   3:    2765160 bytes,    6307848 total
[2024-05-02T18:29:54.200+0000][6][gc,age      ] GC(6) - age   4:    1586536 bytes,    7894384 total
[2024-05-02T18:29:54.200+0000][6][gc,age      ] GC(6) - age   5:    2134992 bytes,   10029376 total
[2024-05-02T18:29:54.200+0000][6][gc,age      ] GC(6) - age   6:     838576 bytes,   10867952 total
[2024-05-02T18:29:54.200+0000][6][gc,phases   ] GC(6)   Pre Evacuate Collection Set: 0.2ms
[2024-05-02T18:29:54.200+0000][6][gc,phases   ] GC(6)   Merge Heap Roots: 0.1ms
[2024-05-02T18:29:54.200+0000][6][gc,phases   ] GC(6)   Evacuate Collection Set: 66.2ms
[2024-05-02T18:29:54.200+0000][6][gc,phases   ] GC(6)   Post Evacuate Collection Set: 15.8ms
[2024-05-02T18:29:54.200+0000][6][gc,phases   ] GC(6)   Other: 0.4ms
[2024-05-02T18:29:54.200+0000][6][gc,heap     ] GC(6) Eden regions: 35->0(35)
[2024-05-02T18:29:54.200+0000][6][gc,heap     ] GC(6) Survivor regions: 3->3(5)
[2024-05-02T18:29:54.200+0000][6][gc,heap     ] GC(6) Old regions: 1->1
[2024-05-02T18:29:54.200+0000][6][gc,heap     ] GC(6) Archive regions: 2->2
[2024-05-02T18:29:54.200+0000][6][gc,heap     ] GC(6) Humongous regions: 0->0
[2024-05-02T18:29:54.200+0000][6][gc,metaspace] GC(6) Metaspace: 18753K(19456K)->18753K(19456K) NonClass: 16486K(16896K)->16486K(16896K) Class: 2267K(2560K)->2267K(2560K)
[2024-05-02T18:29:54.200+0000][6][gc          ] GC(6) Pause Young (Normal) (G1 Evacuation Pause) 156M->17M(256M) 82.689ms
[2024-05-02T18:29:54.201+0000][6][gc,cpu      ] GC(6) User=0.03s Sys=0.00s Real=0.09s
[2024-05-02T18:29:54.241+0000][6][safepoint   ] Safepoint "G1CollectForAllocation", Time since last: 317214912 ns, Reaching safepoint: 6185006 ns, At safepoint: 122833406 ns, Total: 129018412 ns
[2024-05-02T18:29:55.249+0000][6][safepoint   ] Safepoint "Cleanup", Time since last: 1006684877 ns, Reaching safepoint: 1372133 ns, At safepoint: 9217 ns, Total: 1381350 ns
[2024-05-02T18:29:55.349+0000][6][gc,start    ] GC(7) Pause Young (Normal) (G1 Evacuation Pause)
[2024-05-02T18:29:55.349+0000][6][gc,task     ] GC(7) Using 4 workers of 4 for evacuation
[2024-05-02T18:29:55.349+0000][6][gc,age      ] GC(7) Desired survivor size 10485760 bytes, new threshold 6 (max threshold 15)
[2024-05-02T18:29:55.419+0000][6][gc,age      ] GC(7) Age table with threshold 6 (max threshold 15)
[2024-05-02T18:29:55.420+0000][6][gc,age      ] GC(7) - age   1:    3026024 bytes,    3026024 total
[2024-05-02T18:29:55.420+0000][6][gc,age      ] GC(7) - age   2:    1320976 bytes,    4347000 total
[2024-05-02T18:29:55.420+0000][6][gc,age      ] GC(7) - age   3:    1815312 bytes,    6162312 total
[2024-05-02T18:29:55.420+0000][6][gc,age      ] GC(7) - age   4:    2764440 bytes,    8926752 total
[2024-05-02T18:29:55.420+0000][6][gc,age      ] GC(7) - age   5:    1586464 bytes,   10513216 total
[2024-05-02T18:29:55.420+0000][6][gc,age      ] GC(7) - age   6:    2134992 bytes,   12648208 total
[2024-05-02T18:29:55.420+0000][6][gc,phases   ] GC(7)   Pre Evacuate Collection Set: 6.8ms
[2024-05-02T18:29:55.420+0000][6][gc,phases   ] GC(7)   Merge Heap Roots: 0.1ms
[2024-05-02T18:29:55.420+0000][6][gc,phases   ] GC(7)   Evacuate Collection Set: 55.2ms
[2024-05-02T18:29:55.420+0000][6][gc,phases   ] GC(7)   Post Evacuate Collection Set: 8.7ms
[2024-05-02T18:29:55.420+0000][6][gc,phases   ] GC(7)   Other: 0.3ms
[2024-05-02T18:29:55.420+0000][6][gc,heap     ] GC(7) Eden regions: 35->0(34)
[2024-05-02T18:29:55.420+0000][6][gc,heap     ] GC(7) Survivor regions: 3->4(5)
[2024-05-02T18:29:55.420+0000][6][gc,heap     ] GC(7) Old regions: 1->1
[2024-05-02T18:29:55.420+0000][6][gc,heap     ] GC(7) Archive regions: 2->2
[2024-05-02T18:29:55.420+0000][6][gc,heap     ] GC(7) Humongous regions: 0->0
[2024-05-02T18:29:55.420+0000][6][gc,metaspace] GC(7) Metaspace: 18968K(19968K)->18968K(19968K) NonClass: 16680K(17408K)->16680K(17408K) Class: 2288K(2560K)->2288K(2560K)
[2024-05-02T18:29:55.420+0000][6][gc          ] GC(7) Pause Young (Normal) (G1 Evacuation Pause) 157M->19M(256M) 71.143ms
[2024-05-02T18:29:55.420+0000][6][gc,cpu      ] GC(7) User=0.03s Sys=0.02s Real=0.07s
[2024-05-02T18:29:55.420+0000][6][safepoint   ] Safepoint "G1CollectForAllocation", Time since last: 92411326 ns, Reaching safepoint: 7512239 ns, At safepoint: 71320638 ns, Total: 78832877 ns
[2024-05-02T18:29:56.265+0000][6][gc,start    ] GC(8) Pause Young (Normal) (G1 Evacuation Pause)
[2024-05-02T18:29:56.265+0000][6][gc,task     ] GC(8) Using 4 workers of 4 for evacuation
[2024-05-02T18:29:56.265+0000][6][gc,age      ] GC(8) Desired survivor size 10485760 bytes, new threshold 5 (max threshold 15)
[2024-05-02T18:29:56.297+0000][6][gc,age      ] GC(8) Age table with threshold 5 (max threshold 15)
[2024-05-02T18:29:56.297+0000][6][gc,age      ] GC(8) - age   1:     999352 bytes,     999352 total
[2024-05-02T18:29:56.297+0000][6][gc,age      ] GC(8) - age   2:    1099760 bytes,    2099112 total
[2024-05-02T18:29:56.297+0000][6][gc,age      ] GC(8) - age   3:    1320976 bytes,    3420088 total
[2024-05-02T18:29:56.297+0000][6][gc,age      ] GC(8) - age   4:    1815312 bytes,    5235400 total
[2024-05-02T18:29:56.297+0000][6][gc,age      ] GC(8) - age   5:    2764440 bytes,    7999840 total
[2024-05-02T18:29:56.297+0000][6][gc,phases   ] GC(8)   Pre Evacuate Collection Set: 0.0ms
[2024-05-02T18:29:56.297+0000][6][gc,phases   ] GC(8)   Merge Heap Roots: 0.0ms
[2024-05-02T18:29:56.297+0000][6][gc,phases   ] GC(8)   Evacuate Collection Set: 29.8ms
[2024-05-02T18:29:56.297+0000][6][gc,phases   ] GC(8)   Post Evacuate Collection Set: 1.7ms
[2024-05-02T18:29:56.297+0000][6][gc,phases   ] GC(8)   Other: 0.4ms
[2024-05-02T18:29:56.297+0000][6][gc,heap     ] GC(8) Eden regions: 34->0(35)
[2024-05-02T18:29:56.297+0000][6][gc,heap     ] GC(8) Survivor regions: 4->3(5)
[2024-05-02T18:29:56.297+0000][6][gc,heap     ] GC(8) Old regions: 1->2
[2024-05-02T18:29:56.297+0000][6][gc,heap     ] GC(8) Archive regions: 2->2
[2024-05-02T18:29:56.297+0000][6][gc,heap     ] GC(8) Humongous regions: 0->0
[2024-05-02T18:29:56.297+0000][6][gc,metaspace] GC(8) Metaspace: 19127K(19968K)->19127K(19968K) NonClass: 16817K(17408K)->16817K(17408K) Class: 2310K(2560K)->2310K(2560K)
[2024-05-02T18:29:56.297+0000][6][gc          ] GC(8) Pause Young (Normal) (G1 Evacuation Pause) 155M->20M(256M) 31.978ms
[2024-05-02T18:29:56.297+0000][6][gc,cpu      ] GC(8) User=0.02s Sys=0.01s Real=0.03s
[2024-05-02T18:29:56.298+0000][6][safepoint   ] Safepoint "G1CollectForAllocation", Time since last: 844974689 ns, Reaching safepoint: 160721 ns, At safepoint: 32926492 ns, Total: 33087213 ns
[2024-05-02T18:29:57.066+0000][6][gc,start    ] GC(9) Pause Young (Normal) (G1 Evacuation Pause)
[2024-05-02T18:29:57.066+0000][6][gc,task     ] GC(9) Using 4 workers of 4 for evacuation
[2024-05-02T18:29:57.066+0000][6][gc,age      ] GC(9) Desired survivor size 10485760 bytes, new threshold 15 (max threshold 15)
[2024-05-02T18:29:57.192+0000][6][gc,age      ] GC(9) Age table with threshold 15 (max threshold 15)
[2024-05-02T18:29:57.192+0000][6][gc,age      ] GC(9) - age   1:     263056 bytes,     263056 total
[2024-05-02T18:29:57.192+0000][6][gc,age      ] GC(9) - age   2:     406904 bytes,     669960 total
[2024-05-02T18:29:57.192+0000][6][gc,age      ] GC(9) - age   3:    1099440 bytes,    1769400 total
[2024-05-02T18:29:57.192+0000][6][gc,age      ] GC(9) - age   4:    1320336 bytes,    3089736 total
[2024-05-02T18:29:57.192+0000][6][gc,age      ] GC(9) - age   5:    1815312 bytes,    4905048 total
[2024-05-02T18:29:57.192+0000][6][gc,age      ] GC(9) - age   6:    2760424 bytes,    7665472 total
[2024-05-02T18:29:57.193+0000][6][gc,phases   ] GC(9)   Pre Evacuate Collection Set: 0.8ms
[2024-05-02T18:29:57.193+0000][6][gc,phases   ] GC(9)   Merge Heap Roots: 13.1ms
[2024-05-02T18:29:57.193+0000][6][gc,phases   ] GC(9)   Evacuate Collection Set: 54.0ms
[2024-05-02T18:29:57.193+0000][6][gc,phases   ] GC(9)   Post Evacuate Collection Set: 57.7ms
[2024-05-02T18:29:57.193+0000][6][gc,phases   ] GC(9)   Other: 0.8ms
[2024-05-02T18:29:57.193+0000][6][gc,heap     ] GC(9) Eden regions: 35->0(36)
[2024-05-02T18:29:57.193+0000][6][gc,heap     ] GC(9) Survivor regions: 3->2(5)
[2024-05-02T18:29:57.193+0000][6][gc,heap     ] GC(9) Old regions: 2->2
[2024-05-02T18:29:57.193+0000][6][gc,heap     ] GC(9) Archive regions: 2->2
[2024-05-02T18:29:57.193+0000][6][gc,heap     ] GC(9) Humongous regions: 0->0
[2024-05-02T18:29:57.193+0000][6][gc,metaspace] GC(9) Metaspace: 19295K(20224K)->19295K(20224K) NonClass: 16955K(17664K)->16955K(17664K) Class: 2339K(2560K)->2339K(2560K)
[2024-05-02T18:29:57.193+0000][6][gc          ] GC(9) Pause Young (Normal) (G1 Evacuation Pause) 160M->18M(256M) 126.686ms
[2024-05-02T18:29:57.193+0000][6][gc,cpu      ] GC(9) User=0.05s Sys=0.01s Real=0.13s
[2024-05-02T18:29:57.193+0000][6][safepoint   ] Safepoint "G1CollectForAllocation", Time since last: 751225709 ns, Reaching safepoint: 16902275 ns, At safepoint: 126855795 ns, Total: 143758070 ns
[2024-05-02T18:29:58.080+0000][6][gc,start    ] GC(10) Pause Young (Normal) (G1 Evacuation Pause)
[2024-05-02T18:29:58.080+0000][6][gc,task     ] GC(10) Using 4 workers of 4 for evacuation
[2024-05-02T18:29:58.080+0000][6][gc,age      ] GC(10) Desired survivor size 10485760 bytes, new threshold 15 (max threshold 15)
[2024-05-02T18:29:58.176+0000][6][gc,age      ] GC(10) Age table with threshold 15 (max threshold 15)
[2024-05-02T18:29:58.176+0000][6][gc,age      ] GC(10) - age   1:    1655136 bytes,    1655136 total
[2024-05-02T18:29:58.176+0000][6][gc,age      ] GC(10) - age   2:     233336 bytes,    1888472 total
[2024-05-02T18:29:58.176+0000][6][gc,age      ] GC(10) - age   3:     406904 bytes,    2295376 total
[2024-05-02T18:29:58.176+0000][6][gc,age      ] GC(10) - age   4:    1099440 bytes,    3394816 total
[2024-05-02T18:29:58.176+0000][6][gc,age      ] GC(10) - age   5:    1320336 bytes,    4715152 total
[2024-05-02T18:29:58.176+0000][6][gc,age      ] GC(10) - age   6:    1815312 bytes,    6530464 total
[2024-05-02T18:29:58.176+0000][6][gc,age      ] GC(10) - age   7:    2760424 bytes,    9290888 total
[2024-05-02T18:29:58.176+0000][6][gc,phases   ] GC(10)   Pre Evacuate Collection Set: 0.2ms
[2024-05-02T18:29:58.176+0000][6][gc,phases   ] GC(10)   Merge Heap Roots: 3.6ms
[2024-05-02T18:29:58.176+0000][6][gc,phases   ] GC(10)   Evacuate Collection Set: 67.3ms
[2024-05-02T18:29:58.176+0000][6][gc,phases   ] GC(10)   Post Evacuate Collection Set: 24.9ms
[2024-05-02T18:29:58.176+0000][6][gc,phases   ] GC(10)   Other: 0.6ms
[2024-05-02T18:29:58.176+0000][6][gc,heap     ] GC(10) Eden regions: 36->0(35)
[2024-05-02T18:29:58.176+0000][6][gc,heap     ] GC(10) Survivor regions: 2->3(5)
[2024-05-02T18:29:58.176+0000][6][gc,heap     ] GC(10) Old regions: 2->2
[2024-05-02T18:29:58.176+0000][6][gc,heap     ] GC(10) Archive regions: 2->2
[2024-05-02T18:29:58.176+0000][6][gc,heap     ] GC(10) Humongous regions: 0->0
[2024-05-02T18:29:58.176+0000][6][gc,metaspace] GC(10) Metaspace: 19470K(20608K)->19470K(20608K) NonClass: 17097K(17920K)->17097K(17920K) Class: 2372K(2688K)->2372K(2688K)
[2024-05-02T18:29:58.176+0000][6][gc          ] GC(10) Pause Young (Normal) (G1 Evacuation Pause) 162M->20M(256M) 96.628ms
[2024-05-02T18:29:58.176+0000][6][gc,cpu      ] GC(10) User=0.01s Sys=0.02s Real=0.10s
[2024-05-02T18:29:58.176+0000][6][safepoint   ] Safepoint "G1CollectForAllocation", Time since last: 877332436 ns, Reaching safepoint: 9143038 ns, At safepoint: 96915119 ns, Total: 106058157 ns
[2024-05-02T18:29:58.962+0000][6][gc,start    ] GC(11) Pause Young (Normal) (G1 Evacuation Pause)
[2024-05-02T18:29:58.962+0000][6][gc,task     ] GC(11) Using 4 workers of 4 for evacuation
[2024-05-02T18:29:58.962+0000][6][gc,age      ] GC(11) Desired survivor size 10485760 bytes, new threshold 15 (max threshold 15)
[2024-05-02T18:29:59.031+0000][6][gc,age      ] GC(11) Age table with threshold 15 (max threshold 15)
[2024-05-02T18:29:59.032+0000][6][gc,age      ] GC(11) - age   1:    1001728 bytes,    1001728 total
[2024-05-02T18:29:59.032+0000][6][gc,age      ] GC(11) - age   2:     208208 bytes,    1209936 total
[2024-05-02T18:29:59.032+0000][6][gc,age      ] GC(11) - age   3:     233336 bytes,    1443272 total
[2024-05-02T18:29:59.032+0000][6][gc,age      ] GC(11) - age   4:     406752 bytes,    1850024 total
[2024-05-02T18:29:59.032+0000][6][gc,age      ] GC(11) - age   5:    1099440 bytes,    2949464 total
[2024-05-02T18:29:59.032+0000][6][gc,age      ] GC(11) - age   6:    1319664 bytes,    4269128 total
[2024-05-02T18:29:59.032+0000][6][gc,age      ] GC(11) - age   7:    1815312 bytes,    6084440 total
[2024-05-02T18:29:59.032+0000][6][gc,age      ] GC(11) - age   8:    2760008 bytes,    8844448 total
[2024-05-02T18:29:59.032+0000][6][gc,phases   ] GC(11)   Pre Evacuate Collection Set: 0.1ms
[2024-05-02T18:29:59.032+0000][6][gc,phases   ] GC(11)   Merge Heap Roots: 0.1ms
[2024-05-02T18:29:59.032+0000][6][gc,phases   ] GC(11)   Evacuate Collection Set: 68.2ms
[2024-05-02T18:29:59.032+0000][6][gc,phases   ] GC(11)   Post Evacuate Collection Set: 1.0ms
[2024-05-02T18:29:59.032+0000][6][gc,phases   ] GC(11)   Other: 0.3ms
[2024-05-02T18:29:59.032+0000][6][gc,heap     ] GC(11) Eden regions: 35->0(35)
[2024-05-02T18:29:59.032+0000][6][gc,heap     ] GC(11) Survivor regions: 3->3(5)
[2024-05-02T18:29:59.032+0000][6][gc,heap     ] GC(11) Old regions: 2->2
[2024-05-02T18:29:59.032+0000][6][gc,heap     ] GC(11) Archive regions: 2->2
[2024-05-02T18:29:59.032+0000][6][gc,heap     ] GC(11) Humongous regions: 0->0
[2024-05-02T18:29:59.032+0000][6][gc,metaspace] GC(11) Metaspace: 19538K(20608K)->19538K(20608K) NonClass: 17152K(17920K)->17152K(17920K) Class: 2385K(2688K)->2385K(2688K)
[2024-05-02T18:29:59.032+0000][6][gc          ] GC(11) Pause Young (Normal) (G1 Evacuation Pause) 160M->20M(256M) 69.821ms
[2024-05-02T18:29:59.032+0000][6][gc,cpu      ] GC(11) User=0.03s Sys=0.00s Real=0.07s
[2024-05-02T18:29:59.032+0000][6][safepoint   ] Safepoint "G1CollectForAllocation", Time since last: 775073125 ns, Reaching safepoint: 10561082 ns, At safepoint: 69966031 ns, Total: 80527113 ns
[2024-05-02T18:30:00.033+0000][6][safepoint   ] Safepoint "Cleanup", Time since last: 1000388402 ns, Reaching safepoint: 438871 ns, At safepoint: 16972 ns, Total: 455843 ns
[2024-05-02T18:30:00.062+0000][6][gc,start    ] GC(12) Pause Young (Normal) (G1 Evacuation Pause)
[2024-05-02T18:30:00.062+0000][6][gc,task     ] GC(12) Using 4 workers of 4 for evacuation
[2024-05-02T18:30:00.062+0000][6][gc,age      ] GC(12) Desired survivor size 10485760 bytes, new threshold 15 (max threshold 15)
[2024-05-02T18:30:00.088+0000][6][gc,age      ] GC(12) Age table with threshold 15 (max threshold 15)
[2024-05-02T18:30:00.088+0000][6][gc,age      ] GC(12) - age   1:    1913584 bytes,    1913584 total
[2024-05-02T18:30:00.088+0000][6][gc,age      ] GC(12) - age   2:     411136 bytes,    2324720 total
[2024-05-02T18:30:00.088+0000][6][gc,age      ] GC(12) - age   3:     208208 bytes,    2532928 total
[2024-05-02T18:30:00.088+0000][6][gc,age      ] GC(12) - age   4:     233336 bytes,    2766264 total
[2024-05-02T18:30:00.088+0000][6][gc,age      ] GC(12) - age   5:     406752 bytes,    3173016 total
[2024-05-02T18:30:00.088+0000][6][gc,age      ] GC(12) - age   6:    1098400 bytes,    4271416 total
[2024-05-02T18:30:00.088+0000][6][gc,age      ] GC(12) - age   7:    1319664 bytes,    5591080 total
[2024-05-02T18:30:00.088+0000][6][gc,age      ] GC(12) - age   8:    1815312 bytes,    7406392 total
[2024-05-02T18:30:00.088+0000][6][gc,age      ] GC(12) - age   9:    2759904 bytes,   10166296 total
[2024-05-02T18:30:00.088+0000][6][gc,phases   ] GC(12)   Pre Evacuate Collection Set: 0.1ms
[2024-05-02T18:30:00.088+0000][6][gc,phases   ] GC(12)   Merge Heap Roots: 0.1ms
[2024-05-02T18:30:00.088+0000][6][gc,phases   ] GC(12)   Evacuate Collection Set: 23.7ms
[2024-05-02T18:30:00.088+0000][6][gc,phases   ] GC(12)   Post Evacuate Collection Set: 1.5ms
[2024-05-02T18:30:00.088+0000][6][gc,phases   ] GC(12)   Other: 0.4ms
[2024-05-02T18:30:00.088+0000][6][gc,heap     ] GC(12) Eden regions: 35->0(35)
[2024-05-02T18:30:00.088+0000][6][gc,heap     ] GC(12) Survivor regions: 3->3(5)
[2024-05-02T18:30:00.088+0000][6][gc,heap     ] GC(12) Old regions: 2->2
[2024-05-02T18:30:00.088+0000][6][gc,heap     ] GC(12) Archive regions: 2->2
[2024-05-02T18:30:00.088+0000][6][gc,heap     ] GC(12) Humongous regions: 0->0
[2024-05-02T18:30:00.088+0000][6][gc,metaspace] GC(12) Metaspace: 19793K(20864K)->19793K(20864K) NonClass: 17364K(18176K)->17364K(18176K) Class: 2428K(2688K)->2428K(2688K)
[2024-05-02T18:30:00.088+0000][6][gc          ] GC(12) Pause Young (Normal) (G1 Evacuation Pause) 160M->21M(256M) 25.962ms
[2024-05-02T18:30:00.088+0000][6][gc,cpu      ] GC(12) User=0.01s Sys=0.01s Real=0.02s
[2024-05-02T18:30:00.088+0000][6][safepoint   ] Safepoint "G1CollectForAllocation", Time since last: 29261973 ns, Reaching safepoint: 198582 ns, At safepoint: 26129598 ns, Total: 26328180 ns
[2024-05-02T18:30:01.006+0000][6][gc,start    ] GC(13) Pause Young (Normal) (G1 Evacuation Pause)
[2024-05-02T18:30:01.006+0000][6][gc,task     ] GC(13) Using 4 workers of 4 for evacuation
[2024-05-02T18:30:01.006+0000][6][gc,age      ] GC(13) Desired survivor size 10485760 bytes, new threshold 15 (max threshold 15)
[2024-05-02T18:30:01.050+0000][6][gc,age      ] GC(13) Age table with threshold 15 (max threshold 15)
[2024-05-02T18:30:01.050+0000][6][gc,age      ] GC(13) - age   1:     978744 bytes,     978744 total
[2024-05-02T18:30:01.050+0000][6][gc,age      ] GC(13) - age   2:    1560088 bytes,    2538832 total
[2024-05-02T18:30:01.050+0000][6][gc,age      ] GC(13) - age   3:     409536 bytes,    2948368 total
[2024-05-02T18:30:01.050+0000][6][gc,age      ] GC(13) - age   4:     208144 bytes,    3156512 total
[2024-05-02T18:30:01.050+0000][6][gc,age      ] GC(13) - age   5:     233272 bytes,    3389784 total
[2024-05-02T18:30:01.050+0000][6][gc,age      ] GC(13) - age   6:     406752 bytes,    3796536 total
[2024-05-02T18:30:01.050+0000][6][gc,age      ] GC(13) - age   7:    1098400 bytes,    4894936 total
[2024-05-02T18:30:01.050+0000][6][gc,age      ] GC(13) - age   8:    1319664 bytes,    6214600 total
[2024-05-02T18:30:01.050+0000][6][gc,age      ] GC(13) - age   9:    1815248 bytes,    8029848 total
[2024-05-02T18:30:01.050+0000][6][gc,age      ] GC(13) - age  10:    2759584 bytes,   10789432 total
[2024-05-02T18:30:01.050+0000][6][gc,phases   ] GC(13)   Pre Evacuate Collection Set: 5.8ms
[2024-05-02T18:30:01.050+0000][6][gc,phases   ] GC(13)   Merge Heap Roots: 0.1ms
[2024-05-02T18:30:01.050+0000][6][gc,phases   ] GC(13)   Evacuate Collection Set: 37.1ms
[2024-05-02T18:30:01.050+0000][6][gc,phases   ] GC(13)   Post Evacuate Collection Set: 0.7ms
[2024-05-02T18:30:01.050+0000][6][gc,phases   ] GC(13)   Other: 0.3ms
[2024-05-02T18:30:01.050+0000][6][gc,heap     ] GC(13) Eden regions: 35->0(35)
[2024-05-02T18:30:01.050+0000][6][gc,heap     ] GC(13) Survivor regions: 3->3(5)
[2024-05-02T18:30:01.050+0000][6][gc,heap     ] GC(13) Old regions: 2->2
[2024-05-02T18:30:01.050+0000][6][gc,heap     ] GC(13) Archive regions: 2->2
[2024-05-02T18:30:01.050+0000][6][gc,heap     ] GC(13) Humongous regions: 0->0
[2024-05-02T18:30:01.050+0000][6][gc,metaspace] GC(13) Metaspace: 19920K(21120K)->19920K(21120K) NonClass: 17471K(18432K)->17471K(18432K) Class: 2449K(2688K)->2449K(2688K)
[2024-05-02T18:30:01.050+0000][6][gc          ] GC(13) Pause Young (Normal) (G1 Evacuation Pause) 161M->22M(256M) 44.215ms
[2024-05-02T18:30:01.051+0000][6][gc,cpu      ] GC(13) User=0.01s Sys=0.00s Real=0.04s
[2024-05-02T18:30:01.060+0000][6][safepoint   ] Safepoint "G1CollectForAllocation", Time since last: 917783078 ns, Reaching safepoint: 125696 ns, At safepoint: 53946981 ns, Total: 54072677 ns
[2024-05-02T18:30:01.734+0000][6][gc,start    ] GC(14) Pause Young (Normal) (G1 Evacuation Pause)
[2024-05-02T18:30:01.734+0000][6][gc,task     ] GC(14) Using 4 workers of 4 for evacuation
[2024-05-02T18:30:01.735+0000][6][gc,age      ] GC(14) Desired survivor size 10485760 bytes, new threshold 10 (max threshold 15)
[2024-05-02T18:30:01.841+0000][6][gc,age      ] GC(14) Age table with threshold 10 (max threshold 15)
[2024-05-02T18:30:01.841+0000][6][gc,age      ] GC(14) - age   1:     756808 bytes,     756808 total
[2024-05-02T18:30:01.841+0000][6][gc,age      ] GC(14) - age   2:     399368 bytes,    1156176 total
[2024-05-02T18:30:01.841+0000][6][gc,age      ] GC(14) - age   3:    1560088 bytes,    2716264 total
[2024-05-02T18:30:01.841+0000][6][gc,age      ] GC(14) - age   4:     409320 bytes,    3125584 total
[2024-05-02T18:30:01.841+0000][6][gc,age      ] GC(14) - age   5:     208144 bytes,    3333728 total
[2024-05-02T18:30:01.841+0000][6][gc,age      ] GC(14) - age   6:     232728 bytes,    3566456 total
[2024-05-02T18:30:01.841+0000][6][gc,age      ] GC(14) - age   7:     406752 bytes,    3973208 total
[2024-05-02T18:30:01.841+0000][6][gc,age      ] GC(14) - age   8:    1098400 bytes,    5071608 total
[2024-05-02T18:30:01.841+0000][6][gc,age      ] GC(14) - age   9:    1319664 bytes,    6391272 total
[2024-05-02T18:30:01.841+0000][6][gc,age      ] GC(14) - age  10:    1815248 bytes,    8206520 total
[2024-05-02T18:30:01.841+0000][6][gc,phases   ] GC(14)   Pre Evacuate Collection Set: 4.2ms
[2024-05-02T18:30:01.841+0000][6][gc,phases   ] GC(14)   Merge Heap Roots: 0.5ms
[2024-05-02T18:30:01.841+0000][6][gc,phases   ] GC(14)   Evacuate Collection Set: 69.3ms
[2024-05-02T18:30:01.841+0000][6][gc,phases   ] GC(14)   Post Evacuate Collection Set: 32.3ms
[2024-05-02T18:30:01.841+0000][6][gc,phases   ] GC(14)   Other: 0.6ms
[2024-05-02T18:30:01.841+0000][6][gc,heap     ] GC(14) Eden regions: 35->0(35)
[2024-05-02T18:30:01.841+0000][6][gc,heap     ] GC(14) Survivor regions: 3->3(5)
[2024-05-02T18:30:01.841+0000][6][gc,heap     ] GC(14) Old regions: 2->3
[2024-05-02T18:30:01.841+0000][6][gc,heap     ] GC(14) Archive regions: 2->2
[2024-05-02T18:30:01.841+0000][6][gc,heap     ] GC(14) Humongous regions: 0->0
[2024-05-02T18:30:01.841+0000][6][gc,metaspace] GC(14) Metaspace: 19947K(21120K)->19947K(21120K) NonClass: 17493K(18432K)->17493K(18432K) Class: 2453K(2688K)->2453K(2688K)
[2024-05-02T18:30:01.841+0000][6][gc          ] GC(14) Pause Young (Normal) (G1 Evacuation Pause) 162M->22M(256M) 106.994ms
[2024-05-02T18:30:01.841+0000][6][gc,cpu      ] GC(14) User=0.02s Sys=0.00s Real=0.11s
[2024-05-02T18:30:01.844+0000][6][safepoint   ] Safepoint "G1CollectForAllocation", Time since last: 649755406 ns, Reaching safepoint: 24290995 ns, At safepoint: 109396542 ns, Total: 133687537 ns
[2024-05-02T18:30:01.929+0000][6][gc,start    ] GC(15) Pause Young (Concurrent Start) (Metadata GC Threshold)
[2024-05-02T18:30:01.930+0000][6][gc,task     ] GC(15) Using 4 workers of 4 for evacuation
[2024-05-02T18:30:01.930+0000][6][gc,age      ] GC(15) Desired survivor size 10485760 bytes, new threshold 15 (max threshold 15)
[2024-05-02T18:30:02.021+0000][6][gc,age      ] GC(15) Age table with threshold 15 (max threshold 15)
[2024-05-02T18:30:02.021+0000][6][gc,age      ] GC(15) - age   1:     180536 bytes,     180536 total
[2024-05-02T18:30:02.021+0000][6][gc,age      ] GC(15) - age   2:     263624 bytes,     444160 total
[2024-05-02T18:30:02.021+0000][6][gc,age      ] GC(15) - age   3:     399368 bytes,     843528 total
[2024-05-02T18:30:02.021+0000][6][gc,age      ] GC(15) - age   4:    1560088 bytes,    2403616 total
[2024-05-02T18:30:02.021+0000][6][gc,age      ] GC(15) - age   5:     409320 bytes,    2812936 total
[2024-05-02T18:30:02.021+0000][6][gc,age      ] GC(15) - age   6:     208144 bytes,    3021080 total
[2024-05-02T18:30:02.021+0000][6][gc,age      ] GC(15) - age   7:     232728 bytes,    3253808 total
[2024-05-02T18:30:02.021+0000][6][gc,age      ] GC(15) - age   8:     406752 bytes,    3660560 total
[2024-05-02T18:30:02.021+0000][6][gc,age      ] GC(15) - age   9:    1098400 bytes,    4758960 total
[2024-05-02T18:30:02.021+0000][6][gc,age      ] GC(15) - age  10:    1319664 bytes,    6078624 total
[2024-05-02T18:30:02.021+0000][6][gc,age      ] GC(15) - age  11:    1815248 bytes,    7893872 total
[2024-05-02T18:30:02.021+0000][6][gc,phases   ] GC(15)   Pre Evacuate Collection Set: 1.5ms
[2024-05-02T18:30:02.021+0000][6][gc,phases   ] GC(15)   Merge Heap Roots: 0.2ms
[2024-05-02T18:30:02.021+0000][6][gc,phases   ] GC(15)   Evacuate Collection Set: 81.3ms
[2024-05-02T18:30:02.021+0000][6][gc,phases   ] GC(15)   Post Evacuate Collection Set: 7.5ms
[2024-05-02T18:30:02.021+0000][6][gc,phases   ] GC(15)   Other: 0.9ms
[2024-05-02T18:30:02.021+0000][6][gc,heap     ] GC(15) Eden regions: 4->0(36)
[2024-05-02T18:30:02.021+0000][6][gc,heap     ] GC(15) Survivor regions: 3->2(5)
[2024-05-02T18:30:02.021+0000][6][gc,heap     ] GC(15) Old regions: 3->3
[2024-05-02T18:30:02.021+0000][6][gc,heap     ] GC(15) Archive regions: 2->2
[2024-05-02T18:30:02.021+0000][6][gc,heap     ] GC(15) Humongous regions: 0->0
[2024-05-02T18:30:02.021+0000][6][gc,metaspace] GC(15) Metaspace: 19971K(21248K)->19971K(21248K) NonClass: 17512K(18432K)->17512K(18432K) Class: 2458K(2816K)->2458K(2816K)
[2024-05-02T18:30:02.021+0000][6][gc          ] GC(15) Pause Young (Concurrent Start) (Metadata GC Threshold) 36M->21M(256M) 91.521ms
[2024-05-02T18:30:02.021+0000][6][gc,cpu      ] GC(15) User=0.04s Sys=0.01s Real=0.10s
[2024-05-02T18:30:02.021+0000][6][safepoint   ] Safepoint "CollectForMetadataAllocation", Time since last: 85543726 ns, Reaching safepoint: 243346 ns, At safepoint: 92099177 ns, Total: 92342523 ns
[2024-05-02T18:30:02.025+0000][6][gc          ] GC(16) Concurrent Cycle
[2024-05-02T18:30:02.025+0000][6][gc,marking  ] GC(16) Concurrent Clear Claimed Marks
[2024-05-02T18:30:02.025+0000][6][gc,marking  ] GC(16) Concurrent Clear Claimed Marks 0.086ms
[2024-05-02T18:30:02.025+0000][6][gc,marking  ] GC(16) Concurrent Scan Root Regions
[2024-05-02T18:30:02.038+0000][6][gc,marking  ] GC(16) Concurrent Scan Root Regions 12.817ms
[2024-05-02T18:30:02.038+0000][6][gc,marking  ] GC(16) Concurrent Mark (28.350s)
[2024-05-02T18:30:02.038+0000][6][gc,marking  ] GC(16) Concurrent Mark From Roots
[2024-05-02T18:30:02.038+0000][6][gc,task     ] GC(16) Using 1 workers of 1 for marking
[2024-05-02T18:30:02.186+0000][6][gc,marking  ] GC(16) Concurrent Mark From Roots 148.306ms
[2024-05-02T18:30:02.186+0000][6][gc,marking  ] GC(16) Concurrent Preclean
[2024-05-02T18:30:02.186+0000][6][gc,marking  ] GC(16) Concurrent Preclean 0.135ms
[2024-05-02T18:30:02.193+0000][6][gc,marking  ] GC(16) Concurrent Mark (28.350s, 28.499s) 148.522ms
[2024-05-02T18:30:02.204+0000][6][gc,start    ] GC(16) Pause Remark
[2024-05-02T18:30:02.256+0000][6][gc          ] GC(16) Pause Remark 35M->35M(256M) 51.853ms
[2024-05-02T18:30:02.256+0000][6][gc,cpu      ] GC(16) User=0.02s Sys=0.00s Real=0.05s
[2024-05-02T18:30:02.256+0000][6][safepoint   ] Safepoint "G1Concurrent", Time since last: 176026292 ns, Reaching safepoint: 6778528 ns, At safepoint: 52068541 ns, Total: 58847069 ns
[2024-05-02T18:30:02.269+0000][6][gc,marking  ] GC(16) Concurrent Rebuild Remembered Sets
[2024-05-02T18:30:02.396+0000][6][gc,marking  ] GC(16) Concurrent Rebuild Remembered Sets 126.292ms
[2024-05-02T18:30:02.411+0000][6][gc,start    ] GC(16) Pause Cleanup
[2024-05-02T18:30:02.418+0000][6][gc          ] GC(16) Pause Cleanup 45M->45M(256M) 7.838ms
[2024-05-02T18:30:02.418+0000][6][gc,cpu      ] GC(16) User=0.00s Sys=0.00s Real=0.01s
[2024-05-02T18:30:02.418+0000][6][safepoint   ] Safepoint "G1Concurrent", Time since last: 146373487 ns, Reaching safepoint: 7710112 ns, At safepoint: 8043029 ns, Total: 15753141 ns
[2024-05-02T18:30:02.419+0000][6][gc,marking  ] GC(16) Concurrent Cleanup for Next Mark
[2024-05-02T18:30:02.431+0000][6][gc,marking  ] GC(16) Concurrent Cleanup for Next Mark 11.223ms
[2024-05-02T18:30:02.431+0000][6][gc          ] GC(16) Concurrent Cycle 406.099ms
[2024-05-02T18:30:03.441+0000][6][safepoint   ] Safepoint "Cleanup", Time since last: 1003840642 ns, Reaching safepoint: 18936748 ns, At safepoint: 39183 ns, Total: 18975931 ns
[2024-05-02T18:30:03.907+0000][6][gc,start    ] GC(17) Pause Young (Normal) (G1 Evacuation Pause)
[2024-05-02T18:30:03.908+0000][6][gc,task     ] GC(17) Using 4 workers of 4 for evacuation
[2024-05-02T18:30:03.908+0000][6][gc,age      ] GC(17) Desired survivor size 10485760 bytes, new threshold 15 (max threshold 15)
[2024-05-02T18:30:03.930+0000][6][gc,age      ] GC(17) Age table with threshold 15 (max threshold 15)
[2024-05-02T18:30:03.930+0000][6][gc,age      ] GC(17) - age   1:     794512 bytes,     794512 total
[2024-05-02T18:30:03.930+0000][6][gc,age      ] GC(17) - age   2:     156736 bytes,     951248 total
[2024-05-02T18:30:03.930+0000][6][gc,age      ] GC(17) - age   3:     263624 bytes,    1214872 total
[2024-05-02T18:30:03.930+0000][6][gc,age      ] GC(17) - age   4:     398960 bytes,    1613832 total
[2024-05-02T18:30:03.930+0000][6][gc,age      ] GC(17) - age   5:    1558040 bytes,    3171872 total
[2024-05-02T18:30:03.930+0000][6][gc,age      ] GC(17) - age   6:     409320 bytes,    3581192 total
[2024-05-02T18:30:03.930+0000][6][gc,age      ] GC(17) - age   7:     208000 bytes,    3789192 total
[2024-05-02T18:30:03.930+0000][6][gc,age      ] GC(17) - age   8:     232728 bytes,    4021920 total
[2024-05-02T18:30:03.930+0000][6][gc,age      ] GC(17) - age   9:     406552 bytes,    4428472 total
[2024-05-02T18:30:03.930+0000][6][gc,age      ] GC(17) - age  10:    1098256 bytes,    5526728 total
[2024-05-02T18:30:03.930+0000][6][gc,age      ] GC(17) - age  11:    1319296 bytes,    6846024 total
[2024-05-02T18:30:03.930+0000][6][gc,age      ] GC(17) - age  12:    1814680 bytes,    8660704 total
[2024-05-02T18:30:03.931+0000][6][gc,phases   ] GC(17)   Pre Evacuate Collection Set: 1.2ms
[2024-05-02T18:30:03.931+0000][6][gc,phases   ] GC(17)   Merge Heap Roots: 2.9ms
[2024-05-02T18:30:03.931+0000][6][gc,phases   ] GC(17)   Evacuate Collection Set: 16.9ms
[2024-05-02T18:30:03.931+0000][6][gc,phases   ] GC(17)   Post Evacuate Collection Set: 1.8ms
[2024-05-02T18:30:03.931+0000][6][gc,phases   ] GC(17)   Other: 0.4ms
[2024-05-02T18:30:03.931+0000][6][gc,heap     ] GC(17) Eden regions: 36->0(35)
[2024-05-02T18:30:03.931+0000][6][gc,heap     ] GC(17) Survivor regions: 2->3(5)
[2024-05-02T18:30:03.931+0000][6][gc,heap     ] GC(17) Old regions: 3->3
[2024-05-02T18:30:03.931+0000][6][gc,heap     ] GC(17) Archive regions: 2->2
[2024-05-02T18:30:03.931+0000][6][gc,heap     ] GC(17) Humongous regions: 0->0
[2024-05-02T18:30:03.931+0000][6][gc,metaspace] GC(17) Metaspace: 21909K(23296K)->21909K(23296K) NonClass: 19204K(20224K)->19204K(20224K) Class: 2705K(3072K)->2705K(3072K)
[2024-05-02T18:30:03.931+0000][6][gc          ] GC(17) Pause Young (Normal) (G1 Evacuation Pause) 165M->22M(256M) 23.161ms
[2024-05-02T18:30:03.931+0000][6][gc,cpu      ] GC(17) User=0.02s Sys=0.00s Real=0.02s
[2024-05-02T18:30:03.931+0000][6][safepoint   ] Safepoint "G1CollectForAllocation", Time since last: 464454822 ns, Reaching safepoint: 1639799 ns, At safepoint: 23289197 ns, Total: 24928996 ns
[2024-05-02T18:30:04.951+0000][6][safepoint   ] Safepoint "Cleanup", Time since last: 1018703422 ns, Reaching safepoint: 1341657 ns, At safepoint: 41457 ns, Total: 1383114 ns
[2024-05-02T18:30:06.297+0000][6][safepoint   ] Safepoint "Cleanup", Time since last: 1345531096 ns, Reaching safepoint: 296345 ns, At safepoint: 2064 ns, Total: 298409 ns
[2024-05-02T18:30:08.027+0000][6][safepoint   ] Safepoint "Cleanup", Time since last: 1710742683 ns, Reaching safepoint: 10458012 ns, At safepoint: 9260066 ns, Total: 19718078 ns
[2024-05-02T18:30:09.049+0000][6][safepoint   ] Safepoint "Cleanup", Time since last: 1016607566 ns, Reaching safepoint: 5085852 ns, At safepoint: 59441 ns, Total: 5145293 ns
[2024-05-02T18:30:10.053+0000][6][safepoint   ] Safepoint "Cleanup", Time since last: 1000533582 ns, Reaching safepoint: 4070741 ns, At safepoint: 52318 ns, Total: 4123059 ns
[2024-05-02T18:30:11.069+0000][6][safepoint   ] Safepoint "Cleanup", Time since last: 1003692148 ns, Reaching safepoint: 11512288 ns, At safepoint: 29095 ns, Total: 11541383 ns
[2024-05-02T18:30:12.131+0000][6][safepoint   ] Safepoint "Cleanup", Time since last: 1023526942 ns, Reaching safepoint: 38661457 ns, At safepoint: 67106 ns, Total: 38728563 ns
[2024-05-02T18:30:13.146+0000][6][safepoint   ] Safepoint "Cleanup", Time since last: 1013169915 ns, Reaching safepoint: 1373812 ns, At safepoint: 54342 ns, Total: 1428154 ns
[2024-05-02T18:30:14.009+0000][6][gc,start    ] GC(18) Pause Young (Normal) (G1 Evacuation Pause)
[2024-05-02T18:30:14.009+0000][6][gc,task     ] GC(18) Using 4 workers of 4 for evacuation
[2024-05-02T18:30:14.009+0000][6][gc,age      ] GC(18) Desired survivor size 10485760 bytes, new threshold 15 (max threshold 15)
[2024-05-02T18:30:14.079+0000][6][gc,age      ] GC(18) Age table with threshold 15 (max threshold 15)
[2024-05-02T18:30:14.079+0000][6][gc,age      ] GC(18) - age   1:   12273312 bytes,   12273312 total
[2024-05-02T18:30:14.079+0000][6][gc,age      ] GC(18) - age   2:     747576 bytes,   13020888 total
[2024-05-02T18:30:14.079+0000][6][gc,age      ] GC(18) - age   3:     154680 bytes,   13175568 total
[2024-05-02T18:30:14.079+0000][6][gc,age      ] GC(18) - age   4:     263624 bytes,   13439192 total
[2024-05-02T18:30:14.079+0000][6][gc,age      ] GC(18) - age   5:     398736 bytes,   13837928 total
[2024-05-02T18:30:14.079+0000][6][gc,age      ] GC(18) - age   6:    1555968 bytes,   15393896 total
[2024-05-02T18:30:14.079+0000][6][gc,age      ] GC(18) - age   7:     408760 bytes,   15802656 total
[2024-05-02T18:30:14.079+0000][6][gc,age      ] GC(18) - age   8:     207744 bytes,   16010400 total
[2024-05-02T18:30:14.079+0000][6][gc,age      ] GC(18) - age   9:     225584 bytes,   16235984 total
[2024-05-02T18:30:14.079+0000][6][gc,age      ] GC(18) - age  10:     404456 bytes,   16640440 total
[2024-05-02T18:30:14.079+0000][6][gc,age      ] GC(18) - age  11:    1097672 bytes,   17738112 total
[2024-05-02T18:30:14.079+0000][6][gc,age      ] GC(18) - age  12:    1316176 bytes,   19054288 total
[2024-05-02T18:30:14.079+0000][6][gc,age      ] GC(18) - age  13:    1810280 bytes,   20864568 total
[2024-05-02T18:30:14.079+0000][6][gc,phases   ] GC(18)   Pre Evacuate Collection Set: 0.1ms
[2024-05-02T18:30:14.079+0000][6][gc,phases   ] GC(18)   Merge Heap Roots: 0.1ms
[2024-05-02T18:30:14.079+0000][6][gc,phases   ] GC(18)   Evacuate Collection Set: 60.8ms
[2024-05-02T18:30:14.079+0000][6][gc,phases   ] GC(18)   Post Evacuate Collection Set: 8.8ms
[2024-05-02T18:30:14.079+0000][6][gc,phases   ] GC(18)   Other: 0.4ms
[2024-05-02T18:30:14.079+0000][6][gc,heap     ] GC(18) Eden regions: 35->0(33)
[2024-05-02T18:30:14.079+0000][6][gc,heap     ] GC(18) Survivor regions: 3->5(5)
[2024-05-02T18:30:14.079+0000][6][gc,heap     ] GC(18) Old regions: 3->4
[2024-05-02T18:30:14.079+0000][6][gc,heap     ] GC(18) Archive regions: 2->2
[2024-05-02T18:30:14.079+0000][6][gc,heap     ] GC(18) Humongous regions: 0->0
[2024-05-02T18:30:14.079+0000][6][gc,metaspace] GC(18) Metaspace: 29877K(32000K)->29877K(32000K) NonClass: 26141K(27648K)->26141K(27648K) Class: 3735K(4352K)->3735K(4352K)
[2024-05-02T18:30:14.079+0000][6][gc          ] GC(18) Pause Young (Normal) (G1 Evacuation Pause) 162M->39M(256M) 70.349ms
[2024-05-02T18:30:14.079+0000][6][gc,cpu      ] GC(18) User=0.06s Sys=0.02s Real=0.07s
[2024-05-02T18:30:14.098+0000][6][safepoint   ] Safepoint "G1CollectForAllocation", Time since last: 860474294 ns, Reaching safepoint: 2945563 ns, At safepoint: 88737615 ns, Total: 91683178 ns
[2024-05-02T18:30:15.548+0000][6][safepoint   ] Safepoint "Cleanup", Time since last: 1435459448 ns, Reaching safepoint: 15084845 ns, At safepoint: 20528 ns, Total: 15105373 ns
[2024-05-02T18:30:16.569+0000][6][safepoint   ] Safepoint "Cleanup", Time since last: 1015826819 ns, Reaching safepoint: 4995351 ns, At safepoint: 72736 ns, Total: 5068087 ns
[2024-05-02T18:30:17.043+0000][6][gc,start    ] GC(19) Pause Young (Normal) (G1 Evacuation Pause)
[2024-05-02T18:30:17.043+0000][6][gc,task     ] GC(19) Using 4 workers of 4 for evacuation
[2024-05-02T18:30:17.043+0000][6][gc,age      ] GC(19) Desired survivor size 10485760 bytes, new threshold 1 (max threshold 15)
[2024-05-02T18:30:17.121+0000][6][gc,age      ] GC(19) Age table with threshold 1 (max threshold 15)
[2024-05-02T18:30:17.121+0000][6][gc,age      ] GC(19) - age   1:   19342640 bytes,   19342640 total
[2024-05-02T18:30:17.121+0000][6][gc,phases   ] GC(19)   Pre Evacuate Collection Set: 0.1ms
[2024-05-02T18:30:17.121+0000][6][gc,phases   ] GC(19)   Merge Heap Roots: 0.2ms
[2024-05-02T18:30:17.121+0000][6][gc,phases   ] GC(19)   Evacuate Collection Set: 74.8ms
[2024-05-02T18:30:17.121+0000][6][gc,phases   ] GC(19)   Post Evacuate Collection Set: 2.8ms
[2024-05-02T18:30:17.122+0000][6][gc,phases   ] GC(19)   Other: 0.4ms
[2024-05-02T18:30:17.122+0000][6][gc,heap     ] GC(19) Eden regions: 33->0(30)
[2024-05-02T18:30:17.122+0000][6][gc,heap     ] GC(19) Survivor regions: 5->5(5)
[2024-05-02T18:30:17.122+0000][6][gc,heap     ] GC(19) Old regions: 4->9
[2024-05-02T18:30:17.122+0000][6][gc,heap     ] GC(19) Archive regions: 2->2
[2024-05-02T18:30:17.122+0000][6][gc,heap     ] GC(19) Humongous regions: 0->0
[2024-05-02T18:30:17.122+0000][6][gc,metaspace] GC(19) Metaspace: 32071K(34432K)->32071K(34432K) NonClass: 28018K(29696K)->28018K(29696K) Class: 4052K(4736K)->4052K(4736K)
[2024-05-02T18:30:17.122+0000][6][gc          ] GC(19) Pause Young (Normal) (G1 Evacuation Pause) 171M->59M(256M) 78.343ms
[2024-05-02T18:30:17.122+0000][6][gc,cpu      ] GC(19) User=0.06s Sys=0.03s Real=0.08s
[2024-05-02T18:30:17.138+0000][6][safepoint   ] Safepoint "G1CollectForAllocation", Time since last: 473747316 ns, Reaching safepoint: 255027 ns, At safepoint: 94853775 ns, Total: 95108802 ns
[2024-05-02T18:30:17.875+0000][6][gc,start    ] GC(20) Pause Young (Concurrent Start) (Metadata GC Threshold)
[2024-05-02T18:30:17.875+0000][6][gc,task     ] GC(20) Using 4 workers of 4 for evacuation
[2024-05-02T18:30:17.875+0000][6][gc,age      ] GC(20) Desired survivor size 10485760 bytes, new threshold 1 (max threshold 15)
[2024-05-02T18:30:17.960+0000][6][gc,age      ] GC(20) Age table with threshold 1 (max threshold 15)
[2024-05-02T18:30:17.960+0000][6][gc,age      ] GC(20) - age   1:     889712 bytes,     889712 total
[2024-05-02T18:30:17.960+0000][6][gc,phases   ] GC(20)   Pre Evacuate Collection Set: 0.2ms
[2024-05-02T18:30:17.960+0000][6][gc,phases   ] GC(20)   Merge Heap Roots: 0.1ms
[2024-05-02T18:30:17.960+0000][6][gc,phases   ] GC(20)   Evacuate Collection Set: 79.3ms
[2024-05-02T18:30:17.960+0000][6][gc,phases   ] GC(20)   Post Evacuate Collection Set: 4.9ms
[2024-05-02T18:30:17.960+0000][6][gc,phases   ] GC(20)   Other: 0.4ms
[2024-05-02T18:30:17.960+0000][6][gc,heap     ] GC(20) Eden regions: 5->0(30)
[2024-05-02T18:30:17.960+0000][6][gc,heap     ] GC(20) Survivor regions: 5->1(5)
[2024-05-02T18:30:17.960+0000][6][gc,heap     ] GC(20) Old regions: 9->14
[2024-05-02T18:30:17.960+0000][6][gc,heap     ] GC(20) Archive regions: 2->2
[2024-05-02T18:30:17.960+0000][6][gc,heap     ] GC(20) Humongous regions: 0->0
[2024-05-02T18:30:17.960+0000][6][gc,metaspace] GC(20) Metaspace: 33621K(35840K)->33621K(35840K) NonClass: 29263K(30848K)->29263K(30848K) Class: 4358K(4992K)->4358K(4992K)
[2024-05-02T18:30:17.960+0000][6][gc          ] GC(20) Pause Young (Concurrent Start) (Metadata GC Threshold) 77M->63M(256M) 84.850ms
[2024-05-02T18:30:17.960+0000][6][gc,cpu      ] GC(20) User=0.04s Sys=0.03s Real=0.08s
[2024-05-02T18:30:17.960+0000][6][gc          ] GC(21) Concurrent Cycle
[2024-05-02T18:30:17.960+0000][6][gc,marking  ] GC(21) Concurrent Clear Claimed Marks
[2024-05-02T18:30:17.960+0000][6][gc,marking  ] GC(21) Concurrent Clear Claimed Marks 0.148ms
[2024-05-02T18:30:17.960+0000][6][gc,marking  ] GC(21) Concurrent Scan Root Regions
[2024-05-02T18:30:17.988+0000][6][safepoint   ] Safepoint "CollectForMetadataAllocation", Time since last: 736682864 ns, Reaching safepoint: 259155 ns, At safepoint: 112639111 ns, Total: 112898266 ns
[2024-05-02T18:30:18.041+0000][6][gc,marking  ] GC(21) Concurrent Scan Root Regions 80.660ms
[2024-05-02T18:30:18.041+0000][6][gc,marking  ] GC(21) Concurrent Mark (44.354s)
[2024-05-02T18:30:18.041+0000][6][gc,marking  ] GC(21) Concurrent Mark From Roots
[2024-05-02T18:30:18.041+0000][6][gc,task     ] GC(21) Using 1 workers of 1 for marking
[2024-05-02T18:30:18.185+0000][6][safepoint   ] Safepoint "CollectForMetadataAllocation", Time since last: 178620166 ns, Reaching safepoint: 16573819 ns, At safepoint: 2063298 ns, Total: 18637117 ns
[2024-05-02T18:30:18.285+0000][6][gc,marking  ] GC(21) Concurrent Mark From Roots 243.484ms
[2024-05-02T18:30:18.285+0000][6][gc,marking  ] GC(21) Concurrent Preclean
[2024-05-02T18:30:18.285+0000][6][gc,marking  ] GC(21) Concurrent Preclean 0.232ms
[2024-05-02T18:30:18.285+0000][6][gc,marking  ] GC(21) Concurrent Mark (44.354s, 44.597s) 243.817ms
[2024-05-02T18:30:18.288+0000][6][gc,start    ] GC(21) Pause Remark
[2024-05-02T18:30:18.302+0000][6][gc          ] GC(21) Pause Remark 65M->65M(256M) 13.955ms
[2024-05-02T18:30:18.302+0000][6][gc,cpu      ] GC(21) User=0.00s Sys=0.00s Real=0.02s
[2024-05-02T18:30:18.309+0000][6][safepoint   ] Safepoint "G1Concurrent", Time since last: 101205991 ns, Reaching safepoint: 1856509 ns, At safepoint: 21495675 ns, Total: 23352184 ns
[2024-05-02T18:30:18.310+0000][6][gc,marking  ] GC(21) Concurrent Rebuild Remembered Sets
[2024-05-02T18:30:18.529+0000][6][gc,marking  ] GC(21) Concurrent Rebuild Remembered Sets 219.330ms
[2024-05-02T18:30:18.530+0000][6][gc,start    ] GC(21) Pause Cleanup
[2024-05-02T18:30:18.530+0000][6][gc          ] GC(21) Pause Cleanup 69M->69M(256M) 0.072ms
[2024-05-02T18:30:18.530+0000][6][gc,cpu      ] GC(21) User=0.00s Sys=0.00s Real=0.00s
[2024-05-02T18:30:18.530+0000][6][safepoint   ] Safepoint "G1Concurrent", Time since last: 219578569 ns, Reaching safepoint: 606950 ns, At safepoint: 125556 ns, Total: 732506 ns
[2024-05-02T18:30:18.530+0000][6][gc,marking  ] GC(21) Concurrent Cleanup for Next Mark
[2024-05-02T18:30:18.540+0000][6][gc,marking  ] GC(21) Concurrent Cleanup for Next Mark 10.420ms
[2024-05-02T18:30:18.540+0000][6][gc          ] GC(21) Concurrent Cycle 580.172ms
[2024-05-02T18:30:19.540+0000][6][safepoint   ] Safepoint "Cleanup", Time since last: 1008347715 ns, Reaching safepoint: 1752714 ns, At safepoint: 16431 ns, Total: 1769145 ns
[2024-05-02T18:30:19.960+0000][6][gc,start    ] GC(22) Pause Young (Concurrent Start) (G1 Evacuation Pause)
[2024-05-02T18:30:19.960+0000][6][gc,task     ] GC(22) Using 4 workers of 4 for evacuation
[2024-05-02T18:30:19.960+0000][6][gc,age      ] GC(22) Desired survivor size 8388608 bytes, new threshold 15 (max threshold 15)
[2024-05-02T18:30:19.985+0000][6][gc,age      ] GC(22) Age table with threshold 15 (max threshold 15)
[2024-05-02T18:30:19.985+0000][6][gc,age      ] GC(22) - age   1:    1657136 bytes,    1657136 total
[2024-05-02T18:30:19.985+0000][6][gc,age      ] GC(22) - age   2:     807976 bytes,    2465112 total
[2024-05-02T18:30:19.986+0000][6][gc,phases   ] GC(22)   Pre Evacuate Collection Set: 0.3ms
[2024-05-02T18:30:19.986+0000][6][gc,phases   ] GC(22)   Merge Heap Roots: 0.1ms
[2024-05-02T18:30:19.986+0000][6][gc,phases   ] GC(22)   Evacuate Collection Set: 23.4ms
[2024-05-02T18:30:19.986+0000][6][gc,phases   ] GC(22)   Post Evacuate Collection Set: 1.1ms
[2024-05-02T18:30:19.986+0000][6][gc,phases   ] GC(22)   Other: 0.4ms
[2024-05-02T18:30:19.986+0000][6][gc,heap     ] GC(22) Eden regions: 30->0(31)
[2024-05-02T18:30:19.986+0000][6][gc,heap     ] GC(22) Survivor regions: 1->1(4)
[2024-05-02T18:30:19.986+0000][6][gc,heap     ] GC(22) Old regions: 14->14
[2024-05-02T18:30:19.986+0000][6][gc,heap     ] GC(22) Archive regions: 2->2
[2024-05-02T18:30:19.986+0000][6][gc,heap     ] GC(22) Humongous regions: 0->0
[2024-05-02T18:30:19.986+0000][6][gc,metaspace] GC(22) Metaspace: 36020K(38528K)->36020K(38528K) NonClass: 31433K(33280K)->31433K(33280K) Class: 4587K(5248K)->4587K(5248K)
[2024-05-02T18:30:19.986+0000][6][gc          ] GC(22) Pause Young (Concurrent Start) (G1 Evacuation Pause) 183M->62M(256M) 25.439ms
[2024-05-02T18:30:19.986+0000][6][gc,cpu      ] GC(22) User=0.02s Sys=0.01s Real=0.03s
[2024-05-02T18:30:19.986+0000][6][gc          ] GC(23) Concurrent Cycle
[2024-05-02T18:30:19.986+0000][6][gc,marking  ] GC(23) Concurrent Clear Claimed Marks
[2024-05-02T18:30:19.986+0000][6][gc,marking  ] GC(23) Concurrent Clear Claimed Marks 0.129ms
[2024-05-02T18:30:19.986+0000][6][gc,marking  ] GC(23) Concurrent Scan Root Regions
[2024-05-02T18:30:19.988+0000][6][safepoint   ] Safepoint "G1CollectForAllocation", Time since last: 417503723 ns, Reaching safepoint: 2766349 ns, At safepoint: 28356861 ns, Total: 31123210 ns
[2024-05-02T18:30:20.015+0000][6][gc,marking  ] GC(23) Concurrent Scan Root Regions 29.407ms
[2024-05-02T18:30:20.015+0000][6][gc,marking  ] GC(23) Concurrent Mark (46.328s)
[2024-05-02T18:30:20.015+0000][6][gc,marking  ] GC(23) Concurrent Mark From Roots
[2024-05-02T18:30:20.015+0000][6][gc,task     ] GC(23) Using 1 workers of 1 for marking
[2024-05-02T18:30:20.675+0000][6][gc,marking  ] GC(23) Concurrent Mark From Roots 659.265ms
[2024-05-02T18:30:20.675+0000][6][gc,marking  ] GC(23) Concurrent Preclean
[2024-05-02T18:30:20.675+0000][6][gc,marking  ] GC(23) Concurrent Preclean 0.294ms
[2024-05-02T18:30:20.675+0000][6][gc,marking  ] GC(23) Concurrent Mark (46.328s, 46.988s) 659.679ms
[2024-05-02T18:30:20.689+0000][6][gc,start    ] GC(23) Pause Remark
[2024-05-02T18:30:20.722+0000][6][gc          ] GC(23) Pause Remark 68M->68M(256M) 33.222ms
[2024-05-02T18:30:20.723+0000][6][gc,cpu      ] GC(23) User=0.02s Sys=0.02s Real=0.04s
[2024-05-02T18:30:20.723+0000][6][safepoint   ] Safepoint "G1Concurrent", Time since last: 700415006 ns, Reaching safepoint: 297379 ns, At safepoint: 33430793 ns, Total: 33728172 ns
[2024-05-02T18:30:20.723+0000][6][gc,marking  ] GC(23) Concurrent Rebuild Remembered Sets
[2024-05-02T18:30:21.097+0000][6][gc,marking  ] GC(23) Concurrent Rebuild Remembered Sets 374.529ms
[2024-05-02T18:30:21.126+0000][6][gc,start    ] GC(23) Pause Cleanup
[2024-05-02T18:30:21.129+0000][6][gc          ] GC(23) Pause Cleanup 74M->74M(256M) 2.796ms
[2024-05-02T18:30:21.129+0000][6][gc,cpu      ] GC(23) User=0.00s Sys=0.00s Real=0.00s
[2024-05-02T18:30:21.129+0000][6][safepoint   ] Safepoint "G1Concurrent", Time since last: 402736794 ns, Reaching safepoint: 745716 ns, At safepoint: 3008868 ns, Total: 3754584 ns
[2024-05-02T18:30:21.130+0000][6][gc,marking  ] GC(23) Concurrent Cleanup for Next Mark
[2024-05-02T18:30:21.156+0000][6][gc,marking  ] GC(23) Concurrent Cleanup for Next Mark 25.599ms
[2024-05-02T18:30:21.156+0000][6][gc          ] GC(23) Concurrent Cycle 1169.948ms
[2024-05-02T18:30:22.153+0000][6][safepoint   ] Safepoint "Cleanup", Time since last: 1016177921 ns, Reaching safepoint: 7375149 ns, At safepoint: 134944 ns, Total: 7510093 ns
[2024-05-02T18:30:23.164+0000][6][safepoint   ] Safepoint "Cleanup", Time since last: 1000618081 ns, Reaching safepoint: 9390080 ns, At safepoint: 726385 ns, Total: 10116465 ns
[2024-05-02T18:30:24.179+0000][6][safepoint   ] Safepoint "Cleanup", Time since last: 1006961411 ns, Reaching safepoint: 8777644 ns, At safepoint: 52809 ns, Total: 8830453 ns
[2024-05-02T18:30:25.204+0000][6][safepoint   ] Safepoint "Cleanup", Time since last: 1024980601 ns, Reaching safepoint: 141546 ns, At safepoint: 4468 ns, Total: 146014 ns
[2024-05-02T18:30:26.246+0000][6][safepoint   ] Safepoint "Cleanup", Time since last: 1021358029 ns, Reaching safepoint: 7091630 ns, At safepoint: 13127185 ns, Total: 20218815 ns
[2024-05-02T18:30:27.251+0000][6][safepoint   ] Safepoint "Cleanup", Time since last: 1003442449 ns, Reaching safepoint: 1836551 ns, At safepoint: 95590 ns, Total: 1932141 ns
[2024-05-02T18:30:27.557+0000][6][gc,start    ] GC(24) Pause Young (Normal) (G1 Evacuation Pause)
[2024-05-02T18:30:27.557+0000][6][gc,task     ] GC(24) Using 4 workers of 4 for evacuation
[2024-05-02T18:30:27.557+0000][6][gc,age      ] GC(24) Desired survivor size 8388608 bytes, new threshold 15 (max threshold 15)
[2024-05-02T18:30:27.606+0000][6][gc,age      ] GC(24) Age table with threshold 15 (max threshold 15)
[2024-05-02T18:30:27.606+0000][6][gc,age      ] GC(24) - age   1:    5210816 bytes,    5210816 total
[2024-05-02T18:30:27.606+0000][6][gc,age      ] GC(24) - age   2:    1320352 bytes,    6531168 total
[2024-05-02T18:30:27.606+0000][6][gc,age      ] GC(24) - age   3:     788664 bytes,    7319832 total
[2024-05-02T18:30:27.606+0000][6][gc,phases   ] GC(24)   Pre Evacuate Collection Set: 0.1ms
[2024-05-02T18:30:27.606+0000][6][gc,phases   ] GC(24)   Merge Heap Roots: 2.9ms
[2024-05-02T18:30:27.606+0000][6][gc,phases   ] GC(24)   Evacuate Collection Set: 36.2ms
[2024-05-02T18:30:27.606+0000][6][gc,phases   ] GC(24)   Post Evacuate Collection Set: 9.1ms
[2024-05-02T18:30:27.606+0000][6][gc,phases   ] GC(24)   Other: 0.5ms
[2024-05-02T18:30:27.606+0000][6][gc,heap     ] GC(24) Eden regions: 31->0(30)
[2024-05-02T18:30:27.606+0000][6][gc,heap     ] GC(24) Survivor regions: 1->2(4)
[2024-05-02T18:30:27.606+0000][6][gc,heap     ] GC(24) Old regions: 14->14
[2024-05-02T18:30:27.606+0000][6][gc,heap     ] GC(24) Archive regions: 2->2
[2024-05-02T18:30:27.606+0000][6][gc,heap     ] GC(24) Humongous regions: 0->0
[2024-05-02T18:30:27.606+0000][6][gc,metaspace] GC(24) Metaspace: 51760K(55168K)->51760K(55168K) NonClass: 44825K(47360K)->44825K(47360K) Class: 6934K(7808K)->6934K(7808K)
[2024-05-02T18:30:27.606+0000][6][gc          ] GC(24) Pause Young (Normal) (G1 Evacuation Pause) 186M->66M(256M) 48.780ms
[2024-05-02T18:30:27.606+0000][6][gc,cpu      ] GC(24) User=0.02s Sys=0.01s Real=0.05s
[2024-05-02T18:30:27.606+0000][6][safepoint   ] Safepoint "G1CollectForAllocation", Time since last: 303700133 ns, Reaching safepoint: 2062755 ns, At safepoint: 48976151 ns, Total: 51038906 ns
[2024-05-02T18:30:29.547+0000][6][safepoint   ] Safepoint "Cleanup", Time since last: 1940181917 ns, Reaching safepoint: 383260 ns, At safepoint: 38493 ns, Total: 421753 ns
[2024-05-02T18:30:31.014+0000][6][safepoint   ] Safepoint "Cleanup", Time since last: 1465517366 ns, Reaching safepoint: 1256735 ns, At safepoint: 6201 ns, Total: 1262936 ns
[2024-05-02T18:30:32.027+0000][6][safepoint   ] Safepoint "Cleanup", Time since last: 1002375280 ns, Reaching safepoint: 11344553 ns, At safepoint: 81924 ns, Total: 11426477 ns
[2024-05-02T18:30:32.058+0000][6][gc,start    ] GC(25) Pause Young (Concurrent Start) (Metadata GC Threshold)
[2024-05-02T18:30:32.058+0000][6][gc,task     ] GC(25) Using 4 workers of 4 for evacuation
[2024-05-02T18:30:32.058+0000][6][gc,age      ] GC(25) Desired survivor size 8388608 bytes, new threshold 15 (max threshold 15)
[2024-05-02T18:30:32.133+0000][6][gc,age      ] GC(25) Age table with threshold 15 (max threshold 15)
[2024-05-02T18:30:32.133+0000][6][gc,age      ] GC(25) - age   1:    4476232 bytes,    4476232 total
[2024-05-02T18:30:32.133+0000][6][gc,age      ] GC(25) - age   2:    5028144 bytes,    9504376 total
[2024-05-02T18:30:32.133+0000][6][gc,age      ] GC(25) - age   3:    1318760 bytes,   10823136 total
[2024-05-02T18:30:32.133+0000][6][gc,age      ] GC(25) - age   4:     788584 bytes,   11611720 total
[2024-05-02T18:30:32.133+0000][6][gc,phases   ] GC(25)   Pre Evacuate Collection Set: 0.3ms
[2024-05-02T18:30:32.133+0000][6][gc,phases   ] GC(25)   Merge Heap Roots: 1.8ms
[2024-05-02T18:30:32.133+0000][6][gc,phases   ] GC(25)   Evacuate Collection Set: 63.5ms
[2024-05-02T18:30:32.133+0000][6][gc,phases   ] GC(25)   Post Evacuate Collection Set: 9.5ms
[2024-05-02T18:30:32.133+0000][6][gc,phases   ] GC(25)   Other: 0.4ms
[2024-05-02T18:30:32.133+0000][6][gc,heap     ] GC(25) Eden regions: 28->0(30)
[2024-05-02T18:30:32.133+0000][6][gc,heap     ] GC(25) Survivor regions: 2->3(4)
[2024-05-02T18:30:32.133+0000][6][gc,heap     ] GC(25) Old regions: 14->14
[2024-05-02T18:30:32.133+0000][6][gc,heap     ] GC(25) Archive regions: 2->2
[2024-05-02T18:30:32.133+0000][6][gc,heap     ] GC(25) Humongous regions: 0->0
[2024-05-02T18:30:32.133+0000][6][gc,metaspace] GC(25) Metaspace: 61717K(65280K)->61717K(65280K) NonClass: 53396K(56064K)->53396K(56064K) Class: 8320K(9216K)->8320K(9216K)
[2024-05-02T18:30:32.133+0000][6][gc          ] GC(25) Pause Young (Concurrent Start) (Metadata GC Threshold) 176M->71M(256M) 75.519ms
[2024-05-02T18:30:32.133+0000][6][gc,cpu      ] GC(25) User=0.05s Sys=0.00s Real=0.08s
[2024-05-02T18:30:32.134+0000][6][safepoint   ] Safepoint "CollectForMetadataAllocation", Time since last: 28849730 ns, Reaching safepoint: 1672421 ns, At safepoint: 75889305 ns, Total: 77561726 ns
[2024-05-02T18:30:32.134+0000][6][gc          ] GC(26) Concurrent Cycle
[2024-05-02T18:30:32.134+0000][6][gc,marking  ] GC(26) Concurrent Clear Claimed Marks
[2024-05-02T18:30:32.134+0000][6][gc,marking  ] GC(26) Concurrent Clear Claimed Marks 0.113ms
[2024-05-02T18:30:32.134+0000][6][gc,marking  ] GC(26) Concurrent Scan Root Regions
[2024-05-02T18:30:32.175+0000][6][gc,marking  ] GC(26) Concurrent Scan Root Regions 40.655ms
[2024-05-02T18:30:32.175+0000][6][gc,marking  ] GC(26) Concurrent Mark (58.487s)
[2024-05-02T18:30:32.175+0000][6][gc,marking  ] GC(26) Concurrent Mark From Roots
[2024-05-02T18:30:32.175+0000][6][gc,task     ] GC(26) Using 1 workers of 1 for marking
[2024-05-02T18:30:32.228+0000][6][safepoint   ] Safepoint "CollectForMetadataAllocation", Time since last: 93298948 ns, Reaching safepoint: 992043 ns, At safepoint: 404781 ns, Total: 1396824 ns
[2024-05-02T18:30:32.375+0000][6][safepoint   ] Safepoint "CollectForMetadataAllocation", Time since last: 139453216 ns, Reaching safepoint: 6672214 ns, At safepoint: 375676 ns, Total: 7047890 ns
[2024-05-02T18:30:32.437+0000][6][gc,marking  ] GC(26) Concurrent Mark From Roots 262.714ms
[2024-05-02T18:30:32.438+0000][6][gc,marking  ] GC(26) Concurrent Preclean
[2024-05-02T18:30:32.438+0000][6][gc,marking  ] GC(26) Concurrent Preclean 0.278ms
[2024-05-02T18:30:32.438+0000][6][gc,marking  ] GC(26) Concurrent Mark (58.487s, 58.750s) 263.112ms
[2024-05-02T18:30:32.443+0000][6][gc,start    ] GC(26) Pause Remark
[2024-05-02T18:30:32.465+0000][6][gc          ] GC(26) Pause Remark 77M->77M(256M) 22.662ms
[2024-05-02T18:30:32.465+0000][6][gc,cpu      ] GC(26) User=0.01s Sys=0.01s Real=0.02s
[2024-05-02T18:30:32.466+0000][6][safepoint   ] Safepoint "G1Concurrent", Time since last: 65495062 ns, Reaching safepoint: 2239236 ns, At safepoint: 22829773 ns, Total: 25069009 ns
[2024-05-02T18:30:32.466+0000][6][gc,marking  ] GC(26) Concurrent Rebuild Remembered Sets
[2024-05-02T18:30:32.600+0000][6][gc,marking  ] GC(26) Concurrent Rebuild Remembered Sets 134.114ms
[2024-05-02T18:30:32.601+0000][6][gc,start    ] GC(26) Pause Cleanup
[2024-05-02T18:30:32.606+0000][6][gc          ] GC(26) Pause Cleanup 79M->79M(256M) 5.597ms
[2024-05-02T18:30:32.606+0000][6][gc,cpu      ] GC(26) User=0.00s Sys=0.00s Real=0.00s
[2024-05-02T18:30:32.606+0000][6][safepoint   ] Safepoint "G1Concurrent", Time since last: 134301787 ns, Reaching safepoint: 834277 ns, At safepoint: 5756188 ns, Total: 6590465 ns
[2024-05-02T18:30:32.612+0000][6][gc,marking  ] GC(26) Concurrent Cleanup for Next Mark
[2024-05-02T18:30:32.613+0000][6][gc,marking  ] GC(26) Concurrent Cleanup for Next Mark 0.660ms
[2024-05-02T18:30:32.613+0000][6][gc          ] GC(26) Concurrent Cycle 478.797ms
[2024-05-02T18:30:33.619+0000][6][safepoint   ] Safepoint "Cleanup", Time since last: 1004139174 ns, Reaching safepoint: 8753423 ns, At safepoint: 9898 ns, Total: 8763321 ns
[2024-05-02T18:30:35.284+0000][6][safepoint   ] Safepoint "Cleanup", Time since last: 1648816753 ns, Reaching safepoint: 12776804 ns, At safepoint: 3397122 ns, Total: 16173926 ns
[2024-05-02T18:30:36.289+0000][6][safepoint   ] Safepoint "Cleanup", Time since last: 1004552342 ns, Reaching safepoint: 184637 ns, At safepoint: 3266 ns, Total: 187903 ns
[2024-05-02T18:30:37.396+0000][6][safepoint   ] Safepoint "Cleanup", Time since last: 1096936706 ns, Reaching safepoint: 7651361 ns, At safepoint: 2186747 ns, Total: 9838108 ns
[2024-05-02T18:30:39.239+0000][6][safepoint   ] Safepoint "Cleanup", Time since last: 1810011429 ns, Reaching safepoint: 32167567 ns, At safepoint: 719120 ns, Total: 32886687 ns
[2024-05-02T18:30:40.278+0000][6][safepoint   ] Safepoint "Cleanup", Time since last: 1007983335 ns, Reaching safepoint: 30867305 ns, At safepoint: 31749 ns, Total: 30899054 ns
[2024-05-02T18:30:41.289+0000][6][safepoint   ] Safepoint "Cleanup", Time since last: 1007495891 ns, Reaching safepoint: 4303743 ns, At safepoint: 63289 ns, Total: 4367032 ns
[2024-05-02T18:30:42.440+0000][6][safepoint   ] Safepoint "Cleanup", Time since last: 1143881430 ns, Reaching safepoint: 6968334 ns, At safepoint: 33443 ns, Total: 7001777 ns
[2024-05-02T18:30:43.750+0000][6][safepoint   ] Safepoint "Cleanup", Time since last: 1308859677 ns, Reaching safepoint: 412525 ns, At safepoint: 21931 ns, Total: 434456 ns
[2024-05-02T18:30:44.489+0000][6][gc,start    ] GC(27) Pause Young (Concurrent Start) (G1 Evacuation Pause)
[2024-05-02T18:30:44.489+0000][6][gc,task     ] GC(27) Using 4 workers of 4 for evacuation
[2024-05-02T18:30:44.489+0000][6][gc,age      ] GC(27) Desired survivor size 10485760 bytes, new threshold 3 (max threshold 15)
[2024-05-02T18:30:44.534+0000][6][gc,age      ] GC(27) Age table with threshold 3 (max threshold 15)
[2024-05-02T18:30:44.534+0000][6][gc,age      ] GC(27) - age   1:    6478720 bytes,    6478720 total
[2024-05-02T18:30:44.534+0000][6][gc,age      ] GC(27) - age   2:    4360800 bytes,   10839520 total
[2024-05-02T18:30:44.534+0000][6][gc,age      ] GC(27) - age   3:    4988280 bytes,   15827800 total
[2024-05-02T18:30:44.534+0000][6][gc,phases   ] GC(27)   Pre Evacuate Collection Set: 0.7ms
[2024-05-02T18:30:44.534+0000][6][gc,phases   ] GC(27)   Merge Heap Roots: 1.1ms
[2024-05-02T18:30:44.534+0000][6][gc,phases   ] GC(27)   Evacuate Collection Set: 40.3ms
[2024-05-02T18:30:44.534+0000][6][gc,phases   ] GC(27)   Post Evacuate Collection Set: 2.4ms
[2024-05-02T18:30:44.534+0000][6][gc,phases   ] GC(27)   Other: 0.4ms
[2024-05-02T18:30:44.534+0000][6][gc,heap     ] GC(27) Eden regions: 30->0(28)
[2024-05-02T18:30:44.534+0000][6][gc,heap     ] GC(27) Survivor regions: 3->4(5)
[2024-05-02T18:30:44.534+0000][6][gc,heap     ] GC(27) Old regions: 14->15
[2024-05-02T18:30:44.534+0000][6][gc,heap     ] GC(27) Archive regions: 2->2
[2024-05-02T18:30:44.534+0000][6][gc,heap     ] GC(27) Humongous regions: 0->0
[2024-05-02T18:30:44.534+0000][6][gc,metaspace] GC(27) Metaspace: 81389K(85400K)->81389K(85400K) NonClass: 70468K(73472K)->70468K(73472K) Class: 10921K(11928K)->10921K(11928K)
[2024-05-02T18:30:44.534+0000][6][gc          ] GC(27) Pause Young (Concurrent Start) (G1 Evacuation Pause) 191M->77M(256M) 45.074ms
[2024-05-02T18:30:44.534+0000][6][gc,cpu      ] GC(27) User=0.04s Sys=0.02s Real=0.05s
[2024-05-02T18:30:44.534+0000][6][safepoint   ] Safepoint "G1CollectForAllocation", Time since last: 738845047 ns, Reaching safepoint: 622188 ns, At safepoint: 45323384 ns, Total: 45945572 ns
[2024-05-02T18:30:44.534+0000][6][gc          ] GC(28) Concurrent Cycle
[2024-05-02T18:30:44.534+0000][6][gc,marking  ] GC(28) Concurrent Clear Claimed Marks
[2024-05-02T18:30:44.535+0000][6][gc,marking  ] GC(28) Concurrent Clear Claimed Marks 0.170ms
[2024-05-02T18:30:44.535+0000][6][gc,marking  ] GC(28) Concurrent Scan Root Regions
[2024-05-02T18:30:44.578+0000][6][gc,marking  ] GC(28) Concurrent Scan Root Regions 43.179ms
[2024-05-02T18:30:44.578+0000][6][gc,marking  ] GC(28) Concurrent Mark (70.891s)
[2024-05-02T18:30:44.578+0000][6][gc,marking  ] GC(28) Concurrent Mark From Roots
[2024-05-02T18:30:44.578+0000][6][gc,task     ] GC(28) Using 1 workers of 1 for marking
[2024-05-02T18:30:44.771+0000][6][gc,marking  ] GC(28) Concurrent Mark From Roots 193.185ms
[2024-05-02T18:30:44.771+0000][6][gc,marking  ] GC(28) Concurrent Preclean
[2024-05-02T18:30:44.771+0000][6][gc,marking  ] GC(28) Concurrent Preclean 0.255ms
[2024-05-02T18:30:44.771+0000][6][gc,marking  ] GC(28) Concurrent Mark (70.891s, 71.084s) 193.535ms
[2024-05-02T18:30:44.781+0000][6][gc,start    ] GC(28) Pause Remark
[2024-05-02T18:30:44.823+0000][6][gc          ] GC(28) Pause Remark 85M->85M(256M) 42.428ms
[2024-05-02T18:30:44.823+0000][6][gc,cpu      ] GC(28) User=0.02s Sys=0.02s Real=0.04s
[2024-05-02T18:30:44.823+0000][6][safepoint   ] Safepoint "G1Concurrent", Time since last: 238629112 ns, Reaching safepoint: 7470023 ns, At safepoint: 42644790 ns, Total: 50114813 ns
[2024-05-02T18:30:44.826+0000][6][gc,marking  ] GC(28) Concurrent Rebuild Remembered Sets
[2024-05-02T18:30:44.974+0000][6][gc,marking  ] GC(28) Concurrent Rebuild Remembered Sets 148.390ms
[2024-05-02T18:30:44.975+0000][6][gc,start    ] GC(28) Pause Cleanup
[2024-05-02T18:30:44.975+0000][6][gc          ] GC(28) Pause Cleanup 88M->88M(256M) 0.105ms
[2024-05-02T18:30:44.975+0000][6][gc,cpu      ] GC(28) User=0.00s Sys=0.00s Real=0.00s
[2024-05-02T18:30:44.976+0000][6][safepoint   ] Safepoint "G1Concurrent", Time since last: 151235421 ns, Reaching safepoint: 450967 ns, At safepoint: 1223617 ns, Total: 1674584 ns
[2024-05-02T18:30:44.982+0000][6][gc,marking  ] GC(28) Concurrent Cleanup for Next Mark
[2024-05-02T18:30:44.984+0000][6][gc,marking  ] GC(28) Concurrent Cleanup for Next Mark 1.357ms
[2024-05-02T18:30:44.989+0000][6][gc          ] GC(28) Concurrent Cycle 454.762ms
[2024-05-02T18:30:46.219+0000][6][safepoint   ] Safepoint "ICBufferFull", Time since last: 1242801825 ns, Reaching safepoint: 303108 ns, At safepoint: 58259 ns, Total: 361367 ns
[2024-05-02T18:30:47.235+0000][6][safepoint   ] Safepoint "Cleanup", Time since last: 1015089758 ns, Reaching safepoint: 432852 ns, At safepoint: 29646 ns, Total: 462498 ns
[2024-05-02T18:30:48.246+0000][6][safepoint   ] Safepoint "Cleanup", Time since last: 1010559656 ns, Reaching safepoint: 315773 ns, At safepoint: 7424 ns, Total: 323197 ns
[2024-05-02T18:30:50.248+0000][6][safepoint   ] Safepoint "Cleanup", Time since last: 2001751709 ns, Reaching safepoint: 137168 ns, At safepoint: 3075 ns, Total: 140243 ns
[2024-05-02T18:30:53.251+0000][6][safepoint   ] Safepoint "Cleanup", Time since last: 3003065689 ns, Reaching safepoint: 192421 ns, At safepoint: 4719 ns, Total: 197140 ns
[2024-05-02T18:30:54.253+0000][6][safepoint   ] Safepoint "Cleanup", Time since last: 1002107493 ns, Reaching safepoint: 130234 ns, At safepoint: 2956 ns, Total: 133190 ns
[2024-05-02T18:31:03.258+0000][6][safepoint   ] Safepoint "Cleanup", Time since last: 9004751945 ns, Reaching safepoint: 338725 ns, At safepoint: 19297 ns, Total: 358022 ns
[2024-05-02T18:31:08.264+0000][6][safepoint   ] Safepoint "Cleanup", Time since last: 5004356860 ns, Reaching safepoint: 1072413 ns, At safepoint: 30798 ns, Total: 1103211 ns
[2024-05-02T18:31:13.267+0000][6][safepoint   ] Safepoint "Cleanup", Time since last: 5002727920 ns, Reaching safepoint: 396754 ns, At safepoint: 11251 ns, Total: 408005 ns
[2024-05-02T18:31:14.270+0000][6][safepoint   ] Safepoint "Cleanup", Time since last: 1000277623 ns, Reaching safepoint: 2451310 ns, At safepoint: 26821 ns, Total: 2478131 ns
[2024-05-02T18:31:15.526+0000][6][safepoint   ] Safepoint "Cleanup", Time since last: 1255701861 ns, Reaching safepoint: 321275 ns, At safepoint: 95960 ns, Total: 417235 ns
[2024-05-02T18:31:16.530+0000][6][safepoint   ] Safepoint "Cleanup", Time since last: 1003110993 ns, Reaching safepoint: 1546853 ns, At safepoint: 21470 ns, Total: 1568323 ns
[2024-05-02T18:31:17.531+0000][6][safepoint   ] Safepoint "Cleanup", Time since last: 1000230356 ns, Reaching safepoint: 164353 ns, At safepoint: 20388 ns, Total: 184741 ns
[2024-05-02T18:31:18.536+0000][6][safepoint   ] Safepoint "Cleanup", Time since last: 1003944280 ns, Reaching safepoint: 768243 ns, At safepoint: 55634 ns, Total: 823877 ns
[2024-05-02T18:31:23.541+0000][6][safepoint   ] Safepoint "Cleanup", Time since last: 5005383854 ns, Reaching safepoint: 455345 ns, At safepoint: 21571 ns, Total: 476916 ns
[2024-05-02T18:31:24.542+0000][6][safepoint   ] Safepoint "Cleanup", Time since last: 1000621203 ns, Reaching safepoint: 242926 ns, At safepoint: 8557 ns, Total: 251483 ns
[2024-05-02T18:31:25.551+0000][6][safepoint   ] Safepoint "Cleanup", Time since last: 1006397616 ns, Reaching safepoint: 2274995 ns, At safepoint: 50665 ns, Total: 2325660 ns
[2024-05-02T18:31:27.552+0000][6][safepoint   ] Safepoint "Cleanup", Time since last: 2000627889 ns, Reaching safepoint: 383119 ns, At safepoint: 23434 ns, Total: 406553 ns
[2024-05-02T18:31:28.554+0000][6][safepoint   ] Safepoint "Cleanup", Time since last: 1000414615 ns, Reaching safepoint: 1298370 ns, At safepoint: 21130 ns, Total: 1319500 ns
[2024-05-02T18:31:32.559+0000][6][safepoint   ] Safepoint "Cleanup", Time since last: 4004619578 ns, Reaching safepoint: 213742 ns, At safepoint: 20599 ns, Total: 234341 ns
[2024-05-02T18:31:33.559+0000][6][safepoint   ] Safepoint "Cleanup", Time since last: 1000335827 ns, Reaching safepoint: 180065 ns, At safepoint: 26439 ns, Total: 206504 ns
[2024-05-02T18:31:34.560+0000][6][safepoint   ] Safepoint "Cleanup", Time since last: 1001022597 ns, Reaching safepoint: 150717 ns, At safepoint: 5150 ns, Total: 155867 ns
[2024-05-02T18:31:35.561+0000][6][safepoint   ] Safepoint "Cleanup", Time since last: 1000261984 ns, Reaching safepoint: 256452 ns, At safepoint: 10910 ns, Total: 267362 ns
[2024-05-02T18:31:37.562+0000][6][safepoint   ] Safepoint "Cleanup", Time since last: 2000792041 ns, Reaching safepoint: 295235 ns, At safepoint: 11581 ns, Total: 306816 ns
[2024-05-02T18:31:40.565+0000][6][safepoint   ] Safepoint "Cleanup", Time since last: 3002302614 ns, Reaching safepoint: 317606 ns, At safepoint: 39505 ns, Total: 357111 ns
[2024-05-02T18:31:41.566+0000][6][safepoint   ] Safepoint "Cleanup", Time since last: 1000626439 ns, Reaching safepoint: 310293 ns, At safepoint: 6392 ns, Total: 316685 ns
[2024-05-02T18:31:45.569+0000][6][safepoint   ] Safepoint "Cleanup", Time since last: 4003272241 ns, Reaching safepoint: 208702 ns, At safepoint: 23123 ns, Total: 231825 ns
[2024-05-02T18:31:46.571+0000][6][safepoint   ] Safepoint "Cleanup", Time since last: 1000636138 ns, Reaching safepoint: 1186903 ns, At safepoint: 51677 ns, Total: 1238580 ns
[2024-05-02T18:31:47.572+0000][6][safepoint   ] Safepoint "Cleanup", Time since last: 1000804802 ns, Reaching safepoint: 235603 ns, At safepoint: 8265 ns, Total: 243868 ns
[2024-05-02T18:31:48.573+0000][6][safepoint   ] Safepoint "Cleanup", Time since last: 1000378718 ns, Reaching safepoint: 240276 ns, At safepoint: 11181 ns, Total: 251457 ns
[2024-05-02T18:31:50.574+0000][6][safepoint   ] Safepoint "Cleanup", Time since last: 2001315199 ns, Reaching safepoint: 215564 ns, At safepoint: 6142 ns, Total: 221706 ns
[2024-05-02T18:31:51.575+0000][6][safepoint   ] Safepoint "Cleanup", Time since last: 1000322282 ns, Reaching safepoint: 311726 ns, At safepoint: 17342 ns, Total: 329068 ns
[2024-05-02T18:31:53.577+0000][6][safepoint   ] Safepoint "Cleanup", Time since last: 2001574564 ns, Reaching safepoint: 197802 ns, At safepoint: 30086 ns, Total: 227888 ns
[2024-05-02T18:31:55.578+0000][6][safepoint   ] Safepoint "Cleanup", Time since last: 2001031229 ns, Reaching safepoint: 299893 ns, At safepoint: 12273 ns, Total: 312166 ns
[2024-05-02T18:32:01.581+0000][6][safepoint   ] Safepoint "Cleanup", Time since last: 6002390163 ns, Reaching safepoint: 614523 ns, At safepoint: 20769 ns, Total: 635292 ns
[2024-05-02T18:32:02.582+0000][6][safepoint   ] Safepoint "Cleanup", Time since last: 1000617868 ns, Reaching safepoint: 226936 ns, At safepoint: 21320 ns, Total: 248256 ns
[2024-05-02T18:32:03.583+0000][6][safepoint   ] Safepoint "Cleanup", Time since last: 1000566718 ns, Reaching safepoint: 226044 ns, At safepoint: 4919 ns, Total: 230963 ns
[2024-05-02T18:32:05.584+0000][6][safepoint   ] Safepoint "Cleanup", Time since last: 2000977829 ns, Reaching safepoint: 161012 ns, At safepoint: 17823 ns, Total: 178835 ns
[2024-05-02T18:32:11.587+0000][6][safepoint   ] Safepoint "Cleanup", Time since last: 6002905455 ns, Reaching safepoint: 369185 ns, At safepoint: 15008 ns, Total: 384193 ns
[2024-05-02T18:32:14.591+0000][6][safepoint   ] Safepoint "Cleanup", Time since last: 3003764645 ns, Reaching safepoint: 231799 ns, At safepoint: 23944 ns, Total: 255743 ns
[2024-05-02T18:32:15.592+0000][6][safepoint   ] Safepoint "Cleanup", Time since last: 1000611210 ns, Reaching safepoint: 187862 ns, At safepoint: 20419 ns, Total: 208281 ns
[2024-05-02T18:32:16.592+0000][6][safepoint   ] Safepoint "Cleanup", Time since last: 1000332154 ns, Reaching safepoint: 206737 ns, At safepoint: 25869 ns, Total: 232606 ns
[2024-05-02T18:32:23.607+0000][6][safepoint   ] Safepoint "Cleanup", Time since last: 7014558742 ns, Reaching safepoint: 344112 ns, At safepoint: 30797 ns, Total: 374909 ns
[2024-05-02T18:32:25.609+0000][6][safepoint   ] Safepoint "Cleanup", Time since last: 2000751455 ns, Reaching safepoint: 440865 ns, At safepoint: 43672 ns, Total: 484537 ns
[2024-05-02T18:32:30.611+0000][6][safepoint   ] Safepoint "Cleanup", Time since last: 5001684833 ns, Reaching safepoint: 334607 ns, At safepoint: 15278 ns, Total: 349885 ns
[2024-05-02T18:32:41.253+0000][6][safepoint   ] Safepoint "Cleanup", Time since last: 10642299389 ns, Reaching safepoint: 161159 ns, At safepoint: 5931 ns, Total: 167090 ns
[2024-05-02T18:32:42.750+0000][6][safepoint   ] Safepoint "Cleanup", Time since last: 1496677755 ns, Reaching safepoint: 332103 ns, At safepoint: 20519 ns, Total: 352622 ns
[2024-05-02T18:32:45.756+0000][6][safepoint   ] Safepoint "Cleanup", Time since last: 3005422407 ns, Reaching safepoint: 155687 ns, At safepoint: 7133 ns, Total: 162820 ns
[2024-05-02T18:32:46.757+0000][6][safepoint   ] Safepoint "Cleanup", Time since last: 1000691979 ns, Reaching safepoint: 198621 ns, At safepoint: 25528 ns, Total: 224149 ns
[2024-05-02T18:32:47.758+0000][6][safepoint   ] Safepoint "Cleanup", Time since last: 1000444367 ns, Reaching safepoint: 370725 ns, At safepoint: 22211 ns, Total: 392936 ns
[2024-05-02T18:32:48.758+0000][6][safepoint   ] Safepoint "Cleanup", Time since last: 1000196575 ns, Reaching safepoint: 182131 ns, At safepoint: 6642 ns, Total: 188773 ns
[2024-05-02T18:32:56.762+0000][6][safepoint   ] Safepoint "Cleanup", Time since last: 8004136167 ns, Reaching safepoint: 385111 ns, At safepoint: 7835 ns, Total: 392946 ns
[2024-05-02T18:33:00.769+0000][6][safepoint   ] Safepoint "Cleanup", Time since last: 4006738660 ns, Reaching safepoint: 235160 ns, At safepoint: 3477 ns, Total: 238637 ns
[2024-05-02T18:33:07.775+0000][6][safepoint   ] Safepoint "Cleanup", Time since last: 7005247834 ns, Reaching safepoint: 263343 ns, At safepoint: 9578 ns, Total: 272921 ns
[2024-05-02T18:33:08.775+0000][6][safepoint   ] Safepoint "Cleanup", Time since last: 1000164073 ns, Reaching safepoint: 362339 ns, At safepoint: 5239 ns, Total: 367578 ns
[2024-05-02T18:33:13.779+0000][6][safepoint   ] Safepoint "Cleanup", Time since last: 5003325220 ns, Reaching safepoint: 342722 ns, At safepoint: 24796 ns, Total: 367518 ns
[2024-05-02T18:33:15.780+0000][6][safepoint   ] Safepoint "Cleanup", Time since last: 2000999611 ns, Reaching safepoint: 276949 ns, At safepoint: 12753 ns, Total: 289702 ns
[2024-05-02T18:33:16.781+0000][6][safepoint   ] Safepoint "Cleanup", Time since last: 1000602251 ns, Reaching safepoint: 186780 ns, At safepoint: 4158 ns, Total: 190938 ns
[2024-05-02T18:33:18.783+0000][6][safepoint   ] Safepoint "Cleanup", Time since last: 2001112841 ns, Reaching safepoint: 229968 ns, At safepoint: 26781 ns, Total: 256749 ns
[2024-05-02T18:33:19.783+0000][6][safepoint   ] Safepoint "Cleanup", Time since last: 1000492059 ns, Reaching safepoint: 261591 ns, At safepoint: 30467 ns, Total: 292058 ns
[2024-05-02T18:33:20.784+0000][6][safepoint   ] Safepoint "Cleanup", Time since last: 1000581332 ns, Reaching safepoint: 184947 ns, At safepoint: 9318 ns, Total: 194265 ns
[2024-05-02T18:33:45.796+0000][6][safepoint   ] Safepoint "Cleanup", Time since last: 25011919173 ns, Reaching safepoint: 246814 ns, At safepoint: 28493 ns, Total: 275307 ns
[2024-05-02T18:33:46.797+0000][6][safepoint   ] Safepoint "Cleanup", Time since last: 1000314781 ns, Reaching safepoint: 459403 ns, At safepoint: 8556 ns, Total: 467959 ns
[2024-05-02T18:33:52.841+0000][6][safepoint   ] Safepoint "Cleanup", Time since last: 6043823992 ns, Reaching safepoint: 206688 ns, At safepoint: 94217 ns, Total: 300905 ns
[2024-05-02T18:33:53.845+0000][6][safepoint   ] Safepoint "Cleanup", Time since last: 1003288701 ns, Reaching safepoint: 286082 ns, At safepoint: 7665 ns, Total: 293747 ns
[2024-05-02T18:34:10.862+0000][6][safepoint   ] Safepoint "Cleanup", Time since last: 17016765763 ns, Reaching safepoint: 662223 ns, At safepoint: 9728 ns, Total: 671951 ns
[2024-05-02T18:34:15.866+0000][6][safepoint   ] Safepoint "Cleanup", Time since last: 5002276924 ns, Reaching safepoint: 1046964 ns, At safepoint: 28033 ns, Total: 1074997 ns
[2024-05-02T18:34:16.866+0000][6][safepoint   ] Safepoint "Cleanup", Time since last: 1000338734 ns, Reaching safepoint: 434996 ns, At safepoint: 30838 ns, Total: 465834 ns
[2024-05-02T18:34:27.884+0000][6][safepoint   ] Safepoint "Cleanup", Time since last: 11017230889 ns, Reaching safepoint: 580159 ns, At safepoint: 72535 ns, Total: 652694 ns
[2024-05-02T18:34:41.891+0000][6][safepoint   ] Safepoint "Cleanup", Time since last: 14006528493 ns, Reaching safepoint: 363825 ns, At safepoint: 23373 ns, Total: 387198 ns
[2024-05-02T18:34:42.892+0000][6][safepoint   ] Safepoint "Cleanup", Time since last: 1000564819 ns, Reaching safepoint: 388805 ns, At safepoint: 13856 ns, Total: 402661 ns
[2024-05-02T18:34:45.896+0000][6][safepoint   ] Safepoint "Cleanup", Time since last: 3000681365 ns, Reaching safepoint: 2658316 ns, At safepoint: 76814 ns, Total: 2735130 ns
[2024-05-02T18:34:46.897+0000][6][safepoint   ] Safepoint "Cleanup", Time since last: 1000348090 ns, Reaching safepoint: 629470 ns, At safepoint: 19526 ns, Total: 648996 ns
[2024-05-02T18:34:58.907+0000][6][safepoint   ] Safepoint "Cleanup", Time since last: 12009860351 ns, Reaching safepoint: 285075 ns, At safepoint: 30357 ns, Total: 315432 ns
[2024-05-02T18:34:59.916+0000][6][safepoint   ] Safepoint "Cleanup", Time since last: 1008769166 ns, Reaching safepoint: 237461 ns, At safepoint: 9558 ns, Total: 247019 ns
[2024-05-02T18:35:12.958+0000][6][gc,start    ] GC(29) Pause Young (Normal) (G1 Evacuation Pause)
[2024-05-02T18:35:12.958+0000][6][gc,task     ] GC(29) Using 4 workers of 4 for evacuation
[2024-05-02T18:35:12.958+0000][6][gc,age      ] GC(29) Desired survivor size 8388608 bytes, new threshold 2 (max threshold 15)
[2024-05-02T18:35:12.990+0000][6][gc,age      ] GC(29) Age table with threshold 2 (max threshold 15)
[2024-05-02T18:35:12.990+0000][6][gc,age      ] GC(29) - age   1:    5296872 bytes,    5296872 total
[2024-05-02T18:35:12.990+0000][6][gc,age      ] GC(29) - age   2:    6206840 bytes,   11503712 total
[2024-05-02T18:35:12.990+0000][6][gc,phases   ] GC(29)   Pre Evacuate Collection Set: 0.1ms
[2024-05-02T18:35:12.990+0000][6][gc,phases   ] GC(29)   Merge Heap Roots: 0.1ms
[2024-05-02T18:35:12.990+0000][6][gc,phases   ] GC(29)   Evacuate Collection Set: 27.0ms
[2024-05-02T18:35:12.990+0000][6][gc,phases   ] GC(29)   Post Evacuate Collection Set: 3.8ms
[2024-05-02T18:35:12.990+0000][6][gc,phases   ] GC(29)   Other: 0.3ms
[2024-05-02T18:35:12.990+0000][6][gc,heap     ] GC(29) Eden regions: 28->0(25)
[2024-05-02T18:35:12.990+0000][6][gc,heap     ] GC(29) Survivor regions: 4->4(4)
[2024-05-02T18:35:12.990+0000][6][gc,heap     ] GC(29) Old regions: 15->17
[2024-05-02T18:35:12.990+0000][6][gc,heap     ] GC(29) Archive regions: 2->2
[2024-05-02T18:35:12.990+0000][6][gc,heap     ] GC(29) Humongous regions: 2->2
[2024-05-02T18:35:12.990+0000][6][gc,metaspace] GC(29) Metaspace: 93502K(98072K)->93502K(98072K) NonClass: 80821K(84224K)->80821K(84224K) Class: 12681K(13848K)->12681K(13848K)
[2024-05-02T18:35:12.990+0000][6][gc          ] GC(29) Pause Young (Normal) (G1 Evacuation Pause) 197M->91M(256M) 31.407ms
[2024-05-02T18:35:12.990+0000][6][gc,cpu      ] GC(29) User=0.04s Sys=0.02s Real=0.03s
[2024-05-02T18:35:12.990+0000][6][safepoint   ] Safepoint "G1CollectForAllocation", Time since last: 13042230423 ns, Reaching safepoint: 272311 ns, At safepoint: 31700950 ns, Total: 31973261 ns
[2024-05-02T18:35:18.003+0000][6][safepoint   ] Safepoint "Cleanup", Time since last: 5012247672 ns, Reaching safepoint: 683661 ns, At safepoint: 26820 ns, Total: 710481 ns
[2024-05-02T18:35:25.007+0000][6][safepoint   ] Safepoint "Cleanup", Time since last: 7003842586 ns, Reaching safepoint: 293766 ns, At safepoint: 29475 ns, Total: 323241 ns
[2024-05-02T18:35:46.016+0000][6][safepoint   ] Safepoint "Cleanup", Time since last: 21008151619 ns, Reaching safepoint: 193523 ns, At safepoint: 5971 ns, Total: 199494 ns
[2024-05-02T18:35:47.016+0000][6][safepoint   ] Safepoint "Cleanup", Time since last: 1000269610 ns, Reaching safepoint: 472106 ns, At safepoint: 27782 ns, Total: 499888 ns
[2024-05-02T18:35:48.027+0000][6][safepoint   ] Safepoint "Cleanup", Time since last: 1004108524 ns, Reaching safepoint: 6927591 ns, At safepoint: 116970 ns, Total: 7044561 ns
[2024-05-02T18:36:17.044+0000][6][safepoint   ] Safepoint "Cleanup", Time since last: 29016016820 ns, Reaching safepoint: 266770 ns, At safepoint: 24516 ns, Total: 291286 ns
[2024-05-02T18:36:46.058+0000][6][safepoint   ] Safepoint "Cleanup", Time since last: 29013741451 ns, Reaching safepoint: 306183 ns, At safepoint: 13886 ns, Total: 320069 ns
[2024-05-02T18:36:47.058+0000][6][safepoint   ] Safepoint "Cleanup", Time since last: 1000361862 ns, Reaching safepoint: 214160 ns, At safepoint: 2905 ns, Total: 217065 ns
[2024-05-02T18:36:48.059+0000][6][safepoint   ] Safepoint "Cleanup", Time since last: 1000770563 ns, Reaching safepoint: 182110 ns, At safepoint: 3607 ns, Total: 185717 ns
[2024-05-02T18:37:17.072+0000][6][safepoint   ] Safepoint "Cleanup", Time since last: 29012459441 ns, Reaching safepoint: 301794 ns, At safepoint: 11973 ns, Total: 313767 ns
[2024-05-02T18:37:34.104+0000][6][safepoint   ] Safepoint "Cleanup", Time since last: 17031837637 ns, Reaching safepoint: 203992 ns, At safepoint: 18054 ns, Total: 222046 ns
[2024-05-02T18:37:47.110+0000][6][safepoint   ] Safepoint "Cleanup", Time since last: 13005761587 ns, Reaching safepoint: 225012 ns, At safepoint: 42029 ns, Total: 267041 ns
[2024-05-02T18:38:09.120+0000][6][safepoint   ] Safepoint "Cleanup", Time since last: 22009578436 ns, Reaching safepoint: 206607 ns, At safepoint: 25889 ns, Total: 232496 ns
[2024-05-02T18:38:17.124+0000][6][safepoint   ] Safepoint "Cleanup", Time since last: 8003681197 ns, Reaching safepoint: 183975 ns, At safepoint: 33863 ns, Total: 217838 ns
[2024-05-02T18:38:45.137+0000][6][safepoint   ] Safepoint "Cleanup", Time since last: 28012399753 ns, Reaching safepoint: 263499 ns, At safepoint: 26289 ns, Total: 289788 ns
[2024-05-02T18:38:47.138+0000][6][safepoint   ] Safepoint "Cleanup", Time since last: 2001010790 ns, Reaching safepoint: 149330 ns, At safepoint: 13225 ns, Total: 162555 ns
[2024-05-02T18:38:53.141+0000][6][safepoint   ] Safepoint "Cleanup", Time since last: 6002554619 ns, Reaching safepoint: 310662 ns, At safepoint: 24917 ns, Total: 335579 ns
[2024-05-02T18:39:17.151+0000][6][safepoint   ] Safepoint "Cleanup", Time since last: 24010008383 ns, Reaching safepoint: 225196 ns, At safepoint: 30578 ns, Total: 255774 ns
[2024-05-02T18:39:26.155+0000][6][safepoint   ] Safepoint "Cleanup", Time since last: 9003818310 ns, Reaching safepoint: 267239 ns, At safepoint: 9979 ns, Total: 277218 ns
[2024-05-02T18:39:47.164+0000][6][safepoint   ] Safepoint "Cleanup", Time since last: 21009067092 ns, Reaching safepoint: 223268 ns, At safepoint: 18785 ns, Total: 242053 ns
[2024-05-02T18:39:59.170+0000][6][safepoint   ] Safepoint "Cleanup", Time since last: 12005250889 ns, Reaching safepoint: 283224 ns, At safepoint: 26350 ns, Total: 309574 ns
[2024-05-02T18:40:05.172+0000][6][safepoint   ] Safepoint "Cleanup", Time since last: 6002222784 ns, Reaching safepoint: 259546 ns, At safepoint: 19436 ns, Total: 278982 ns
[2024-05-02T18:40:06.173+0000][6][safepoint   ] Safepoint "Cleanup", Time since last: 1000305961 ns, Reaching safepoint: 160921 ns, At safepoint: 17904 ns, Total: 178825 ns
[2024-05-02T18:40:15.178+0000][6][safepoint   ] Safepoint "Cleanup", Time since last: 9004893357 ns, Reaching safepoint: 289733 ns, At safepoint: 18294 ns, Total: 308027 ns
[2024-05-02T18:40:17.179+0000][6][safepoint   ] Safepoint "Cleanup", Time since last: 2000859747 ns, Reaching safepoint: 242150 ns, At safepoint: 18635 ns, Total: 260785 ns
[2024-05-02T18:40:29.185+0000][6][safepoint   ] Safepoint "Cleanup", Time since last: 12005075930 ns, Reaching safepoint: 266325 ns, At safepoint: 32651 ns, Total: 298976 ns
[2024-05-02T18:40:45.193+0000][6][safepoint   ] Safepoint "Cleanup", Time since last: 16007786365 ns, Reaching safepoint: 389711 ns, At safepoint: 8426 ns, Total: 398137 ns
[2024-05-02T18:40:47.194+0000][6][safepoint   ] Safepoint "Cleanup", Time since last: 2001447371 ns, Reaching safepoint: 266099 ns, At safepoint: 20499 ns, Total: 286598 ns
[2024-05-02T18:40:54.199+0000][6][safepoint   ] Safepoint "Cleanup", Time since last: 7004308901 ns, Reaching safepoint: 239450 ns, At safepoint: 18274 ns, Total: 257724 ns
[2024-05-02T18:41:15.209+0000][6][safepoint   ] Safepoint "Cleanup", Time since last: 21009434253 ns, Reaching safepoint: 231654 ns, At safepoint: 20339 ns, Total: 251993 ns
[2024-05-02T18:41:17.209+0000][6][safepoint   ] Safepoint "Cleanup", Time since last: 2000291809 ns, Reaching safepoint: 209603 ns, At safepoint: 18384 ns, Total: 227987 ns
[2024-05-02T18:41:42.229+0000][6][safepoint   ] Safepoint "Cleanup", Time since last: 25019052519 ns, Reaching safepoint: 191504 ns, At safepoint: 17022 ns, Total: 208526 ns
[2024-05-02T18:41:45.230+0000][6][safepoint   ] Safepoint "Cleanup", Time since last: 3001023453 ns, Reaching safepoint: 212900 ns, At safepoint: 52098 ns, Total: 264998 ns
[2024-05-02T18:41:48.231+0000][6][safepoint   ] Safepoint "Cleanup", Time since last: 3000922622 ns, Reaching safepoint: 146174 ns, At safepoint: 16241 ns, Total: 162415 ns
[2024-05-02T18:42:18.248+0000][6][safepoint   ] Safepoint "Cleanup", Time since last: 30016574871 ns, Reaching safepoint: 320879 ns, At safepoint: 71573 ns, Total: 392452 ns
[2024-05-02T18:42:45.270+0000][6][safepoint   ] Safepoint "Cleanup", Time since last: 27021909961 ns, Reaching safepoint: 256289 ns, At safepoint: 5901 ns, Total: 262190 ns
[2024-05-02T18:42:48.272+0000][6][safepoint   ] Safepoint "Cleanup", Time since last: 3001510292 ns, Reaching safepoint: 191197 ns, At safepoint: 15429 ns, Total: 206626 ns
[2024-05-02T18:43:18.287+0000][6][safepoint   ] Safepoint "Cleanup", Time since last: 30015198622 ns, Reaching safepoint: 209712 ns, At safepoint: 30176 ns, Total: 239888 ns
[2024-05-02T18:43:45.300+0000][6][safepoint   ] Safepoint "Cleanup", Time since last: 27012667118 ns, Reaching safepoint: 207969 ns, At safepoint: 10600 ns, Total: 218569 ns
[2024-05-02T18:43:48.302+0000][6][safepoint   ] Safepoint "Cleanup", Time since last: 3001367755 ns, Reaching safepoint: 261289 ns, At safepoint: 25438 ns, Total: 286727 ns
[2024-05-02T18:44:18.315+0000][6][safepoint   ] Safepoint "Cleanup", Time since last: 30012903075 ns, Reaching safepoint: 213419 ns, At safepoint: 17443 ns, Total: 230862 ns
[2024-05-02T18:44:27.322+0000][6][safepoint   ] Safepoint "Cleanup", Time since last: 9006021646 ns, Reaching safepoint: 1410736 ns, At safepoint: 9207 ns, Total: 1419943 ns
[2024-05-02T18:44:27.797+0000][6][gc,heap,exit] Heap
[2024-05-02T18:44:27.797+0000][6][gc,heap,exit]  garbage-first heap   total 262144K, used 130445K [0x00000000f0000000, 0x0000000100000000)
[2024-05-02T18:44:27.797+0000][6][gc,heap,exit]   region size 4096K, 14 young (57344K), 4 survivors (16384K)
[2024-05-02T18:44:27.797+0000][6][gc,heap,exit]  Metaspace       used 94330K, capacity 97755K, committed 98840K, reserved 1134592K
[2024-05-02T18:44:27.797+0000][6][gc,heap,exit]   class space    used 12721K, capacity 13745K, committed 13848K, reserved 1048576K
